C 50000

V 2020

CAVOID <118>
CBACKGROUND 
CBLOCK <218>
CEXITS <278>
CFOG <148>
CHIDE <168>
CINVISIBLE <208>
CPATHS <138>
CROOMS <178>
CSYMBOLS <128>
CUSER <258>

F 8207

G 0

I 7611

L {ASCII NESW LINE} {NO EXITS} {x}
L {ASCII NESW LINE} {N} {o}
L {ASCII NESW LINE} {  E} {o}
L {ASCII NESW LINE} {N E} {+}
L {ASCII NESW LINE} {    S} {o}
L {ASCII NESW LINE} {N   S} {|}
L {ASCII NESW LINE} {  E S} {+}
L {ASCII NESW LINE} {N E S} {+}
L {ASCII NESW LINE} {      W} {o}
L {ASCII NESW LINE} {N     W} {+}
L {ASCII NESW LINE} {  E   W} {-}
L {ASCII NESW LINE} {N E   W} {+}
L {ASCII NESW LINE} {    S W} {+}
L {ASCII NESW LINE} {N   S W} {+}
L {ASCII NESW LINE} {  E S W} {+}
L {ASCII NESW LINE} {N E S W} {+}
L {ASCII NESW MISC} {USER} {x}
L {ASCII NESW MISC} {DIR UNKNOWN} {+}
L {ASCII NESW MISC} {N S VOID} {|}
L {ASCII NESW MISC} {E W VOID} {-}
L {ASCII NESW CURVED} {N E CURVED} {+}
L {ASCII NESW CURVED} {S E CURVED} {+}
L {ASCII NESW CURVED} {S W CURVED} {+}
L {ASCII NESW CURVED} {N W CURVED} {+}
L {ASCII NESW DIRS} {DIR N} {|}
L {ASCII NESW DIRS} {DIR NE} {/}
L {ASCII NESW DIRS} {DIR E} {-}
L {ASCII NESW DIRS} {DIR SE} {\\}
L {ASCII NESW DIRS} {DIR S} {|}
L {ASCII NESW DIRS} {DIR SW} {/}
L {ASCII NESW DIRS} {DIR W} {-}
L {ASCII NESW DIRS} {DIR NW} {\\}
L {NESW LINE} {NO EXITS} {\u2B51}
L {NESW LINE} {N} {\u2579}
L {NESW LINE} {  E} {\u257A}
L {NESW LINE} {N E} {\u2517}
L {NESW LINE} {    S} {\u257B}
L {NESW LINE} {N   S} {\u2503}
L {NESW LINE} {  E S} {\u250F}
L {NESW LINE} {N E S} {\u2523}
L {NESW LINE} {      W} {\u2578}
L {NESW LINE} {N     W} {\u251B}
L {NESW LINE} {  E   W} {\u2501}
L {NESW LINE} {N E   W} {\u253B}
L {NESW LINE} {    S W} {\u2513}
L {NESW LINE} {N   S W} {\u252B}
L {NESW LINE} {  E S W} {\u2533}
L {NESW LINE} {N E S W} {\u254B}
L {NESW MISC} {USER} {\u2B51}
L {NESW MISC} {DIR UNKNOWN} {\u2012}
L {NESW MISC} {N S VOID} {\u2507}
L {NESW MISC} {E W VOID} {\u254D}
L {NESW CURVED} {N E CURVED} {\u2570}
L {NESW CURVED} {S E CURVED} {\u256D}
L {NESW CURVED} {S W CURVED} {\u256E}
L {NESW CURVED} {N W CURVED} {\u256F}
L {NESW DIRS} {DIR N} {\u2191}
L {NESW DIRS} {DIR NE} {\u2B08}
L {NESW DIRS} {DIR E} {\u2B95}
L {NESW DIRS} {DIR SE} {\u2b0A}
L {NESW DIRS} {DIR S} {\u2193}
L {NESW DIRS} {DIR SW} {\u2B0B}
L {NESW DIRS} {DIR W} {\u2B05}
L {NESW DIRS} {DIR NW} {\u2B09}
L {MUDFONT NWS} {NO EXITS} {\u2830}
L {MUDFONT NWS} {N} {\u2838}
L {MUDFONT NWS} {  NW} {\u2831}
L {MUDFONT NWS} {N NW} {\u2839}
L {MUDFONT NWS} {     W} {\u2836}
L {MUDFONT NWS} {N    W} {\u283E}
L {MUDFONT NWS} {  NW W} {\u2837}
L {MUDFONT NWS} {N NW W} {\u283F}
L {MUDFONT NWS} {       SW} {\u2870}
L {MUDFONT NWS} {N      SW} {\u2878}
L {MUDFONT NWS} {  NW   SW} {\u2871}
L {MUDFONT NWS} {N NW   SW} {\u2879}
L {MUDFONT NWS} {     W SW} {\u2876}
L {MUDFONT NWS} {N    W SW} {\u287E}
L {MUDFONT NWS} {  NW W SW} {\u2877}
L {MUDFONT NWS} {N NW W SW} {\u287F}
L {MUDFONT NWS} {          S} {\u28B0}
L {MUDFONT NWS} {N         S} {\u28B8}
L {MUDFONT NWS} {  NW      S} {\u28B1}
L {MUDFONT NWS} {N NW      S} {\u28B9}
L {MUDFONT NWS} {     W    S} {\u28B6}
L {MUDFONT NWS} {N    W    S} {\u28BE}
L {MUDFONT NWS} {  NW W    S} {\u28B7}
L {MUDFONT NWS} {N NW W    S} {\u28BF}
L {MUDFONT NWS} {       SW S} {\u28F0}
L {MUDFONT NWS} {N      SW S} {\u28F8}
L {MUDFONT NWS} {  NW   SW S} {\u28F1}
L {MUDFONT NWS} {N NW   SW S} {\u28F9}
L {MUDFONT NWS} {     W SW S} {\u28F6}
L {MUDFONT NWS} {N    W SW S} {\u28FE}
L {MUDFONT NWS} {  NW W SW S} {\u28F7}
L {MUDFONT NWS} {N NW W SW S} {\u28FF}
L {MUDFONT NES} {NO EXITS} {\u2806}
L {MUDFONT NES} {N} {\u2807}
L {MUDFONT NES} {  NE} {\u280E}
L {MUDFONT NES} {N NE} {\u280F}
L {MUDFONT NES} {     W} {\u2836}
L {MUDFONT NES} {N    W} {\u2837}
L {MUDFONT NES} {  NE W} {\u283E}
L {MUDFONT NES} {N NE W} {\u283F}
L {MUDFONT NES} {       SE} {\u2886}
L {MUDFONT NES} {N      SE} {\u2887}
L {MUDFONT NES} {  NE   SE} {\u288E}
L {MUDFONT NES} {N NE   SE} {\u288F}
L {MUDFONT NES} {     W SE} {\u28B6}
L {MUDFONT NES} {N    W SE} {\u28B7}
L {MUDFONT NES} {  NE W SE} {\u28BE}
L {MUDFONT NES} {N NE W SE} {\u28BF}
L {MUDFONT NES} {          S} {\u2846}
L {MUDFONT NES} {N         S} {\u2847}
L {MUDFONT NES} {  NE      S} {\u284E}
L {MUDFONT NES} {N NE      S} {\u284F}
L {MUDFONT NES} {     W    S} {\u2876}
L {MUDFONT NES} {N    W    S} {\u2877}
L {MUDFONT NES} {  NE W    S} {\u287E}
L {MUDFONT NES} {N NE W    S} {\u287F}
L {MUDFONT NES} {       SE S} {\u28C6}
L {MUDFONT NES} {N      SE S} {\u28C7}
L {MUDFONT NES} {  NE   SE S} {\u28CE}
L {MUDFONT NES} {N NE   SE S} {\u28CF}
L {MUDFONT NES} {     W SE S} {\u28F6}
L {MUDFONT NES} {N    W SE S} {\u28F7}
L {MUDFONT NES} {  NE W SE S} {\u28FE}
L {MUDFONT NES} {N NE W SE S} {\u28FF}
L {MUDFONT VOID NWS} {NO EXITS} {\u2800}
L {MUDFONT VOID NWS} {N} {\u2808}
L {MUDFONT VOID NWS} {  NW} {\u2801}
L {MUDFONT VOID NWS} {N NW} {\u2809}
L {MUDFONT VOID NWS} {     W} {\u2806}
L {MUDFONT VOID NWS} {N    W} {\u280E}
L {MUDFONT VOID NWS} {  NW W} {\u2807}
L {MUDFONT VOID NWS} {N NW W} {\u280F}
L {MUDFONT VOID NWS} {       SW} {\u2840}
L {MUDFONT VOID NWS} {N      SW} {\u2848}
L {MUDFONT VOID NWS} {  NW   SW} {\u2841}
L {MUDFONT VOID NWS} {N NW   SW} {\u2849}
L {MUDFONT VOID NWS} {     W SW} {\u2846}
L {MUDFONT VOID NWS} {N    W SW} {\u284E}
L {MUDFONT VOID NWS} {  NW W SW} {\u2847}
L {MUDFONT VOID NWS} {N NW W SW} {\u284F}
L {MUDFONT VOID NWS} {          S} {\u2880}
L {MUDFONT VOID NWS} {N         S} {\u2888}
L {MUDFONT VOID NWS} {  NW      S} {\u2881}
L {MUDFONT VOID NWS} {N NW      S} {\u2889}
L {MUDFONT VOID NWS} {     W    S} {\u2886}
L {MUDFONT VOID NWS} {N    W    S} {\u288E}
L {MUDFONT VOID NWS} {  NW W    S} {\u2887}
L {MUDFONT VOID NWS} {N NW W    S} {\u288F}
L {MUDFONT VOID NWS} {       SW S} {\u28C0}
L {MUDFONT VOID NWS} {N      SW S} {\u28C8}
L {MUDFONT VOID NWS} {  NW   SW S} {\u28C1}
L {MUDFONT VOID NWS} {N NW   SW S} {\u28C9}
L {MUDFONT VOID NWS} {     W SW S} {\u28C6}
L {MUDFONT VOID NWS} {N    W SW S} {\u28CE}
L {MUDFONT VOID NWS} {  NW W SW S} {\u28C7}
L {MUDFONT VOID NWS} {N NW W SW S} {\u28CF}
L {MUDFONT VOID NES} {NO EXITS} {\u2800}
L {MUDFONT VOID NES} {N} {\u2801}
L {MUDFONT VOID NES} {  NE} {\u2808}
L {MUDFONT VOID NES} {N NE} {\u2809}
L {MUDFONT VOID NES} {     W} {\u2830}
L {MUDFONT VOID NES} {N    W} {\u2831}
L {MUDFONT VOID NES} {  NE W} {\u2838}
L {MUDFONT VOID NES} {N NE W} {\u2839}
L {MUDFONT VOID NES} {       SE} {\u2880}
L {MUDFONT VOID NES} {N      SE} {\u2881}
L {MUDFONT VOID NES} {  NE   SE} {\u2888}
L {MUDFONT VOID NES} {N NE   SE} {\u2889}
L {MUDFONT VOID NES} {     W SE} {\u28B0}
L {MUDFONT VOID NES} {N    W SE} {\u28B1}
L {MUDFONT VOID NES} {  NE W SE} {\u28B8}
L {MUDFONT VOID NES} {N NE W SE} {\u28B9}
L {MUDFONT VOID NES} {          S} {\u2840}
L {MUDFONT VOID NES} {N         S} {\u2841}
L {MUDFONT VOID NES} {  NE      S} {\u2848}
L {MUDFONT VOID NES} {N NE      S} {\u2849}
L {MUDFONT VOID NES} {     W    S} {\u2870}
L {MUDFONT VOID NES} {N    W    S} {\u2871}
L {MUDFONT VOID NES} {  NE W    S} {\u2878}
L {MUDFONT VOID NES} {N NE W    S} {\u2879}
L {MUDFONT VOID NES} {       SE S} {\u28C0}
L {MUDFONT VOID NES} {N      SE S} {\u28C1}
L {MUDFONT VOID NES} {  NE   SE S} {\u28C8}
L {MUDFONT VOID NES} {N NE   SE S} {\u28C9}
L {MUDFONT VOID NES} {     W SE S} {\u28F0}
L {MUDFONT VOID NES} {N    W SE S} {\u28F1}
L {MUDFONT VOID NES} {  NE W SE S} {\u28F8}
L {MUDFONT VOID NES} {N NE W SE S} {\u28F9}
L {MUDFONT CURVED} {N E} {\u2818}
L {MUDFONT CURVED} {S E} {\u28A0}
L {MUDFONT CURVED} {S W} {\u2844}
L {MUDFONT CURVED} {N W} {\u2803}
L {UNICODE GRAPHICS} {NO DIAGONAL} { }
L {UNICODE GRAPHICS} {SE} {\u2198}
L {UNICODE GRAPHICS} {NE} {\u2197}
L {UNICODE GRAPHICS} {SE NE} {>}
L {UNICODE GRAPHICS} {SW} {\u2199}
L {UNICODE GRAPHICS} {SE SW} {\u2E0C\u2E0D}
L {UNICODE GRAPHICS} {NE SW} {\uFF0F}
L {UNICODE GRAPHICS} {SE NE SW} {>\u2E0D}
L {UNICODE GRAPHICS} {NW} {\u2196}
L {UNICODE GRAPHICS} {SE NW} {\uFF3C}
L {UNICODE GRAPHICS} {NE NW} {\u2E1D\u2E1C}
L {UNICODE GRAPHICS} {SE NE NW} {>\u2E1C}
L {UNICODE GRAPHICS} {SW NW} {<}
L {UNICODE GRAPHICS} {SE SW NW} {\u2E0C<}
L {UNICODE GRAPHICS} {NE SW NW} {\u2E1D<}
L {UNICODE GRAPHICS} {SE NE SW NW} {><}
L {UNICODE GRAPHICS} {D} {-}
L {UNICODE GRAPHICS} {N} {\u2191}
L {UNICODE GRAPHICS} {S} {\u2193}
L {UNICODE GRAPHICS} {N S} {\u2502}
L {UNICODE GRAPHICS} {U} {+}
L {UNICODE GRAPHICS} {E} {\u2192}
L {UNICODE GRAPHICS} {W} {\u2190}
L {UNICODE GRAPHICS} {E W} {\u2500}
L {UNICODE GRAPHICS} {ROOM L} {[}
L {UNICODE GRAPHICS} {ROOM L CURVED} {(}
L {UNICODE GRAPHICS} {ROOM R} {]}
L {UNICODE GRAPHICS} {ROOM R CURVED} {)}




T {} { } {}
T {CITY} {<FF03A2E>=} {WIDE}
T {FIELD} {<F9A7D0A>·} {WIDE FADEOUT}
T {FOREST} {<F0B5345>⍋} {WIDE FADEOUT}
T {HILLS} {<F7D6608>︵} {DENSE WIDE FADEOUT DOUBLE}
T {INSIDE} {<F922B21>≡} {}
T {MIDAIR} {<F6C3483>⊰} {SPARSE WIDE}
T {MOUNTAINS} {<F935116>◮} {WIDE}
T {NOSWIM} {<F21618C>~} {}
T {SWIM} {<F21618C>~} {}



R {1}{0}{}{}{ }{}{}{}{}{}{1.000}{}

R {2}{4104}{}{}{ }{}{}{}{INSIDE}{}{1.000}{}
E {7768}{w}{w}{8}{0}{}{1.000}{}{0.00}
E {11}{e}{e}{2}{0}{}{1.000}{}{0.00}

R {3}{0}{}{}{ }{}{}{}{}{}{1.000}{}
E {7600}{e}{e}{2}{0}{}{1.000}{}{0.00}

R {4}{4104}{}{}{ }{}{}{}{CITY}{}{1.000}{}
E {8}{n}{n}{1}{0}{}{1.000}{}{0.00}
E {7601}{s}{s}{4}{0}{}{1.000}{}{0.00}

R {5}{4104}{}{}{ }{}{}{}{CITY}{}{1.000}{}
E {7623}{s}{s}{4}{0}{}{1.000}{}{0.00}
E {9}{n}{n}{1}{0}{}{1.000}{}{0.00}

R {6}{4104}{}{}{ }{}{}{}{CITY}{}{1.000}{}
E {7607}{s}{s}{4}{0}{}{1.000}{}{0.00}
E {7}{n}{n}{1}{0}{}{1.000}{}{0.00}

R {7}{4104}{}{}{ }{}{}{}{CITY}{}{1.000}{}
E {6}{s}{s}{4}{0}{}{1.000}{}{0.00}
E {7608}{n}{n}{1}{0}{}{1.000}{}{0.00}

R {8}{4104}{}{}{ }{}{}{}{CITY}{}{1.000}{}
E {4}{s}{s}{4}{0}{}{1.000}{}{0.00}
E {7600}{n}{n}{1}{0}{}{1.000}{}{0.00}

R {9}{4104}{}{}{ }{}{}{}{CITY}{}{1.000}{}
E {5}{s}{s}{4}{0}{}{1.000}{}{0.00}
E {7621}{n}{n}{1}{0}{}{1.000}{}{0.00}

R {10}{0}{<fff>}{}{NT}{}{}{}{}{}{1.000}{}
E {7600}{d}{d}{32}{0}{}{1.000}{}{0.00}

R {11}{4104}{}{}{ }{}{}{}{INSIDE}{}{1.000}{}
E {2}{w}{w}{8}{0}{}{1.000}{}{0.00}
E {12}{e}{e}{2}{0}{}{1.000}{}{0.00}

R {12}{4104}{}{}{ }{}{}{}{INSIDE}{}{1.000}{}
E {11}{w}{w}{8}{0}{}{1.000}{}{0.00}
E {7708}{e}{e}{2}{0}{}{1.000}{}{0.00}

R {13}{4104}{}{}{ }{}{}{}{INSIDE}{}{1.000}{}
E {7672}{e}{e}{2}{0}{}{1.000}{}{0.00}
E {7673}{w}{w}{8}{0}{}{1.000}{}{0.00}

R {14}{4104}{}{}{ }{}{}{}{INSIDE}{}{1.000}{}
E {7673}{n}{n}{1}{0}{}{1.000}{}{0.00}
E {15}{s}{s}{4}{0}{}{1.000}{}{0.00}

R {15}{4104}{}{}{ }{}{}{}{INSIDE}{}{1.000}{}
E {14}{n}{n}{1}{0}{}{1.000}{}{0.00}
E {7674}{s}{s}{4}{0}{}{1.000}{}{0.00}

R {7600}{0}{<fff>}{Center of Toy City}{ }{}{Andrus Toy Land}{}{CITY}{}{1.000}{}
E {7622}{w}{w}{8}{0}{}{1.000}{}{0.00}
E {7613}{e}{e}{2}{0}{}{1.000}{}{0.00}
E {7614}{n}{n}{1}{0}{}{1.000}{}{0.00}
E {8}{s}{s}{4}{0}{}{1.000}{}{0.00}
E {10}{u}{jt_m_link_action {enter toybox} {the grand city of New Thalos} {12295}}{16}{0}{}{1.000}{}{0.00}

R {7601}{0}{<fff>}{Fun Road South}{ }{}{Andrus Toy Land}{}{CITY}{}{1.000}{}
E {7630}{e}{e}{2}{0}{}{1.000}{}{0.00}
E {4}{n}{n}{1}{0}{}{1.000}{}{0.00}
E {7602}{s}{s}{4}{0}{}{1.000}{}{0.00}

R {7602}{0}{<fff>}{Fun Road South}{ }{}{Andrus Toy Land}{}{CITY}{}{1.000}{}
E {7601}{n}{n}{1}{0}{}{1.000}{}{0.00}
E {7603}{s}{s}{4}{0}{}{1.000}{}{0.00}
E {7628}{w}{w}{8}{0}{}{1.000}{}{0.00}

R {7603}{0}{<fff>}{End of Fun Road, at the Southern Gate}{ }{}{Andrus Toy Land}{}{CITY}{}{1.000}{}
E {7604}{e}{e}{2}{0}{}{1.000}{}{0.00}
E {7602}{n}{n}{1}{0}{}{1.000}{}{0.00}
E {7635}{s}{jt_m_open_door {south}}{4}{0}{}{1.000}{}{0.00}
E {7626}{w}{w}{8}{0}{}{1.000}{}{0.00}

R {7604}{0}{<fff>}{South Toy Wall Road}{ }{}{Andrus Toy Land}{}{CITY}{}{1.000}{}
E {7605}{e}{e}{2}{0}{}{1.000}{}{0.00}
E {7603}{w}{w}{8}{0}{}{1.000}{}{0.00}

R {7605}{0}{<fff>}{Southeastern End of the City}{ }{}{Andrus Toy Land}{}{CITY}{}{1.000}{}
E {7606}{n}{n}{1}{0}{}{1.000}{}{0.00}
E {7604}{w}{w}{8}{0}{}{1.000}{}{0.00}

R {7606}{0}{<fff>}{East Toy Wall Road}{ }{}{Andrus Toy Land}{}{CITY}{}{1.000}{}
E {7607}{n}{n}{1}{0}{}{1.000}{}{0.00}
E {7605}{s}{s}{4}{0}{}{1.000}{}{0.00}
E {7629}{w}{w}{8}{0}{}{1.000}{}{0.00}

R {7607}{0}{<fff>}{East Toy Wall Road}{ }{}{Andrus Toy Land}{}{CITY}{}{1.000}{}
E {6}{n}{n}{1}{0}{}{1.000}{}{0.00}
E {7606}{s}{s}{4}{0}{}{1.000}{}{0.00}

R {7608}{0}{<fff>}{End of Toy Street, at the Eastern Gate}{ }{}{Andrus Toy Land}{}{CITY}{}{1.000}{}
E {7655}{e}{jt_m_open_door {east}}{2}{0}{}{1.000}{}{0.00}
E {7609}{n}{n}{1}{0}{}{1.000}{}{0.00}
E {7}{s}{s}{4}{0}{}{1.000}{}{0.00}
E {7613}{w}{w}{8}{0}{}{1.000}{}{0.00}

R {7609}{0}{<fff>}{East Toy Wall Road}{ }{}{Andrus Toy Land}{}{CITY}{}{1.000}{}
E {7610}{n}{n}{1}{0}{}{1.000}{}{0.00}
E {7608}{s}{s}{4}{0}{}{1.000}{}{0.00}

R {7610}{0}{<fff>}{East Toy Wall Road}{ }{}{Andrus Toy Land}{}{CITY}{}{1.000}{}
E {7611}{n}{n}{1}{0}{}{1.000}{}{0.00}
E {7609}{s}{s}{4}{0}{}{1.000}{}{0.00}
E {7632}{w}{w}{8}{0}{}{1.000}{}{0.00}

R {7611}{0}{<fff>}{Northeastern End of the City}{ }{}{Andrus Toy Land}{}{CITY}{}{1.000}{}
E {7610}{s}{s}{4}{0}{}{1.000}{}{0.00}
E {7612}{w}{w}{8}{0}{}{1.000}{}{0.00}

R {7612}{0}{<fff>}{North Toy Wall Road}{ }{}{Andrus Toy Land}{}{CITY}{}{1.000}{}
E {7611}{e}{e}{2}{0}{}{1.000}{}{0.00}
E {7616}{w}{w}{8}{0}{}{1.000}{}{0.00}

R {7613}{0}{<fff>}{Toy Street}{ }{}{Andrus Toy Land}{}{CITY}{}{1.000}{}
E {7608}{e}{e}{2}{0}{}{1.000}{}{0.00}
E {7710}{s}{jt_m_open_door {south}}{4}{0}{}{1.000}{}{0.00}
E {7600}{w}{w}{8}{0}{}{1.000}{}{0.00}

R {7614}{0}{<fff>}{Fun Road North}{ }{}{Andrus Toy Land}{}{CITY}{}{1.000}{}
E {7631}{e}{e}{2}{0}{}{1.000}{}{0.00}
E {7615}{n}{n}{1}{0}{}{1.000}{}{0.00}
E {7600}{s}{s}{4}{0}{}{1.000}{}{0.00}

R {7615}{0}{<fff>}{Fun Road North}{ }{}{Andrus Toy Land}{}{CITY}{}{1.000}{}
E {7616}{n}{n}{1}{0}{}{1.000}{}{0.00}
E {7614}{s}{s}{4}{0}{}{1.000}{}{0.00}
E {7633}{w}{w}{8}{0}{}{1.000}{}{0.00}

R {7616}{0}{<fff>}{End of Fun Road, at the Northern Gate}{ }{}{Andrus Toy Land}{}{CITY}{}{1.000}{}
E {7612}{e}{e}{2}{0}{}{1.000}{}{0.00}
E {7685}{n}{jt_m_open_door {north}}{1}{0}{}{1.000}{}{0.00}
E {7615}{s}{s}{4}{0}{}{1.000}{}{0.00}
E {7617}{w}{w}{8}{0}{}{1.000}{}{0.00}

R {7617}{0}{<fff>}{North Toy Wall Road}{ }{}{Andrus Toy Land}{}{CITY}{}{1.000}{}
E {7616}{e}{e}{2}{0}{}{1.000}{}{0.00}
E {7618}{w}{w}{8}{0}{}{1.000}{}{0.00}

R {7618}{0}{<fff>}{Northwestern Corner of the City}{ }{}{Andrus Toy Land}{}{CITY}{}{1.000}{}
E {7617}{e}{e}{2}{0}{}{1.000}{}{0.00}
E {7619}{s}{s}{4}{0}{}{1.000}{}{0.00}

R {7619}{0}{<fff>}{West Toy Wall Road}{ }{}{Andrus Toy Land}{}{CITY}{}{1.000}{}
E {7618}{n}{n}{1}{0}{}{1.000}{}{0.00}
E {7620}{s}{s}{4}{0}{}{1.000}{}{0.00}

R {7620}{0}{<fff>}{West Toy Wall Road}{ }{}{Andrus Toy Land}{}{CITY}{}{1.000}{}
E {7634}{e}{e}{2}{0}{}{1.000}{}{0.00}
E {7619}{n}{n}{1}{0}{}{1.000}{}{0.00}
E {7621}{s}{s}{4}{0}{}{1.000}{}{0.00}

R {7621}{0}{<fff>}{End of Toy Street, at the Western Gate}{ }{}{Andrus Toy Land}{}{CITY}{}{1.000}{}
E {7622}{e}{e}{2}{0}{}{1.000}{}{0.00}
E {7620}{n}{n}{1}{0}{}{1.000}{}{0.00}
E {9}{s}{s}{4}{0}{}{1.000}{}{0.00}
E {7670}{w}{jt_m_open_door {west}}{8}{0}{}{1.000}{}{0.00}

R {7622}{0}{<fff>}{Toy Street}{ }{}{Andrus Toy Land}{}{CITY}{}{1.000}{}
E {7600}{e}{e}{2}{0}{}{1.000}{}{0.00}
E {7621}{w}{w}{8}{0}{}{1.000}{}{0.00}

R {7623}{0}{<fff>}{West Toy Wall Road}{ }{}{Andrus Toy Land}{}{CITY}{}{1.000}{}
E {7627}{e}{e}{2}{0}{}{1.000}{}{0.00}
E {5}{n}{n}{1}{0}{}{1.000}{}{0.00}
E {7624}{s}{s}{4}{0}{}{1.000}{}{0.00}

R {7624}{0}{<fff>}{West Toy Wall Road}{ }{}{Andrus Toy Land}{}{CITY}{}{1.000}{}
E {7623}{n}{n}{1}{0}{}{1.000}{}{0.00}
E {7625}{s}{s}{4}{0}{}{1.000}{}{0.00}

R {7625}{0}{<fff>}{Southwestern End of the City}{ }{}{Andrus Toy Land}{}{CITY}{}{1.000}{}
E {7626}{e}{e}{2}{0}{}{1.000}{}{0.00}
E {7624}{n}{n}{1}{0}{}{1.000}{}{0.00}

R {7626}{0}{<fff>}{South Toy Wall Road}{ }{}{Andrus Toy Land}{}{CITY}{}{1.000}{}
E {7603}{e}{e}{2}{0}{}{1.000}{}{0.00}
E {7625}{w}{w}{8}{0}{}{1.000}{}{0.00}

R {7627}{0}{<fff>}{He-Man and She-Ra's house}{ }{}{Andrus Toy Land}{}{INSIDE}{}{1.000}{}
E {7623}{w}{w}{8}{0}{}{1.000}{}{0.00}

R {7628}{0}{<fff>}{More Than Meets The Eye}{ }{}{Andrus Toy Land}{}{INSIDE}{}{1.000}{}
E {7602}{e}{e}{2}{0}{}{1.000}{}{0.00}

R {7629}{0}{<fff>}{The Toy Store}{ }{}{Andrus Toy Land}{}{INSIDE}{}{1.000}{}
E {7606}{e}{e}{2}{0}{}{1.000}{}{0.00}
E {7709}{u}{u}{16}{0}{}{1.000}{}{0.00}

R {7630}{0}{<fff>}{A Russian Doll House}{ }{}{Andrus Toy Land}{}{INSIDE}{}{1.000}{}
E {7601}{w}{w}{8}{0}{}{1.000}{}{0.00}

R {7631}{0}{<fff>}{Stretch Armstrong's House}{ }{}{Andrus Toy Land}{}{INSIDE}{}{1.000}{}
E {7614}{w}{w}{8}{0}{}{1.000}{}{0.00}

R {7632}{0}{<fff>}{Andy's Toy Collection}{ }{}{Andrus Toy Land}{}{INSIDE}{}{1.000}{}
E {7610}{e}{e}{2}{0}{}{1.000}{}{0.00}

R {7633}{0}{<fff>}{Barbie and Ken's House}{ }{}{Andrus Toy Land}{}{INSIDE}{}{1.000}{}
E {7615}{e}{e}{2}{0}{}{1.000}{}{0.00}

R {7634}{0}{<fff>}{The Bakery}{ }{}{Andrus Toy Land}{}{INSIDE}{}{1.000}{}
E {7620}{w}{w}{8}{0}{}{1.000}{}{0.00}

R {7635}{0}{<fff>}{On the Toy Plains}{ }{}{Andrus Toy Land}{}{FIELD}{}{1.000}{}
E {7638}{e}{e}{2}{0}{}{1.000}{}{0.00}
E {7603}{n}{jt_m_open_door {north}}{1}{0}{}{1.000}{}{0.00}
E {7642}{s}{s}{4}{0}{}{1.000}{}{0.00}
E {7637}{w}{w}{8}{0}{}{1.000}{}{0.00}

R {7636}{0}{<fff>}{Northwestern End of the Toy Plains}{ }{}{Andrus Toy Land}{}{FIELD}{}{1.000}{}
E {7637}{e}{e}{2}{0}{}{1.000}{}{0.00}
E {7640}{s}{s}{4}{0}{}{1.000}{}{0.00}

R {7637}{0}{<fff>}{On the Toy Plains}{ }{}{Andrus Toy Land}{}{FIELD}{}{1.000}{}
E {7635}{e}{e}{2}{0}{}{1.000}{}{0.00}
E {7641}{s}{s}{4}{0}{}{1.000}{}{0.00}
E {7636}{w}{w}{8}{0}{}{1.000}{}{0.00}

R {7638}{0}{<fff>}{On the Toy Plains}{ }{}{Andrus Toy Land}{}{FIELD}{}{1.000}{}
E {7639}{e}{e}{2}{0}{}{1.000}{}{0.00}
E {7643}{s}{s}{4}{0}{}{1.000}{}{0.00}
E {7635}{w}{w}{8}{0}{}{1.000}{}{0.00}

R {7639}{0}{<fff>}{Northeastern End of the Toy Plains}{ }{}{Andrus Toy Land}{}{FIELD}{}{1.000}{}
E {7644}{s}{s}{4}{0}{}{1.000}{}{0.00}
E {7638}{w}{w}{8}{0}{}{1.000}{}{0.00}

R {7640}{0}{<fff>}{On the Toy Plains}{ }{}{Andrus Toy Land}{}{FIELD}{}{1.000}{}
E {7641}{e}{e}{2}{0}{}{1.000}{}{0.00}
E {7636}{n}{n}{1}{0}{}{1.000}{}{0.00}
E {7645}{s}{s}{4}{0}{}{1.000}{}{0.00}

R {7641}{0}{<fff>}{On the Toy Plains}{ }{}{Andrus Toy Land}{}{FIELD}{}{1.000}{}
E {7642}{e}{e}{2}{0}{}{1.000}{}{0.00}
E {7637}{n}{n}{1}{0}{}{1.000}{}{0.00}
E {7646}{s}{s}{4}{0}{}{1.000}{}{0.00}
E {7640}{w}{w}{8}{0}{}{1.000}{}{0.00}

R {7642}{0}{<fff>}{On the Toy Plains}{ }{}{Andrus Toy Land}{}{FIELD}{}{1.000}{}
E {7643}{e}{e}{2}{0}{}{1.000}{}{0.00}
E {7635}{n}{n}{1}{0}{}{1.000}{}{0.00}
E {7647}{s}{s}{4}{0}{}{1.000}{}{0.00}
E {7641}{w}{w}{8}{0}{}{1.000}{}{0.00}

R {7643}{0}{<fff>}{On the Toy Plains}{ }{}{Andrus Toy Land}{}{FIELD}{}{1.000}{}
E {7644}{e}{e}{2}{0}{}{1.000}{}{0.00}
E {7638}{n}{n}{1}{0}{}{1.000}{}{0.00}
E {7648}{s}{s}{4}{0}{}{1.000}{}{0.00}
E {7642}{w}{w}{8}{0}{}{1.000}{}{0.00}

R {7644}{0}{<fff>}{On the Toy Plains}{ }{}{Andrus Toy Land}{}{FIELD}{}{1.000}{}
E {7639}{n}{n}{1}{0}{}{1.000}{}{0.00}
E {7649}{s}{s}{4}{0}{}{1.000}{}{0.00}
E {7643}{w}{w}{8}{0}{}{1.000}{}{0.00}

R {7645}{0}{<fff>}{On the Toy Plains}{ }{}{Andrus Toy Land}{}{FIELD}{}{1.000}{}
E {7646}{e}{e}{2}{0}{}{1.000}{}{0.00}
E {7640}{n}{n}{1}{0}{}{1.000}{}{0.00}
E {7650}{s}{s}{4}{0}{}{1.000}{}{0.00}

R {7646}{0}{<fff>}{On the Toy Plains}{ }{}{Andrus Toy Land}{}{FIELD}{}{1.000}{}
E {7647}{e}{e}{2}{0}{}{1.000}{}{0.00}
E {7641}{n}{n}{1}{0}{}{1.000}{}{0.00}
E {7651}{s}{s}{4}{0}{}{1.000}{}{0.00}
E {7645}{w}{w}{8}{0}{}{1.000}{}{0.00}

R {7647}{0}{<fff>}{On the Toy Plains}{ }{}{Andrus Toy Land}{}{FIELD}{}{1.000}{}
E {7648}{e}{e}{2}{0}{}{1.000}{}{0.00}
E {7642}{n}{n}{1}{0}{}{1.000}{}{0.00}
E {7652}{s}{s}{4}{0}{}{1.000}{}{0.00}
E {7646}{w}{w}{8}{0}{}{1.000}{}{0.00}

R {7648}{0}{<fff>}{On the Toy Plains}{ }{}{Andrus Toy Land}{}{FIELD}{}{1.000}{}
E {7649}{e}{e}{2}{0}{}{1.000}{}{0.00}
E {7643}{n}{n}{1}{0}{}{1.000}{}{0.00}
E {7653}{s}{s}{4}{0}{}{1.000}{}{0.00}
E {7647}{w}{w}{8}{0}{}{1.000}{}{0.00}

R {7649}{0}{<fff>}{On the Toy Plains}{ }{}{Andrus Toy Land}{}{FIELD}{}{1.000}{}
E {7644}{n}{n}{1}{0}{}{1.000}{}{0.00}
E {7654}{s}{s}{4}{0}{}{1.000}{}{0.00}
E {7648}{w}{w}{8}{0}{}{1.000}{}{0.00}

R {7650}{0}{<fff>}{Southwestern End of the Toy Plains}{ }{}{Andrus Toy Land}{}{FIELD}{}{1.000}{}
E {7651}{e}{e}{2}{0}{}{1.000}{}{0.00}
E {7645}{n}{n}{1}{0}{}{1.000}{}{0.00}

R {7651}{0}{<fff>}{On the Toy Plains}{ }{}{Andrus Toy Land}{}{FIELD}{}{1.000}{}
E {7652}{e}{e}{2}{0}{}{1.000}{}{0.00}
E {7646}{n}{n}{1}{0}{}{1.000}{}{0.00}
E {7650}{w}{w}{8}{0}{}{1.000}{}{0.00}

R {7652}{0}{<fff>}{On the Toy Plains}{ }{}{Andrus Toy Land}{}{FIELD}{}{1.000}{}
E {7653}{e}{e}{2}{0}{}{1.000}{}{0.00}
E {7647}{n}{n}{1}{0}{}{1.000}{}{0.00}
E {7651}{w}{w}{8}{0}{}{1.000}{}{0.00}

R {7653}{0}{<fff>}{On the Toy Plains}{ }{}{Andrus Toy Land}{}{FIELD}{}{1.000}{}
E {7654}{e}{e}{2}{0}{}{1.000}{}{0.00}
E {7648}{n}{n}{1}{0}{}{1.000}{}{0.00}
E {7652}{w}{w}{8}{0}{}{1.000}{}{0.00}

R {7654}{0}{<fff>}{Southeastern End of the Toy Plains}{ }{}{Andrus Toy Land}{}{FIELD}{}{1.000}{}
E {7649}{n}{n}{1}{0}{}{1.000}{}{0.00}
E {7653}{w}{w}{8}{0}{}{1.000}{}{0.00}

R {7655}{0}{<fff>}{Entrance to the Toy Forest}{ }{}{Andrus Toy Land}{}{FOREST}{}{1.000}{}
E {7656}{n}{n}{1}{0}{}{1.000}{}{0.00}
E {7608}{w}{jt_m_open_door {west}}{8}{0}{}{1.000}{}{0.00}

R {7656}{0}{<fff>}{Deep in the Toy Forest}{ }{}{Andrus Toy Land}{}{FOREST}{}{1.000}{}
E {7657}{e}{e}{2}{0}{}{1.000}{}{0.00}
E {7655}{s}{s}{4}{0}{}{1.000}{}{0.00}

R {7657}{0}{<fff>}{Deep in the Toy Forest}{ }{}{Andrus Toy Land}{}{FOREST}{}{1.000}{}
E {7658}{n}{n}{1}{0}{}{1.000}{}{0.00}
E {7656}{w}{w}{8}{0}{}{1.000}{}{0.00}

R {7658}{0}{<fff>}{Deep in the Toy Forest}{ }{}{Andrus Toy Land}{}{FOREST}{}{1.000}{}
E {7659}{ne}{ne}{3}{0}{}{1.000}{}{0.00}
E {7657}{s}{s}{4}{0}{}{1.000}{}{0.00}

R {7659}{0}{<fff>}{Deep in the Toy Forest}{ }{}{Andrus Toy Land}{}{FOREST}{}{1.000}{}
E {7660}{se}{se}{6}{0}{}{1.000}{}{0.00}
E {7658}{sw}{sw}{12}{0}{}{1.000}{}{0.00}

R {7660}{0}{<fff>}{Deep in the Toy Forest}{ }{}{Andrus Toy Land}{}{FOREST}{}{1.000}{}
E {7659}{nw}{nw}{9}{0}{}{1.000}{}{0.00}
E {7661}{s}{s}{4}{0}{}{1.000}{}{0.00}

R {7661}{0}{<fff>}{Deep in the Toy Forest}{ }{}{Andrus Toy Land}{}{FOREST}{}{1.000}{}
E {7660}{n}{n}{1}{0}{}{1.000}{}{0.00}
E {7662}{s}{s}{4}{0}{}{1.000}{}{0.00}

R {7662}{0}{<fff>}{Deep in the Toy Forest}{ }{}{Andrus Toy Land}{}{FOREST}{}{1.000}{}
E {7661}{n}{n}{1}{0}{}{1.000}{}{0.00}
E {7663}{s}{s}{4}{0}{}{1.000}{}{0.00}

R {7663}{0}{<fff>}{Deep in the Toy Forest}{ }{}{Andrus Toy Land}{}{FOREST}{}{1.000}{}
E {7662}{n}{n}{1}{0}{}{1.000}{}{0.00}
E {7664}{s}{s}{4}{0}{}{1.000}{}{0.00}
E {7668}{sw}{sw}{12}{0}{}{1.000}{}{0.00}
E {7667}{w}{w}{8}{0}{}{1.000}{}{0.00}

R {7664}{0}{<fff>}{Deep in the Toy Forest}{ }{}{Andrus Toy Land}{}{FOREST}{}{1.000}{}
E {7663}{n}{n}{1}{0}{}{1.000}{}{0.00}
E {7667}{nw}{nw}{9}{0}{}{1.000}{}{0.00}
E {7668}{w}{w}{8}{0}{}{1.000}{}{0.00}

R {7665}{0}{<fff>}{Deep in the Toy Forest}{ }{}{Andrus Toy Land}{}{FOREST}{}{1.000}{}
E {7667}{e}{e}{2}{0}{}{1.000}{}{0.00}
E {7666}{s}{s}{4}{0}{}{1.000}{}{0.00}
E {7668}{se}{se}{6}{0}{}{1.000}{}{0.00}

R {7666}{0}{<fff>}{Deep in the Toy Forest}{ }{}{Andrus Toy Land}{}{FOREST}{}{1.000}{}
E {7668}{e}{e}{2}{0}{}{1.000}{}{0.00}
E {7665}{n}{n}{1}{0}{}{1.000}{}{0.00}
E {7667}{ne}{ne}{3}{0}{}{1.000}{}{0.00}

R {7667}{0}{<fff>}{Deep in the Toy Forest}{ }{}{Andrus Toy Land}{}{FOREST}{}{1.000}{}
E {7663}{e}{e}{2}{0}{}{1.000}{}{0.00}
E {7668}{s}{s}{4}{0}{}{1.000}{}{0.00}
E {7664}{se}{se}{6}{0}{}{1.000}{}{0.00}
E {7666}{sw}{sw}{12}{0}{}{1.000}{}{0.00}
E {7665}{w}{w}{8}{0}{}{1.000}{}{0.00}

R {7668}{0}{<fff>}{Deep in the Toy Forest}{ }{}{Andrus Toy Land}{}{FOREST}{}{1.000}{}
E {7664}{e}{e}{2}{0}{}{1.000}{}{0.00}
E {7667}{n}{n}{1}{0}{}{1.000}{}{0.00}
E {7663}{ne}{ne}{3}{0}{}{1.000}{}{0.00}
E {7665}{nw}{nw}{9}{0}{}{1.000}{}{0.00}
E {7669}{s}{s}{4}{0}{}{1.000}{}{0.00}
E {7666}{w}{w}{8}{0}{}{1.000}{}{0.00}

R {7669}{0}{<fff>}{A Secluded Dead-End in the Forest}{ }{}{Andrus Toy Land}{}{FOREST}{}{1.000}{}
E {7668}{n}{n}{1}{0}{}{1.000}{}{0.00}

R {7670}{0}{<fff>}{Technology Road}{ }{}{Andrus Toy Land}{}{INSIDE}{}{1.000}{}
E {7621}{e}{jt_m_open_door {east}}{2}{0}{}{1.000}{}{0.00}
E {7671}{w}{w}{8}{0}{}{1.000}{}{0.00}

R {7671}{0}{<fff>}{Technology Road}{ }{}{Andrus Toy Land}{}{INSIDE}{}{1.000}{}
E {7670}{e}{e}{2}{0}{}{1.000}{}{0.00}
E {7705}{s}{s}{4}{0}{}{1.000}{}{0.00}
E {7672}{w}{w}{8}{0}{}{1.000}{}{0.00}

R {7672}{0}{<fff>}{Technology Road}{ }{}{Andrus Toy Land}{}{INSIDE}{}{1.000}{}
E {7671}{e}{e}{2}{0}{}{1.000}{}{0.00}
E {7680}{n}{n}{1}{0}{}{1.000}{}{0.00}
E {13}{w}{w}{8}{0}{}{1.000}{}{0.00}

R {7673}{0}{<fff>}{Technology Road}{ }{}{Andrus Toy Land}{}{INSIDE}{}{1.000}{}
E {13}{e}{e}{2}{0}{}{1.000}{}{0.00}
E {7708}{n}{n}{1}{0}{}{1.000}{}{0.00}
E {14}{s}{s}{4}{0}{}{1.000}{}{0.00}

R {7674}{0}{<fff>}{Entrance to the Airport}{ }{}{Andrus Toy Land}{}{INSIDE}{}{1.000}{}
E {15}{n}{n}{1}{0}{}{1.000}{}{0.00}
E {7675}{w}{w}{8}{0}{}{1.000}{}{0.00}

R {7675}{0}{<fff>}{Airport Reception}{ }{}{Andrus Toy Land}{}{INSIDE}{}{1.000}{}
E {7674}{e}{e}{2}{0}{}{1.000}{}{0.00}
E {7676}{s}{s}{4}{0}{}{1.000}{}{0.00}
E {7700}{w}{w}{8}{0}{}{1.000}{}{0.00}

R {7676}{0}{<fff>}{Gate to the Airport Runway}{ }{}{Andrus Toy Land}{}{INSIDE}{}{1.000}{}
E {7675}{n}{n}{1}{0}{}{1.000}{}{0.00}
E {7677}{s}{jt_m_open_door {south}}{4}{0}{}{1.000}{}{0.00}

R {7677}{0}{<fff>}{Airport Runway}{ }{}{Andrus Toy Land}{}{INSIDE}{}{1.000}{}
E {7676}{n}{jt_m_open_door {north}}{1}{0}{}{1.000}{}{0.00}
E {7678}{s}{s}{4}{0}{}{1.000}{}{0.00}

R {7678}{0}{<fff>}{Airport Runway}{ }{}{Andrus Toy Land}{}{INSIDE}{}{1.000}{}
E {7677}{n}{n}{1}{0}{}{1.000}{}{0.00}
E {7679}{s}{s}{4}{0}{}{1.000}{}{0.00}

R {7679}{0}{<fff>}{End of Airport Runway}{ }{}{Andrus Toy Land}{}{INSIDE}{}{1.000}{}
E {7678}{n}{n}{1}{0}{}{1.000}{}{0.00}

R {7680}{0}{<fff>}{Entrance to the Factory}{ }{}{Andrus Toy Land}{}{INSIDE}{}{1.000}{}
E {7684}{n}{jt_m_open_door {north}}{1}{0}{}{1.000}{}{0.00}
E {7672}{s}{s}{4}{0}{}{1.000}{}{0.00}

R {7681}{0}{<fff>}{Storage Room}{ }{}{Andrus Toy Land}{}{INSIDE}{}{1.000}{}
E {7683}{s}{jt_m_open_door {south}}{4}{0}{}{1.000}{}{0.00}

R {7682}{0}{<fff>}{Office Room}{ }{}{Andrus Toy Land}{}{INSIDE}{}{1.000}{}
E {7684}{s}{jt_m_open_door {south}}{4}{0}{}{1.000}{}{0.00}

R {7683}{0}{<fff>}{Factory Production Room}{ }{}{Andrus Toy Land}{}{INSIDE}{}{1.000}{}
E {7684}{e}{e}{2}{0}{}{1.000}{}{0.00}
E {7681}{n}{jt_m_open_door {north}}{1}{0}{}{1.000}{}{0.00}

R {7684}{0}{<fff>}{Factory Production Room}{ }{}{Andrus Toy Land}{}{INSIDE}{}{1.000}{}
E {7682}{n}{jt_m_open_door {north}}{1}{0}{}{1.000}{}{0.00}
E {7680}{s}{jt_m_open_door {south}}{4}{0}{}{1.000}{}{0.00}
E {7683}{w}{w}{8}{0}{}{1.000}{}{0.00}

R {7685}{0}{<fff>}{Entrance to the Toy Caves}{ }{}{Andrus Toy Land}{}{INSIDE}{}{1.000}{}
E {7686}{n}{n}{1}{0}{}{1.000}{}{0.00}
E {7616}{s}{jt_m_open_door {south}}{4}{0}{}{1.000}{}{0.00}

R {7686}{0}{<fff>}{In the Dark Toy Cave}{ }{}{Andrus Toy Land}{}{INSIDE}{}{1.000}{}
E {7687}{e}{e}{2}{0}{}{1.000}{}{0.00}
E {7685}{s}{s}{4}{0}{}{1.000}{}{0.00}

R {7687}{0}{<fff>}{In the Dark Toy Cave}{ }{}{Andrus Toy Land}{}{INSIDE}{}{1.000}{}
E {7689}{e}{e}{2}{0}{}{1.000}{}{0.00}
E {7690}{se}{se}{6}{0}{}{1.000}{}{0.00}
E {7686}{w}{w}{8}{0}{}{1.000}{}{0.00}

R {7688}{0}{<fff>}{In the Dark Toy Cave}{ }{}{Andrus Toy Land}{}{INSIDE}{}{1.000}{}
E {7691}{ne}{ne}{3}{0}{}{1.000}{}{0.00}
E {7689}{s}{s}{4}{0}{}{1.000}{}{0.00}

R {7689}{0}{<fff>}{In the Dark Toy Cave}{ }{}{Andrus Toy Land}{}{INSIDE}{}{1.000}{}
E {7688}{n}{n}{1}{0}{}{1.000}{}{0.00}
E {7687}{w}{w}{8}{0}{}{1.000}{}{0.00}

R {7690}{0}{<fff>}{In the Dark Toy Cave}{ }{}{Andrus Toy Land}{}{INSIDE}{}{1.000}{}
E {7692}{ne}{ne}{3}{0}{}{1.000}{}{0.00}
E {7687}{nw}{nw}{9}{0}{}{1.000}{}{0.00}

R {7691}{0}{<fff>}{In the Dark Toy Cave}{ }{}{Andrus Toy Land}{}{INSIDE}{}{1.000}{}
E {7693}{ne}{ne}{3}{0}{}{1.000}{}{0.00}
E {7688}{sw}{sw}{12}{0}{}{1.000}{}{0.00}

R {7692}{0}{<fff>}{In the Dark Toy Cave}{ }{}{Andrus Toy Land}{}{INSIDE}{}{1.000}{}
E {7694}{se}{se}{6}{0}{}{1.000}{}{0.00}
E {7690}{sw}{sw}{12}{0}{}{1.000}{}{0.00}
E {7692}{u}{u}{16}{0}{}{1.000}{}{0.00}

R {7693}{0}{<fff>}{A Dead End in the Dark Toy Cave}{ }{}{Andrus Toy Land}{}{INSIDE}{}{1.000}{}
E {7691}{sw}{sw}{12}{0}{}{1.000}{}{0.00}

R {7694}{0}{<fff>}{In the Dark Toy Cave}{ }{}{Andrus Toy Land}{}{INSIDE}{}{1.000}{}
E {7695}{e}{e}{2}{0}{}{1.000}{}{0.00}
E {7692}{nw}{nw}{9}{0}{}{1.000}{}{0.00}

R {7695}{0}{<fff>}{In the Dark Toy Cave}{ }{}{Andrus Toy Land}{}{INSIDE}{}{1.000}{}
E {7696}{ne}{ne}{3}{0}{}{1.000}{}{0.00}
E {7694}{w}{w}{8}{0}{}{1.000}{}{0.00}

R {7696}{0}{<fff>}{A Large Cavern in the Cave}{ }{}{Andrus Toy Land}{}{INSIDE}{}{1.000}{}
E {7699}{e}{e}{2}{0}{}{1.000}{}{0.00}
E {7697}{n}{n}{1}{0}{}{1.000}{}{0.00}
E {7698}{ne}{ne}{3}{0}{}{1.000}{}{0.00}
E {7695}{sw}{sw}{12}{0}{}{1.000}{}{0.00}

R {7697}{0}{<fff>}{A Large Cavern in the Cave}{ }{}{Andrus Toy Land}{}{INSIDE}{}{1.000}{}
E {7698}{e}{e}{2}{0}{}{1.000}{}{0.00}
E {7696}{s}{s}{4}{0}{}{1.000}{}{0.00}
E {7699}{se}{se}{6}{0}{}{1.000}{}{0.00}

R {7698}{0}{<fff>}{A Large Cavern in the Cave}{ }{}{Andrus Toy Land}{}{INSIDE}{}{1.000}{}
E {7699}{s}{s}{4}{0}{}{1.000}{}{0.00}
E {7696}{sw}{sw}{12}{0}{}{1.000}{}{0.00}
E {7697}{w}{w}{8}{0}{}{1.000}{}{0.00}

R {7699}{0}{<fff>}{A Large Cavern in the Cave}{ }{}{Andrus Toy Land}{}{INSIDE}{}{1.000}{}
E {7698}{n}{n}{1}{0}{}{1.000}{}{0.00}
E {7697}{nw}{nw}{9}{0}{}{1.000}{}{0.00}
E {7696}{w}{w}{8}{0}{}{1.000}{}{0.00}

R {7700}{0}{<fff>}{Air Traffic Control Tower - Floor 1}{ }{}{Andrus Toy Land}{}{INSIDE}{}{1.000}{}
E {7675}{e}{e}{2}{0}{}{1.000}{}{0.00}
E {7701}{u}{u}{16}{0}{}{1.000}{}{0.00}

R {7701}{0}{<fff>}{Air Traffic Control Tower - Floor 2}{ }{}{Andrus Toy Land}{}{INSIDE}{}{1.000}{}
E {7700}{d}{d}{32}{0}{}{1.000}{}{0.00}
E {7702}{u}{u}{16}{0}{}{1.000}{}{0.00}

R {7702}{0}{<fff>}{Air Traffic Control Tower - Top Floor}{ }{}{Andrus Toy Land}{}{INSIDE}{}{1.000}{}
E {7701}{d}{d}{32}{0}{}{1.000}{}{0.00}

R {7704}{0}{<fff>}{The Lego Bank}{ }{}{Andrus Toy Land}{}{INSIDE}{}{1.000}{}
E {7706}{n}{n}{1}{0}{}{1.000}{}{0.00}
E {7707}{s}{jt_m_open_door {south}}{4}{0}{}{1.000}{}{0.00}

R {7705}{0}{<fff>}{A Lego Path}{ }{}{Andrus Toy Land}{}{INSIDE}{}{1.000}{}
E {7671}{n}{n}{1}{0}{}{1.000}{}{0.00}
E {7706}{s}{s}{4}{0}{}{1.000}{}{0.00}

R {7706}{0}{<fff>}{Before the Hybrid Building}{ }{}{Andrus Toy Land}{}{INSIDE}{}{1.000}{}
E {7705}{n}{n}{1}{0}{}{1.000}{}{0.00}
E {7704}{s}{s}{4}{0}{}{1.000}{}{0.00}

R {7707}{0}{<fff>}{The Vault}{ }{}{Andrus Toy Land}{}{INSIDE}{}{1.000}{}
E {7704}{n}{jt_m_open_door {north}}{1}{0}{}{1.000}{}{0.00}

R {7708}{0}{<fff>}{Entrance to The Lego Chessboard}{ }{}{Andrus Toy Land}{}{INSIDE}{}{1.000}{}
E {7673}{s}{s}{4}{0}{}{1.000}{}{0.00}
E {12}{w}{w}{8}{0}{}{1.000}{}{0.00}

R {7709}{0}{<fff>}{Toy Store Backroom}{ }{}{Andrus Toy Land}{}{INSIDE}{}{1.000}{}
E {7629}{d}{d}{32}{0}{}{1.000}{}{0.00}

R {7710}{0}{<fff>}{GI Joe's Military Headquarters}{ }{}{Andrus Toy Land}{}{INSIDE}{}{1.000}{}
E {7613}{n}{jt_m_open_door {north}}{1}{0}{}{1.000}{}{0.00}
E {7711}{s}{jt_m_open_door {south}}{4}{0}{}{1.000}{}{0.00}

R {7711}{0}{<fff>}{The Cell}{ }{}{Andrus Toy Land}{}{INSIDE}{}{1.000}{}
E {7712}{d}{jt_m_open_door {down}}{32}{0}{}{1.000}{}{0.00}
E {7710}{n}{n}{1}{0}{}{1.000}{}{0.00}

R {7712}{0}{<fff>}{Forgotten Dungeon}{ }{}{Andrus Toy Land}{}{INSIDE}{}{1.000}{}
E {7636}{s}{jt_m_open_door {south}}{4}{0}{}{1.000}{}{0.00}
E {7711}{u}{jt_m_open_door {up}}{16}{0}{}{1.000}{}{0.00}

R {7736}{0}{<fff>}{Black Square}{ }{}{Andrus Toy Land}{}{INSIDE}{}{1.000}{}
E {7751}{n}{n}{1}{0}{}{1.000}{}{0.00}
E {7737}{w}{w}{8}{0}{}{1.000}{}{0.00}

R {7737}{0}{<fff>}{White Square}{ }{}{Andrus Toy Land}{}{INSIDE}{}{1.000}{}
E {7736}{e}{e}{2}{0}{}{1.000}{}{0.00}
E {7750}{n}{n}{1}{0}{}{1.000}{}{0.00}
E {7738}{w}{w}{8}{0}{}{1.000}{}{0.00}

R {7738}{0}{<fff>}{Black Square}{ }{}{Andrus Toy Land}{}{INSIDE}{}{1.000}{}
E {7737}{e}{e}{2}{0}{}{1.000}{}{0.00}
E {7749}{n}{n}{1}{0}{}{1.000}{}{0.00}
E {7739}{w}{w}{8}{0}{}{1.000}{}{0.00}

R {7739}{0}{<fff>}{White Square}{ }{}{Andrus Toy Land}{}{INSIDE}{}{1.000}{}
E {7738}{e}{e}{2}{0}{}{1.000}{}{0.00}
E {7748}{n}{n}{1}{0}{}{1.000}{}{0.00}
E {7740}{w}{w}{8}{0}{}{1.000}{}{0.00}

R {7740}{0}{<fff>}{Black Square}{ }{}{Andrus Toy Land}{}{INSIDE}{}{1.000}{}
E {7739}{e}{e}{2}{0}{}{1.000}{}{0.00}
E {7747}{n}{n}{1}{0}{}{1.000}{}{0.00}
E {7741}{w}{w}{8}{0}{}{1.000}{}{0.00}

R {7741}{0}{<fff>}{White Square}{ }{}{Andrus Toy Land}{}{INSIDE}{}{1.000}{}
E {7740}{e}{e}{2}{0}{}{1.000}{}{0.00}
E {7746}{n}{n}{1}{0}{}{1.000}{}{0.00}
E {7742}{w}{w}{8}{0}{}{1.000}{}{0.00}

R {7742}{0}{<fff>}{Black Square}{ }{}{Andrus Toy Land}{}{INSIDE}{}{1.000}{}
E {7741}{e}{e}{2}{0}{}{1.000}{}{0.00}
E {7745}{n}{n}{1}{0}{}{1.000}{}{0.00}
E {7743}{w}{w}{8}{0}{}{1.000}{}{0.00}

R {7743}{0}{<fff>}{White Square}{ }{}{Andrus Toy Land}{}{INSIDE}{}{1.000}{}
E {7742}{e}{e}{2}{0}{}{1.000}{}{0.00}
E {7744}{n}{n}{1}{0}{}{1.000}{}{0.00}

R {7744}{0}{<fff>}{Black Square}{ }{}{Andrus Toy Land}{}{INSIDE}{}{1.000}{}
E {7745}{e}{e}{2}{0}{}{1.000}{}{0.00}
E {7759}{n}{n}{1}{0}{}{1.000}{}{0.00}
E {7743}{s}{s}{4}{0}{}{1.000}{}{0.00}

R {7745}{0}{<fff>}{White Square}{ }{}{Andrus Toy Land}{}{INSIDE}{}{1.000}{}
E {7746}{e}{e}{2}{0}{}{1.000}{}{0.00}
E {7758}{n}{n}{1}{0}{}{1.000}{}{0.00}
E {7742}{s}{s}{4}{0}{}{1.000}{}{0.00}
E {7744}{w}{w}{8}{0}{}{1.000}{}{0.00}

R {7746}{0}{<fff>}{Black Square}{ }{}{Andrus Toy Land}{}{INSIDE}{}{1.000}{}
E {7747}{e}{e}{2}{0}{}{1.000}{}{0.00}
E {7757}{n}{n}{1}{0}{}{1.000}{}{0.00}
E {7741}{s}{s}{4}{0}{}{1.000}{}{0.00}
E {7745}{w}{w}{8}{0}{}{1.000}{}{0.00}

R {7747}{0}{<fff>}{White Square}{ }{}{Andrus Toy Land}{}{INSIDE}{}{1.000}{}
E {7748}{e}{e}{2}{0}{}{1.000}{}{0.00}
E {7756}{n}{n}{1}{0}{}{1.000}{}{0.00}
E {7740}{s}{s}{4}{0}{}{1.000}{}{0.00}
E {7746}{w}{w}{8}{0}{}{1.000}{}{0.00}

R {7748}{0}{<fff>}{Black Square}{ }{}{Andrus Toy Land}{}{INSIDE}{}{1.000}{}
E {7749}{e}{e}{2}{0}{}{1.000}{}{0.00}
E {7755}{n}{n}{1}{0}{}{1.000}{}{0.00}
E {7739}{s}{s}{4}{0}{}{1.000}{}{0.00}
E {7747}{w}{w}{8}{0}{}{1.000}{}{0.00}

R {7749}{0}{<fff>}{White Square}{ }{}{Andrus Toy Land}{}{INSIDE}{}{1.000}{}
E {7750}{e}{e}{2}{0}{}{1.000}{}{0.00}
E {7754}{n}{n}{1}{0}{}{1.000}{}{0.00}
E {7738}{s}{s}{4}{0}{}{1.000}{}{0.00}
E {7748}{w}{w}{8}{0}{}{1.000}{}{0.00}

R {7750}{0}{<fff>}{Black Square}{ }{}{Andrus Toy Land}{}{INSIDE}{}{1.000}{}
E {7751}{e}{e}{2}{0}{}{1.000}{}{0.00}
E {7753}{n}{n}{1}{0}{}{1.000}{}{0.00}
E {7737}{s}{s}{4}{0}{}{1.000}{}{0.00}
E {7749}{w}{w}{8}{0}{}{1.000}{}{0.00}

R {7751}{0}{<fff>}{White Square}{ }{}{Andrus Toy Land}{}{INSIDE}{}{1.000}{}
E {7752}{n}{n}{1}{0}{}{1.000}{}{0.00}
E {7736}{s}{s}{4}{0}{}{1.000}{}{0.00}
E {7750}{w}{w}{8}{0}{}{1.000}{}{0.00}

R {7752}{0}{<fff>}{Black Square}{ }{}{Andrus Toy Land}{}{INSIDE}{}{1.000}{}
E {7767}{n}{n}{1}{0}{}{1.000}{}{0.00}
E {7751}{s}{s}{4}{0}{}{1.000}{}{0.00}
E {7753}{w}{w}{8}{0}{}{1.000}{}{0.00}

R {7753}{0}{<fff>}{White Square}{ }{}{Andrus Toy Land}{}{INSIDE}{}{1.000}{}
E {7752}{e}{e}{2}{0}{}{1.000}{}{0.00}
E {7766}{n}{n}{1}{0}{}{1.000}{}{0.00}
E {7750}{s}{s}{4}{0}{}{1.000}{}{0.00}
E {7754}{w}{w}{8}{0}{}{1.000}{}{0.00}

R {7754}{0}{<fff>}{Black Square}{ }{}{Andrus Toy Land}{}{INSIDE}{}{1.000}{}
E {7753}{e}{e}{2}{0}{}{1.000}{}{0.00}
E {7765}{n}{n}{1}{0}{}{1.000}{}{0.00}
E {7749}{s}{s}{4}{0}{}{1.000}{}{0.00}
E {7755}{w}{w}{8}{0}{}{1.000}{}{0.00}

R {7755}{0}{<fff>}{White Square}{ }{}{Andrus Toy Land}{}{INSIDE}{}{1.000}{}
E {7754}{e}{e}{2}{0}{}{1.000}{}{0.00}
E {7764}{n}{n}{1}{0}{}{1.000}{}{0.00}
E {7748}{s}{s}{4}{0}{}{1.000}{}{0.00}
E {7756}{w}{w}{8}{0}{}{1.000}{}{0.00}

R {7756}{0}{<fff>}{Black Square}{ }{}{Andrus Toy Land}{}{INSIDE}{}{1.000}{}
E {7755}{e}{e}{2}{0}{}{1.000}{}{0.00}
E {7763}{n}{n}{1}{0}{}{1.000}{}{0.00}
E {7747}{s}{s}{4}{0}{}{1.000}{}{0.00}
E {7757}{w}{w}{8}{0}{}{1.000}{}{0.00}

R {7757}{0}{<fff>}{White Square}{ }{}{Andrus Toy Land}{}{INSIDE}{}{1.000}{}
E {7756}{e}{e}{2}{0}{}{1.000}{}{0.00}
E {7762}{n}{n}{1}{0}{}{1.000}{}{0.00}
E {7746}{s}{s}{4}{0}{}{1.000}{}{0.00}
E {7758}{w}{w}{8}{0}{}{1.000}{}{0.00}

R {7758}{0}{<fff>}{Black Square}{ }{}{Andrus Toy Land}{}{INSIDE}{}{1.000}{}
E {7757}{e}{e}{2}{0}{}{1.000}{}{0.00}
E {7761}{n}{n}{1}{0}{}{1.000}{}{0.00}
E {7745}{s}{s}{4}{0}{}{1.000}{}{0.00}
E {7759}{w}{w}{8}{0}{}{1.000}{}{0.00}

R {7759}{0}{<fff>}{White Square}{ }{}{Andrus Toy Land}{}{INSIDE}{}{1.000}{}
E {7758}{e}{e}{2}{0}{}{1.000}{}{0.00}
E {7760}{n}{n}{1}{0}{}{1.000}{}{0.00}
E {7744}{s}{s}{4}{0}{}{1.000}{}{0.00}

R {7760}{0}{<fff>}{Black Square}{ }{}{Andrus Toy Land}{}{INSIDE}{}{1.000}{}
E {7761}{e}{e}{2}{0}{}{1.000}{}{0.00}
E {7775}{n}{n}{1}{0}{}{1.000}{}{0.00}
E {7759}{s}{s}{4}{0}{}{1.000}{}{0.00}

R {7761}{0}{<fff>}{White Square}{ }{}{Andrus Toy Land}{}{INSIDE}{}{1.000}{}
E {7762}{e}{e}{2}{0}{}{1.000}{}{0.00}
E {7774}{n}{n}{1}{0}{}{1.000}{}{0.00}
E {7758}{s}{s}{4}{0}{}{1.000}{}{0.00}
E {7760}{w}{w}{8}{0}{}{1.000}{}{0.00}

R {7762}{0}{<fff>}{Black Square}{ }{}{Andrus Toy Land}{}{INSIDE}{}{1.000}{}
E {7763}{e}{e}{2}{0}{}{1.000}{}{0.00}
E {7773}{n}{n}{1}{0}{}{1.000}{}{0.00}
E {7757}{s}{s}{4}{0}{}{1.000}{}{0.00}
E {7761}{w}{w}{8}{0}{}{1.000}{}{0.00}

R {7763}{0}{<fff>}{White Square}{ }{}{Andrus Toy Land}{}{INSIDE}{}{1.000}{}
E {7764}{e}{e}{2}{0}{}{1.000}{}{0.00}
E {7772}{n}{n}{1}{0}{}{1.000}{}{0.00}
E {7756}{s}{s}{4}{0}{}{1.000}{}{0.00}
E {7762}{w}{w}{8}{0}{}{1.000}{}{0.00}

R {7764}{0}{<fff>}{Black Square}{ }{}{Andrus Toy Land}{}{INSIDE}{}{1.000}{}
E {7765}{e}{e}{2}{0}{}{1.000}{}{0.00}
E {7771}{n}{n}{1}{0}{}{1.000}{}{0.00}
E {7755}{s}{s}{4}{0}{}{1.000}{}{0.00}
E {7763}{w}{w}{8}{0}{}{1.000}{}{0.00}

R {7765}{0}{<fff>}{White Square}{ }{}{Andrus Toy Land}{}{INSIDE}{}{1.000}{}
E {7766}{e}{e}{2}{0}{}{1.000}{}{0.00}
E {7770}{n}{n}{1}{0}{}{1.000}{}{0.00}
E {7754}{s}{s}{4}{0}{}{1.000}{}{0.00}
E {7764}{w}{w}{8}{0}{}{1.000}{}{0.00}

R {7766}{0}{<fff>}{Black Square}{ }{}{Andrus Toy Land}{}{INSIDE}{}{1.000}{}
E {7767}{e}{e}{2}{0}{}{1.000}{}{0.00}
E {7769}{n}{n}{1}{0}{}{1.000}{}{0.00}
E {7753}{s}{s}{4}{0}{}{1.000}{}{0.00}
E {7765}{w}{w}{8}{0}{}{1.000}{}{0.00}

R {7767}{0}{<fff>}{White Square}{ }{}{Andrus Toy Land}{}{INSIDE}{}{1.000}{}
E {7768}{n}{n}{1}{0}{}{1.000}{}{0.00}
E {7752}{s}{s}{4}{0}{}{1.000}{}{0.00}
E {7766}{w}{w}{8}{0}{}{1.000}{}{0.00}

R {7768}{0}{<fff>}{Black Square}{ }{}{Andrus Toy Land}{}{INSIDE}{}{1.000}{}
E {2}{e}{e}{2}{0}{}{1.000}{}{0.00}
E {7783}{n}{n}{1}{0}{}{1.000}{}{0.00}
E {7767}{s}{s}{4}{0}{}{1.000}{}{0.00}
E {7769}{w}{w}{8}{0}{}{1.000}{}{0.00}

R {7769}{0}{<fff>}{White Square}{ }{}{Andrus Toy Land}{}{INSIDE}{}{1.000}{}
E {7768}{e}{e}{2}{0}{}{1.000}{}{0.00}
E {7782}{n}{n}{1}{0}{}{1.000}{}{0.00}
E {7766}{s}{s}{4}{0}{}{1.000}{}{0.00}
E {7770}{w}{w}{8}{0}{}{1.000}{}{0.00}

R {7770}{0}{<fff>}{Black Square}{ }{}{Andrus Toy Land}{}{INSIDE}{}{1.000}{}
E {7769}{e}{e}{2}{0}{}{1.000}{}{0.00}
E {7781}{n}{n}{1}{0}{}{1.000}{}{0.00}
E {7765}{s}{s}{4}{0}{}{1.000}{}{0.00}
E {7771}{w}{w}{8}{0}{}{1.000}{}{0.00}

R {7771}{0}{<fff>}{White Square}{ }{}{Andrus Toy Land}{}{INSIDE}{}{1.000}{}
E {7770}{e}{e}{2}{0}{}{1.000}{}{0.00}
E {7780}{n}{n}{1}{0}{}{1.000}{}{0.00}
E {7764}{s}{s}{4}{0}{}{1.000}{}{0.00}
E {7772}{w}{w}{8}{0}{}{1.000}{}{0.00}

R {7772}{0}{<fff>}{Black Square}{ }{}{Andrus Toy Land}{}{INSIDE}{}{1.000}{}
E {7771}{e}{e}{2}{0}{}{1.000}{}{0.00}
E {7779}{n}{n}{1}{0}{}{1.000}{}{0.00}
E {7763}{s}{s}{4}{0}{}{1.000}{}{0.00}
E {7773}{w}{w}{8}{0}{}{1.000}{}{0.00}

R {7773}{0}{<fff>}{White Square}{ }{}{Andrus Toy Land}{}{INSIDE}{}{1.000}{}
E {7772}{e}{e}{2}{0}{}{1.000}{}{0.00}
E {7778}{n}{n}{1}{0}{}{1.000}{}{0.00}
E {7762}{s}{s}{4}{0}{}{1.000}{}{0.00}
E {7774}{w}{w}{8}{0}{}{1.000}{}{0.00}

R {7774}{0}{<fff>}{Black Square}{ }{}{Andrus Toy Land}{}{INSIDE}{}{1.000}{}
E {7773}{e}{e}{2}{0}{}{1.000}{}{0.00}
E {7777}{n}{n}{1}{0}{}{1.000}{}{0.00}
E {7761}{s}{s}{4}{0}{}{1.000}{}{0.00}
E {7775}{w}{w}{8}{0}{}{1.000}{}{0.00}

R {7775}{0}{<fff>}{White Square}{ }{}{Andrus Toy Land}{}{INSIDE}{}{1.000}{}
E {7774}{e}{e}{2}{0}{}{1.000}{}{0.00}
E {7776}{n}{n}{1}{0}{}{1.000}{}{0.00}
E {7760}{s}{s}{4}{0}{}{1.000}{}{0.00}

R {7776}{0}{<fff>}{Black Square}{ }{}{Andrus Toy Land}{}{INSIDE}{}{1.000}{}
E {7777}{e}{e}{2}{0}{}{1.000}{}{0.00}
E {7791}{n}{n}{1}{0}{}{1.000}{}{0.00}
E {7775}{s}{s}{4}{0}{}{1.000}{}{0.00}

R {7777}{0}{<fff>}{White Square}{ }{}{Andrus Toy Land}{}{INSIDE}{}{1.000}{}
E {7778}{e}{e}{2}{0}{}{1.000}{}{0.00}
E {7790}{n}{n}{1}{0}{}{1.000}{}{0.00}
E {7774}{s}{s}{4}{0}{}{1.000}{}{0.00}
E {7776}{w}{w}{8}{0}{}{1.000}{}{0.00}

R {7778}{0}{<fff>}{Black Square}{ }{}{Andrus Toy Land}{}{INSIDE}{}{1.000}{}
E {7779}{e}{e}{2}{0}{}{1.000}{}{0.00}
E {7789}{n}{n}{1}{0}{}{1.000}{}{0.00}
E {7773}{s}{s}{4}{0}{}{1.000}{}{0.00}
E {7777}{w}{w}{8}{0}{}{1.000}{}{0.00}

R {7779}{0}{<fff>}{White Square}{ }{}{Andrus Toy Land}{}{INSIDE}{}{1.000}{}
E {7780}{e}{e}{2}{0}{}{1.000}{}{0.00}
E {7788}{n}{n}{1}{0}{}{1.000}{}{0.00}
E {7772}{s}{s}{4}{0}{}{1.000}{}{0.00}
E {7778}{w}{w}{8}{0}{}{1.000}{}{0.00}

R {7780}{0}{<fff>}{Black Square}{ }{}{Andrus Toy Land}{}{INSIDE}{}{1.000}{}
E {7781}{e}{e}{2}{0}{}{1.000}{}{0.00}
E {7787}{n}{n}{1}{0}{}{1.000}{}{0.00}
E {7771}{s}{s}{4}{0}{}{1.000}{}{0.00}
E {7779}{w}{w}{8}{0}{}{1.000}{}{0.00}

R {7781}{0}{<fff>}{White Square}{ }{}{Andrus Toy Land}{}{INSIDE}{}{1.000}{}
E {7782}{e}{e}{2}{0}{}{1.000}{}{0.00}
E {7786}{n}{n}{1}{0}{}{1.000}{}{0.00}
E {7770}{s}{s}{4}{0}{}{1.000}{}{0.00}
E {7780}{w}{w}{8}{0}{}{1.000}{}{0.00}

R {7782}{0}{<fff>}{Black Square}{ }{}{Andrus Toy Land}{}{INSIDE}{}{1.000}{}
E {7783}{e}{e}{2}{0}{}{1.000}{}{0.00}
E {7785}{n}{n}{1}{0}{}{1.000}{}{0.00}
E {7769}{s}{s}{4}{0}{}{1.000}{}{0.00}
E {7781}{w}{w}{8}{0}{}{1.000}{}{0.00}

R {7783}{0}{<fff>}{White Square}{ }{}{Andrus Toy Land}{}{INSIDE}{}{1.000}{}
E {7784}{n}{n}{1}{0}{}{1.000}{}{0.00}
E {7768}{s}{s}{4}{0}{}{1.000}{}{0.00}
E {7782}{w}{w}{8}{0}{}{1.000}{}{0.00}

R {7784}{0}{<fff>}{Black Square}{ }{}{Andrus Toy Land}{}{INSIDE}{}{1.000}{}
E {7799}{n}{n}{1}{0}{}{1.000}{}{0.00}
E {7783}{s}{s}{4}{0}{}{1.000}{}{0.00}
E {7785}{w}{w}{8}{0}{}{1.000}{}{0.00}

R {7785}{0}{<fff>}{White Square}{ }{}{Andrus Toy Land}{}{INSIDE}{}{1.000}{}
E {7784}{e}{e}{2}{0}{}{1.000}{}{0.00}
E {7798}{n}{n}{1}{0}{}{1.000}{}{0.00}
E {7782}{s}{s}{4}{0}{}{1.000}{}{0.00}
E {7786}{w}{w}{8}{0}{}{1.000}{}{0.00}

R {7786}{0}{<fff>}{Black Square}{ }{}{Andrus Toy Land}{}{INSIDE}{}{1.000}{}
E {7785}{e}{e}{2}{0}{}{1.000}{}{0.00}
E {7797}{n}{n}{1}{0}{}{1.000}{}{0.00}
E {7781}{s}{s}{4}{0}{}{1.000}{}{0.00}
E {7787}{w}{w}{8}{0}{}{1.000}{}{0.00}

R {7787}{0}{<fff>}{White Square}{ }{}{Andrus Toy Land}{}{INSIDE}{}{1.000}{}
E {7786}{e}{e}{2}{0}{}{1.000}{}{0.00}
E {7796}{n}{n}{1}{0}{}{1.000}{}{0.00}
E {7780}{s}{s}{4}{0}{}{1.000}{}{0.00}
E {7788}{w}{w}{8}{0}{}{1.000}{}{0.00}

R {7788}{0}{<fff>}{Black Square}{ }{}{Andrus Toy Land}{}{INSIDE}{}{1.000}{}
E {7787}{e}{e}{2}{0}{}{1.000}{}{0.00}
E {7795}{n}{n}{1}{0}{}{1.000}{}{0.00}
E {7779}{s}{s}{4}{0}{}{1.000}{}{0.00}
E {7789}{w}{w}{8}{0}{}{1.000}{}{0.00}

R {7789}{0}{<fff>}{White Square}{ }{}{Andrus Toy Land}{}{INSIDE}{}{1.000}{}
E {7788}{e}{e}{2}{0}{}{1.000}{}{0.00}
E {7794}{n}{n}{1}{0}{}{1.000}{}{0.00}
E {7778}{s}{s}{4}{0}{}{1.000}{}{0.00}
E {7790}{w}{w}{8}{0}{}{1.000}{}{0.00}

R {7790}{0}{<fff>}{Black Square}{ }{}{Andrus Toy Land}{}{INSIDE}{}{1.000}{}
E {7789}{e}{e}{2}{0}{}{1.000}{}{0.00}
E {7793}{n}{n}{1}{0}{}{1.000}{}{0.00}
E {7777}{s}{s}{4}{0}{}{1.000}{}{0.00}
E {7791}{w}{w}{8}{0}{}{1.000}{}{0.00}

R {7791}{0}{<fff>}{White Square}{ }{}{Andrus Toy Land}{}{INSIDE}{}{1.000}{}
E {7790}{e}{e}{2}{0}{}{1.000}{}{0.00}
E {7792}{n}{n}{1}{0}{}{1.000}{}{0.00}
E {7776}{s}{s}{4}{0}{}{1.000}{}{0.00}

R {7792}{0}{<fff>}{Black Square}{ }{}{Andrus Toy Land}{}{INSIDE}{}{1.000}{}
E {7793}{e}{e}{2}{0}{}{1.000}{}{0.00}
E {7791}{s}{s}{4}{0}{}{1.000}{}{0.00}

R {7793}{0}{<fff>}{White Square}{ }{}{Andrus Toy Land}{}{INSIDE}{}{1.000}{}
E {7794}{e}{e}{2}{0}{}{1.000}{}{0.00}
E {7790}{s}{s}{4}{0}{}{1.000}{}{0.00}
E {7792}{w}{w}{8}{0}{}{1.000}{}{0.00}

R {7794}{0}{<fff>}{Black Square}{ }{}{Andrus Toy Land}{}{INSIDE}{}{1.000}{}
E {7795}{e}{e}{2}{0}{}{1.000}{}{0.00}
E {7789}{s}{s}{4}{0}{}{1.000}{}{0.00}
E {7793}{w}{w}{8}{0}{}{1.000}{}{0.00}

R {7795}{0}{<fff>}{White Square}{ }{}{Andrus Toy Land}{}{INSIDE}{}{1.000}{}
E {7796}{e}{e}{2}{0}{}{1.000}{}{0.00}
E {7788}{s}{s}{4}{0}{}{1.000}{}{0.00}
E {7794}{w}{w}{8}{0}{}{1.000}{}{0.00}

R {7796}{0}{<fff>}{Black Square}{ }{}{Andrus Toy Land}{}{INSIDE}{}{1.000}{}
E {7797}{e}{e}{2}{0}{}{1.000}{}{0.00}
E {7787}{s}{s}{4}{0}{}{1.000}{}{0.00}
E {7795}{w}{w}{8}{0}{}{1.000}{}{0.00}

R {7797}{0}{<fff>}{White Square}{ }{}{Andrus Toy Land}{}{INSIDE}{}{1.000}{}
E {7798}{e}{e}{2}{0}{}{1.000}{}{0.00}
E {7786}{s}{s}{4}{0}{}{1.000}{}{0.00}
E {7796}{w}{w}{8}{0}{}{1.000}{}{0.00}

R {7798}{0}{<fff>}{Black Square}{ }{}{Andrus Toy Land}{}{INSIDE}{}{1.000}{}
E {7799}{e}{e}{2}{0}{}{1.000}{}{0.00}
E {7785}{s}{s}{4}{0}{}{1.000}{}{0.00}
E {7797}{w}{w}{8}{0}{}{1.000}{}{0.00}

R {7799}{0}{<fff>}{White Square}{ }{}{Andrus Toy Land}{}{INSIDE}{}{1.000}{}
E {7784}{s}{s}{4}{0}{}{1.000}{}{0.00}
E {7798}{w}{w}{8}{0}{}{1.000}{}{0.00}
