C 50000

V 2020

CAVOID <118>
CBACKGROUND 
CBLOCK <218>
CEXITS <278>
CFOG <148>
CHIDE <168>
CINVISIBLE <208>
CPATHS <138>
CROOMS <178>
CSYMBOLS <128>
CUSER <258>

F 8207

G 0

I 10101

L {ASCII NESW LINE} {NO EXITS} {x}
L {ASCII NESW LINE} {N} {o}
L {ASCII NESW LINE} {  E} {o}
L {ASCII NESW LINE} {N E} {+}
L {ASCII NESW LINE} {    S} {o}
L {ASCII NESW LINE} {N   S} {|}
L {ASCII NESW LINE} {  E S} {+}
L {ASCII NESW LINE} {N E S} {+}
L {ASCII NESW LINE} {      W} {o}
L {ASCII NESW LINE} {N     W} {+}
L {ASCII NESW LINE} {  E   W} {-}
L {ASCII NESW LINE} {N E   W} {+}
L {ASCII NESW LINE} {    S W} {+}
L {ASCII NESW LINE} {N   S W} {+}
L {ASCII NESW LINE} {  E S W} {+}
L {ASCII NESW LINE} {N E S W} {+}
L {ASCII NESW MISC} {USER} {x}
L {ASCII NESW MISC} {DIR UNKNOWN} {+}
L {ASCII NESW MISC} {N S VOID} {|}
L {ASCII NESW MISC} {E W VOID} {-}
L {ASCII NESW CURVED} {N E CURVED} {+}
L {ASCII NESW CURVED} {S E CURVED} {+}
L {ASCII NESW CURVED} {S W CURVED} {+}
L {ASCII NESW CURVED} {N W CURVED} {+}
L {ASCII NESW DIRS} {DIR N} {|}
L {ASCII NESW DIRS} {DIR NE} {/}
L {ASCII NESW DIRS} {DIR E} {-}
L {ASCII NESW DIRS} {DIR SE} {\\}
L {ASCII NESW DIRS} {DIR S} {|}
L {ASCII NESW DIRS} {DIR SW} {/}
L {ASCII NESW DIRS} {DIR W} {-}
L {ASCII NESW DIRS} {DIR NW} {\\}
L {NESW LINE} {NO EXITS} {\u2B51}
L {NESW LINE} {N} {\u2579}
L {NESW LINE} {  E} {\u257A}
L {NESW LINE} {N E} {\u2517}
L {NESW LINE} {    S} {\u257B}
L {NESW LINE} {N   S} {\u2503}
L {NESW LINE} {  E S} {\u250F}
L {NESW LINE} {N E S} {\u2523}
L {NESW LINE} {      W} {\u2578}
L {NESW LINE} {N     W} {\u251B}
L {NESW LINE} {  E   W} {\u2501}
L {NESW LINE} {N E   W} {\u253B}
L {NESW LINE} {    S W} {\u2513}
L {NESW LINE} {N   S W} {\u252B}
L {NESW LINE} {  E S W} {\u2533}
L {NESW LINE} {N E S W} {\u254B}
L {NESW MISC} {USER} {\u2B51}
L {NESW MISC} {DIR UNKNOWN} {\u2012}
L {NESW MISC} {N S VOID} {\u2507}
L {NESW MISC} {E W VOID} {\u254D}
L {NESW CURVED} {N E CURVED} {\u2570}
L {NESW CURVED} {S E CURVED} {\u256D}
L {NESW CURVED} {S W CURVED} {\u256E}
L {NESW CURVED} {N W CURVED} {\u256F}
L {NESW DIRS} {DIR N} {\u2191}
L {NESW DIRS} {DIR NE} {\u2B08}
L {NESW DIRS} {DIR E} {\u2B95}
L {NESW DIRS} {DIR SE} {\u2b0A}
L {NESW DIRS} {DIR S} {\u2193}
L {NESW DIRS} {DIR SW} {\u2B0B}
L {NESW DIRS} {DIR W} {\u2B05}
L {NESW DIRS} {DIR NW} {\u2B09}
L {MUDFONT NWS} {NO EXITS} {\u2830}
L {MUDFONT NWS} {N} {\u2838}
L {MUDFONT NWS} {  NW} {\u2831}
L {MUDFONT NWS} {N NW} {\u2839}
L {MUDFONT NWS} {     W} {\u2836}
L {MUDFONT NWS} {N    W} {\u283E}
L {MUDFONT NWS} {  NW W} {\u2837}
L {MUDFONT NWS} {N NW W} {\u283F}
L {MUDFONT NWS} {       SW} {\u2870}
L {MUDFONT NWS} {N      SW} {\u2878}
L {MUDFONT NWS} {  NW   SW} {\u2871}
L {MUDFONT NWS} {N NW   SW} {\u2879}
L {MUDFONT NWS} {     W SW} {\u2876}
L {MUDFONT NWS} {N    W SW} {\u287E}
L {MUDFONT NWS} {  NW W SW} {\u2877}
L {MUDFONT NWS} {N NW W SW} {\u287F}
L {MUDFONT NWS} {          S} {\u28B0}
L {MUDFONT NWS} {N         S} {\u28B8}
L {MUDFONT NWS} {  NW      S} {\u28B1}
L {MUDFONT NWS} {N NW      S} {\u28B9}
L {MUDFONT NWS} {     W    S} {\u28B6}
L {MUDFONT NWS} {N    W    S} {\u28BE}
L {MUDFONT NWS} {  NW W    S} {\u28B7}
L {MUDFONT NWS} {N NW W    S} {\u28BF}
L {MUDFONT NWS} {       SW S} {\u28F0}
L {MUDFONT NWS} {N      SW S} {\u28F8}
L {MUDFONT NWS} {  NW   SW S} {\u28F1}
L {MUDFONT NWS} {N NW   SW S} {\u28F9}
L {MUDFONT NWS} {     W SW S} {\u28F6}
L {MUDFONT NWS} {N    W SW S} {\u28FE}
L {MUDFONT NWS} {  NW W SW S} {\u28F7}
L {MUDFONT NWS} {N NW W SW S} {\u28FF}
L {MUDFONT NES} {NO EXITS} {\u2806}
L {MUDFONT NES} {N} {\u2807}
L {MUDFONT NES} {  NE} {\u280E}
L {MUDFONT NES} {N NE} {\u280F}
L {MUDFONT NES} {     W} {\u2836}
L {MUDFONT NES} {N    W} {\u2837}
L {MUDFONT NES} {  NE W} {\u283E}
L {MUDFONT NES} {N NE W} {\u283F}
L {MUDFONT NES} {       SE} {\u2886}
L {MUDFONT NES} {N      SE} {\u2887}
L {MUDFONT NES} {  NE   SE} {\u288E}
L {MUDFONT NES} {N NE   SE} {\u288F}
L {MUDFONT NES} {     W SE} {\u28B6}
L {MUDFONT NES} {N    W SE} {\u28B7}
L {MUDFONT NES} {  NE W SE} {\u28BE}
L {MUDFONT NES} {N NE W SE} {\u28BF}
L {MUDFONT NES} {          S} {\u2846}
L {MUDFONT NES} {N         S} {\u2847}
L {MUDFONT NES} {  NE      S} {\u284E}
L {MUDFONT NES} {N NE      S} {\u284F}
L {MUDFONT NES} {     W    S} {\u2876}
L {MUDFONT NES} {N    W    S} {\u2877}
L {MUDFONT NES} {  NE W    S} {\u287E}
L {MUDFONT NES} {N NE W    S} {\u287F}
L {MUDFONT NES} {       SE S} {\u28C6}
L {MUDFONT NES} {N      SE S} {\u28C7}
L {MUDFONT NES} {  NE   SE S} {\u28CE}
L {MUDFONT NES} {N NE   SE S} {\u28CF}
L {MUDFONT NES} {     W SE S} {\u28F6}
L {MUDFONT NES} {N    W SE S} {\u28F7}
L {MUDFONT NES} {  NE W SE S} {\u28FE}
L {MUDFONT NES} {N NE W SE S} {\u28FF}
L {MUDFONT VOID NWS} {NO EXITS} {\u2800}
L {MUDFONT VOID NWS} {N} {\u2808}
L {MUDFONT VOID NWS} {  NW} {\u2801}
L {MUDFONT VOID NWS} {N NW} {\u2809}
L {MUDFONT VOID NWS} {     W} {\u2806}
L {MUDFONT VOID NWS} {N    W} {\u280E}
L {MUDFONT VOID NWS} {  NW W} {\u2807}
L {MUDFONT VOID NWS} {N NW W} {\u280F}
L {MUDFONT VOID NWS} {       SW} {\u2840}
L {MUDFONT VOID NWS} {N      SW} {\u2848}
L {MUDFONT VOID NWS} {  NW   SW} {\u2841}
L {MUDFONT VOID NWS} {N NW   SW} {\u2849}
L {MUDFONT VOID NWS} {     W SW} {\u2846}
L {MUDFONT VOID NWS} {N    W SW} {\u284E}
L {MUDFONT VOID NWS} {  NW W SW} {\u2847}
L {MUDFONT VOID NWS} {N NW W SW} {\u284F}
L {MUDFONT VOID NWS} {          S} {\u2880}
L {MUDFONT VOID NWS} {N         S} {\u2888}
L {MUDFONT VOID NWS} {  NW      S} {\u2881}
L {MUDFONT VOID NWS} {N NW      S} {\u2889}
L {MUDFONT VOID NWS} {     W    S} {\u2886}
L {MUDFONT VOID NWS} {N    W    S} {\u288E}
L {MUDFONT VOID NWS} {  NW W    S} {\u2887}
L {MUDFONT VOID NWS} {N NW W    S} {\u288F}
L {MUDFONT VOID NWS} {       SW S} {\u28C0}
L {MUDFONT VOID NWS} {N      SW S} {\u28C8}
L {MUDFONT VOID NWS} {  NW   SW S} {\u28C1}
L {MUDFONT VOID NWS} {N NW   SW S} {\u28C9}
L {MUDFONT VOID NWS} {     W SW S} {\u28C6}
L {MUDFONT VOID NWS} {N    W SW S} {\u28CE}
L {MUDFONT VOID NWS} {  NW W SW S} {\u28C7}
L {MUDFONT VOID NWS} {N NW W SW S} {\u28CF}
L {MUDFONT VOID NES} {NO EXITS} {\u2800}
L {MUDFONT VOID NES} {N} {\u2801}
L {MUDFONT VOID NES} {  NE} {\u2808}
L {MUDFONT VOID NES} {N NE} {\u2809}
L {MUDFONT VOID NES} {     W} {\u2830}
L {MUDFONT VOID NES} {N    W} {\u2831}
L {MUDFONT VOID NES} {  NE W} {\u2838}
L {MUDFONT VOID NES} {N NE W} {\u2839}
L {MUDFONT VOID NES} {       SE} {\u2880}
L {MUDFONT VOID NES} {N      SE} {\u2881}
L {MUDFONT VOID NES} {  NE   SE} {\u2888}
L {MUDFONT VOID NES} {N NE   SE} {\u2889}
L {MUDFONT VOID NES} {     W SE} {\u28B0}
L {MUDFONT VOID NES} {N    W SE} {\u28B1}
L {MUDFONT VOID NES} {  NE W SE} {\u28B8}
L {MUDFONT VOID NES} {N NE W SE} {\u28B9}
L {MUDFONT VOID NES} {          S} {\u2840}
L {MUDFONT VOID NES} {N         S} {\u2841}
L {MUDFONT VOID NES} {  NE      S} {\u2848}
L {MUDFONT VOID NES} {N NE      S} {\u2849}
L {MUDFONT VOID NES} {     W    S} {\u2870}
L {MUDFONT VOID NES} {N    W    S} {\u2871}
L {MUDFONT VOID NES} {  NE W    S} {\u2878}
L {MUDFONT VOID NES} {N NE W    S} {\u2879}
L {MUDFONT VOID NES} {       SE S} {\u28C0}
L {MUDFONT VOID NES} {N      SE S} {\u28C1}
L {MUDFONT VOID NES} {  NE   SE S} {\u28C8}
L {MUDFONT VOID NES} {N NE   SE S} {\u28C9}
L {MUDFONT VOID NES} {     W SE S} {\u28F0}
L {MUDFONT VOID NES} {N    W SE S} {\u28F1}
L {MUDFONT VOID NES} {  NE W SE S} {\u28F8}
L {MUDFONT VOID NES} {N NE W SE S} {\u28F9}
L {MUDFONT CURVED} {N E} {\u2818}
L {MUDFONT CURVED} {S E} {\u28A0}
L {MUDFONT CURVED} {S W} {\u2844}
L {MUDFONT CURVED} {N W} {\u2803}
L {UNICODE GRAPHICS} {NO DIAGONAL} {}
L {UNICODE GRAPHICS} {SE} {\u2198}
L {UNICODE GRAPHICS} {NE} {\u2197}
L {UNICODE GRAPHICS} {SE NE} {>}
L {UNICODE GRAPHICS} {SW} {\u2199}
L {UNICODE GRAPHICS} {SE SW} {\u2E0C\u2E0D}
L {UNICODE GRAPHICS} {NE SW} {\uFF0F}
L {UNICODE GRAPHICS} {SE NE SW} {>\u2E0D}
L {UNICODE GRAPHICS} {NW} {\u2196}
L {UNICODE GRAPHICS} {SE NW} {\uFF3C}
L {UNICODE GRAPHICS} {NE NW} {\u2E1D\u2E1C}
L {UNICODE GRAPHICS} {SE NE NW} {>\u2E1C}
L {UNICODE GRAPHICS} {SW NW} {<}
L {UNICODE GRAPHICS} {SE SW NW} {\u2E0C<}
L {UNICODE GRAPHICS} {NE SW NW} {\u2E1D<}
L {UNICODE GRAPHICS} {SE NE SW NW} {><}
L {UNICODE GRAPHICS} {D} {-}
L {UNICODE GRAPHICS} {N} {\u2191}
L {UNICODE GRAPHICS} {S} {\u2193}
L {UNICODE GRAPHICS} {N S} {\u2502}
L {UNICODE GRAPHICS} {U} {+}
L {UNICODE GRAPHICS} {E} {\u2192}
L {UNICODE GRAPHICS} {W} {\u2190}
L {UNICODE GRAPHICS} {E W} {\u2500}
L {UNICODE GRAPHICS} {ROOM L} {[}
L {UNICODE GRAPHICS} {ROOM L CURVED} {(}
L {UNICODE GRAPHICS} {ROOM R} {]}
L {UNICODE GRAPHICS} {ROOM R CURVED} {)}




T {} { } {}
T {CITY} {<FF03A2E>=} {WIDE}
T {FIELD} {<F9A7D0A>·} {WIDE FADEOUT}
T {FOREST} {<F0B5345>⍋} {WIDE FADEOUT}
T {HILLS} {<F7D6608>︵} {DENSE WIDE FADEOUT DOUBLE}
T {INSIDE} {<F922B21>≡} {}
T {MIDAIR} {<F6C3483>⊰} {SPARSE WIDE}
T {MOUNTAINS} {<F935116>◮} {WIDE}
T {NOSWIM} {<F21618C>~} {}
T {SWIM} {<F21618C>~} {}





R {3}{4104}{}{}{ }{}{}{}{CITY}{}{1.000}{}
E {10169}{n}{n}{1}{0}{}{1.000}{}{0.00}
E {10170}{s}{s}{4}{0}{}{1.000}{}{0.00}

R {4}{4104}{}{}{ }{}{}{}{CITY}{}{1.000}{}
E {10107}{w}{w}{8}{0}{}{1.000}{}{0.00}
E {10104}{e}{e}{2}{0}{}{1.000}{}{0.00}

R {5}{4104}{}{}{ }{}{}{}{CITY}{}{1.000}{}
E {10144}{n}{n}{1}{0}{}{1.000}{}{0.00}
E {10142}{s}{s}{4}{0}{}{1.000}{}{0.00}

R {6}{4104}{}{}{ }{}{}{}{FIELD}{}{1.000}{}
E {10140}{e}{e}{2}{0}{}{1.000}{}{0.00}
E {10139}{w}{w}{8}{0}{}{1.000}{}{0.00}

R {7}{4104}{}{}{ }{}{}{}{FIELD}{}{1.000}{}
E {10140}{s}{s}{4}{0}{}{1.000}{}{0.00}
E {10135}{n}{n}{1}{0}{}{1.000}{}{0.00}

R {8}{4104}{}{}{ }{}{}{}{CITY}{}{1.000}{}
E {10183}{e}{e}{2}{0}{}{1.000}{}{0.00}
E {9}{w}{w}{8}{0}{}{1.000}{}{0.00}

R {9}{4104}{}{}{ }{}{}{}{CITY}{}{1.000}{}
E {8}{e}{e}{2}{0}{}{1.000}{}{0.00}
E {10215}{w}{w}{8}{0}{}{1.000}{}{0.00}

R {10}{8}{}{}{ }{}{}{}{CITY}{}{1.000}{}
E {10170}{n}{n}{1}{0}{}{1.000}{}{0.00}
E {11}{s}{s}{4}{0}{}{1.000}{}{0.00}

R {11}{8}{}{}{ }{}{}{}{CITY}{}{1.000}{}
E {10}{n}{n}{1}{0}{}{1.000}{}{0.00}
E {10107}{s}{s}{4}{0}{}{1.000}{}{0.00}

R {7401}{0}{<fff>}{}{Ced}{}{}{}{}{}{1.000}{}

R {10100}{0}{<fff>}{Uphill Path}{ }{}{Hellas}{}{HILLS}{}{1.000}{}
E {12413}{e}{jt_m_link_action {east} {the grand city of New Thalos} {12413}}{2}{0}{}{1.000}{}{0.00}
E {10101}{w}{w}{8}{0}{}{1.000}{}{0.00}

R {10101}{0}{<fff>}{Uphill Path}{ }{}{Hellas}{}{HILLS}{}{1.000}{}
E {10100}{e}{e}{2}{0}{}{1.000}{}{0.00}
E {10102}{w}{w}{8}{0}{}{1.000}{}{0.00}

R {10102}{0}{<fff>}{On the way to Hellas}{ }{}{Hellas}{}{HILLS}{}{1.000}{}
E {10101}{e}{e}{2}{0}{}{1.000}{}{0.00}
E {10103}{w}{w}{8}{0}{}{1.000}{}{0.00}

R {10103}{0}{<fff>}{Welcome to Hellas}{ }{}{Hellas}{}{CITY}{}{1.000}{}
E {10102}{e}{e}{2}{0}{}{1.000}{}{0.00}
E {10104}{w}{w}{8}{0}{}{1.000}{}{0.00}

R {10104}{0}{<fff>}{East Plaza}{ }{}{Hellas}{}{CITY}{}{1.000}{}
E {10103}{e}{e}{2}{0}{}{1.000}{}{0.00}
E {10105}{n}{jt_m_open_door {north}}{1}{0}{}{1.000}{}{0.00}
E {10106}{s}{jt_m_open_door {south}}{4}{0}{}{1.000}{}{0.00}
E {4}{w}{w}{8}{0}{}{1.000}{}{0.00}

R {10105}{0}{<fff>}{Barracks}{ }{}{Hellas}{}{INSIDE}{}{1.000}{}
E {10104}{s}{jt_m_open_door {south}}{4}{0}{}{1.000}{}{0.00}

R {10106}{0}{<fff>}{Quartermaster's Office}{ }{}{Hellas}{}{INSIDE}{}{1.000}{}
E {10104}{n}{jt_m_open_door {north}}{1}{0}{}{1.000}{}{0.00}

R {10107}{0}{<fff>}{Intersection of Dionysus Avenue and East Plaza}{ }{}{Hellas}{}{CITY}{}{1.000}{}
E {4}{e}{e}{2}{0}{}{1.000}{}{0.00}
E {11}{n}{n}{1}{0}{}{1.000}{}{0.00}
E {10108}{s}{s}{4}{0}{}{1.000}{}{0.00}
E {10254}{u}{u}{16}{0}{}{1.000}{}{0.00}
E {10182}{w}{w}{8}{0}{}{1.000}{}{0.00}

R {10108}{0}{<fff>}{Dionysus Avenue}{ }{}{Hellas}{}{CITY}{}{1.000}{}
E {10107}{n}{n}{1}{0}{}{1.000}{}{0.00}
E {10110}{s}{s}{4}{0}{}{1.000}{}{0.00}

R {10109}{0}{<fff>}{Pomegranate Orchard}{ }{}{Hellas}{}{FIELD}{}{1.000}{}
E {10110}{sw}{sw}{12}{0}{}{1.000}{}{0.00}

R {10110}{0}{<fff>}{Dionysus Avenue}{ }{}{Hellas}{}{CITY}{}{1.000}{}
E {10111}{e}{jt_m_open_door {east}}{2}{0}{}{1.000}{}{0.00}
E {10108}{n}{n}{1}{0}{}{1.000}{}{0.00}
E {10109}{ne}{ne}{3}{0}{}{1.000}{}{0.00}
E {10112}{s}{s}{4}{0}{}{1.000}{}{0.00}

R {10111}{0}{<fff>}{Farmer's House}{ }{}{Hellas}{}{INSIDE}{}{1.000}{}
E {10110}{w}{jt_m_open_door {west}}{8}{0}{}{1.000}{}{0.00}

R {10112}{0}{<fff>}{Dionysus Avenue}{ }{}{Hellas}{}{CITY}{}{1.000}{}
E {10113}{e}{jt_m_open_door {east}}{2}{0}{}{1.000}{}{0.00}
E {10110}{n}{n}{1}{0}{}{1.000}{}{0.00}
E {10114}{s}{s}{4}{0}{}{1.000}{}{0.00}

R {10113}{0}{<fff>}{Stonemason's Shop}{ }{}{Hellas}{}{INSIDE}{}{1.000}{}
E {10112}{w}{jt_m_open_door {west}}{8}{0}{}{1.000}{}{0.00}

R {10114}{0}{<fff>}{Dionysus Avenue}{ }{}{Hellas}{}{CITY}{}{1.000}{}
E {10115}{e}{jt_m_open_door {east}}{2}{0}{}{1.000}{}{0.00}
E {10112}{n}{n}{1}{0}{}{1.000}{}{0.00}
E {10117}{s}{s}{4}{0}{}{1.000}{}{0.00}
E {10116}{se}{se}{6}{0}{}{1.000}{}{0.00}

R {10115}{0}{<fff>}{Fig Farmer's House}{ }{}{Hellas}{}{INSIDE}{}{1.000}{}
E {10114}{w}{jt_m_open_door {west}}{8}{0}{}{1.000}{}{0.00}

R {10116}{0}{<fff>}{Fig Orchard}{ }{}{Hellas}{}{FIELD}{}{1.000}{}
E {10114}{nw}{nw}{9}{0}{}{1.000}{}{0.00}

R {10117}{0}{<fff>}{Dionysus Avenue}{ }{}{Hellas}{}{CITY}{}{1.000}{}
E {10114}{n}{n}{1}{0}{}{1.000}{}{0.00}
E {10118}{sw}{sw}{12}{0}{}{1.000}{}{0.00}

R {10118}{0}{<fff>}{Intersection of Dionysus Avenue and Athenian Way}{ }{}{Hellas}{}{CITY}{}{1.000}{}
E {10117}{ne}{ne}{3}{0}{}{1.000}{}{0.00}
E {10119}{sw}{sw}{12}{0}{}{1.000}{}{0.00}
E {10120}{u}{jt_m_open_door {up}}{16}{0}{}{1.000}{}{0.00}

R {10119}{0}{<fff>}{Athenian Way}{ }{}{Hellas}{}{CITY}{}{1.000}{}
E {10118}{ne}{ne}{3}{0}{}{1.000}{}{0.00}
E {10121}{w}{w}{8}{0}{}{1.000}{}{0.00}

R {10120}{0}{<efa>}{}{ }{}{}{}{}{}{1.000}{}

R {10121}{0}{<fff>}{Athenian Way}{ }{}{Hellas}{}{CITY}{}{1.000}{}
E {10119}{e}{e}{2}{0}{}{1.000}{}{0.00}
E {10122}{s}{jt_m_open_door {south}}{4}{0}{}{1.000}{}{0.00}
E {10123}{w}{w}{8}{0}{}{1.000}{}{0.00}

R {10122}{0}{<fff>}{A Peasant's House}{ }{}{Hellas}{}{INSIDE}{}{1.000}{}
E {10121}{n}{jt_m_open_door {north}}{1}{0}{}{1.000}{}{0.00}

R {10123}{0}{<fff>}{Athenian Way}{ }{}{Hellas}{}{CITY}{}{1.000}{}
E {10121}{e}{e}{2}{0}{}{1.000}{}{0.00}
E {10124}{s}{jt_m_open_door {south}}{4}{0}{}{1.000}{}{0.00}
E {10125}{w}{w}{8}{0}{}{1.000}{}{0.00}

R {10124}{0}{<fff>}{Fisherman's Grotto}{ }{}{Hellas}{}{INSIDE}{}{1.000}{}
E {10123}{n}{jt_m_open_door {north}}{1}{0}{}{1.000}{}{0.00}

R {10125}{0}{<fff>}{Intersection of Athenian Way and South Plaza}{ }{}{Hellas}{}{CITY}{}{1.000}{}
E {10123}{e}{e}{2}{0}{}{1.000}{}{0.00}
E {10206}{n}{n}{1}{0}{}{1.000}{}{0.00}
E {10126}{s}{jt_m_open_door {south}}{4}{0}{}{1.000}{}{0.00}
E {10128}{sw}{sw}{12}{0}{}{1.000}{}{0.00}
E {10127}{w}{w}{8}{0}{}{1.000}{}{0.00}

R {10126}{0}{<fff>}{Olive Farmer's House}{ }{}{Hellas}{}{INSIDE}{}{1.000}{}
E {10125}{n}{jt_m_open_door {north}}{1}{0}{}{1.000}{}{0.00}

R {10127}{0}{<fff>}{Athenian Way}{ }{}{Hellas}{}{CITY}{}{1.000}{}
E {10125}{e}{e}{2}{0}{}{1.000}{}{0.00}
E {10129}{w}{w}{8}{0}{}{1.000}{}{0.00}

R {10128}{0}{<fff>}{Olive Orchard}{ }{}{Hellas}{}{FIELD}{}{1.000}{}
E {10125}{ne}{ne}{3}{0}{}{1.000}{}{0.00}

R {10129}{0}{<fff>}{Athenian Way}{ }{}{Hellas}{}{CITY}{}{1.000}{}
E {10127}{e}{e}{2}{0}{}{1.000}{}{0.00}
E {10131}{nw}{nw}{9}{0}{}{1.000}{}{0.00}
E {10130}{s}{jt_m_open_door {south}}{4}{0}{}{1.000}{}{0.00}

R {10130}{0}{<fff>}{Hellas Guard Barracks}{ }{}{Hellas}{}{INSIDE}{}{1.000}{}
E {10129}{n}{jt_m_open_door {north}}{1}{0}{}{1.000}{}{0.00}

R {10131}{0}{<fff>}{Intersection of Athenian Way and Olympiad Boulevard}{ }{}{Hellas}{}{CITY}{}{1.000}{}
E {10141}{nw}{nw}{9}{0}{}{1.000}{}{0.00}
E {10129}{se}{se}{6}{0}{}{1.000}{}{0.00}
E {10133}{sw}{sw}{12}{0}{}{1.000}{}{0.00}
E {10132}{u}{jt_m_open_door {up}}{16}{0}{}{1.000}{}{0.00}

R {10132}{0}{<efa>}{}{ }{}{}{}{}{}{1.000}{}

R {10133}{0}{<fff>}{Festival Lane}{ }{}{Hellas}{}{CITY}{}{1.000}{}
E {10131}{ne}{ne}{3}{0}{}{1.000}{}{0.00}
E {10134}{sw}{sw}{12}{0}{}{1.000}{}{0.00}

R {10134}{0}{<fff>}{Festival Lane}{ }{}{Hellas}{}{CITY}{}{1.000}{}
E {10133}{ne}{ne}{3}{0}{}{1.000}{}{0.00}
E {10135}{sw}{jt_m_open_door {southwest}}{12}{0}{}{1.000}{}{0.00}

R {10135}{0}{<fff>}{Festival Entrance}{ }{}{Hellas}{}{FIELD}{}{1.000}{}
E {10134}{ne}{jt_m_open_door {northeast}}{3}{0}{}{1.000}{}{0.00}
E {7}{s}{s}{4}{0}{}{1.000}{}{0.00}
E {10136}{sw}{sw}{12}{0}{}{1.000}{}{0.00}
E {10137}{w}{w}{8}{0}{}{1.000}{}{0.00}

R {10136}{0}{<fff>}{The Fast Dash}{ }{}{Hellas}{}{FIELD}{}{1.000}{}
E {10137}{n}{n}{1}{0}{}{1.000}{}{0.00}
E {10135}{ne}{ne}{3}{0}{}{1.000}{}{0.00}
E {10138}{nw}{nw}{9}{0}{}{1.000}{}{0.00}
E {10140}{se}{se}{6}{0}{}{1.000}{}{0.00}
E {10139}{sw}{sw}{12}{0}{}{1.000}{}{0.00}

R {10137}{0}{<fff>}{The Shot Put}{ }{}{Hellas}{}{FIELD}{}{1.000}{}
E {10135}{e}{e}{2}{0}{}{1.000}{}{0.00}
E {10136}{s}{s}{4}{0}{}{1.000}{}{0.00}
E {10138}{w}{w}{8}{0}{}{1.000}{}{0.00}

R {10138}{0}{<fff>}{The Javelin Throw}{ }{}{Hellas}{}{FIELD}{}{1.000}{}
E {10137}{e}{e}{2}{0}{}{1.000}{}{0.00}
E {10136}{se}{se}{6}{0}{}{1.000}{}{0.00}

R {10139}{0}{<fff>}{Chariot Racing}{ }{}{Hellas}{}{FIELD}{}{1.000}{}
E {6}{e}{e}{2}{0}{}{1.000}{}{0.00}
E {10136}{ne}{ne}{3}{0}{}{1.000}{}{0.00}

R {10140}{0}{<fff>}{The Discus Throw}{ }{}{Hellas}{}{FIELD}{}{1.000}{}
E {7}{n}{n}{1}{0}{}{1.000}{}{0.00}
E {10136}{nw}{nw}{9}{0}{}{1.000}{}{0.00}
E {6}{w}{w}{8}{0}{}{1.000}{}{0.00}

R {10141}{0}{<fff>}{Olympiad Boulevard}{ }{}{Hellas}{}{CITY}{}{1.000}{}
E {10142}{n}{n}{1}{0}{}{1.000}{}{0.00}
E {10131}{se}{se}{6}{0}{}{1.000}{}{0.00}

R {10142}{0}{<fff>}{Olympiad Boulevard}{ }{}{Hellas}{}{CITY}{}{1.000}{}
E {5}{n}{n}{1}{0}{}{1.000}{}{0.00}
E {10141}{s}{s}{4}{0}{}{1.000}{}{0.00}
E {10143}{w}{jt_m_open_door {west}}{8}{0}{}{1.000}{}{0.00}

R {10143}{0}{<fff>}{Woodworker's Shop}{ }{}{Hellas}{}{INSIDE}{}{1.000}{}
E {10142}{e}{jt_m_open_door {east}}{2}{0}{}{1.000}{}{0.00}

R {10144}{0}{<fff>}{Intersection of Olympiad Boulevard and West Plaza.}{ }{}{Hellas}{}{CITY}{}{1.000}{}
E {10198}{e}{e}{2}{0}{}{1.000}{}{0.00}
E {10149}{n}{n}{1}{0}{}{1.000}{}{0.00}
E {5}{s}{s}{4}{0}{}{1.000}{}{0.00}
E {10145}{w}{jt_m_open_door {west}}{8}{0}{}{1.000}{}{0.00}

R {10145}{0}{<fff>}{The Equestrian Experience}{ }{}{Hellas}{}{INSIDE}{}{1.000}{}
E {10144}{e}{jt_m_open_door {east}}{2}{0}{}{1.000}{}{0.00}
E {10146}{s}{s}{4}{0}{}{1.000}{}{0.00}
E {10148}{sw}{sw}{12}{0}{}{1.000}{}{0.00}
E {10147}{w}{w}{8}{0}{}{1.000}{}{0.00}

R {10146}{0}{<fff>}{Chariots of Hellas}{ }{}{Hellas}{}{INSIDE}{}{1.000}{}
E {10145}{n}{n}{1}{0}{}{1.000}{}{0.00}
E {10147}{nw}{nw}{9}{0}{}{1.000}{}{0.00}
E {10148}{w}{w}{8}{0}{}{1.000}{}{0.00}

R {10147}{0}{<fff>}{Litters for Sale}{ }{}{Hellas}{}{INSIDE}{}{1.000}{}
E {10145}{e}{e}{2}{0}{}{1.000}{}{0.00}
E {10148}{s}{s}{4}{0}{}{1.000}{}{0.00}
E {10146}{se}{se}{6}{0}{}{1.000}{}{0.00}

R {10148}{0}{<fff>}{Horse Dealing}{ }{}{Hellas}{}{INSIDE}{}{1.000}{}
E {10146}{e}{e}{2}{0}{}{1.000}{}{0.00}
E {10147}{n}{n}{1}{0}{}{1.000}{}{0.00}
E {10145}{ne}{ne}{3}{0}{}{1.000}{}{0.00}

R {10149}{0}{<fff>}{Olympiad Boulevard}{ }{}{Hellas}{}{CITY}{}{1.000}{}
E {10152}{n}{n}{1}{0}{}{1.000}{}{0.00}
E {10151}{nw}{nw}{9}{0}{}{1.000}{}{0.00}
E {10144}{s}{s}{4}{0}{}{1.000}{}{0.00}
E {10150}{w}{jt_m_open_door {west}}{8}{0}{}{1.000}{}{0.00}

R {10150}{0}{<fff>}{Sheep Tender's House}{ }{}{Hellas}{}{INSIDE}{}{1.000}{}
E {10149}{e}{jt_m_open_door {east}}{2}{0}{}{1.000}{}{0.00}

R {10151}{0}{<fff>}{Pasture}{ }{}{Hellas}{}{FIELD}{}{1.000}{}
E {10149}{se}{se}{6}{0}{}{1.000}{}{0.00}

R {10152}{0}{<fff>}{Continuing along Olympiad Boulevard}{ }{}{Hellas}{}{CITY}{}{1.000}{}
E {10153}{ne}{ne}{3}{0}{}{1.000}{}{0.00}
E {10149}{s}{s}{4}{0}{}{1.000}{}{0.00}

R {10153}{0}{<fff>}{Welcome to Hellas}{ }{}{Hellas}{}{CITY}{}{1.000}{}
E {10155}{ne}{ne}{3}{0}{}{1.000}{}{0.00}
E {10216}{nw}{nw}{9}{0}{}{1.000}{}{0.00}
E {10152}{sw}{sw}{12}{0}{}{1.000}{}{0.00}
E {10154}{u}{jt_m_open_door {up}}{16}{0}{}{1.000}{}{0.00}

R {10154}{0}{<efa>}{}{ }{}{}{}{}{}{1.000}{}

R {10155}{0}{<fff>}{Delphi Street}{ }{}{Hellas}{}{CITY}{}{1.000}{}
E {10157}{e}{e}{2}{0}{}{1.000}{}{0.00}
E {10156}{n}{jt_m_open_door {north}}{1}{0}{}{1.000}{}{0.00}
E {10153}{sw}{sw}{12}{0}{}{1.000}{}{0.00}

R {10156}{0}{<fff>}{Hellas Guard Barracks}{ }{}{Hellas}{}{INSIDE}{}{1.000}{}
E {10155}{s}{jt_m_open_door {south}}{4}{0}{}{1.000}{}{0.00}

R {10157}{0}{<fff>}{Delphi Street}{ }{}{Hellas}{}{CITY}{}{1.000}{}
E {10158}{e}{e}{2}{0}{}{1.000}{}{0.00}
E {10155}{w}{w}{8}{0}{}{1.000}{}{0.00}

R {10158}{0}{<fff>}{Delphi Street}{ }{}{Hellas}{}{CITY}{}{1.000}{}
E {10160}{e}{e}{2}{0}{}{1.000}{}{0.00}
E {10159}{n}{jt_m_open_door {north}}{1}{0}{}{1.000}{}{0.00}
E {10161}{ne}{ne}{3}{0}{}{1.000}{}{0.00}
E {10157}{w}{w}{8}{0}{}{1.000}{}{0.00}

R {10159}{0}{<fff>}{Farmhouse}{ }{}{Hellas}{}{INSIDE}{}{1.000}{}
E {10158}{s}{jt_m_open_door {south}}{4}{0}{}{1.000}{}{0.00}

R {10160}{0}{<fff>}{Delphi Street}{ }{}{Hellas}{}{CITY}{}{1.000}{}
E {10162}{e}{e}{2}{0}{}{1.000}{}{0.00}
E {10158}{w}{w}{8}{0}{}{1.000}{}{0.00}

R {10161}{0}{<fff>}{Almond Orchard}{ }{}{Hellas}{}{FIELD}{}{1.000}{}
E {10158}{sw}{sw}{12}{0}{}{1.000}{}{0.00}

R {10162}{0}{<fff>}{Intersection of Delphi Street and North Plaza}{ }{}{Hellas}{}{CITY}{}{1.000}{}
E {10164}{e}{e}{2}{0}{}{1.000}{}{0.00}
E {10163}{n}{jt_m_open_door {north}}{1}{0}{}{1.000}{}{0.00}
E {10189}{s}{s}{4}{0}{}{1.000}{}{0.00}
E {10160}{w}{w}{8}{0}{}{1.000}{}{0.00}

R {10163}{0}{<fff>}{Carpenter Shop}{ }{}{Hellas}{}{INSIDE}{}{1.000}{}
E {10162}{s}{jt_m_open_door {south}}{4}{0}{}{1.000}{}{0.00}

R {10164}{0}{<fff>}{Delphi Street}{ }{}{Hellas}{}{CITY}{}{1.000}{}
E {10166}{e}{e}{2}{0}{}{1.000}{}{0.00}
E {10165}{n}{jt_m_open_door {north}}{1}{0}{}{1.000}{}{0.00}
E {10162}{w}{w}{8}{0}{}{1.000}{}{0.00}

R {10165}{0}{<fff>}{Peasant House}{ }{}{Hellas}{}{INSIDE}{}{1.000}{}
E {10164}{s}{jt_m_open_door {south}}{4}{0}{}{1.000}{}{0.00}

R {10166}{0}{<fff>}{Delphi Street}{ }{}{Hellas}{}{CITY}{}{1.000}{}
E {10167}{n}{jt_m_open_door {north}}{1}{0}{}{1.000}{}{0.00}
E {10168}{se}{se}{6}{0}{}{1.000}{}{0.00}
E {10164}{w}{w}{8}{0}{}{1.000}{}{0.00}

R {10167}{0}{<fff>}{Hellas Guard Barracks}{ }{}{Hellas}{}{INSIDE}{}{1.000}{}
E {10166}{s}{jt_m_open_door {south}}{4}{0}{}{1.000}{}{0.00}

R {10168}{0}{<fff>}{Intersection of Delphi Street and Dionysus Avenue}{ }{}{Hellas}{}{CITY}{}{1.000}{}
E {10173}{ne}{ne}{3}{0}{}{1.000}{}{0.00}
E {10166}{nw}{nw}{9}{0}{}{1.000}{}{0.00}
E {10169}{se}{se}{6}{0}{}{1.000}{}{0.00}
E {10181}{u}{jt_m_open_door {up}}{16}{0}{}{1.000}{}{0.00}

R {10169}{0}{<fff>}{Dionysus Avenue}{ }{}{Hellas}{}{CITY}{}{1.000}{}
E {10168}{nw}{nw}{9}{0}{}{1.000}{}{0.00}
E {3}{s}{s}{4}{0}{}{1.000}{}{0.00}

R {10170}{0}{<fff>}{Dionysus Avenue}{ }{}{Hellas}{}{CITY}{}{1.000}{}
E {10171}{e}{jt_m_open_door {east}}{2}{0}{}{1.000}{}{0.00}
E {3}{n}{n}{1}{0}{}{1.000}{}{0.00}
E {10172}{ne}{ne}{3}{0}{}{1.000}{}{0.00}
E {10}{s}{s}{4}{0}{}{1.000}{}{0.00}

R {10171}{0}{<fff>}{Farmhouse}{ }{}{Hellas}{}{INSIDE}{}{1.000}{}
E {10170}{w}{jt_m_open_door {west}}{8}{0}{}{1.000}{}{0.00}

R {10172}{0}{<fff>}{Goat Pasture}{ }{}{Hellas}{}{FIELD}{}{1.000}{}
E {10170}{sw}{sw}{12}{0}{}{1.000}{}{0.00}

R {10173}{0}{<efa>}{}{ }{}{}{}{}{}{1.000}{}

R {10181}{0}{<efa>}{}{ }{}{}{}{}{}{1.000}{}

R {10182}{0}{<fff>}{East Plaza}{ }{}{Hellas}{}{CITY}{}{1.000}{}
E {10107}{e}{e}{2}{0}{}{1.000}{}{0.00}
E {10183}{w}{w}{8}{0}{}{1.000}{}{0.00}

R {10183}{0}{<fff>}{Intersection of East Plaza and Hellas Circle East}{ }{}{Hellas}{}{CITY}{}{1.000}{}
E {10182}{e}{e}{2}{0}{}{1.000}{}{0.00}
E {10185}{n}{n}{1}{0}{}{1.000}{}{0.00}
E {10184}{ne}{jt_m_open_door {northeast}}{3}{0}{}{1.000}{}{0.00}
E {10213}{s}{s}{4}{0}{}{1.000}{}{0.00}
E {10215}{w}{w}{8}{0}{}{1.000}{}{0.00}

R {10184}{0}{<efa>}{}{ }{}{}{}{}{}{1.000}{}

R {10185}{0}{<fff>}{Intersection of East Plaza and Hellas Circle North}{ }{}{Hellas}{}{CITY}{}{1.000}{}
E {10187}{nw}{nw}{9}{0}{}{1.000}{}{0.00}
E {10183}{s}{s}{4}{0}{}{1.000}{}{0.00}
E {10186}{se}{jt_m_open_door {southeast}}{6}{0}{}{1.000}{}{0.00}
E {10215}{sw}{sw}{12}{0}{}{1.000}{}{0.00}

R {10186}{0}{<efa>}{}{ }{}{}{}{}{}{1.000}{}

R {10187}{0}{<efa>}{}{ }{}{}{}{}{}{1.000}{}

R {10189}{0}{<fff>}{Intersection of Hellas Circle North and North Plaza}{ }{}{Hellas}{}{CITY}{}{1.000}{}
E {10187}{e}{e}{2}{0}{}{1.000}{}{0.00}
E {10162}{n}{n}{1}{0}{}{1.000}{}{0.00}
E {10190}{nw}{nw}{9}{0}{}{1.000}{}{0.00}
E {10215}{s}{s}{4}{0}{}{1.000}{}{0.00}
E {10191}{w}{w}{8}{0}{}{1.000}{}{0.00}

R {10190}{0}{<efa>}{}{ }{}{}{}{}{}{1.000}{}

R {10191}{0}{<efa>}{}{ }{}{}{}{}{}{1.000}{}

R {10193}{0}{<fff>}{Intersection of Hellas Circle North and Hellas Circle West}{ }{}{Hellas}{}{CITY}{}{1.000}{}
E {10191}{ne}{ne}{3}{0}{}{1.000}{}{0.00}
E {10215}{se}{se}{6}{0}{}{1.000}{}{0.00}
E {10194}{sw}{sw}{12}{0}{}{1.000}{}{0.00}

R {10194}{0}{<efa>}{}{ }{}{}{}{}{}{1.000}{}

R {10196}{0}{<fff>}{Hellas Circle West}{ }{}{Hellas}{}{CITY}{}{1.000}{}
E {10215}{e}{e}{2}{0}{}{1.000}{}{0.00}
E {10193}{n}{n}{1}{0}{}{1.000}{}{0.00}
E {10198}{s}{s}{4}{0}{}{1.000}{}{0.00}
E {10197}{w}{jt_m_open_door {west}}{8}{0}{}{1.000}{}{0.00}

R {10197}{0}{<efa>}{}{ }{}{}{}{}{}{1.000}{}

R {10198}{0}{<efa>}{}{ }{}{}{}{}{}{1.000}{}

R {10199}{0}{<efa>}{}{ }{}{}{}{}{}{1.000}{}

R {10201}{0}{<fff>}{Intersection of Hellas Circle West and Hellas Circle South}{ }{}{Hellas}{}{CITY}{}{1.000}{}
E {10215}{ne}{ne}{3}{0}{}{1.000}{}{0.00}
E {10199}{nw}{nw}{9}{0}{}{1.000}{}{0.00}
E {10202}{se}{se}{6}{0}{}{1.000}{}{0.00}

R {10202}{0}{<efa>}{}{ }{}{}{}{}{}{1.000}{}

R {10204}{0}{<efa>}{}{ }{}{}{}{}{}{1.000}{}

R {10206}{0}{<fff>}{Intersection of Hellas Circle South and South Plaza}{ }{}{Hellas}{}{CITY}{}{1.000}{}
E {10207}{e}{e}{2}{0}{}{1.000}{}{0.00}
E {10215}{n}{n}{1}{0}{}{1.000}{}{0.00}
E {10125}{s}{s}{4}{0}{}{1.000}{}{0.00}
E {10204}{w}{w}{8}{0}{}{1.000}{}{0.00}

R {10207}{0}{<efa>}{}{ }{}{}{}{}{}{1.000}{}

R {10209}{0}{<efa>}{}{ }{}{}{}{}{}{1.000}{}

R {10210}{0}{<fff>}{Intersection of Hellas Circle South and Hellas Circle East}{ }{}{Hellas}{}{CITY}{}{1.000}{}
E {10212}{ne}{ne}{3}{0}{}{1.000}{}{0.00}
E {10215}{nw}{nw}{9}{0}{}{1.000}{}{0.00}
E {10209}{sw}{sw}{12}{0}{}{1.000}{}{0.00}

R {10212}{0}{<efa>}{}{ }{}{}{}{}{}{1.000}{}

R {10213}{0}{<fff>}{Hellas Circle East}{ }{}{Hellas}{}{CITY}{}{1.000}{}
E {10214}{e}{jt_m_open_door {east}}{2}{0}{}{1.000}{}{0.00}
E {10183}{n}{n}{1}{0}{}{1.000}{}{0.00}
E {10212}{s}{s}{4}{0}{}{1.000}{}{0.00}
E {10215}{w}{#delay 0 {#map goto 10215}}{8}{0}{}{1.000}{}{0.00}

R {10214}{0}{<efa>}{}{ }{}{}{}{}{}{1.000}{}

R {10215}{0}{<fff>}{Central Plaza}{ }{}{Hellas}{}{CITY}{}{1.000}{}
E {10183}{e}{e}{2}{0}{}{1.000}{}{0.00}
E {10189}{n}{n}{1}{0}{}{1.000}{}{0.00}
E {10185}{ne}{ne}{3}{0}{}{1.000}{}{0.00}
E {10193}{nw}{nw}{9}{0}{}{1.000}{}{0.00}
E {10206}{s}{s}{4}{0}{}{1.000}{}{0.00}
E {10210}{se}{se}{6}{0}{}{1.000}{}{0.00}
E {10201}{sw}{sw}{12}{0}{}{1.000}{}{0.00}
E {10196}{w}{w}{8}{0}{}{1.000}{}{0.00}

R {10216}{0}{<fff>}{Acropolis Lane}{ }{}{Hellas}{}{HILLS}{}{1.000}{}
E {10217}{nw}{nw}{9}{0}{}{1.000}{}{0.00}
E {10153}{se}{se}{6}{0}{}{1.000}{}{0.00}

R {10217}{0}{<fff>}{Acropolis Lane}{ }{}{Hellas}{}{HILLS}{}{1.000}{}
E {10218}{nw}{nw}{9}{0}{}{1.000}{}{0.00}
E {10216}{se}{se}{6}{0}{}{1.000}{}{0.00}

R {10218}{0}{<fff>}{Acropolis Lane}{ }{}{Hellas}{}{HILLS}{}{1.000}{}
E {10219}{nw}{nw}{9}{0}{}{1.000}{}{0.00}
E {10217}{se}{se}{6}{0}{}{1.000}{}{0.00}

R {10219}{0}{<fff>}{The Propylaea}{ }{}{Hellas}{}{INSIDE}{}{1.000}{}
E {10220}{n}{n}{1}{0}{}{1.000}{}{0.00}
E {10218}{se}{se}{6}{0}{}{1.000}{}{0.00}

R {10220}{0}{<fff>}{Acropolis Walkway}{ }{}{Hellas}{}{CITY}{}{1.000}{}
E {10221}{n}{n}{1}{0}{}{1.000}{}{0.00}
E {10219}{s}{s}{4}{0}{}{1.000}{}{0.00}

R {10221}{0}{<fff>}{Acropolis Walkway}{ }{}{Hellas}{}{CITY}{}{1.000}{}
E {10222}{e}{e}{2}{0}{}{1.000}{}{0.00}
E {10224}{n}{n}{1}{0}{}{1.000}{}{0.00}
E {10220}{s}{s}{4}{0}{}{1.000}{}{0.00}
E {10223}{w}{w}{8}{0}{}{1.000}{}{0.00}

R {10222}{0}{<fff>}{Temple of Hephaestus}{ }{}{Hellas}{}{INSIDE}{}{1.000}{}
E {10221}{w}{w}{8}{0}{}{1.000}{}{0.00}

R {10223}{0}{<fff>}{Temple of Hades}{ }{}{Hellas}{}{INSIDE}{}{1.000}{}
E {10221}{e}{e}{2}{0}{}{1.000}{}{0.00}

R {10224}{0}{<efa>}{}{ }{}{}{}{}{}{1.000}{}

R {10254}{0}{<efa>}{}{ }{}{}{}{}{}{1.000}{}

R {10279}{0}{<fff>}{In the foothills}{ }{}{Hellas}{}{HILLS}{}{1.000}{}
E {10280}{n}{n}{1}{0}{}{1.000}{}{0.00}
E {12412}{s}{jt_m_link_action {south} {the grand city of New Thalos} {12412}}{4}{0}{}{1.000}{}{0.00}

R {10280}{0}{<fff>}{On the driveway}{ }{}{Hellas}{}{HILLS}{}{1.000}{}
E {10281}{n}{n}{1}{0}{}{1.000}{}{0.00}
E {10279}{s}{s}{4}{0}{}{1.000}{}{0.00}

R {10281}{0}{<fff>}{On the driveway}{ }{}{Hellas}{}{HILLS}{}{1.000}{}
E {7401}{n}{jt_m_link_action {north} {Cedar Estate Mansion} {7401}}{1}{0}{}{1.000}{}{0.00}
E {10280}{s}{s}{4}{0}{}{1.000}{}{0.00}

R {12412}{0}{<fff>}{}{NT}{}{}{}{MOUNTAINS}{}{1.000}{}

R {12413}{0}{<fff>}{}{NT}{}{}{}{MOUNTAINS}{}{1.000}{}
