C 50000

V 2020

CAVOID <118>
CBACKGROUND 
CBLOCK <218>
CEXITS <278>
CFOG <148>
CHIDE <168>
CINVISIBLE <208>
CPATHS <138>
CROOMS <178>
CSYMBOLS <128>
CUSER <258>

F 8207

G 0

I 6745

L {ASCII NESW LINE} {NO EXITS} {x}
L {ASCII NESW LINE} {N} {o}
L {ASCII NESW LINE} {  E} {o}
L {ASCII NESW LINE} {N E} {+}
L {ASCII NESW LINE} {    S} {o}
L {ASCII NESW LINE} {N   S} {|}
L {ASCII NESW LINE} {  E S} {+}
L {ASCII NESW LINE} {N E S} {+}
L {ASCII NESW LINE} {      W} {o}
L {ASCII NESW LINE} {N     W} {+}
L {ASCII NESW LINE} {  E   W} {-}
L {ASCII NESW LINE} {N E   W} {+}
L {ASCII NESW LINE} {    S W} {+}
L {ASCII NESW LINE} {N   S W} {+}
L {ASCII NESW LINE} {  E S W} {+}
L {ASCII NESW LINE} {N E S W} {+}
L {ASCII NESW MISC} {USER} {x}
L {ASCII NESW MISC} {DIR UNKNOWN} {+}
L {ASCII NESW MISC} {N S VOID} {|}
L {ASCII NESW MISC} {E W VOID} {-}
L {ASCII NESW CURVED} {N E CURVED} {+}
L {ASCII NESW CURVED} {S E CURVED} {+}
L {ASCII NESW CURVED} {S W CURVED} {+}
L {ASCII NESW CURVED} {N W CURVED} {+}
L {ASCII NESW DIRS} {DIR N} {|}
L {ASCII NESW DIRS} {DIR NE} {/}
L {ASCII NESW DIRS} {DIR E} {-}
L {ASCII NESW DIRS} {DIR SE} {\\}
L {ASCII NESW DIRS} {DIR S} {|}
L {ASCII NESW DIRS} {DIR SW} {/}
L {ASCII NESW DIRS} {DIR W} {-}
L {ASCII NESW DIRS} {DIR NW} {\\}
L {NESW LINE} {NO EXITS} {\u2B51}
L {NESW LINE} {N} {\u2579}
L {NESW LINE} {  E} {\u257A}
L {NESW LINE} {N E} {\u2517}
L {NESW LINE} {    S} {\u257B}
L {NESW LINE} {N   S} {\u2503}
L {NESW LINE} {  E S} {\u250F}
L {NESW LINE} {N E S} {\u2523}
L {NESW LINE} {      W} {\u2578}
L {NESW LINE} {N     W} {\u251B}
L {NESW LINE} {  E   W} {\u2501}
L {NESW LINE} {N E   W} {\u253B}
L {NESW LINE} {    S W} {\u2513}
L {NESW LINE} {N   S W} {\u252B}
L {NESW LINE} {  E S W} {\u2533}
L {NESW LINE} {N E S W} {\u254B}
L {NESW MISC} {USER} {\u2B51}
L {NESW MISC} {DIR UNKNOWN} {\u2012}
L {NESW MISC} {N S VOID} {\u2507}
L {NESW MISC} {E W VOID} {\u254D}
L {NESW CURVED} {N E CURVED} {\u2570}
L {NESW CURVED} {S E CURVED} {\u256D}
L {NESW CURVED} {S W CURVED} {\u256E}
L {NESW CURVED} {N W CURVED} {\u256F}
L {NESW DIRS} {DIR N} {\u2191}
L {NESW DIRS} {DIR NE} {\u2B08}
L {NESW DIRS} {DIR E} {\u2B95}
L {NESW DIRS} {DIR SE} {\u2b0A}
L {NESW DIRS} {DIR S} {\u2193}
L {NESW DIRS} {DIR SW} {\u2B0B}
L {NESW DIRS} {DIR W} {\u2B05}
L {NESW DIRS} {DIR NW} {\u2B09}
L {MUDFONT NWS} {NO EXITS} {\u2830}
L {MUDFONT NWS} {N} {\u2838}
L {MUDFONT NWS} {  NW} {\u2831}
L {MUDFONT NWS} {N NW} {\u2839}
L {MUDFONT NWS} {     W} {\u2836}
L {MUDFONT NWS} {N    W} {\u283E}
L {MUDFONT NWS} {  NW W} {\u2837}
L {MUDFONT NWS} {N NW W} {\u283F}
L {MUDFONT NWS} {       SW} {\u2870}
L {MUDFONT NWS} {N      SW} {\u2878}
L {MUDFONT NWS} {  NW   SW} {\u2871}
L {MUDFONT NWS} {N NW   SW} {\u2879}
L {MUDFONT NWS} {     W SW} {\u2876}
L {MUDFONT NWS} {N    W SW} {\u287E}
L {MUDFONT NWS} {  NW W SW} {\u2877}
L {MUDFONT NWS} {N NW W SW} {\u287F}
L {MUDFONT NWS} {          S} {\u28B0}
L {MUDFONT NWS} {N         S} {\u28B8}
L {MUDFONT NWS} {  NW      S} {\u28B1}
L {MUDFONT NWS} {N NW      S} {\u28B9}
L {MUDFONT NWS} {     W    S} {\u28B6}
L {MUDFONT NWS} {N    W    S} {\u28BE}
L {MUDFONT NWS} {  NW W    S} {\u28B7}
L {MUDFONT NWS} {N NW W    S} {\u28BF}
L {MUDFONT NWS} {       SW S} {\u28F0}
L {MUDFONT NWS} {N      SW S} {\u28F8}
L {MUDFONT NWS} {  NW   SW S} {\u28F1}
L {MUDFONT NWS} {N NW   SW S} {\u28F9}
L {MUDFONT NWS} {     W SW S} {\u28F6}
L {MUDFONT NWS} {N    W SW S} {\u28FE}
L {MUDFONT NWS} {  NW W SW S} {\u28F7}
L {MUDFONT NWS} {N NW W SW S} {\u28FF}
L {MUDFONT NES} {NO EXITS} {\u2806}
L {MUDFONT NES} {N} {\u2807}
L {MUDFONT NES} {  NE} {\u280E}
L {MUDFONT NES} {N NE} {\u280F}
L {MUDFONT NES} {     W} {\u2836}
L {MUDFONT NES} {N    W} {\u2837}
L {MUDFONT NES} {  NE W} {\u283E}
L {MUDFONT NES} {N NE W} {\u283F}
L {MUDFONT NES} {       SE} {\u2886}
L {MUDFONT NES} {N      SE} {\u2887}
L {MUDFONT NES} {  NE   SE} {\u288E}
L {MUDFONT NES} {N NE   SE} {\u288F}
L {MUDFONT NES} {     W SE} {\u28B6}
L {MUDFONT NES} {N    W SE} {\u28B7}
L {MUDFONT NES} {  NE W SE} {\u28BE}
L {MUDFONT NES} {N NE W SE} {\u28BF}
L {MUDFONT NES} {          S} {\u2846}
L {MUDFONT NES} {N         S} {\u2847}
L {MUDFONT NES} {  NE      S} {\u284E}
L {MUDFONT NES} {N NE      S} {\u284F}
L {MUDFONT NES} {     W    S} {\u2876}
L {MUDFONT NES} {N    W    S} {\u2877}
L {MUDFONT NES} {  NE W    S} {\u287E}
L {MUDFONT NES} {N NE W    S} {\u287F}
L {MUDFONT NES} {       SE S} {\u28C6}
L {MUDFONT NES} {N      SE S} {\u28C7}
L {MUDFONT NES} {  NE   SE S} {\u28CE}
L {MUDFONT NES} {N NE   SE S} {\u28CF}
L {MUDFONT NES} {     W SE S} {\u28F6}
L {MUDFONT NES} {N    W SE S} {\u28F7}
L {MUDFONT NES} {  NE W SE S} {\u28FE}
L {MUDFONT NES} {N NE W SE S} {\u28FF}
L {MUDFONT VOID NWS} {NO EXITS} {\u2800}
L {MUDFONT VOID NWS} {N} {\u2808}
L {MUDFONT VOID NWS} {  NW} {\u2801}
L {MUDFONT VOID NWS} {N NW} {\u2809}
L {MUDFONT VOID NWS} {     W} {\u2806}
L {MUDFONT VOID NWS} {N    W} {\u280E}
L {MUDFONT VOID NWS} {  NW W} {\u2807}
L {MUDFONT VOID NWS} {N NW W} {\u280F}
L {MUDFONT VOID NWS} {       SW} {\u2840}
L {MUDFONT VOID NWS} {N      SW} {\u2848}
L {MUDFONT VOID NWS} {  NW   SW} {\u2841}
L {MUDFONT VOID NWS} {N NW   SW} {\u2849}
L {MUDFONT VOID NWS} {     W SW} {\u2846}
L {MUDFONT VOID NWS} {N    W SW} {\u284E}
L {MUDFONT VOID NWS} {  NW W SW} {\u2847}
L {MUDFONT VOID NWS} {N NW W SW} {\u284F}
L {MUDFONT VOID NWS} {          S} {\u2880}
L {MUDFONT VOID NWS} {N         S} {\u2888}
L {MUDFONT VOID NWS} {  NW      S} {\u2881}
L {MUDFONT VOID NWS} {N NW      S} {\u2889}
L {MUDFONT VOID NWS} {     W    S} {\u2886}
L {MUDFONT VOID NWS} {N    W    S} {\u288E}
L {MUDFONT VOID NWS} {  NW W    S} {\u2887}
L {MUDFONT VOID NWS} {N NW W    S} {\u288F}
L {MUDFONT VOID NWS} {       SW S} {\u28C0}
L {MUDFONT VOID NWS} {N      SW S} {\u28C8}
L {MUDFONT VOID NWS} {  NW   SW S} {\u28C1}
L {MUDFONT VOID NWS} {N NW   SW S} {\u28C9}
L {MUDFONT VOID NWS} {     W SW S} {\u28C6}
L {MUDFONT VOID NWS} {N    W SW S} {\u28CE}
L {MUDFONT VOID NWS} {  NW W SW S} {\u28C7}
L {MUDFONT VOID NWS} {N NW W SW S} {\u28CF}
L {MUDFONT VOID NES} {NO EXITS} {\u2800}
L {MUDFONT VOID NES} {N} {\u2801}
L {MUDFONT VOID NES} {  NE} {\u2808}
L {MUDFONT VOID NES} {N NE} {\u2809}
L {MUDFONT VOID NES} {     W} {\u2830}
L {MUDFONT VOID NES} {N    W} {\u2831}
L {MUDFONT VOID NES} {  NE W} {\u2838}
L {MUDFONT VOID NES} {N NE W} {\u2839}
L {MUDFONT VOID NES} {       SE} {\u2880}
L {MUDFONT VOID NES} {N      SE} {\u2881}
L {MUDFONT VOID NES} {  NE   SE} {\u2888}
L {MUDFONT VOID NES} {N NE   SE} {\u2889}
L {MUDFONT VOID NES} {     W SE} {\u28B0}
L {MUDFONT VOID NES} {N    W SE} {\u28B1}
L {MUDFONT VOID NES} {  NE W SE} {\u28B8}
L {MUDFONT VOID NES} {N NE W SE} {\u28B9}
L {MUDFONT VOID NES} {          S} {\u2840}
L {MUDFONT VOID NES} {N         S} {\u2841}
L {MUDFONT VOID NES} {  NE      S} {\u2848}
L {MUDFONT VOID NES} {N NE      S} {\u2849}
L {MUDFONT VOID NES} {     W    S} {\u2870}
L {MUDFONT VOID NES} {N    W    S} {\u2871}
L {MUDFONT VOID NES} {  NE W    S} {\u2878}
L {MUDFONT VOID NES} {N NE W    S} {\u2879}
L {MUDFONT VOID NES} {       SE S} {\u28C0}
L {MUDFONT VOID NES} {N      SE S} {\u28C1}
L {MUDFONT VOID NES} {  NE   SE S} {\u28C8}
L {MUDFONT VOID NES} {N NE   SE S} {\u28C9}
L {MUDFONT VOID NES} {     W SE S} {\u28F0}
L {MUDFONT VOID NES} {N    W SE S} {\u28F1}
L {MUDFONT VOID NES} {  NE W SE S} {\u28F8}
L {MUDFONT VOID NES} {N NE W SE S} {\u28F9}
L {MUDFONT CURVED} {N E} {\u2818}
L {MUDFONT CURVED} {S E} {\u28A0}
L {MUDFONT CURVED} {S W} {\u2844}
L {MUDFONT CURVED} {N W} {\u2803}
L {UNICODE GRAPHICS} {NO DIAGONAL} { }
L {UNICODE GRAPHICS} {SE} {\u2198}
L {UNICODE GRAPHICS} {NE} {\u2197}
L {UNICODE GRAPHICS} {SE NE} {>}
L {UNICODE GRAPHICS} {SW} {\u2199}
L {UNICODE GRAPHICS} {SE SW} {\u2E0C\u2E0D}
L {UNICODE GRAPHICS} {NE SW} {\uFF0F}
L {UNICODE GRAPHICS} {SE NE SW} {>\u2E0D}
L {UNICODE GRAPHICS} {NW} {\u2196}
L {UNICODE GRAPHICS} {SE NW} {\uFF3C}
L {UNICODE GRAPHICS} {NE NW} {\u2E1D\u2E1C}
L {UNICODE GRAPHICS} {SE NE NW} {>\u2E1C}
L {UNICODE GRAPHICS} {SW NW} {<}
L {UNICODE GRAPHICS} {SE SW NW} {\u2E0C<}
L {UNICODE GRAPHICS} {NE SW NW} {\u2E1D<}
L {UNICODE GRAPHICS} {SE NE SW NW} {><}
L {UNICODE GRAPHICS} {D} {-}
L {UNICODE GRAPHICS} {N} {\u2191}
L {UNICODE GRAPHICS} {S} {\u2193}
L {UNICODE GRAPHICS} {N S} {\u2502}
L {UNICODE GRAPHICS} {U} {+}
L {UNICODE GRAPHICS} {E} {\u2192}
L {UNICODE GRAPHICS} {W} {\u2190}
L {UNICODE GRAPHICS} {E W} {\u2500}
L {UNICODE GRAPHICS} {ROOM L} {[}
L {UNICODE GRAPHICS} {ROOM L CURVED} {(}
L {UNICODE GRAPHICS} {ROOM R} {]}
L {UNICODE GRAPHICS} {ROOM R CURVED} {)}




T {} { } {}
T {CITY} {<FF03A2E>=} {WIDE}
T {FIELD} {<F9A7D0A>·} {WIDE FADEOUT}
T {FOREST} {<F0B5345>⍋} {WIDE FADEOUT}
T {HILLS} {<F7D6608>︵} {DENSE WIDE FADEOUT DOUBLE}
T {INSIDE} {<F922B21>≡} {}
T {MIDAIR} {<F6C3483>⊰} {SPARSE WIDE}
T {MOUNTAINS} {<F935116>◮} {WIDE}
T {NOSWIM} {<F21618C>~} {}
T {SWIM} {<F21618C>~} {}



R {1}{0}{}{}{ }{}{}{}{}{}{1.000}{}

R {6700}{0}{<fff>}{A Swirling Eddy}{ }{}{Lost Isle of Shaedar}{}{SWIM}{}{1.000}{}
E {12495}{nw}{jt_m_link_action {northwest} {the grand city of New Thalos} {12495}}{9}{0}{}{1.000}{}{0.00}
E {6701}{s}{s}{4}{0}{}{1.000}{}{0.00}

R {6701}{0}{<fff>}{A Swirling Eddy}{ }{}{Lost Isle of Shaedar}{}{SWIM}{}{1.000}{}
E {6700}{n}{n}{1}{0}{}{1.000}{}{0.00}
E {6702}{se}{se}{6}{0}{}{1.000}{}{0.00}

R {6702}{0}{<fff>}{A Swirling Eddy}{ }{}{Lost Isle of Shaedar}{}{SWIM}{}{1.000}{}
E {6703}{e}{e}{2}{0}{}{1.000}{}{0.00}
E {6701}{nw}{nw}{9}{0}{}{1.000}{}{0.00}

R {6703}{0}{<fff>}{A Moving Current}{ }{}{Lost Isle of Shaedar}{}{SWIM}{}{1.000}{}
E {6704}{se}{se}{6}{0}{}{1.000}{}{0.00}
E {6702}{w}{w}{8}{0}{}{1.000}{}{0.00}

R {6704}{0}{<fff>}{A Moving Current}{ }{}{Lost Isle of Shaedar}{}{SWIM}{}{1.000}{}
E {6705}{e}{e}{2}{0}{}{1.000}{}{0.00}
E {6703}{nw}{nw}{9}{0}{}{1.000}{}{0.00}

R {6705}{0}{<fff>}{A Slow-moving Current}{ }{}{Lost Isle of Shaedar}{}{SWIM}{}{1.000}{}
E {6706}{e}{e}{2}{0}{}{1.000}{}{0.00}
E {6704}{w}{w}{8}{0}{}{1.000}{}{0.00}

R {6706}{0}{<fff>}{A Foamy Surf}{ }{}{Lost Isle of Shaedar}{}{SWIM}{}{1.000}{}
E {6707}{se}{se}{6}{0}{}{1.000}{}{0.00}
E {6705}{w}{w}{8}{0}{}{1.000}{}{0.00}

R {6707}{0}{<fff>}{North Shore of the Island}{ }{}{Lost Isle of Shaedar}{}{FIELD}{}{1.000}{}
E {6706}{nw}{nw}{9}{0}{}{1.000}{}{0.00}
E {6744}{s}{s}{4}{0}{}{1.000}{}{0.00}
E {6743}{se}{se}{6}{0}{}{1.000}{}{0.00}
E {6708}{sw}{sw}{12}{0}{}{1.000}{}{0.00}

R {6708}{0}{<fff>}{Along The Shoreline}{ }{}{Lost Isle of Shaedar}{}{FIELD}{}{1.000}{}
E {6707}{ne}{ne}{3}{0}{}{1.000}{}{0.00}
E {6768}{s}{s}{4}{0}{}{1.000}{}{0.00}
E {6709}{sw}{sw}{12}{0}{}{1.000}{}{0.00}

R {6709}{0}{<fff>}{Along The Shoreline}{ }{}{Lost Isle of Shaedar}{}{FIELD}{}{1.000}{}
E {6768}{e}{e}{2}{0}{}{1.000}{}{0.00}
E {6708}{ne}{ne}{3}{0}{}{1.000}{}{0.00}
E {6770}{s}{s}{4}{0}{}{1.000}{}{0.00}
E {6710}{sw}{sw}{12}{0}{}{1.000}{}{0.00}

R {6710}{0}{<fff>}{Along The Shoreline}{ }{}{Lost Isle of Shaedar}{}{FIELD}{}{1.000}{}
E {6770}{e}{e}{2}{0}{}{1.000}{}{0.00}
E {6709}{ne}{ne}{3}{0}{}{1.000}{}{0.00}
E {6772}{s}{s}{4}{0}{}{1.000}{}{0.00}
E {6711}{sw}{sw}{12}{0}{}{1.000}{}{0.00}

R {6711}{0}{<fff>}{Along The Shoreline}{ }{}{Lost Isle of Shaedar}{}{FIELD}{}{1.000}{}
E {6772}{e}{e}{2}{0}{}{1.000}{}{0.00}
E {6710}{ne}{ne}{3}{0}{}{1.000}{}{0.00}
E {6712}{s}{s}{4}{0}{}{1.000}{}{0.00}

R {6712}{0}{<fff>}{Along The Shoreline}{ }{}{Lost Isle of Shaedar}{}{FIELD}{}{1.000}{}
E {6773}{e}{e}{2}{0}{}{1.000}{}{0.00}
E {6711}{n}{n}{1}{0}{}{1.000}{}{0.00}
E {6713}{s}{s}{4}{0}{}{1.000}{}{0.00}

R {6713}{0}{<fff>}{Along The Shoreline}{ }{}{Lost Isle of Shaedar}{}{FIELD}{}{1.000}{}
E {6774}{e}{e}{2}{0}{}{1.000}{}{0.00}
E {6712}{n}{n}{1}{0}{}{1.000}{}{0.00}
E {6714}{s}{s}{4}{0}{}{1.000}{}{0.00}

R {6714}{0}{<fff>}{Along The Shoreline}{ }{}{Lost Isle of Shaedar}{}{FIELD}{}{1.000}{}
E {6775}{e}{e}{2}{0}{}{1.000}{}{0.00}
E {6713}{n}{n}{1}{0}{}{1.000}{}{0.00}
E {6715}{s}{s}{4}{0}{}{1.000}{}{0.00}

R {6715}{0}{<fff>}{Along The Shoreline}{ }{}{Lost Isle of Shaedar}{}{FIELD}{}{1.000}{}
E {6776}{e}{e}{2}{0}{}{1.000}{}{0.00}
E {6714}{n}{n}{1}{0}{}{1.000}{}{0.00}
E {6716}{se}{se}{6}{0}{}{1.000}{}{0.00}

R {6716}{0}{<fff>}{Along The Shoreline}{ }{}{Lost Isle of Shaedar}{}{FIELD}{}{1.000}{}
E {6778}{e}{e}{2}{0}{}{1.000}{}{0.00}
E {6776}{n}{n}{1}{0}{}{1.000}{}{0.00}
E {6715}{nw}{nw}{9}{0}{}{1.000}{}{0.00}
E {6717}{se}{se}{6}{0}{}{1.000}{}{0.00}

R {6717}{0}{<fff>}{Along The Shoreline}{ }{}{Lost Isle of Shaedar}{}{FIELD}{}{1.000}{}
E {6718}{e}{e}{2}{0}{}{1.000}{}{0.00}
E {6778}{n}{n}{1}{0}{}{1.000}{}{0.00}
E {6716}{nw}{nw}{9}{0}{}{1.000}{}{0.00}

R {6718}{0}{<fff>}{Along The Shoreline}{ }{}{Lost Isle of Shaedar}{}{FIELD}{}{1.000}{}
E {6719}{e}{e}{2}{0}{}{1.000}{}{0.00}
E {6779}{n}{n}{1}{0}{}{1.000}{}{0.00}
E {6717}{w}{w}{8}{0}{}{1.000}{}{0.00}

R {6719}{0}{<fff>}{Along The Shoreline}{ }{}{Lost Isle of Shaedar}{}{FIELD}{}{1.000}{}
E {6720}{e}{e}{2}{0}{}{1.000}{}{0.00}
E {6764}{n}{jt_m_open_door {north}}{1}{0}{}{1.000}{}{0.00}
E {6718}{w}{w}{8}{0}{}{1.000}{}{0.00}

R {6720}{0}{<fff>}{Along The Shoreline}{ }{}{Lost Isle of Shaedar}{}{FIELD}{}{1.000}{}
E {6721}{e}{e}{2}{0}{}{1.000}{}{0.00}
E {6780}{n}{n}{1}{0}{}{1.000}{}{0.00}
E {6719}{w}{w}{8}{0}{}{1.000}{}{0.00}

R {6721}{0}{<fff>}{Along The Shoreline}{ }{}{Lost Isle of Shaedar}{}{FIELD}{}{1.000}{}
E {6722}{e}{e}{2}{0}{}{1.000}{}{0.00}
E {6781}{n}{n}{1}{0}{}{1.000}{}{0.00}
E {6720}{w}{w}{8}{0}{}{1.000}{}{0.00}

R {6722}{0}{<fff>}{Along The Shoreline}{ }{}{Lost Isle of Shaedar}{}{FIELD}{}{1.000}{}
E {6785}{e}{e}{2}{0}{}{1.000}{}{0.00}
E {6782}{n}{n}{1}{0}{}{1.000}{}{0.00}
E {6723}{se}{se}{6}{0}{}{1.000}{}{0.00}
E {6721}{w}{w}{8}{0}{}{1.000}{}{0.00}

R {6723}{0}{<fff>}{Along The Shoreline}{ }{}{Lost Isle of Shaedar}{}{FIELD}{}{1.000}{}
E {6724}{e}{e}{2}{0}{}{1.000}{}{0.00}
E {6785}{n}{n}{1}{0}{}{1.000}{}{0.00}
E {6722}{nw}{nw}{9}{0}{}{1.000}{}{0.00}

R {6724}{0}{<fff>}{Along The Shoreline}{ }{}{Lost Isle of Shaedar}{}{FIELD}{}{1.000}{}
E {6725}{e}{e}{2}{0}{}{1.000}{}{0.00}
E {6786}{n}{n}{1}{0}{}{1.000}{}{0.00}
E {6723}{w}{w}{8}{0}{}{1.000}{}{0.00}

R {6725}{0}{<fff>}{Along The Shoreline}{ }{}{Lost Isle of Shaedar}{}{FIELD}{}{1.000}{}
E {6787}{n}{n}{1}{0}{}{1.000}{}{0.00}
E {6726}{ne}{ne}{3}{0}{}{1.000}{}{0.00}
E {6724}{w}{w}{8}{0}{}{1.000}{}{0.00}

R {6726}{0}{<fff>}{Along The Shoreline}{ }{}{Lost Isle of Shaedar}{}{FIELD}{}{1.000}{}
E {6727}{e}{e}{2}{0}{}{1.000}{}{0.00}
E {6794}{n}{n}{1}{0}{}{1.000}{}{0.00}
E {6725}{sw}{sw}{12}{0}{}{1.000}{}{0.00}
E {6787}{w}{w}{8}{0}{}{1.000}{}{0.00}

R {6727}{0}{<fff>}{Along The Shoreline}{ }{}{Lost Isle of Shaedar}{}{FIELD}{}{1.000}{}
E {6798}{n}{n}{1}{0}{}{1.000}{}{0.00}
E {6728}{ne}{ne}{3}{0}{}{1.000}{}{0.00}
E {6726}{w}{w}{8}{0}{}{1.000}{}{0.00}

R {6728}{0}{<fff>}{Along The Shoreline}{ }{}{Lost Isle of Shaedar}{}{FIELD}{}{1.000}{}
E {6800}{n}{n}{1}{0}{}{1.000}{}{0.00}
E {6729}{ne}{ne}{3}{0}{}{1.000}{}{0.00}
E {6727}{sw}{sw}{12}{0}{}{1.000}{}{0.00}
E {6798}{w}{w}{8}{0}{}{1.000}{}{0.00}

R {6729}{0}{<fff>}{Along The Shoreline}{ }{}{Lost Isle of Shaedar}{}{FIELD}{}{1.000}{}
E {6802}{n}{n}{1}{0}{}{1.000}{}{0.00}
E {6730}{ne}{ne}{3}{0}{}{1.000}{}{0.00}
E {6728}{sw}{sw}{12}{0}{}{1.000}{}{0.00}
E {6800}{w}{w}{8}{0}{}{1.000}{}{0.00}

R {6730}{0}{<fff>}{Along The Shoreline}{ }{}{Lost Isle of Shaedar}{}{FIELD}{}{1.000}{}
E {6731}{n}{n}{1}{0}{}{1.000}{}{0.00}
E {6803}{s}{jt_m_open_door {south}}{4}{0}{}{1.000}{}{0.00}
E {6729}{sw}{sw}{12}{0}{}{1.000}{}{0.00}
E {6802}{w}{w}{8}{0}{}{1.000}{}{0.00}

R {6731}{0}{<fff>}{Along The Shoreline}{ }{}{Lost Isle of Shaedar}{}{FIELD}{}{1.000}{}
E {6732}{n}{n}{1}{0}{}{1.000}{}{0.00}
E {6730}{s}{s}{4}{0}{}{1.000}{}{0.00}
E {6812}{w}{w}{8}{0}{}{1.000}{}{0.00}

R {6732}{0}{<fff>}{Along The Shoreline}{ }{}{Lost Isle of Shaedar}{}{FIELD}{}{1.000}{}
E {6733}{n}{n}{1}{0}{}{1.000}{}{0.00}
E {6731}{s}{s}{4}{0}{}{1.000}{}{0.00}
E {6814}{w}{w}{8}{0}{}{1.000}{}{0.00}

R {6733}{0}{<fff>}{Along The Shoreline}{ }{}{Lost Isle of Shaedar}{}{FIELD}{}{1.000}{}
E {6734}{nw}{nw}{9}{0}{}{1.000}{}{0.00}
E {6732}{s}{s}{4}{0}{}{1.000}{}{0.00}
E {6816}{w}{w}{8}{0}{}{1.000}{}{0.00}

R {6734}{0}{<fff>}{Along The Shoreline}{ }{}{Lost Isle of Shaedar}{}{FIELD}{}{1.000}{}
E {6816}{s}{s}{4}{0}{}{1.000}{}{0.00}
E {6733}{se}{se}{6}{0}{}{1.000}{}{0.00}
E {6735}{w}{w}{8}{0}{}{1.000}{}{0.00}

R {6735}{0}{<fff>}{Along The Shoreline}{ }{}{Lost Isle of Shaedar}{}{FIELD}{}{1.000}{}
E {6734}{e}{e}{2}{0}{}{1.000}{}{0.00}
E {6817}{s}{s}{4}{0}{}{1.000}{}{0.00}
E {6736}{w}{w}{8}{0}{}{1.000}{}{0.00}

R {6736}{0}{<fff>}{Along The Shoreline}{ }{}{Lost Isle of Shaedar}{}{FIELD}{}{1.000}{}
E {6735}{e}{e}{2}{0}{}{1.000}{}{0.00}
E {6818}{s}{s}{4}{0}{}{1.000}{}{0.00}
E {6737}{w}{w}{8}{0}{}{1.000}{}{0.00}

R {6737}{0}{<fff>}{Along The Shoreline}{ }{}{Lost Isle of Shaedar}{}{FIELD}{}{1.000}{}
E {6736}{e}{e}{2}{0}{}{1.000}{}{0.00}
E {6819}{s}{s}{4}{0}{}{1.000}{}{0.00}
E {6738}{w}{w}{8}{0}{}{1.000}{}{0.00}

R {6738}{0}{<fff>}{Along The Shoreline}{ }{}{Lost Isle of Shaedar}{}{FIELD}{}{1.000}{}
E {6737}{e}{e}{2}{0}{}{1.000}{}{0.00}
E {6820}{s}{s}{4}{0}{}{1.000}{}{0.00}
E {6739}{w}{w}{8}{0}{}{1.000}{}{0.00}

R {6739}{0}{<fff>}{Along The Shoreline}{ }{}{Lost Isle of Shaedar}{}{FIELD}{}{1.000}{}
E {6738}{e}{e}{2}{0}{}{1.000}{}{0.00}
E {6740}{nw}{nw}{9}{0}{}{1.000}{}{0.00}
E {6821}{s}{s}{4}{0}{}{1.000}{}{0.00}
E {6824}{w}{w}{8}{0}{}{1.000}{}{0.00}

R {6740}{0}{<fff>}{Along The Shoreline}{ }{}{Lost Isle of Shaedar}{}{FIELD}{}{1.000}{}
E {6741}{nw}{nw}{9}{0}{}{1.000}{}{0.00}
E {6824}{s}{s}{4}{0}{}{1.000}{}{0.00}
E {6739}{se}{se}{6}{0}{}{1.000}{}{0.00}
E {6828}{w}{w}{8}{0}{}{1.000}{}{0.00}

R {6741}{0}{<fff>}{Along The Shoreline}{ }{}{Lost Isle of Shaedar}{}{FIELD}{}{1.000}{}
E {6828}{s}{s}{4}{0}{}{1.000}{}{0.00}
E {6740}{se}{se}{6}{0}{}{1.000}{}{0.00}
E {6742}{w}{w}{8}{0}{}{1.000}{}{0.00}

R {6742}{0}{<fff>}{Along The Shoreline}{ }{}{Lost Isle of Shaedar}{}{FIELD}{}{1.000}{}
E {6741}{e}{e}{2}{0}{}{1.000}{}{0.00}
E {6829}{s}{s}{4}{0}{}{1.000}{}{0.00}
E {6743}{w}{w}{8}{0}{}{1.000}{}{0.00}

R {6743}{0}{<fff>}{Along The Shoreline}{ }{}{Lost Isle of Shaedar}{}{FIELD}{}{1.000}{}
E {6742}{e}{e}{2}{0}{}{1.000}{}{0.00}
E {6707}{nw}{nw}{9}{0}{}{1.000}{}{0.00}
E {6830}{s}{s}{4}{0}{}{1.000}{}{0.00}

R {6744}{0}{<fff>}{On A Footpath}{ }{}{Lost Isle of Shaedar}{}{FIELD}{}{1.000}{}
E {6707}{n}{n}{1}{0}{}{1.000}{}{0.00}
E {6745}{s}{s}{4}{0}{}{1.000}{}{0.00}

R {6745}{0}{<fff>}{On A Sandy Path}{ }{}{Lost Isle of Shaedar}{}{FIELD}{}{1.000}{}
E {6830}{e}{e}{2}{0}{}{1.000}{}{0.00}
E {6744}{n}{n}{1}{0}{}{1.000}{}{0.00}
E {6746}{s}{s}{4}{0}{}{1.000}{}{0.00}
E {6768}{w}{w}{8}{0}{}{1.000}{}{0.00}

R {6746}{0}{<fff>}{Before A Bamboo Gate}{ }{}{Lost Isle of Shaedar}{}{FIELD}{}{1.000}{}
E {6827}{e}{e}{2}{0}{}{1.000}{}{0.00}
E {6745}{n}{n}{1}{0}{}{1.000}{}{0.00}
E {6747}{s}{jt_m_open_door {south}}{4}{0}{}{1.000}{}{0.00}
E {6769}{w}{w}{8}{0}{}{1.000}{}{0.00}

R {6747}{0}{<fff>}{Inside The Village}{ }{}{Lost Isle of Shaedar}{}{CITY}{}{1.000}{}
E {6831}{e}{e}{2}{0}{}{1.000}{}{0.00}
E {6746}{n}{jt_m_open_door {north}}{1}{0}{}{1.000}{}{0.00}
E {6748}{s}{s}{4}{0}{}{1.000}{}{0.00}
E {6765}{w}{w}{8}{0}{}{1.000}{}{0.00}

R {6748}{0}{<fff>}{In The Village}{ }{}{Lost Isle of Shaedar}{}{CITY}{}{1.000}{}
E {6750}{e}{e}{2}{0}{}{1.000}{}{0.00}
E {6747}{n}{n}{1}{0}{}{1.000}{}{0.00}
E {6753}{s}{s}{4}{0}{}{1.000}{}{0.00}
E {6749}{w}{w}{8}{0}{}{1.000}{}{0.00}

R {6749}{0}{<fff>}{A Small Shack}{ }{}{Lost Isle of Shaedar}{}{INSIDE}{}{1.000}{}
E {6748}{e}{e}{2}{0}{}{1.000}{}{0.00}

R {6750}{0}{<fff>}{A Path}{ }{}{Lost Isle of Shaedar}{}{FOREST}{}{1.000}{}
E {6751}{e}{e}{2}{0}{}{1.000}{}{0.00}
E {6748}{w}{w}{8}{0}{}{1.000}{}{0.00}

R {6751}{0}{<fff>}{A Shack of Bones}{ }{}{Lost Isle of Shaedar}{}{INSIDE}{}{1.000}{}
E {6750}{w}{w}{8}{0}{}{1.000}{}{0.00}

R {6752}{0}{<fff>}{A Large Shack}{ }{}{Lost Isle of Shaedar}{}{INSIDE}{}{1.000}{}
E {6753}{e}{e}{2}{0}{}{1.000}{}{0.00}

R {6753}{0}{<fff>}{In The Village}{ }{}{Lost Isle of Shaedar}{}{CITY}{}{1.000}{}
E {6754}{e}{e}{2}{0}{}{1.000}{}{0.00}
E {6748}{n}{n}{1}{0}{}{1.000}{}{0.00}
E {6758}{s}{s}{4}{0}{}{1.000}{}{0.00}
E {6752}{w}{w}{8}{0}{}{1.000}{}{0.00}

R {6754}{0}{<fff>}{A Path}{ }{}{Lost Isle of Shaedar}{}{FOREST}{}{1.000}{}
E {6755}{e}{e}{2}{0}{}{1.000}{}{0.00}
E {6753}{w}{w}{8}{0}{}{1.000}{}{0.00}

R {6755}{0}{<fff>}{A Rain Shelter}{ }{}{Lost Isle of Shaedar}{}{INSIDE}{}{1.000}{}
E {6754}{w}{w}{8}{0}{}{1.000}{}{0.00}

R {6756}{0}{<fff>}{The Village Food Stockpile}{ }{}{Lost Isle of Shaedar}{}{INSIDE}{}{1.000}{}
E {6757}{e}{e}{2}{0}{}{1.000}{}{0.00}

R {6757}{0}{<fff>}{A Path}{ }{}{Lost Isle of Shaedar}{}{FOREST}{}{1.000}{}
E {6758}{e}{e}{2}{0}{}{1.000}{}{0.00}
E {6756}{w}{w}{8}{0}{}{1.000}{}{0.00}

R {6758}{0}{<fff>}{In The Village}{ }{}{Lost Isle of Shaedar}{}{CITY}{}{1.000}{}
E {6759}{e}{e}{2}{0}{}{1.000}{}{0.00}
E {6753}{n}{n}{1}{0}{}{1.000}{}{0.00}
E {6762}{s}{s}{4}{0}{}{1.000}{}{0.00}
E {6757}{w}{w}{8}{0}{}{1.000}{}{0.00}

R {6759}{0}{<fff>}{A Path}{ }{}{Lost Isle of Shaedar}{}{FOREST}{}{1.000}{}
E {6760}{e}{e}{2}{0}{}{1.000}{}{0.00}
E {6758}{w}{w}{8}{0}{}{1.000}{}{0.00}

R {6760}{0}{<fff>}{A Strange Shack}{ }{}{Lost Isle of Shaedar}{}{INSIDE}{}{1.000}{}
E {6759}{w}{w}{8}{0}{}{1.000}{}{0.00}

R {6761}{0}{<fff>}{A Small Clean Shack}{ }{}{Lost Isle of Shaedar}{}{INSIDE}{}{1.000}{}
E {6762}{e}{e}{2}{0}{}{1.000}{}{0.00}

R {6762}{0}{<fff>}{In The Village}{ }{}{Lost Isle of Shaedar}{}{CITY}{}{1.000}{}
E {6763}{e}{e}{2}{0}{}{1.000}{}{0.00}
E {6758}{n}{n}{1}{0}{}{1.000}{}{0.00}
E {6764}{s}{s}{4}{0}{}{1.000}{}{0.00}
E {6761}{w}{w}{8}{0}{}{1.000}{}{0.00}

R {6763}{0}{<fff>}{A Tiny Waterfall}{ }{}{Lost Isle of Shaedar}{}{FOREST}{}{1.000}{}
E {6762}{w}{w}{8}{0}{}{1.000}{}{0.00}

R {6764}{0}{<fff>}{A Bamboo Gate}{ }{}{Lost Isle of Shaedar}{}{FOREST}{}{1.000}{}
E {6780}{e}{e}{2}{0}{}{1.000}{}{0.00}
E {6762}{n}{n}{1}{0}{}{1.000}{}{0.00}
E {6719}{s}{jt_m_open_door {south}}{4}{0}{}{1.000}{}{0.00}
E {6779}{w}{w}{8}{0}{}{1.000}{}{0.00}

R {6765}{0}{<fff>}{An Overgrown Path}{ }{}{Lost Isle of Shaedar}{}{FOREST}{}{1.000}{}
E {6747}{e}{e}{2}{0}{}{1.000}{}{0.00}
E {6766}{sw}{sw}{12}{0}{}{1.000}{}{0.00}

R {6766}{0}{<fff>}{An Overgrown Path}{ }{}{Lost Isle of Shaedar}{}{FOREST}{}{1.000}{}
E {6765}{ne}{ne}{3}{0}{}{1.000}{}{0.00}
E {6767}{s}{s}{4}{0}{}{1.000}{}{0.00}

R {6767}{0}{<fff>}{A Choked Path}{ }{}{Lost Isle of Shaedar}{}{FOREST}{}{1.000}{}
E {6766}{n}{n}{1}{0}{}{1.000}{}{0.00}
E {6775}{sw}{sw}{12}{0}{}{1.000}{}{0.00}

R {6768}{0}{<fff>}{Jungle Wilderness}{ }{}{Lost Isle of Shaedar}{}{FOREST}{}{1.000}{}
E {6745}{e}{e}{2}{0}{}{1.000}{}{0.00}
E {6708}{n}{n}{1}{0}{}{1.000}{}{0.00}
E {6769}{s}{s}{4}{0}{}{1.000}{}{0.00}
E {6709}{w}{w}{8}{0}{}{1.000}{}{0.00}

R {6769}{0}{<fff>}{Jungle Wilderness}{ }{}{Lost Isle of Shaedar}{}{FOREST}{}{1.000}{}
E {6746}{e}{e}{2}{0}{}{1.000}{}{0.00}
E {6768}{n}{n}{1}{0}{}{1.000}{}{0.00}
E {6770}{w}{w}{8}{0}{}{1.000}{}{0.00}

R {6770}{0}{<fff>}{Jungle Wilderness}{ }{}{Lost Isle of Shaedar}{}{FOREST}{}{1.000}{}
E {6769}{e}{e}{2}{0}{}{1.000}{}{0.00}
E {6709}{n}{n}{1}{0}{}{1.000}{}{0.00}
E {6771}{s}{s}{4}{0}{}{1.000}{}{0.00}
E {6710}{w}{w}{8}{0}{}{1.000}{}{0.00}

R {6771}{0}{<fff>}{Jungle Wilderness}{ }{}{Lost Isle of Shaedar}{}{FOREST}{}{1.000}{}
E {6770}{n}{n}{1}{0}{}{1.000}{}{0.00}
E {6772}{w}{w}{8}{0}{}{1.000}{}{0.00}

R {6772}{0}{<fff>}{Jungle Wilderness}{ }{}{Lost Isle of Shaedar}{}{FOREST}{}{1.000}{}
E {6771}{e}{e}{2}{0}{}{1.000}{}{0.00}
E {6710}{n}{n}{1}{0}{}{1.000}{}{0.00}
E {6773}{s}{s}{4}{0}{}{1.000}{}{0.00}
E {6711}{w}{w}{8}{0}{}{1.000}{}{0.00}

R {6773}{0}{<fff>}{Jungle Wilderness}{ }{}{Lost Isle of Shaedar}{}{FOREST}{}{1.000}{}
E {6772}{n}{n}{1}{0}{}{1.000}{}{0.00}
E {6774}{s}{s}{4}{0}{}{1.000}{}{0.00}
E {6712}{w}{w}{8}{0}{}{1.000}{}{0.00}

R {6774}{0}{<fff>}{Jungle Wilderness}{ }{}{Lost Isle of Shaedar}{}{FOREST}{}{1.000}{}
E {6773}{n}{n}{1}{0}{}{1.000}{}{0.00}
E {6775}{s}{s}{4}{0}{}{1.000}{}{0.00}
E {6713}{w}{w}{8}{0}{}{1.000}{}{0.00}

R {6775}{0}{<fff>}{Jungle Wilderness}{ }{}{Lost Isle of Shaedar}{}{FOREST}{}{1.000}{}
E {6774}{n}{n}{1}{0}{}{1.000}{}{0.00}
E {6767}{ne}{ne}{3}{0}{}{1.000}{}{0.00}
E {6776}{s}{s}{4}{0}{}{1.000}{}{0.00}
E {6714}{w}{w}{8}{0}{}{1.000}{}{0.00}

R {6776}{0}{<fff>}{Jungle Wilderness}{ }{}{Lost Isle of Shaedar}{}{FOREST}{}{1.000}{}
E {6777}{e}{e}{2}{0}{}{1.000}{}{0.00}
E {6775}{n}{n}{1}{0}{}{1.000}{}{0.00}
E {6716}{s}{s}{4}{0}{}{1.000}{}{0.00}
E {6715}{w}{w}{8}{0}{}{1.000}{}{0.00}

R {6777}{0}{<fff>}{Jungle Wilderness}{ }{}{Lost Isle of Shaedar}{}{FOREST}{}{1.000}{}
E {6778}{s}{s}{4}{0}{}{1.000}{}{0.00}
E {6776}{w}{w}{8}{0}{}{1.000}{}{0.00}

R {6778}{0}{<fff>}{Jungle Wilderness}{ }{}{Lost Isle of Shaedar}{}{FOREST}{}{1.000}{}
E {6779}{e}{e}{2}{0}{}{1.000}{}{0.00}
E {6777}{n}{n}{1}{0}{}{1.000}{}{0.00}
E {6717}{s}{s}{4}{0}{}{1.000}{}{0.00}
E {6716}{w}{w}{8}{0}{}{1.000}{}{0.00}

R {6779}{0}{<fff>}{Jungle Wilderness}{ }{}{Lost Isle of Shaedar}{}{FOREST}{}{1.000}{}
E {6764}{e}{e}{2}{0}{}{1.000}{}{0.00}
E {6718}{s}{s}{4}{0}{}{1.000}{}{0.00}
E {6778}{w}{w}{8}{0}{}{1.000}{}{0.00}

R {6780}{0}{<fff>}{Jungle Wilderness}{ }{}{Lost Isle of Shaedar}{}{FOREST}{}{1.000}{}
E {6781}{e}{e}{2}{0}{}{1.000}{}{0.00}
E {6720}{s}{s}{4}{0}{}{1.000}{}{0.00}
E {6764}{w}{w}{8}{0}{}{1.000}{}{0.00}

R {6781}{0}{<fff>}{Jungle Wilderness}{ }{}{Lost Isle of Shaedar}{}{FOREST}{}{1.000}{}
E {6782}{e}{e}{2}{0}{}{1.000}{}{0.00}
E {6721}{s}{s}{4}{0}{}{1.000}{}{0.00}
E {6780}{w}{w}{8}{0}{}{1.000}{}{0.00}

R {6782}{0}{<fff>}{Jungle Wilderness}{ }{}{Lost Isle of Shaedar}{}{FOREST}{}{1.000}{}
E {6788}{e}{e}{2}{0}{}{1.000}{}{0.00}
E {6783}{n}{n}{1}{0}{}{1.000}{}{0.00}
E {6722}{s}{s}{4}{0}{}{1.000}{}{0.00}
E {6781}{w}{w}{8}{0}{}{1.000}{}{0.00}

R {6783}{0}{<fff>}{A Shimmering Waterfall}{ }{}{Lost Isle of Shaedar}{}{FOREST}{}{1.000}{}
E {6782}{s}{s}{4}{0}{}{1.000}{}{0.00}
E {6784}{w}{w}{8}{0}{}{1.000}{}{0.00}

R {6784}{0}{<fff>}{A Crystal Clear Pond}{ }{}{Lost Isle of Shaedar}{}{FOREST}{}{1.000}{}
E {6783}{e}{e}{2}{0}{}{1.000}{}{0.00}

R {6785}{0}{<fff>}{Jungle Wilderness}{ }{}{Lost Isle of Shaedar}{}{FOREST}{}{1.000}{}
E {6786}{e}{e}{2}{0}{}{1.000}{}{0.00}
E {6788}{n}{n}{1}{0}{}{1.000}{}{0.00}
E {6723}{s}{s}{4}{0}{}{1.000}{}{0.00}
E {6722}{w}{w}{8}{0}{}{1.000}{}{0.00}

R {6786}{0}{<fff>}{Jungle Wilderness}{ }{}{Lost Isle of Shaedar}{}{FOREST}{}{1.000}{}
E {6787}{e}{e}{2}{0}{}{1.000}{}{0.00}
E {6789}{n}{n}{1}{0}{}{1.000}{}{0.00}
E {6724}{s}{s}{4}{0}{}{1.000}{}{0.00}
E {6785}{w}{w}{8}{0}{}{1.000}{}{0.00}

R {6787}{0}{<fff>}{Jungle Wilderness}{ }{}{Lost Isle of Shaedar}{}{FOREST}{}{1.000}{}
E {6726}{e}{e}{2}{0}{}{1.000}{}{0.00}
E {6790}{n}{n}{1}{0}{}{1.000}{}{0.00}
E {6725}{s}{s}{4}{0}{}{1.000}{}{0.00}
E {6796}{se}{se}{6}{0}{}{1.000}{}{0.00}
E {6786}{w}{w}{8}{0}{}{1.000}{}{0.00}

R {6788}{0}{<fff>}{Jungle Wilderness}{ }{}{Lost Isle of Shaedar}{}{FOREST}{}{1.000}{}
E {6789}{e}{e}{2}{0}{}{1.000}{}{0.00}
E {6791}{n}{n}{1}{0}{}{1.000}{}{0.00}
E {6785}{s}{s}{4}{0}{}{1.000}{}{0.00}
E {6782}{w}{w}{8}{0}{}{1.000}{}{0.00}

R {6789}{0}{<fff>}{Jungle Wilderness}{ }{}{Lost Isle of Shaedar}{}{FOREST}{}{1.000}{}
E {6790}{e}{e}{2}{0}{}{1.000}{}{0.00}
E {6792}{n}{n}{1}{0}{}{1.000}{}{0.00}
E {6786}{s}{s}{4}{0}{}{1.000}{}{0.00}
E {6788}{w}{w}{8}{0}{}{1.000}{}{0.00}

R {6790}{0}{<fff>}{Jungle Wilderness}{ }{}{Lost Isle of Shaedar}{}{FOREST}{}{1.000}{}
E {6794}{e}{e}{2}{0}{}{1.000}{}{0.00}
E {6793}{n}{n}{1}{0}{}{1.000}{}{0.00}
E {6787}{s}{s}{4}{0}{}{1.000}{}{0.00}
E {6789}{w}{w}{8}{0}{}{1.000}{}{0.00}

R {6791}{0}{<fff>}{Jungle Wilderness}{ }{}{Lost Isle of Shaedar}{}{FOREST}{}{1.000}{}
E {6792}{e}{e}{2}{0}{}{1.000}{}{0.00}
E {6788}{s}{s}{4}{0}{}{1.000}{}{0.00}

R {6792}{0}{<fff>}{Jungle Wilderness}{ }{}{Lost Isle of Shaedar}{}{FOREST}{}{1.000}{}
E {6793}{e}{e}{2}{0}{}{1.000}{}{0.00}
E {6789}{s}{s}{4}{0}{}{1.000}{}{0.00}
E {6791}{w}{w}{8}{0}{}{1.000}{}{0.00}

R {6793}{0}{<fff>}{Jungle Wilderness}{ }{}{Lost Isle of Shaedar}{}{FOREST}{}{1.000}{}
E {6790}{s}{s}{4}{0}{}{1.000}{}{0.00}
E {6792}{w}{w}{8}{0}{}{1.000}{}{0.00}

R {6794}{0}{<fff>}{Jungle Wilderness}{ }{}{Lost Isle of Shaedar}{}{FOREST}{}{1.000}{}
E {6798}{e}{e}{2}{0}{}{1.000}{}{0.00}
E {6795}{n}{n}{1}{0}{}{1.000}{}{0.00}
E {6726}{s}{s}{4}{0}{}{1.000}{}{0.00}
E {6790}{w}{w}{8}{0}{}{1.000}{}{0.00}

R {6795}{0}{<fff>}{A Small Dark Cave}{ }{}{Lost Isle of Shaedar}{}{INSIDE}{}{1.000}{}
E {6794}{s}{s}{4}{0}{}{1.000}{}{0.00}

R {6796}{0}{<fff>}{A Towering Rockpile}{ }{}{Lost Isle of Shaedar}{}{FOREST}{}{1.000}{}
E {6797}{e}{jt_m_open_door {east}}{2}{0}{}{1.000}{}{0.00}
E {6787}{nw}{nw}{9}{0}{}{1.000}{}{0.00}

R {6797}{0}{<fff>}{A Lions Den}{ }{}{Lost Isle of Shaedar}{}{INSIDE}{}{1.000}{}
E {6796}{w}{jt_m_open_door {west}}{8}{0}{}{1.000}{}{0.00}

R {6798}{0}{<fff>}{Jungle Wilderness}{ }{}{Lost Isle of Shaedar}{}{FOREST}{}{1.000}{}
E {6728}{e}{e}{2}{0}{}{1.000}{}{0.00}
E {6799}{n}{n}{1}{0}{}{1.000}{}{0.00}
E {6727}{s}{s}{4}{0}{}{1.000}{}{0.00}
E {6794}{w}{w}{8}{0}{}{1.000}{}{0.00}

R {6799}{0}{<fff>}{Jungle Wilderness}{ }{}{Lost Isle of Shaedar}{}{FOREST}{}{1.000}{}
E {6800}{e}{e}{2}{0}{}{1.000}{}{0.00}
E {6798}{s}{s}{4}{0}{}{1.000}{}{0.00}

R {6800}{0}{<fff>}{Jungle Wilderness}{ }{}{Lost Isle of Shaedar}{}{FOREST}{}{1.000}{}
E {6729}{e}{e}{2}{0}{}{1.000}{}{0.00}
E {6801}{n}{n}{1}{0}{}{1.000}{}{0.00}
E {6728}{s}{s}{4}{0}{}{1.000}{}{0.00}
E {6799}{w}{w}{8}{0}{}{1.000}{}{0.00}

R {6801}{0}{<fff>}{Jungle Wilderness}{ }{}{Lost Isle of Shaedar}{}{FOREST}{}{1.000}{}
E {6802}{e}{e}{2}{0}{}{1.000}{}{0.00}
E {6813}{n}{n}{1}{0}{}{1.000}{}{0.00}
E {6800}{s}{s}{4}{0}{}{1.000}{}{0.00}

R {6802}{0}{<fff>}{Jungle Wilderness}{ }{}{Lost Isle of Shaedar}{}{FOREST}{}{1.000}{}
E {6730}{e}{e}{2}{0}{}{1.000}{}{0.00}
E {6812}{n}{n}{1}{0}{}{1.000}{}{0.00}
E {6729}{s}{s}{4}{0}{}{1.000}{}{0.00}
E {6801}{w}{w}{8}{0}{}{1.000}{}{0.00}

R {6803}{0}{<fff>}{A Hidden Cove}{ }{}{Lost Isle of Shaedar}{}{FOREST}{}{1.000}{}
E {6804}{e}{e}{2}{0}{}{1.000}{}{0.00}
E {6730}{n}{jt_m_open_door {north}}{1}{0}{}{1.000}{}{0.00}
E {6805}{s}{s}{4}{0}{}{1.000}{}{0.00}

R {6804}{0}{<fff>}{The Mud Pit}{ }{}{Lost Isle of Shaedar}{}{FOREST}{}{1.000}{}
E {6803}{w}{w}{8}{0}{}{1.000}{}{0.00}

R {6805}{0}{<fff>}{Jungle Wilderness}{ }{}{Lost Isle of Shaedar}{}{FOREST}{}{1.000}{}
E {6803}{n}{n}{1}{0}{}{1.000}{}{0.00}
E {6806}{w}{w}{8}{0}{}{1.000}{}{0.00}

R {6806}{0}{<fff>}{Jungle Wilderness}{ }{}{Lost Isle of Shaedar}{}{FOREST}{}{1.000}{}
E {6805}{e}{e}{2}{0}{}{1.000}{}{0.00}
E {6807}{s}{s}{4}{0}{}{1.000}{}{0.00}

R {6807}{0}{<fff>}{Jungle Wilderness}{ }{}{Lost Isle of Shaedar}{}{FOREST}{}{1.000}{}
E {6806}{n}{n}{1}{0}{}{1.000}{}{0.00}
E {6808}{w}{w}{8}{0}{}{1.000}{}{0.00}

R {6808}{0}{<fff>}{Jungle Wilderness}{ }{}{Lost Isle of Shaedar}{}{FOREST}{}{1.000}{}
E {6807}{e}{e}{2}{0}{}{1.000}{}{0.00}
E {6809}{s}{s}{4}{0}{}{1.000}{}{0.00}

R {6809}{0}{<fff>}{Jungle Wilderness}{ }{}{Lost Isle of Shaedar}{}{FOREST}{}{1.000}{}
E {6810}{e}{e}{2}{0}{}{1.000}{}{0.00}
E {6808}{n}{n}{1}{0}{}{1.000}{}{0.00}

R {6810}{0}{<fff>}{Jungle Wilderness}{ }{}{Lost Isle of Shaedar}{}{FOREST}{}{1.000}{}
E {6811}{ne}{jt_m_open_door {northeast}}{3}{0}{}{1.000}{}{0.00}
E {6809}{w}{w}{8}{0}{}{1.000}{}{0.00}

R {6811}{0}{<fff>}{A Large Clearing}{ }{}{Lost Isle of Shaedar}{}{FOREST}{}{1.000}{}
E {6810}{sw}{jt_m_open_door {southwest}}{12}{0}{}{1.000}{}{0.00}

R {6812}{0}{<fff>}{Jungle Wilderness}{ }{}{Lost Isle of Shaedar}{}{FOREST}{}{1.000}{}
E {6731}{e}{e}{2}{0}{}{1.000}{}{0.00}
E {6814}{n}{n}{1}{0}{}{1.000}{}{0.00}
E {6802}{s}{s}{4}{0}{}{1.000}{}{0.00}
E {6813}{w}{w}{8}{0}{}{1.000}{}{0.00}

R {6813}{0}{<fff>}{Jungle Wilderness}{ }{}{Lost Isle of Shaedar}{}{FOREST}{}{1.000}{}
E {6812}{e}{e}{2}{0}{}{1.000}{}{0.00}
E {6815}{n}{n}{1}{0}{}{1.000}{}{0.00}
E {6801}{s}{s}{4}{0}{}{1.000}{}{0.00}

R {6814}{0}{<fff>}{Jungle Wilderness}{ }{}{Lost Isle of Shaedar}{}{FOREST}{}{1.000}{}
E {6732}{e}{e}{2}{0}{}{1.000}{}{0.00}
E {6816}{n}{n}{1}{0}{}{1.000}{}{0.00}
E {6812}{s}{s}{4}{0}{}{1.000}{}{0.00}
E {6815}{w}{w}{8}{0}{}{1.000}{}{0.00}

R {6815}{0}{<fff>}{Jungle Wilderness}{ }{}{Lost Isle of Shaedar}{}{FOREST}{}{1.000}{}
E {6814}{e}{e}{2}{0}{}{1.000}{}{0.00}
E {6817}{n}{n}{1}{0}{}{1.000}{}{0.00}
E {6813}{s}{s}{4}{0}{}{1.000}{}{0.00}

R {6816}{0}{<fff>}{Jungle Wilderness}{ }{}{Lost Isle of Shaedar}{}{FOREST}{}{1.000}{}
E {6733}{e}{e}{2}{0}{}{1.000}{}{0.00}
E {6734}{n}{n}{1}{0}{}{1.000}{}{0.00}
E {6814}{s}{s}{4}{0}{}{1.000}{}{0.00}
E {6817}{w}{w}{8}{0}{}{1.000}{}{0.00}

R {6817}{0}{<fff>}{Jungle Wilderness}{ }{}{Lost Isle of Shaedar}{}{FOREST}{}{1.000}{}
E {6816}{e}{e}{2}{0}{}{1.000}{}{0.00}
E {6735}{n}{n}{1}{0}{}{1.000}{}{0.00}
E {6815}{s}{s}{4}{0}{}{1.000}{}{0.00}
E {6818}{w}{w}{8}{0}{}{1.000}{}{0.00}

R {6818}{0}{<fff>}{Jungle Wilderness}{ }{}{Lost Isle of Shaedar}{}{FOREST}{}{1.000}{}
E {6817}{e}{e}{2}{0}{}{1.000}{}{0.00}
E {6736}{n}{n}{1}{0}{}{1.000}{}{0.00}
E {6819}{w}{w}{8}{0}{}{1.000}{}{0.00}

R {6819}{0}{<fff>}{Jungle Wilderness}{ }{}{Lost Isle of Shaedar}{}{FOREST}{}{1.000}{}
E {6818}{e}{e}{2}{0}{}{1.000}{}{0.00}
E {6737}{n}{n}{1}{0}{}{1.000}{}{0.00}
E {6820}{w}{w}{8}{0}{}{1.000}{}{0.00}

R {6820}{0}{<fff>}{Jungle Wilderness}{ }{}{Lost Isle of Shaedar}{}{FOREST}{}{1.000}{}
E {6819}{e}{e}{2}{0}{}{1.000}{}{0.00}
E {6738}{n}{n}{1}{0}{}{1.000}{}{0.00}
E {6821}{w}{w}{8}{0}{}{1.000}{}{0.00}

R {6821}{0}{<fff>}{Jungle Wilderness}{ }{}{Lost Isle of Shaedar}{}{FOREST}{}{1.000}{}
E {6820}{e}{e}{2}{0}{}{1.000}{}{0.00}
E {6739}{n}{n}{1}{0}{}{1.000}{}{0.00}
E {6822}{w}{w}{8}{0}{}{1.000}{}{0.00}

R {6822}{0}{<fff>}{Jungle Wilderness}{ }{}{Lost Isle of Shaedar}{}{FOREST}{}{1.000}{}
E {6821}{e}{e}{2}{0}{}{1.000}{}{0.00}
E {6824}{n}{n}{1}{0}{}{1.000}{}{0.00}
E {6823}{w}{w}{8}{0}{}{1.000}{}{0.00}

R {6823}{0}{<fff>}{Jungle Wilderness}{ }{}{Lost Isle of Shaedar}{}{FOREST}{}{1.000}{}
E {6822}{e}{e}{2}{0}{}{1.000}{}{0.00}
E {6825}{n}{n}{1}{0}{}{1.000}{}{0.00}

R {6824}{0}{<fff>}{Jungle Wilderness}{ }{}{Lost Isle of Shaedar}{}{FOREST}{}{1.000}{}
E {6739}{e}{e}{2}{0}{}{1.000}{}{0.00}
E {6740}{n}{n}{1}{0}{}{1.000}{}{0.00}
E {6822}{s}{s}{4}{0}{}{1.000}{}{0.00}
E {6825}{w}{w}{8}{0}{}{1.000}{}{0.00}

R {6825}{0}{<fff>}{Jungle Wilderness}{ }{}{Lost Isle of Shaedar}{}{FOREST}{}{1.000}{}
E {6824}{e}{e}{2}{0}{}{1.000}{}{0.00}
E {6828}{n}{n}{1}{0}{}{1.000}{}{0.00}
E {6823}{s}{s}{4}{0}{}{1.000}{}{0.00}
E {6826}{w}{w}{8}{0}{}{1.000}{}{0.00}

R {6826}{0}{<fff>}{Jungle Wilderness}{ }{}{Lost Isle of Shaedar}{}{FOREST}{}{1.000}{}
E {6825}{e}{e}{2}{0}{}{1.000}{}{0.00}
E {6829}{n}{n}{1}{0}{}{1.000}{}{0.00}
E {6827}{w}{w}{8}{0}{}{1.000}{}{0.00}

R {6827}{0}{<fff>}{Jungle Wilderness}{ }{}{Lost Isle of Shaedar}{}{FOREST}{}{1.000}{}
E {6826}{e}{e}{2}{0}{}{1.000}{}{0.00}
E {6830}{n}{n}{1}{0}{}{1.000}{}{0.00}
E {6746}{w}{w}{8}{0}{}{1.000}{}{0.00}

R {6828}{0}{<fff>}{Jungle Wilderness}{ }{}{Lost Isle of Shaedar}{}{FOREST}{}{1.000}{}
E {6740}{e}{e}{2}{0}{}{1.000}{}{0.00}
E {6741}{n}{n}{1}{0}{}{1.000}{}{0.00}
E {6825}{s}{s}{4}{0}{}{1.000}{}{0.00}
E {6829}{w}{w}{8}{0}{}{1.000}{}{0.00}

R {6829}{0}{<fff>}{Jungle Wilderness}{ }{}{Lost Isle of Shaedar}{}{FOREST}{}{1.000}{}
E {6828}{e}{e}{2}{0}{}{1.000}{}{0.00}
E {6742}{n}{n}{1}{0}{}{1.000}{}{0.00}
E {6826}{s}{s}{4}{0}{}{1.000}{}{0.00}
E {6830}{w}{w}{8}{0}{}{1.000}{}{0.00}

R {6830}{0}{<fff>}{Jungle Wilderness}{ }{}{Lost Isle of Shaedar}{}{FOREST}{}{1.000}{}
E {6829}{e}{e}{2}{0}{}{1.000}{}{0.00}
E {6743}{n}{n}{1}{0}{}{1.000}{}{0.00}
E {6827}{s}{s}{4}{0}{}{1.000}{}{0.00}
E {6745}{w}{w}{8}{0}{}{1.000}{}{0.00}

R {6831}{0}{<fff>}{A Trodden Path}{ }{}{Lost Isle of Shaedar}{}{FOREST}{}{1.000}{}
E {6832}{e}{e}{2}{0}{}{1.000}{}{0.00}
E {6747}{w}{w}{8}{0}{}{1.000}{}{0.00}

R {6832}{0}{<fff>}{A Trodden Path}{ }{}{Lost Isle of Shaedar}{}{FOREST}{}{1.000}{}
E {6833}{se}{se}{6}{0}{}{1.000}{}{0.00}
E {6831}{w}{w}{8}{0}{}{1.000}{}{0.00}

R {6833}{0}{<fff>}{A Trodden Path Through The Jungle}{ }{}{Lost Isle of Shaedar}{}{FOREST}{}{1.000}{}
E {6822}{ne}{ne}{3}{0}{}{1.000}{}{0.00}
E {6832}{nw}{nw}{9}{0}{}{1.000}{}{0.00}
E {6834}{se}{se}{6}{0}{}{1.000}{}{0.00}

R {6834}{0}{<fff>}{A Small Clearing}{ }{}{Lost Isle of Shaedar}{}{FIELD}{}{1.000}{}
E {6838}{e}{e}{2}{0}{}{1.000}{}{0.00}
E {6846}{n}{n}{1}{0}{}{1.000}{}{0.00}
E {6833}{nw}{nw}{9}{0}{}{1.000}{}{0.00}
E {6835}{s}{s}{4}{0}{}{1.000}{}{0.00}

R {6835}{0}{<fff>}{A Massive Tree}{ }{}{Lost Isle of Shaedar}{}{FIELD}{}{1.000}{}
E {6834}{n}{n}{1}{0}{}{1.000}{}{0.00}
E {6836}{w}{w}{8}{0}{}{1.000}{}{0.00}

R {6836}{0}{<fff>}{A Huge Spider Web}{ }{}{Lost Isle of Shaedar}{}{FOREST}{}{1.000}{}
E {6835}{e}{e}{2}{0}{}{1.000}{}{0.00}
E {6837}{n}{n}{1}{0}{}{1.000}{}{0.00}
E {6791}{se}{se}{6}{0}{}{1.000}{}{0.00}

R {6837}{0}{<fff>}{A Snake Pit}{ }{}{Lost Isle of Shaedar}{}{FOREST}{}{1.000}{}
E {6836}{s}{s}{4}{0}{}{1.000}{}{0.00}

R {6838}{0}{<fff>}{Center Of The Clearing}{ }{}{Lost Isle of Shaedar}{}{FIELD}{}{1.000}{}
E {6839}{e}{e}{2}{0}{}{1.000}{}{0.00}
E {6847}{n}{n}{1}{0}{}{1.000}{}{0.00}
E {6842}{s}{s}{4}{0}{}{1.000}{}{0.00}
E {6834}{w}{w}{8}{0}{}{1.000}{}{0.00}

R {6839}{0}{<fff>}{A Bonfire Pit}{ }{}{Lost Isle of Shaedar}{}{FIELD}{}{1.000}{}
E {6840}{e}{e}{2}{0}{}{1.000}{}{0.00}
E {6848}{n}{n}{1}{0}{}{1.000}{}{0.00}
E {6843}{s}{s}{4}{0}{}{1.000}{}{0.00}
E {6838}{w}{w}{8}{0}{}{1.000}{}{0.00}

R {6840}{0}{<fff>}{A Huge Roasting Spit}{ }{}{Lost Isle of Shaedar}{}{FIELD}{}{1.000}{}
E {6841}{e}{e}{2}{0}{}{1.000}{}{0.00}
E {6849}{n}{n}{1}{0}{}{1.000}{}{0.00}
E {6850}{ne}{ne}{3}{0}{}{1.000}{}{0.00}
E {6844}{s}{s}{4}{0}{}{1.000}{}{0.00}
E {6845}{se}{se}{6}{0}{}{1.000}{}{0.00}
E {6839}{w}{w}{8}{0}{}{1.000}{}{0.00}

R {6841}{0}{<fff>}{The Village Chief's Hut}{ }{}{Lost Isle of Shaedar}{}{INSIDE}{}{1.000}{}
E {6840}{w}{w}{8}{0}{}{1.000}{}{0.00}

R {6842}{0}{<fff>}{A Modest Hut}{ }{}{Lost Isle of Shaedar}{}{INSIDE}{}{1.000}{}
E {6838}{n}{n}{1}{0}{}{1.000}{}{0.00}

R {6843}{0}{<fff>}{A Clean Hut}{ }{}{Lost Isle of Shaedar}{}{INSIDE}{}{1.000}{}
E {6839}{n}{n}{1}{0}{}{1.000}{}{0.00}

R {6844}{0}{<fff>}{A Thatch Hut}{ }{}{Lost Isle of Shaedar}{}{INSIDE}{}{1.000}{}
E {6840}{n}{n}{1}{0}{}{1.000}{}{0.00}

R {6845}{0}{<fff>}{The Hunter's Hut}{ }{}{Lost Isle of Shaedar}{}{INSIDE}{}{1.000}{}
E {6840}{nw}{nw}{9}{0}{}{1.000}{}{0.00}

R {6846}{0}{<fff>}{A Humble Hut}{ }{}{Lost Isle of Shaedar}{}{INSIDE}{}{1.000}{}
E {6834}{s}{s}{4}{0}{}{1.000}{}{0.00}

R {6847}{0}{<fff>}{A Falling-down Hut}{ }{}{Lost Isle of Shaedar}{}{INSIDE}{}{1.000}{}
E {6838}{s}{s}{4}{0}{}{1.000}{}{0.00}

R {6848}{0}{<fff>}{A Dirty Hut}{ }{}{Lost Isle of Shaedar}{}{INSIDE}{}{1.000}{}
E {6839}{s}{s}{4}{0}{}{1.000}{}{0.00}

R {6849}{0}{<fff>}{A Small Hut}{ }{}{Lost Isle of Shaedar}{}{INSIDE}{}{1.000}{}
E {6840}{s}{s}{4}{0}{}{1.000}{}{0.00}

R {6850}{0}{<fff>}{The Witchdoctor's Hut}{ }{}{Lost Isle of Shaedar}{}{INSIDE}{}{1.000}{}
E {6840}{sw}{sw}{12}{0}{}{1.000}{}{0.00}

R {12495}{0}{<fff>}{}{NT}{}{}{}{NOSWIM}{}{1.000}{}
