C 50000

V 2020

CAVOID <118>
CBACKGROUND 
CBLOCK <218>
CEXITS <278>
CFOG <148>
CHIDE <168>
CINVISIBLE <208>
CPATHS <138>
CROOMS <178>
CSYMBOLS <128>
CUSER <258>

F 8207

G 0

I 3643

L {ASCII NESW LINE} {NO EXITS} {x}
L {ASCII NESW LINE} {N} {o}
L {ASCII NESW LINE} {  E} {o}
L {ASCII NESW LINE} {N E} {+}
L {ASCII NESW LINE} {    S} {o}
L {ASCII NESW LINE} {N   S} {|}
L {ASCII NESW LINE} {  E S} {+}
L {ASCII NESW LINE} {N E S} {+}
L {ASCII NESW LINE} {      W} {o}
L {ASCII NESW LINE} {N     W} {+}
L {ASCII NESW LINE} {  E   W} {-}
L {ASCII NESW LINE} {N E   W} {+}
L {ASCII NESW LINE} {    S W} {+}
L {ASCII NESW LINE} {N   S W} {+}
L {ASCII NESW LINE} {  E S W} {+}
L {ASCII NESW LINE} {N E S W} {+}
L {ASCII NESW MISC} {USER} {x}
L {ASCII NESW MISC} {DIR UNKNOWN} {+}
L {ASCII NESW MISC} {N S VOID} {|}
L {ASCII NESW MISC} {E W VOID} {-}
L {ASCII NESW CURVED} {N E CURVED} {+}
L {ASCII NESW CURVED} {S E CURVED} {+}
L {ASCII NESW CURVED} {S W CURVED} {+}
L {ASCII NESW CURVED} {N W CURVED} {+}
L {ASCII NESW DIRS} {DIR N} {|}
L {ASCII NESW DIRS} {DIR NE} {/}
L {ASCII NESW DIRS} {DIR E} {-}
L {ASCII NESW DIRS} {DIR SE} {\\}
L {ASCII NESW DIRS} {DIR S} {|}
L {ASCII NESW DIRS} {DIR SW} {/}
L {ASCII NESW DIRS} {DIR W} {-}
L {ASCII NESW DIRS} {DIR NW} {\\}
L {NESW LINE} {NO EXITS} {\u2B51}
L {NESW LINE} {N} {\u2579}
L {NESW LINE} {  E} {\u257A}
L {NESW LINE} {N E} {\u2517}
L {NESW LINE} {    S} {\u257B}
L {NESW LINE} {N   S} {\u2503}
L {NESW LINE} {  E S} {\u250F}
L {NESW LINE} {N E S} {\u2523}
L {NESW LINE} {      W} {\u2578}
L {NESW LINE} {N     W} {\u251B}
L {NESW LINE} {  E   W} {\u2501}
L {NESW LINE} {N E   W} {\u253B}
L {NESW LINE} {    S W} {\u2513}
L {NESW LINE} {N   S W} {\u252B}
L {NESW LINE} {  E S W} {\u2533}
L {NESW LINE} {N E S W} {\u254B}
L {NESW MISC} {USER} {\u2B51}
L {NESW MISC} {DIR UNKNOWN} {\u2012}
L {NESW MISC} {N S VOID} {\u2507}
L {NESW MISC} {E W VOID} {\u254D}
L {NESW CURVED} {N E CURVED} {\u2570}
L {NESW CURVED} {S E CURVED} {\u256D}
L {NESW CURVED} {S W CURVED} {\u256E}
L {NESW CURVED} {N W CURVED} {\u256F}
L {NESW DIRS} {DIR N} {\u2191}
L {NESW DIRS} {DIR NE} {\u2B08}
L {NESW DIRS} {DIR E} {\u2B95}
L {NESW DIRS} {DIR SE} {\u2b0A}
L {NESW DIRS} {DIR S} {\u2193}
L {NESW DIRS} {DIR SW} {\u2B0B}
L {NESW DIRS} {DIR W} {\u2B05}
L {NESW DIRS} {DIR NW} {\u2B09}
L {MUDFONT NWS} {NO EXITS} {\u2830}
L {MUDFONT NWS} {N} {\u2838}
L {MUDFONT NWS} {  NW} {\u2831}
L {MUDFONT NWS} {N NW} {\u2839}
L {MUDFONT NWS} {     W} {\u2836}
L {MUDFONT NWS} {N    W} {\u283E}
L {MUDFONT NWS} {  NW W} {\u2837}
L {MUDFONT NWS} {N NW W} {\u283F}
L {MUDFONT NWS} {       SW} {\u2870}
L {MUDFONT NWS} {N      SW} {\u2878}
L {MUDFONT NWS} {  NW   SW} {\u2871}
L {MUDFONT NWS} {N NW   SW} {\u2879}
L {MUDFONT NWS} {     W SW} {\u2876}
L {MUDFONT NWS} {N    W SW} {\u287E}
L {MUDFONT NWS} {  NW W SW} {\u2877}
L {MUDFONT NWS} {N NW W SW} {\u287F}
L {MUDFONT NWS} {          S} {\u28B0}
L {MUDFONT NWS} {N         S} {\u28B8}
L {MUDFONT NWS} {  NW      S} {\u28B1}
L {MUDFONT NWS} {N NW      S} {\u28B9}
L {MUDFONT NWS} {     W    S} {\u28B6}
L {MUDFONT NWS} {N    W    S} {\u28BE}
L {MUDFONT NWS} {  NW W    S} {\u28B7}
L {MUDFONT NWS} {N NW W    S} {\u28BF}
L {MUDFONT NWS} {       SW S} {\u28F0}
L {MUDFONT NWS} {N      SW S} {\u28F8}
L {MUDFONT NWS} {  NW   SW S} {\u28F1}
L {MUDFONT NWS} {N NW   SW S} {\u28F9}
L {MUDFONT NWS} {     W SW S} {\u28F6}
L {MUDFONT NWS} {N    W SW S} {\u28FE}
L {MUDFONT NWS} {  NW W SW S} {\u28F7}
L {MUDFONT NWS} {N NW W SW S} {\u28FF}
L {MUDFONT NES} {NO EXITS} {\u2806}
L {MUDFONT NES} {N} {\u2807}
L {MUDFONT NES} {  NE} {\u280E}
L {MUDFONT NES} {N NE} {\u280F}
L {MUDFONT NES} {     W} {\u2836}
L {MUDFONT NES} {N    W} {\u2837}
L {MUDFONT NES} {  NE W} {\u283E}
L {MUDFONT NES} {N NE W} {\u283F}
L {MUDFONT NES} {       SE} {\u2886}
L {MUDFONT NES} {N      SE} {\u2887}
L {MUDFONT NES} {  NE   SE} {\u288E}
L {MUDFONT NES} {N NE   SE} {\u288F}
L {MUDFONT NES} {     W SE} {\u28B6}
L {MUDFONT NES} {N    W SE} {\u28B7}
L {MUDFONT NES} {  NE W SE} {\u28BE}
L {MUDFONT NES} {N NE W SE} {\u28BF}
L {MUDFONT NES} {          S} {\u2846}
L {MUDFONT NES} {N         S} {\u2847}
L {MUDFONT NES} {  NE      S} {\u284E}
L {MUDFONT NES} {N NE      S} {\u284F}
L {MUDFONT NES} {     W    S} {\u2876}
L {MUDFONT NES} {N    W    S} {\u2877}
L {MUDFONT NES} {  NE W    S} {\u287E}
L {MUDFONT NES} {N NE W    S} {\u287F}
L {MUDFONT NES} {       SE S} {\u28C6}
L {MUDFONT NES} {N      SE S} {\u28C7}
L {MUDFONT NES} {  NE   SE S} {\u28CE}
L {MUDFONT NES} {N NE   SE S} {\u28CF}
L {MUDFONT NES} {     W SE S} {\u28F6}
L {MUDFONT NES} {N    W SE S} {\u28F7}
L {MUDFONT NES} {  NE W SE S} {\u28FE}
L {MUDFONT NES} {N NE W SE S} {\u28FF}
L {MUDFONT VOID NWS} {NO EXITS} {\u2800}
L {MUDFONT VOID NWS} {N} {\u2808}
L {MUDFONT VOID NWS} {  NW} {\u2801}
L {MUDFONT VOID NWS} {N NW} {\u2809}
L {MUDFONT VOID NWS} {     W} {\u2806}
L {MUDFONT VOID NWS} {N    W} {\u280E}
L {MUDFONT VOID NWS} {  NW W} {\u2807}
L {MUDFONT VOID NWS} {N NW W} {\u280F}
L {MUDFONT VOID NWS} {       SW} {\u2840}
L {MUDFONT VOID NWS} {N      SW} {\u2848}
L {MUDFONT VOID NWS} {  NW   SW} {\u2841}
L {MUDFONT VOID NWS} {N NW   SW} {\u2849}
L {MUDFONT VOID NWS} {     W SW} {\u2846}
L {MUDFONT VOID NWS} {N    W SW} {\u284E}
L {MUDFONT VOID NWS} {  NW W SW} {\u2847}
L {MUDFONT VOID NWS} {N NW W SW} {\u284F}
L {MUDFONT VOID NWS} {          S} {\u2880}
L {MUDFONT VOID NWS} {N         S} {\u2888}
L {MUDFONT VOID NWS} {  NW      S} {\u2881}
L {MUDFONT VOID NWS} {N NW      S} {\u2889}
L {MUDFONT VOID NWS} {     W    S} {\u2886}
L {MUDFONT VOID NWS} {N    W    S} {\u288E}
L {MUDFONT VOID NWS} {  NW W    S} {\u2887}
L {MUDFONT VOID NWS} {N NW W    S} {\u288F}
L {MUDFONT VOID NWS} {       SW S} {\u28C0}
L {MUDFONT VOID NWS} {N      SW S} {\u28C8}
L {MUDFONT VOID NWS} {  NW   SW S} {\u28C1}
L {MUDFONT VOID NWS} {N NW   SW S} {\u28C9}
L {MUDFONT VOID NWS} {     W SW S} {\u28C6}
L {MUDFONT VOID NWS} {N    W SW S} {\u28CE}
L {MUDFONT VOID NWS} {  NW W SW S} {\u28C7}
L {MUDFONT VOID NWS} {N NW W SW S} {\u28CF}
L {MUDFONT VOID NES} {NO EXITS} {\u2800}
L {MUDFONT VOID NES} {N} {\u2801}
L {MUDFONT VOID NES} {  NE} {\u2808}
L {MUDFONT VOID NES} {N NE} {\u2809}
L {MUDFONT VOID NES} {     W} {\u2830}
L {MUDFONT VOID NES} {N    W} {\u2831}
L {MUDFONT VOID NES} {  NE W} {\u2838}
L {MUDFONT VOID NES} {N NE W} {\u2839}
L {MUDFONT VOID NES} {       SE} {\u2880}
L {MUDFONT VOID NES} {N      SE} {\u2881}
L {MUDFONT VOID NES} {  NE   SE} {\u2888}
L {MUDFONT VOID NES} {N NE   SE} {\u2889}
L {MUDFONT VOID NES} {     W SE} {\u28B0}
L {MUDFONT VOID NES} {N    W SE} {\u28B1}
L {MUDFONT VOID NES} {  NE W SE} {\u28B8}
L {MUDFONT VOID NES} {N NE W SE} {\u28B9}
L {MUDFONT VOID NES} {          S} {\u2840}
L {MUDFONT VOID NES} {N         S} {\u2841}
L {MUDFONT VOID NES} {  NE      S} {\u2848}
L {MUDFONT VOID NES} {N NE      S} {\u2849}
L {MUDFONT VOID NES} {     W    S} {\u2870}
L {MUDFONT VOID NES} {N    W    S} {\u2871}
L {MUDFONT VOID NES} {  NE W    S} {\u2878}
L {MUDFONT VOID NES} {N NE W    S} {\u2879}
L {MUDFONT VOID NES} {       SE S} {\u28C0}
L {MUDFONT VOID NES} {N      SE S} {\u28C1}
L {MUDFONT VOID NES} {  NE   SE S} {\u28C8}
L {MUDFONT VOID NES} {N NE   SE S} {\u28C9}
L {MUDFONT VOID NES} {     W SE S} {\u28F0}
L {MUDFONT VOID NES} {N    W SE S} {\u28F1}
L {MUDFONT VOID NES} {  NE W SE S} {\u28F8}
L {MUDFONT VOID NES} {N NE W SE S} {\u28F9}
L {MUDFONT CURVED} {N E} {\u2818}
L {MUDFONT CURVED} {S E} {\u28A0}
L {MUDFONT CURVED} {S W} {\u2844}
L {MUDFONT CURVED} {N W} {\u2803}
L {UNICODE GRAPHICS} {NO DIAGONAL} {}
L {UNICODE GRAPHICS} {SE} {\u2198}
L {UNICODE GRAPHICS} {NE} {\u2197}
L {UNICODE GRAPHICS} {SE NE} {>}
L {UNICODE GRAPHICS} {SW} {\u2199}
L {UNICODE GRAPHICS} {SE SW} {\u2E0C\u2E0D}
L {UNICODE GRAPHICS} {NE SW} {\uFF0F}
L {UNICODE GRAPHICS} {SE NE SW} {>\u2E0D}
L {UNICODE GRAPHICS} {NW} {\u2196}
L {UNICODE GRAPHICS} {SE NW} {\uFF3C}
L {UNICODE GRAPHICS} {NE NW} {\u2E1D\u2E1C}
L {UNICODE GRAPHICS} {SE NE NW} {>\u2E1C}
L {UNICODE GRAPHICS} {SW NW} {<}
L {UNICODE GRAPHICS} {SE SW NW} {\u2E0C<}
L {UNICODE GRAPHICS} {NE SW NW} {\u2E1D<}
L {UNICODE GRAPHICS} {SE NE SW NW} {><}
L {UNICODE GRAPHICS} {D} {-}
L {UNICODE GRAPHICS} {N} {\u2191}
L {UNICODE GRAPHICS} {S} {\u2193}
L {UNICODE GRAPHICS} {N S} {\u2502}
L {UNICODE GRAPHICS} {U} {+}
L {UNICODE GRAPHICS} {E} {\u2192}
L {UNICODE GRAPHICS} {W} {\u2190}
L {UNICODE GRAPHICS} {E W} {\u2500}
L {UNICODE GRAPHICS} {ROOM L} {[}
L {UNICODE GRAPHICS} {ROOM L CURVED} {(}
L {UNICODE GRAPHICS} {ROOM R} {]}
L {UNICODE GRAPHICS} {ROOM R CURVED} {)}




T {} { } {}
T {CITY} {<FF03A2E>=} {WIDE}
T {FIELD} {<F9A7D0A>·} {WIDE FADEOUT}
T {FOREST} {<F0B5345>⍋} {WIDE FADEOUT}
T {HILLS} {<F7D6608>︵} {DENSE WIDE FADEOUT DOUBLE}
T {INSIDE} {<F922B21>≡} {}
T {MIDAIR} {<F6C3483>⊰} {SPARSE WIDE}
T {MOUNTAINS} {<F935116>◮} {WIDE}
T {NOSWIM} {<F21618C>~} {}
T {SWIM} {<F21618C>~} {}



R {1}{0}{}{}{ }{}{}{}{}{}{1.000}{}

R {2}{4104}{}{}{ }{}{}{}{INSIDE}{}{1.000}{}
E {3607}{n}{n}{1}{0}{}{1.000}{}{0.00}
E {3602}{s}{s}{4}{0}{}{1.000}{}{0.00}

R {3}{4104}{}{}{ }{}{}{}{INSIDE}{}{1.000}{}
E {3655}{s}{s}{4}{0}{}{1.000}{}{0.00}
E {3656}{n}{n}{1}{0}{}{1.000}{}{0.00}

R {4}{4104}{}{}{ }{}{}{}{INSIDE}{}{1.000}{}
E {3652}{w}{w}{8}{0}{}{1.000}{}{0.00}
E {3678}{e}{e}{2}{0}{}{1.000}{}{0.00}

R {5}{4104}{}{}{ }{}{}{}{INSIDE}{}{1.000}{}
E {3656}{w}{w}{8}{0}{}{1.000}{}{0.00}
E {3680}{e}{e}{2}{0}{}{1.000}{}{0.00}

R {6}{4104}{}{}{ }{}{}{}{INSIDE}{}{1.000}{}
E {3679}{n}{n}{1}{0}{}{1.000}{}{0.00}
E {3678}{s}{s}{4}{0}{}{1.000}{}{0.00}

R {7}{4104}{}{}{ }{}{}{}{INSIDE}{}{1.000}{}
E {3679}{s}{s}{4}{0}{}{1.000}{}{0.00}
E {3680}{n}{n}{1}{0}{}{1.000}{}{0.00}

R {8}{4104}{}{}{ }{}{}{}{INSIDE}{}{1.000}{}
E {3682}{ne}{ne}{3}{0}{}{1.000}{}{0.00}
E {3683}{sw}{sw}{12}{0}{}{1.000}{}{0.00}

R {9}{4104}{}{}{ }{}{}{}{INSIDE}{}{1.000}{}
E {3682}{se}{se}{6}{0}{}{1.000}{}{0.00}
E {3681}{nw}{nw}{9}{0}{}{1.000}{}{0.00}

R {10}{4104}{}{}{ }{}{}{}{INSIDE}{}{1.000}{}
E {3698}{d}{d}{32}{0}{}{1.000}{}{0.00}
E {22}{u}{u}{16}{0}{}{1.000}{}{0.00}

R {11}{4104}{}{}{ }{}{}{}{INSIDE}{}{1.000}{}
E {3692}{s}{s}{4}{0}{}{1.000}{}{0.00}
E {3682}{n}{n}{1}{0}{}{1.000}{}{0.00}

R {22}{4104}{}{}{ }{}{}{}{INSIDE}{}{1.000}{}
E {10}{d}{d}{32}{0}{}{1.000}{}{0.00}
E {23}{u}{u}{16}{0}{}{1.000}{}{0.00}

R {23}{4104}{}{}{ }{}{}{}{INSIDE}{}{1.000}{}
E {22}{d}{d}{32}{0}{}{1.000}{}{0.00}
E {3692}{u}{u}{16}{0}{}{1.000}{}{0.00}

R {3600}{0}{<fff>}{Entrance to Sesame Street}{ }{}{Sesame Street and Muppet Theatre}{}{INSIDE}{}{1.000}{}
E {3601}{n}{n}{1}{0}{}{1.000}{}{0.00}
E {12489}{s}{jt_m_link_action {south} {the grand city of New Thalos} {12489}}{4}{0}{}{1.000}{}{0.00}

R {3601}{0}{<fff>}{On the Way to Sesame Street}{ }{}{Sesame Street and Muppet Theatre}{}{INSIDE}{}{1.000}{}
E {3602}{n}{n}{1}{0}{}{1.000}{}{0.00}
E {3600}{s}{s}{4}{0}{}{1.000}{}{0.00}

R {3602}{0}{<fff>}{South End of Sesame Street}{ }{}{Sesame Street and Muppet Theatre}{}{INSIDE}{}{1.000}{}
E {3603}{e}{jt_m_open_door {east}}{2}{0}{}{1.000}{}{0.00}
E {2}{n}{n}{1}{0}{}{1.000}{}{0.00}
E {3604}{ne}{ne}{3}{0}{}{1.000}{}{0.00}
E {3601}{s}{s}{4}{0}{}{1.000}{}{0.00}

R {3603}{0}{<fff>}{The Room That Should Not Be}{ }{}{Sesame Street and Muppet Theatre}{}{INSIDE}{}{1.000}{}
E {3695}{e}{e}{2}{0}{}{1.000}{}{0.00}
E {3602}{w}{jt_m_open_door {west}}{8}{0}{}{1.000}{}{0.00}

R {3604}{0}{<fff>}{On top of Oscar's Can}{ }{}{Sesame Street and Muppet Theatre}{}{INSIDE}{}{1.000}{}
E {3605}{d}{jt_m_open_door {down}}{32}{0}{}{1.000}{}{0.00}
E {3602}{sw}{sw}{12}{0}{}{1.000}{}{0.00}

R {3605}{0}{<fff>}{Inside Oscar's can}{ }{}{Sesame Street and Muppet Theatre}{}{INSIDE}{}{1.000}{}
E {3606}{d}{d}{32}{0}{}{1.000}{}{0.00}
E {3604}{u}{jt_m_open_door {up}}{16}{0}{}{1.000}{}{0.00}

R {3606}{0}{<fff>}{In the Mud bath}{ }{}{Sesame Street and Muppet Theatre}{}{INSIDE}{}{1.000}{}
E {3605}{u}{u}{16}{0}{}{1.000}{}{0.00}

R {3607}{0}{<fff>}{In Front of 123 Sesame Street}{ }{}{Sesame Street and Muppet Theatre}{}{INSIDE}{}{1.000}{}
E {3608}{e}{e}{2}{0}{}{1.000}{}{0.00}
E {3619}{n}{n}{1}{0}{}{1.000}{}{0.00}
E {2}{s}{s}{4}{0}{}{1.000}{}{0.00}
E {3617}{w}{jt_m_open_door {west}}{8}{0}{}{1.000}{}{0.00}

R {3608}{0}{<fff>}{Front Steps of 123 Sesame Street}{ }{}{Sesame Street and Muppet Theatre}{}{INSIDE}{}{1.000}{}
E {3609}{e}{jt_m_open_door {east}}{2}{0}{}{1.000}{}{0.00}
E {3607}{w}{w}{8}{0}{}{1.000}{}{0.00}

R {3609}{0}{<fff>}{Lower hall of 123 Sesame Street}{ }{}{Sesame Street and Muppet Theatre}{}{INSIDE}{}{1.000}{}
E {3610}{n}{jt_m_open_door {north}}{1}{0}{}{1.000}{}{0.00}
E {3613}{u}{u}{16}{0}{}{1.000}{}{0.00}
E {3608}{w}{jt_m_open_door {west}}{8}{0}{}{1.000}{}{0.00}

R {3610}{0}{<fff>}{Bert and Ernie's Pad}{ }{}{Sesame Street and Muppet Theatre}{}{INSIDE}{}{1.000}{}
E {3611}{e}{jt_m_open_door {east}}{2}{0}{}{1.000}{}{0.00}
E {3609}{s}{jt_m_open_door {south}}{4}{0}{}{1.000}{}{0.00}

R {3611}{0}{<fff>}{Bert and Ernie's Bedroom}{ }{}{Sesame Street and Muppet Theatre}{}{INSIDE}{}{1.000}{}
E {3612}{s}{jt_m_open_door {south}}{4}{0}{}{1.000}{}{0.00}
E {3610}{w}{jt_m_open_door {west}}{8}{0}{}{1.000}{}{0.00}

R {3612}{0}{<fff>}{Bert and Ernie's Scrubby Dubby Bathroom}{ }{}{Sesame Street and Muppet Theatre}{}{INSIDE}{}{1.000}{}
E {3611}{n}{jt_m_open_door {north}}{1}{0}{}{1.000}{}{0.00}

R {3613}{0}{<fff>}{Upper Hall of 123 Sesame Street}{ }{}{Sesame Street and Muppet Theatre}{}{INSIDE}{}{1.000}{}
E {3609}{d}{d}{32}{0}{}{1.000}{}{0.00}
E {3615}{e}{jt_m_open_door {east}}{2}{0}{}{1.000}{}{0.00}
E {3614}{n}{jt_m_open_door {north}}{1}{0}{}{1.000}{}{0.00}

R {3614}{0}{<fff>}{Olivia and Gordon's Humble Abode}{ }{}{Sesame Street and Muppet Theatre}{}{INSIDE}{}{1.000}{}
E {3613}{s}{jt_m_open_door {south}}{4}{0}{}{1.000}{}{0.00}

R {3615}{0}{<fff>}{Maria and Luis's Love Nest}{ }{}{Sesame Street and Muppet Theatre}{}{INSIDE}{}{1.000}{}
E {3616}{n}{n}{1}{0}{}{1.000}{}{0.00}
E {3613}{w}{jt_m_open_door {west}}{8}{0}{}{1.000}{}{0.00}

R {3616}{0}{<fff>}{Maria and Luis's Kitchen}{ }{}{Sesame Street and Muppet Theatre}{}{INSIDE}{}{1.000}{}
E {3615}{s}{s}{4}{0}{}{1.000}{}{0.00}

R {3617}{0}{<fff>}{The Fix-It Shop}{ }{}{Sesame Street and Muppet Theatre}{}{INSIDE}{}{1.000}{}
E {3607}{e}{jt_m_open_door {east}}{2}{0}{}{1.000}{}{0.00}
E {3618}{n}{jt_m_open_door {north}}{1}{0}{}{1.000}{}{0.00}

R {3618}{0}{<fff>}{Hooper's Store}{ }{}{Sesame Street and Muppet Theatre}{}{INSIDE}{}{1.000}{}
E {3619}{e}{e}{2}{0}{}{1.000}{}{0.00}
E {3621}{n}{n}{1}{0}{}{1.000}{}{0.00}
E {3617}{s}{jt_m_open_door {south}}{4}{0}{}{1.000}{}{0.00}

R {3619}{0}{<fff>}{In Front of Hooper's Store}{ }{}{Sesame Street and Muppet Theatre}{}{INSIDE}{}{1.000}{}
E {3620}{n}{n}{1}{0}{}{1.000}{}{0.00}
E {3607}{s}{s}{4}{0}{}{1.000}{}{0.00}
E {3618}{w}{w}{8}{0}{}{1.000}{}{0.00}

R {3620}{0}{<fff>}{The Concrete Alcove}{ }{}{Sesame Street and Muppet Theatre}{}{INSIDE}{}{1.000}{}
E {3622}{ne}{jt_m_open_door {northeast}}{3}{0}{}{1.000}{}{0.00}
E {3619}{s}{s}{4}{0}{}{1.000}{}{0.00}
E {3621}{w}{w}{8}{0}{}{1.000}{}{0.00}

R {3621}{0}{<fff>}{Concrete Alcove}{ }{}{Sesame Street and Muppet Theatre}{}{INSIDE}{}{1.000}{}
E {3693}{d}{jt_m_open_door {down}}{32}{0}{}{1.000}{}{0.00}
E {3620}{e}{e}{2}{0}{}{1.000}{}{0.00}
E {3631}{nw}{jt_m_open_door {northwest}}{9}{0}{}{1.000}{}{0.00}
E {3618}{s}{s}{4}{0}{}{1.000}{}{0.00}

R {3622}{0}{<fff>}{On a scary path}{ }{}{Sesame Street and Muppet Theatre}{}{INSIDE}{}{1.000}{}
E {3623}{ne}{ne}{3}{0}{}{1.000}{}{0.00}
E {3620}{sw}{jt_m_open_door {southwest}}{12}{0}{}{1.000}{}{0.00}

R {3623}{0}{<fff>}{Near the haunted castle}{ }{}{Sesame Street and Muppet Theatre}{}{INSIDE}{}{1.000}{}
E {3622}{sw}{sw}{12}{0}{}{1.000}{}{0.00}
E {3624}{u}{u}{16}{0}{}{1.000}{}{0.00}

R {3624}{0}{<fff>}{Entrance to the haunted Castle}{ }{}{Sesame Street and Muppet Theatre}{}{INSIDE}{}{1.000}{}
E {3623}{d}{d}{32}{0}{}{1.000}{}{0.00}
E {3625}{n}{jt_m_open_door {north}}{1}{0}{}{1.000}{}{0.00}

R {3625}{0}{<fff>}{Entrance Chamber of the Castle}{ }{}{Sesame Street and Muppet Theatre}{}{INSIDE}{}{1.000}{}
E {3626}{e}{e}{2}{0}{}{1.000}{}{0.00}
E {3629}{n}{n}{1}{0}{}{1.000}{}{0.00}
E {3624}{s}{jt_m_open_door {south}}{4}{0}{}{1.000}{}{0.00}
E {3627}{u}{u}{16}{0}{}{1.000}{}{0.00}
E {3628}{w}{w}{8}{0}{}{1.000}{}{0.00}

R {3626}{0}{<fff>}{The Organ Room}{ }{}{Sesame Street and Muppet Theatre}{}{INSIDE}{}{1.000}{}
E {3625}{w}{w}{8}{0}{}{1.000}{}{0.00}

R {3627}{0}{<fff>}{The Count's Bedroom}{ }{}{Sesame Street and Muppet Theatre}{}{INSIDE}{}{1.000}{}
E {3625}{d}{d}{32}{0}{}{1.000}{}{0.00}
E {3630}{u}{u}{16}{0}{}{1.000}{}{0.00}

R {3628}{0}{<fff>}{The Library}{ }{}{Sesame Street and Muppet Theatre}{}{INSIDE}{}{1.000}{}
E {3625}{e}{e}{2}{0}{}{1.000}{}{0.00}

R {3629}{0}{<fff>}{The Guest Room}{ }{}{Sesame Street and Muppet Theatre}{}{INSIDE}{}{1.000}{}
E {3625}{s}{s}{4}{0}{}{1.000}{}{0.00}

R {3630}{0}{<fff>}{The Count's Counting Room}{ }{}{Sesame Street and Muppet Theatre}{}{INSIDE}{}{1.000}{}
E {3627}{d}{d}{32}{0}{}{1.000}{}{0.00}

R {3631}{0}{<fff>}{Gates of a Large Mansion}{ }{}{Sesame Street and Muppet Theatre}{}{INSIDE}{}{1.000}{}
E {3632}{n}{n}{1}{0}{}{1.000}{}{0.00}
E {3621}{se}{jt_m_open_door {southeast}}{6}{0}{}{1.000}{}{0.00}

R {3632}{0}{<fff>}{Nearing a Large Mansion}{ }{}{Sesame Street and Muppet Theatre}{}{INSIDE}{}{1.000}{}
E {3633}{n}{n}{1}{0}{}{1.000}{}{0.00}
E {3631}{s}{s}{4}{0}{}{1.000}{}{0.00}
E {3634}{w}{w}{8}{0}{}{1.000}{}{0.00}

R {3633}{0}{<fff>}{Pathway to the House}{ }{}{Sesame Street and Muppet Theatre}{}{INSIDE}{}{1.000}{}
E {3635}{n}{n}{1}{0}{}{1.000}{}{0.00}
E {3632}{s}{s}{4}{0}{}{1.000}{}{0.00}

R {3634}{0}{<fff>}{Inside the small gatehouse}{ }{}{Sesame Street and Muppet Theatre}{}{INSIDE}{}{1.000}{}
E {3632}{e}{e}{2}{0}{}{1.000}{}{0.00}

R {3635}{0}{<fff>}{The Doors to the Mansion of Alistair Cookie}{ }{}{Sesame Street and Muppet Theatre}{}{INSIDE}{}{1.000}{}
E {3636}{n}{jt_m_open_door {north}}{1}{0}{}{1.000}{}{0.00}
E {3633}{s}{s}{4}{0}{}{1.000}{}{0.00}

R {3636}{0}{<fff>}{The Foyer of the Mansion}{ }{}{Sesame Street and Muppet Theatre}{}{INSIDE}{}{1.000}{}
E {3638}{e}{e}{2}{0}{}{1.000}{}{0.00}
E {3640}{n}{n}{1}{0}{}{1.000}{}{0.00}
E {3635}{s}{jt_m_open_door {south}}{4}{0}{}{1.000}{}{0.00}
E {3637}{u}{u}{16}{0}{}{1.000}{}{0.00}
E {3639}{w}{w}{8}{0}{}{1.000}{}{0.00}

R {3637}{0}{<fff>}{The Upstairs Hallway}{ }{}{Sesame Street and Muppet Theatre}{}{INSIDE}{}{1.000}{}
E {3636}{d}{d}{32}{0}{}{1.000}{}{0.00}
E {3645}{e}{jt_m_open_door {east}}{2}{0}{}{1.000}{}{0.00}
E {3646}{n}{n}{1}{0}{}{1.000}{}{0.00}
E {3644}{w}{w}{8}{0}{}{1.000}{}{0.00}

R {3638}{0}{<fff>}{The Sitting Room}{ }{}{Sesame Street and Muppet Theatre}{}{INSIDE}{}{1.000}{}
E {3636}{w}{w}{8}{0}{}{1.000}{}{0.00}

R {3639}{0}{<fff>}{The Study of Alistair Cookie}{ }{}{Sesame Street and Muppet Theatre}{}{INSIDE}{}{1.000}{}
E {3636}{e}{e}{2}{0}{}{1.000}{}{0.00}
E {3641}{n}{jt_m_open_door {north}}{1}{0}{}{1.000}{}{0.00}

R {3640}{0}{<fff>}{The Grand Dining Hall of Mr. Cookie}{ }{}{Sesame Street and Muppet Theatre}{}{INSIDE}{}{1.000}{}
E {3642}{e}{e}{2}{0}{}{1.000}{}{0.00}
E {3636}{s}{s}{4}{0}{}{1.000}{}{0.00}

R {3641}{0}{<fff>}{The Secret Vault of Cookie Monster}{ }{}{Sesame Street and Muppet Theatre}{}{INSIDE}{}{1.000}{}
E {3639}{s}{jt_m_open_door {south}}{4}{0}{}{1.000}{}{0.00}

R {3642}{0}{<fff>}{The Cookie Kitchen}{ }{}{Sesame Street and Muppet Theatre}{}{INSIDE}{}{1.000}{}
E {3699}{e}{jt_m_open_door {east}}{2}{0}{}{1.000}{}{0.00}
E {3643}{n}{jt_m_open_door {north}}{1}{0}{}{1.000}{}{0.00}
E {3640}{w}{w}{8}{0}{}{1.000}{}{0.00}

R {3643}{0}{<fff>}{The Pantry}{ }{}{Sesame Street and Muppet Theatre}{}{INSIDE}{}{1.000}{}
E {3649}{e}{e}{2}{0}{}{1.000}{}{0.00}
E {3642}{s}{jt_m_open_door {south}}{4}{0}{}{1.000}{}{0.00}

R {3644}{0}{<fff>}{The Conservatory of Don E. Music}{ }{}{Sesame Street and Muppet Theatre}{}{INSIDE}{}{1.000}{}
E {3637}{e}{e}{2}{0}{}{1.000}{}{0.00}

R {3645}{0}{<fff>}{The Master Sweet (er Suite) of Mr. Cookie}{ }{}{Sesame Street and Muppet Theatre}{}{INSIDE}{}{1.000}{}
E {3637}{w}{jt_m_open_door {west}}{8}{0}{}{1.000}{}{0.00}

R {3646}{0}{<fff>}{North End of the Upper Hallway}{ }{}{Sesame Street and Muppet Theatre}{}{INSIDE}{}{1.000}{}
E {3648}{e}{jt_m_open_door {east}}{2}{0}{}{1.000}{}{0.00}
E {3637}{s}{s}{4}{0}{}{1.000}{}{0.00}
E {3647}{w}{w}{8}{0}{}{1.000}{}{0.00}

R {3647}{0}{<fff>}{The TV Room of Guy Smiley}{ }{}{Sesame Street and Muppet Theatre}{}{INSIDE}{}{1.000}{}
E {3646}{e}{e}{2}{0}{}{1.000}{}{0.00}

R {3648}{0}{<fff>}{The Guest Room of the Cookie Estate}{ }{}{Sesame Street and Muppet Theatre}{}{INSIDE}{}{1.000}{}
E {3646}{w}{jt_m_open_door {west}}{8}{0}{}{1.000}{}{0.00}

R {3649}{0}{<fff>}{The Darkened Hallway}{ }{}{Sesame Street and Muppet Theatre}{}{INSIDE}{}{1.000}{}
E {3650}{e}{e}{2}{0}{}{1.000}{}{0.00}
E {3643}{w}{w}{8}{0}{}{1.000}{}{0.00}

R {3650}{0}{<fff>}{Theatre Exit}{ }{}{Sesame Street and Muppet Theatre}{}{INSIDE}{}{1.000}{}
E {3651}{u}{u}{16}{0}{}{1.000}{}{0.00}
E {3649}{w}{w}{8}{0}{}{1.000}{}{0.00}

R {3651}{0}{<fff>}{Backstage, near the exit}{ }{}{Sesame Street and Muppet Theatre}{}{INSIDE}{}{1.000}{}
E {3650}{d}{d}{32}{0}{}{1.000}{}{0.00}
E {3652}{n}{n}{1}{0}{}{1.000}{}{0.00}
E {3653}{s}{s}{4}{0}{}{1.000}{}{0.00}

R {3652}{0}{<fff>}{Backstage}{ }{}{Sesame Street and Muppet Theatre}{}{INSIDE}{}{1.000}{}
E {4}{e}{jt_m_open_door {east}}{2}{0}{}{1.000}{}{0.00}
E {3654}{n}{n}{1}{0}{}{1.000}{}{0.00}
E {3651}{s}{s}{4}{0}{}{1.000}{}{0.00}

R {3653}{0}{<fff>}{Backstage, In front of the Stairs}{ }{}{Sesame Street and Muppet Theatre}{}{INSIDE}{}{1.000}{}
E {3651}{n}{n}{1}{0}{}{1.000}{}{0.00}
E {3668}{u}{u}{16}{0}{}{1.000}{}{0.00}

R {3654}{0}{<fff>}{In the Wings (stage right)}{ }{}{Sesame Street and Muppet Theatre}{}{INSIDE}{}{1.000}{}
E {3655}{n}{n}{1}{0}{}{1.000}{}{0.00}
E {3652}{s}{s}{4}{0}{}{1.000}{}{0.00}

R {3655}{0}{<fff>}{Onstage, Behind the Curtain}{ }{}{Sesame Street and Muppet Theatre}{}{INSIDE}{}{1.000}{}
E {3658}{e}{e}{2}{0}{}{1.000}{}{0.00}
E {3}{n}{n}{1}{0}{}{1.000}{}{0.00}
E {3654}{s}{s}{4}{0}{}{1.000}{}{0.00}
E {3657}{w}{w}{8}{0}{}{1.000}{}{0.00}

R {3656}{0}{<fff>}{In the Wings (stage left)}{ }{}{Sesame Street and Muppet Theatre}{}{INSIDE}{}{1.000}{}
E {5}{e}{jt_m_open_door {east}}{2}{0}{}{1.000}{}{0.00}
E {3}{s}{s}{4}{0}{}{1.000}{}{0.00}
E {3660}{u}{u}{16}{0}{}{1.000}{}{0.00}

R {3657}{0}{<fff>}{Upstage}{ }{}{Sesame Street and Muppet Theatre}{}{INSIDE}{}{1.000}{}
E {3655}{e}{e}{2}{0}{}{1.000}{}{0.00}

R {3658}{0}{<fff>}{Downstage, on the Thrust in Front of the Curtain}{ }{}{Sesame Street and Muppet Theatre}{}{INSIDE}{}{1.000}{}
E {3659}{d}{d}{32}{0}{}{1.000}{}{0.00}
E {3655}{w}{w}{8}{0}{}{1.000}{}{0.00}

R {3659}{0}{<fff>}{The Orchestra Pit}{ }{}{Sesame Street and Muppet Theatre}{}{INSIDE}{}{1.000}{}
E {3679}{e}{e}{2}{0}{}{1.000}{}{0.00}
E {3658}{u}{u}{16}{0}{}{1.000}{}{0.00}

R {3660}{0}{<fff>}{The Prop Loft}{ }{}{Sesame Street and Muppet Theatre}{}{INSIDE}{}{1.000}{}
E {3656}{d}{d}{32}{0}{}{1.000}{}{0.00}
E {3661}{s}{s}{4}{0}{}{1.000}{}{0.00}

R {3661}{0}{<fff>}{Passage Over the Stage}{ }{}{Sesame Street and Muppet Theatre}{}{INSIDE}{}{1.000}{}
E {3662}{e}{e}{2}{0}{}{1.000}{}{0.00}
E {3660}{n}{n}{1}{0}{}{1.000}{}{0.00}
E {3664}{s}{s}{4}{0}{}{1.000}{}{0.00}
E {3663}{w}{w}{8}{0}{}{1.000}{}{0.00}

R {3662}{0}{<fff>}{The Lab of Dr. Bunsen Honeydew}{ }{}{Sesame Street and Muppet Theatre}{}{INSIDE}{}{1.000}{}
E {3661}{w}{w}{8}{0}{}{1.000}{}{0.00}

R {3663}{0}{<fff>}{Veterinarian's Hospital}{ }{}{Sesame Street and Muppet Theatre}{}{INSIDE}{}{1.000}{}
E {3661}{e}{e}{2}{0}{}{1.000}{}{0.00}

R {3664}{0}{<fff>}{Passage Over the Stage}{ }{}{Sesame Street and Muppet Theatre}{}{INSIDE}{}{1.000}{}
E {3667}{e}{e}{2}{0}{}{1.000}{}{0.00}
E {3661}{n}{n}{1}{0}{}{1.000}{}{0.00}
E {3665}{u}{u}{16}{0}{}{1.000}{}{0.00}
E {3666}{w}{w}{8}{0}{}{1.000}{}{0.00}

R {3665}{0}{<fff>}{Pigs In Space!!!!!!!}{ }{}{Sesame Street and Muppet Theatre}{}{INSIDE}{}{1.000}{}
E {3664}{d}{d}{32}{0}{}{1.000}{}{0.00}

R {3666}{0}{<fff>}{The Muppet Newsroom}{ }{}{Sesame Street and Muppet Theatre}{}{INSIDE}{}{1.000}{}
E {3664}{e}{e}{2}{0}{}{1.000}{}{0.00}

R {3667}{0}{<fff>}{The Ballroom}{ }{}{Sesame Street and Muppet Theatre}{}{INSIDE}{}{1.000}{}
E {3664}{w}{w}{8}{0}{}{1.000}{}{0.00}

R {3668}{0}{<fff>}{Second Floor Walkway}{ }{}{Sesame Street and Muppet Theatre}{}{INSIDE}{}{1.000}{}
E {3653}{d}{d}{32}{0}{}{1.000}{}{0.00}
E {3669}{s}{jt_m_open_door {south}}{4}{0}{}{1.000}{}{0.00}
E {3670}{w}{w}{8}{0}{}{1.000}{}{0.00}

R {3669}{0}{<fff>}{Dressing Room #1 (guest star Mark Hamill)}{ }{}{Sesame Street and Muppet Theatre}{}{INSIDE}{}{1.000}{}
E {3668}{n}{jt_m_open_door {north}}{1}{0}{}{1.000}{}{0.00}

R {3670}{0}{<fff>}{Second Floor Walkway}{ }{}{Sesame Street and Muppet Theatre}{}{INSIDE}{}{1.000}{}
E {3668}{e}{e}{2}{0}{}{1.000}{}{0.00}
E {3671}{n}{n}{1}{0}{}{1.000}{}{0.00}
E {3676}{s}{jt_m_open_door {south}}{4}{0}{}{1.000}{}{0.00}
E {3672}{w}{jt_m_open_door {west}}{8}{0}{}{1.000}{}{0.00}

R {3671}{0}{<fff>}{Second Floor Walkway}{ }{}{Sesame Street and Muppet Theatre}{}{INSIDE}{}{1.000}{}
E {3674}{n}{n}{1}{0}{}{1.000}{}{0.00}
E {3670}{s}{s}{4}{0}{}{1.000}{}{0.00}
E {3673}{w}{jt_m_open_door {west}}{8}{0}{}{1.000}{}{0.00}

R {3672}{0}{<fff>}{Dressing Room #3 (guest star Phyllis Diller)}{ }{}{Sesame Street and Muppet Theatre}{}{INSIDE}{}{1.000}{}
E {3670}{e}{jt_m_open_door {east}}{2}{0}{}{1.000}{}{0.00}

R {3673}{0}{<fff>}{Dressing Room of Miss Piggy}{ }{}{Sesame Street and Muppet Theatre}{}{INSIDE}{}{1.000}{}
E {3671}{e}{jt_m_open_door {east}}{2}{0}{}{1.000}{}{0.00}

R {3674}{0}{<fff>}{Second Floor Walkway}{ }{}{Sesame Street and Muppet Theatre}{}{INSIDE}{}{1.000}{}
E {3675}{n}{jt_m_open_door {north}}{1}{0}{}{1.000}{}{0.00}
E {3671}{s}{s}{4}{0}{}{1.000}{}{0.00}
E {3677}{w}{jt_m_open_door {west}}{8}{0}{}{1.000}{}{0.00}

R {3675}{0}{<fff>}{Dressing Room #4 (guest star John Denver)}{ }{}{Sesame Street and Muppet Theatre}{}{INSIDE}{}{1.000}{}
E {3674}{s}{jt_m_open_door {south}}{4}{0}{}{1.000}{}{0.00}

R {3676}{0}{<fff>}{Dressing Room #2 (guest star C-3PO)}{ }{}{Sesame Street and Muppet Theatre}{}{INSIDE}{}{1.000}{}
E {3670}{n}{jt_m_open_door {north}}{1}{0}{}{1.000}{}{0.00}

R {3677}{0}{<fff>}{The Costume Shop}{ }{}{Sesame Street and Muppet Theatre}{}{INSIDE}{}{1.000}{}
E {3674}{e}{jt_m_open_door {east}}{2}{0}{}{1.000}{}{0.00}

R {3678}{0}{<fff>}{Front of the House}{ }{}{Sesame Street and Muppet Theatre}{}{INSIDE}{}{1.000}{}
E {3683}{e}{e}{2}{0}{}{1.000}{}{0.00}
E {6}{n}{n}{1}{0}{}{1.000}{}{0.00}
E {4}{w}{jt_m_open_door {west}}{8}{0}{}{1.000}{}{0.00}

R {3679}{0}{<fff>}{Front of the House}{ }{}{Sesame Street and Muppet Theatre}{}{INSIDE}{}{1.000}{}
E {7}{n}{n}{1}{0}{}{1.000}{}{0.00}
E {6}{s}{s}{4}{0}{}{1.000}{}{0.00}
E {3659}{w}{w}{8}{0}{}{1.000}{}{0.00}

R {3680}{0}{<fff>}{Front of the House}{ }{}{Sesame Street and Muppet Theatre}{}{INSIDE}{}{1.000}{}
E {3681}{e}{e}{2}{0}{}{1.000}{}{0.00}
E {7}{s}{s}{4}{0}{}{1.000}{}{0.00}
E {5}{w}{jt_m_open_door {west}}{8}{0}{}{1.000}{}{0.00}

R {3681}{0}{<fff>}{House Right}{ }{}{Sesame Street and Muppet Theatre}{}{INSIDE}{}{1.000}{}
E {9}{se}{se}{6}{0}{}{1.000}{}{0.00}
E {3680}{w}{w}{8}{0}{}{1.000}{}{0.00}

R {3682}{0}{<fff>}{The Lobby}{ }{}{Sesame Street and Muppet Theatre}{}{INSIDE}{}{1.000}{}
E {9}{nw}{nw}{9}{0}{}{1.000}{}{0.00}
E {11}{s}{s}{4}{0}{}{1.000}{}{0.00}
E {8}{sw}{sw}{12}{0}{}{1.000}{}{0.00}
E {3684}{u}{u}{16}{0}{}{1.000}{}{0.00}

R {3683}{0}{<fff>}{House Left}{ }{}{Sesame Street and Muppet Theatre}{}{INSIDE}{}{1.000}{}
E {8}{ne}{ne}{3}{0}{}{1.000}{}{0.00}
E {3678}{w}{w}{8}{0}{}{1.000}{}{0.00}

R {3684}{0}{<fff>}{Second Floor Lobby}{ }{}{Sesame Street and Muppet Theatre}{}{INSIDE}{}{1.000}{}
E {3682}{d}{d}{32}{0}{}{1.000}{}{0.00}
E {3685}{u}{jt_m_open_door {up}}{16}{0}{}{1.000}{}{0.00}
E {3686}{w}{w}{8}{0}{}{1.000}{}{0.00}

R {3685}{0}{<fff>}{Up in the Spotlight}{ }{}{Sesame Street and Muppet Theatre}{}{INSIDE}{}{1.000}{}
E {3684}{d}{jt_m_open_door {down}}{32}{0}{}{1.000}{}{0.00}

R {3686}{0}{<fff>}{Hallway to Box Seats}{ }{}{Sesame Street and Muppet Theatre}{}{INSIDE}{}{1.000}{}
E {3684}{e}{e}{2}{0}{}{1.000}{}{0.00}
E {3688}{w}{w}{8}{0}{}{1.000}{}{0.00}

R {3688}{0}{<fff>}{Hallway to Box Seats}{ }{}{Sesame Street and Muppet Theatre}{}{INSIDE}{}{1.000}{}
E {3686}{e}{e}{2}{0}{}{1.000}{}{0.00}
E {3691}{s}{s}{4}{0}{}{1.000}{}{0.00}
E {3689}{w}{w}{8}{0}{}{1.000}{}{0.00}

R {3689}{0}{<fff>}{Hallway to Box Seats}{ }{}{Sesame Street and Muppet Theatre}{}{INSIDE}{}{1.000}{}
E {3688}{e}{e}{2}{0}{}{1.000}{}{0.00}
E {3690}{s}{s}{4}{0}{}{1.000}{}{0.00}

R {3690}{0}{<fff>}{Statler and Waldorf's Box Seats}{ }{}{Sesame Street and Muppet Theatre}{}{INSIDE}{}{1.000}{}
E {3689}{n}{n}{1}{0}{}{1.000}{}{0.00}

R {3691}{0}{<fff>}{Box Seats}{ }{}{Sesame Street and Muppet Theatre}{}{INSIDE}{}{1.000}{}
E {3688}{n}{n}{1}{0}{}{1.000}{}{0.00}

R {3692}{0}{<fff>}{The Box Office}{ }{}{Sesame Street and Muppet Theatre}{}{INSIDE}{}{1.000}{}
E {23}{d}{jt_m_open_door {down}}{32}{0}{}{1.000}{}{0.00}
E {11}{n}{n}{1}{0}{}{1.000}{}{0.00}

R {3693}{0}{<fff>}{The Sewers of Sesame Street}{ }{}{Sesame Street and Muppet Theatre}{}{INSIDE}{}{1.000}{}
E {3694}{s}{s}{4}{0}{}{1.000}{}{0.00}
E {3621}{u}{jt_m_open_door {up}}{16}{0}{}{1.000}{}{0.00}

R {3694}{0}{<fff>}{The Sewers of Sesame Street}{ }{}{Sesame Street and Muppet Theatre}{}{INSIDE}{}{1.000}{}
E {3696}{e}{jt_m_open_door {east}}{2}{0}{}{1.000}{}{0.00}
E {3693}{n}{n}{1}{0}{}{1.000}{}{0.00}

R {3695}{0}{<fff>}{Near a VERY large nest.}{ }{}{Sesame Street and Muppet Theatre}{}{INSIDE}{}{1.000}{}
E {3603}{w}{w}{8}{0}{}{1.000}{}{0.00}

R {3696}{0}{<fff>}{The Hidden Domain of the Failed Muppets}{ }{}{Sesame Street and Muppet Theatre}{}{INSIDE}{}{1.000}{}
E {3697}{d}{d}{32}{0}{}{1.000}{}{0.00}
E {3694}{w}{jt_m_open_door {west}}{8}{0}{}{1.000}{}{0.00}

R {3697}{0}{<fff>}{Dank Dungeon of the Failed Muppets}{ }{}{Sesame Street and Muppet Theatre}{}{INSIDE}{}{1.000}{}
E {3698}{s}{s}{4}{0}{}{1.000}{}{0.00}
E {3696}{u}{u}{16}{0}{}{1.000}{}{0.00}

R {3698}{0}{<fff>}{Dank Dungeon of the Failed Guest Stars}{ }{}{Sesame Street and Muppet Theatre}{}{INSIDE}{}{1.000}{}
E {3697}{n}{n}{1}{0}{}{1.000}{}{0.00}
E {10}{u}{jt_m_open_door {up}}{16}{0}{}{1.000}{}{0.00}

R {3699}{0}{<fff>}{Inside The Cookie Oven}{ }{}{Sesame Street and Muppet Theatre}{}{INSIDE}{}{1.000}{}
E {3642}{w}{w}{8}{0}{}{1.000}{}{0.00}

R {12489}{0}{<fff>}{}{NT}{}{}{}{CITY}{}{1.000}{}
