C 50000

V 20231

CAVOID <118>
CBACKGROUND 
CBLOCK <218>
CEXITS <278>
CFOG <148>
CHIDE <168>
CINVISIBLE <208>
CPATHS <138>
CROOMS <178>
CSYMBOLS <128>
CUSER <258>

F 1056783

G 0

I 13080

L {ASCII NESW LINE} {NO EXITS} {x}
L {ASCII NESW LINE} {N} {o}
L {ASCII NESW LINE} {  E} {o}
L {ASCII NESW LINE} {N E} {+}
L {ASCII NESW LINE} {    S} {o}
L {ASCII NESW LINE} {N   S} {|}
L {ASCII NESW LINE} {  E S} {+}
L {ASCII NESW LINE} {N E S} {+}
L {ASCII NESW LINE} {      W} {o}
L {ASCII NESW LINE} {N     W} {+}
L {ASCII NESW LINE} {  E   W} {-}
L {ASCII NESW LINE} {N E   W} {+}
L {ASCII NESW LINE} {    S W} {+}
L {ASCII NESW LINE} {N   S W} {+}
L {ASCII NESW LINE} {  E S W} {+}
L {ASCII NESW LINE} {N E S W} {+}
L {ASCII NESW MISC} {USER} {x}
L {ASCII NESW MISC} {DIR UNKNOWN} {+}
L {ASCII NESW MISC} {N S VOID} {|}
L {ASCII NESW MISC} {E W VOID} {-}
L {ASCII NESW CURVED} {N E CURVED} {+}
L {ASCII NESW CURVED} {S E CURVED} {+}
L {ASCII NESW CURVED} {S W CURVED} {+}
L {ASCII NESW CURVED} {N W CURVED} {+}
L {ASCII NESW DIRS} {DIR N} {|}
L {ASCII NESW DIRS} {DIR NE} {/}
L {ASCII NESW DIRS} {DIR E} {-}
L {ASCII NESW DIRS} {DIR SE} {\\}
L {ASCII NESW DIRS} {DIR S} {|}
L {ASCII NESW DIRS} {DIR SW} {/}
L {ASCII NESW DIRS} {DIR W} {-}
L {ASCII NESW DIRS} {DIR NW} {\\}
L {NESW LINE} {NO EXITS} {\u2B51}
L {NESW LINE} {N} {\u2579}
L {NESW LINE} {  E} {\u257A}
L {NESW LINE} {N E} {\u2517}
L {NESW LINE} {    S} {\u257B}
L {NESW LINE} {N   S} {\u2503}
L {NESW LINE} {  E S} {\u250F}
L {NESW LINE} {N E S} {\u2523}
L {NESW LINE} {      W} {\u2578}
L {NESW LINE} {N     W} {\u251B}
L {NESW LINE} {  E   W} {\u2501}
L {NESW LINE} {N E   W} {\u253B}
L {NESW LINE} {    S W} {\u2513}
L {NESW LINE} {N   S W} {\u252B}
L {NESW LINE} {  E S W} {\u2533}
L {NESW LINE} {N E S W} {\u254B}
L {NESW MISC} {USER} {\u2B51}
L {NESW MISC} {DIR UNKNOWN} {\u2012}
L {NESW MISC} {N S VOID} {\u2507}
L {NESW MISC} {E W VOID} {\u254D}
L {NESW CURVED} {N E CURVED} {\u2570}
L {NESW CURVED} {S E CURVED} {\u256D}
L {NESW CURVED} {S W CURVED} {\u256E}
L {NESW CURVED} {N W CURVED} {\u256F}
L {NESW DIRS} {DIR N} {\u2191}
L {NESW DIRS} {DIR NE} {\u2B08}
L {NESW DIRS} {DIR E} {\u2B95}
L {NESW DIRS} {DIR SE} {\u2b0A}
L {NESW DIRS} {DIR S} {\u2193}
L {NESW DIRS} {DIR SW} {\u2B0B}
L {NESW DIRS} {DIR W} {\u2B05}
L {NESW DIRS} {DIR NW} {\u2B09}
L {MUDFONT NWS} {NO EXITS} {\u2830}
L {MUDFONT NWS} {N} {\u2838}
L {MUDFONT NWS} {  NW} {\u2831}
L {MUDFONT NWS} {N NW} {\u2839}
L {MUDFONT NWS} {     W} {\u2836}
L {MUDFONT NWS} {N    W} {\u283E}
L {MUDFONT NWS} {  NW W} {\u2837}
L {MUDFONT NWS} {N NW W} {\u283F}
L {MUDFONT NWS} {       SW} {\u2870}
L {MUDFONT NWS} {N      SW} {\u2878}
L {MUDFONT NWS} {  NW   SW} {\u2871}
L {MUDFONT NWS} {N NW   SW} {\u2879}
L {MUDFONT NWS} {     W SW} {\u2876}
L {MUDFONT NWS} {N    W SW} {\u287E}
L {MUDFONT NWS} {  NW W SW} {\u2877}
L {MUDFONT NWS} {N NW W SW} {\u287F}
L {MUDFONT NWS} {          S} {\u28B0}
L {MUDFONT NWS} {N         S} {\u28B8}
L {MUDFONT NWS} {  NW      S} {\u28B1}
L {MUDFONT NWS} {N NW      S} {\u28B9}
L {MUDFONT NWS} {     W    S} {\u28B6}
L {MUDFONT NWS} {N    W    S} {\u28BE}
L {MUDFONT NWS} {  NW W    S} {\u28B7}
L {MUDFONT NWS} {N NW W    S} {\u28BF}
L {MUDFONT NWS} {       SW S} {\u28F0}
L {MUDFONT NWS} {N      SW S} {\u28F8}
L {MUDFONT NWS} {  NW   SW S} {\u28F1}
L {MUDFONT NWS} {N NW   SW S} {\u28F9}
L {MUDFONT NWS} {     W SW S} {\u28F6}
L {MUDFONT NWS} {N    W SW S} {\u28FE}
L {MUDFONT NWS} {  NW W SW S} {\u28F7}
L {MUDFONT NWS} {N NW W SW S} {\u28FF}
L {MUDFONT NES} {NO EXITS} {\u2806}
L {MUDFONT NES} {N} {\u2807}
L {MUDFONT NES} {  NE} {\u280E}
L {MUDFONT NES} {N NE} {\u280F}
L {MUDFONT NES} {     W} {\u2836}
L {MUDFONT NES} {N    W} {\u2837}
L {MUDFONT NES} {  NE W} {\u283E}
L {MUDFONT NES} {N NE W} {\u283F}
L {MUDFONT NES} {       SE} {\u2886}
L {MUDFONT NES} {N      SE} {\u2887}
L {MUDFONT NES} {  NE   SE} {\u288E}
L {MUDFONT NES} {N NE   SE} {\u288F}
L {MUDFONT NES} {     W SE} {\u28B6}
L {MUDFONT NES} {N    W SE} {\u28B7}
L {MUDFONT NES} {  NE W SE} {\u28BE}
L {MUDFONT NES} {N NE W SE} {\u28BF}
L {MUDFONT NES} {          S} {\u2846}
L {MUDFONT NES} {N         S} {\u2847}
L {MUDFONT NES} {  NE      S} {\u284E}
L {MUDFONT NES} {N NE      S} {\u284F}
L {MUDFONT NES} {     W    S} {\u2876}
L {MUDFONT NES} {N    W    S} {\u2877}
L {MUDFONT NES} {  NE W    S} {\u287E}
L {MUDFONT NES} {N NE W    S} {\u287F}
L {MUDFONT NES} {       SE S} {\u28C6}
L {MUDFONT NES} {N      SE S} {\u28C7}
L {MUDFONT NES} {  NE   SE S} {\u28CE}
L {MUDFONT NES} {N NE   SE S} {\u28CF}
L {MUDFONT NES} {     W SE S} {\u28F6}
L {MUDFONT NES} {N    W SE S} {\u28F7}
L {MUDFONT NES} {  NE W SE S} {\u28FE}
L {MUDFONT NES} {N NE W SE S} {\u28FF}
L {MUDFONT VOID NWS} {NO EXITS} {\u2800}
L {MUDFONT VOID NWS} {N} {\u2808}
L {MUDFONT VOID NWS} {  NW} {\u2801}
L {MUDFONT VOID NWS} {N NW} {\u2809}
L {MUDFONT VOID NWS} {     W} {\u2806}
L {MUDFONT VOID NWS} {N    W} {\u280E}
L {MUDFONT VOID NWS} {  NW W} {\u2807}
L {MUDFONT VOID NWS} {N NW W} {\u280F}
L {MUDFONT VOID NWS} {       SW} {\u2840}
L {MUDFONT VOID NWS} {N      SW} {\u2848}
L {MUDFONT VOID NWS} {  NW   SW} {\u2841}
L {MUDFONT VOID NWS} {N NW   SW} {\u2849}
L {MUDFONT VOID NWS} {     W SW} {\u2846}
L {MUDFONT VOID NWS} {N    W SW} {\u284E}
L {MUDFONT VOID NWS} {  NW W SW} {\u2847}
L {MUDFONT VOID NWS} {N NW W SW} {\u284F}
L {MUDFONT VOID NWS} {          S} {\u2880}
L {MUDFONT VOID NWS} {N         S} {\u2888}
L {MUDFONT VOID NWS} {  NW      S} {\u2881}
L {MUDFONT VOID NWS} {N NW      S} {\u2889}
L {MUDFONT VOID NWS} {     W    S} {\u2886}
L {MUDFONT VOID NWS} {N    W    S} {\u288E}
L {MUDFONT VOID NWS} {  NW W    S} {\u2887}
L {MUDFONT VOID NWS} {N NW W    S} {\u288F}
L {MUDFONT VOID NWS} {       SW S} {\u28C0}
L {MUDFONT VOID NWS} {N      SW S} {\u28C8}
L {MUDFONT VOID NWS} {  NW   SW S} {\u28C1}
L {MUDFONT VOID NWS} {N NW   SW S} {\u28C9}
L {MUDFONT VOID NWS} {     W SW S} {\u28C6}
L {MUDFONT VOID NWS} {N    W SW S} {\u28CE}
L {MUDFONT VOID NWS} {  NW W SW S} {\u28C7}
L {MUDFONT VOID NWS} {N NW W SW S} {\u28CF}
L {MUDFONT VOID NES} {NO EXITS} {\u2800}
L {MUDFONT VOID NES} {N} {\u2801}
L {MUDFONT VOID NES} {  NE} {\u2808}
L {MUDFONT VOID NES} {N NE} {\u2809}
L {MUDFONT VOID NES} {     W} {\u2830}
L {MUDFONT VOID NES} {N    W} {\u2831}
L {MUDFONT VOID NES} {  NE W} {\u2838}
L {MUDFONT VOID NES} {N NE W} {\u2839}
L {MUDFONT VOID NES} {       SE} {\u2880}
L {MUDFONT VOID NES} {N      SE} {\u2881}
L {MUDFONT VOID NES} {  NE   SE} {\u2888}
L {MUDFONT VOID NES} {N NE   SE} {\u2889}
L {MUDFONT VOID NES} {     W SE} {\u28B0}
L {MUDFONT VOID NES} {N    W SE} {\u28B1}
L {MUDFONT VOID NES} {  NE W SE} {\u28B8}
L {MUDFONT VOID NES} {N NE W SE} {\u28B9}
L {MUDFONT VOID NES} {          S} {\u2840}
L {MUDFONT VOID NES} {N         S} {\u2841}
L {MUDFONT VOID NES} {  NE      S} {\u2848}
L {MUDFONT VOID NES} {N NE      S} {\u2849}
L {MUDFONT VOID NES} {     W    S} {\u2870}
L {MUDFONT VOID NES} {N    W    S} {\u2871}
L {MUDFONT VOID NES} {  NE W    S} {\u2878}
L {MUDFONT VOID NES} {N NE W    S} {\u2879}
L {MUDFONT VOID NES} {       SE S} {\u28C0}
L {MUDFONT VOID NES} {N      SE S} {\u28C1}
L {MUDFONT VOID NES} {  NE   SE S} {\u28C8}
L {MUDFONT VOID NES} {N NE   SE S} {\u28C9}
L {MUDFONT VOID NES} {     W SE S} {\u28F0}
L {MUDFONT VOID NES} {N    W SE S} {\u28F1}
L {MUDFONT VOID NES} {  NE W SE S} {\u28F8}
L {MUDFONT VOID NES} {N NE W SE S} {\u28F9}
L {MUDFONT CURVED} {N E} {\u2818}
L {MUDFONT CURVED} {S E} {\u28A0}
L {MUDFONT CURVED} {S W} {\u2844}
L {MUDFONT CURVED} {N W} {\u2803}
L {UNICODE GRAPHICS} {NO DIAGONAL} { }
L {UNICODE GRAPHICS} {SE} {\u2198}
L {UNICODE GRAPHICS} {NE} {\u2197}
L {UNICODE GRAPHICS} {SE NE} {>}
L {UNICODE GRAPHICS} {SW} {\u2199}
L {UNICODE GRAPHICS} {SE SW} {\u2E0C\u2E0D}
L {UNICODE GRAPHICS} {NE SW} {\uFF0F}
L {UNICODE GRAPHICS} {SE NE SW} {>\u2E0D}
L {UNICODE GRAPHICS} {NW} {\u2196}
L {UNICODE GRAPHICS} {SE NW} {\uFF3C}
L {UNICODE GRAPHICS} {NE NW} {\u2E1D\u2E1C}
L {UNICODE GRAPHICS} {SE NE NW} {>\u2E1C}
L {UNICODE GRAPHICS} {SW NW} {<}
L {UNICODE GRAPHICS} {SE SW NW} {\u2E0C<}
L {UNICODE GRAPHICS} {NE SW NW} {\u2E1D<}
L {UNICODE GRAPHICS} {SE NE SW NW} {><}
L {UNICODE GRAPHICS} {D} {-}
L {UNICODE GRAPHICS} {N} {\u2191}
L {UNICODE GRAPHICS} {S} {\u2193}
L {UNICODE GRAPHICS} {N S} {\u2502}
L {UNICODE GRAPHICS} {U} {+}
L {UNICODE GRAPHICS} {E} {\u2192}
L {UNICODE GRAPHICS} {W} {\u2190}
L {UNICODE GRAPHICS} {E W} {\u2500}
L {UNICODE GRAPHICS} {ROOM L} {[}
L {UNICODE GRAPHICS} {ROOM L CURVED} {(}
L {UNICODE GRAPHICS} {ROOM R} {]}
L {UNICODE GRAPHICS} {ROOM R CURVED} {)}




T {} { } {}
T {CITY} {<FF03A2E>=} {WIDE}
T {FIELD} {<F9A7D0A>·} {WIDE FADEOUT}
T {FOREST} {<F0B5345>⍋} {WIDE FADEOUT}
T {HILLS} {<F7D6608>︵} {DENSE WIDE FADEOUT DOUBLE}
T {INSIDE} {<F922B21>≡} {}
T {MIDAIR} {<F6C3483>⊰} {SPARSE WIDE}
T {MOUNTAINS} {<F935116>◮} {WIDE}
T {NOSWIM} {<F21618C>~} {}
T {SWIM} {<F21618C>~} {}



R {1}{0}{}{}{ }{}{}{}{}{}{1.000}{}

R {2}{0}{}{}{ }{}{}{}{}{}{1.000}{}
E {13077}{w}{w}{8}{0}{}{1.000}{}{0.00}

R {3}{0}{}{}{DHa}{}{}{}{FOREST}{}{1.000}{}

R {4}{0}{}{}{ }{}{}{}{}{}{1.000}{}
E {13080}{w}{w}{8}{0}{}{1.000}{}{0.00}

R {5}{0}{}{}{ }{}{}{}{}{}{1.000}{}
E {13022}{d}{d}{32}{0}{}{1.000}{}{0.00}

R {6}{4104}{}{}{ }{}{}{}{INSIDE}{}{1.000}{}
E {13024}{n}{n}{1}{0}{}{1.000}{}{0.00}
E {13022}{s}{s}{4}{0}{}{1.000}{}{0.00}

R {3001}{0}{<fff>}{}{Mid}{}{}{}{INSIDE}{}{1.000}{}

R {4115}{0}{<fff>}{}{Mor}{}{}{}{FOREST}{}{1.000}{}

R {5120}{0}{<fff>}{}{Dro}{}{}{}{INSIDE}{}{1.000}{}

R {6137}{0}{<fff>}{}{DHa}{}{}{}{FOREST}{}{1.000}{}

R {12066}{0}{<fff>}{}{Rom}{}{}{}{CITY}{}{1.000}{}

R {13000}{0}{<fff>}{Entrance to the Shadow Grove}{*}{}{the High Tower of Sorcery}{}{FOREST}{}{1.000}{}
E {3}{s}{jt_m_link_action {south} {dark Haon-Dor} {6137}}{4}{0}{}{1.000}{}{0.00}
E {13001}{n}{n}{1}{0}{}{1.000}{}{0.00}

R {13001}{0}{<fff>}{The Shadow Grove}{ }{}{the High Tower of Sorcery}{}{FOREST}{}{1.000}{}
E {13003}{e}{e}{2}{0}{}{1.000}{}{0.00}
E {13002}{n}{n}{1}{0}{}{1.000}{}{0.00}
E {13004}{w}{w}{8}{0}{}{1.000}{}{0.00}

R {13002}{0}{<fff>}{The Shadow Grove}{ }{}{the High Tower of Sorcery}{}{FOREST}{}{1.000}{}
E {13004}{e}{e}{2}{0}{}{1.000}{}{0.00}
E {13001}{n}{n}{1}{0}{}{1.000}{}{0.00}
E {13005}{s}{s}{4}{0}{}{1.000}{}{0.00}
E {13003}{w}{w}{8}{0}{}{1.000}{}{0.00}

R {13003}{0}{<fff>}{The Shadow Grove}{ }{}{the High Tower of Sorcery}{}{FOREST}{}{1.000}{}
E {13004}{e}{e}{2}{0}{}{1.000}{}{0.00}
E {13001}{s}{s}{4}{0}{}{1.000}{}{0.00}
E {13002}{w}{w}{8}{0}{}{1.000}{}{0.00}

R {13004}{0}{<fff>}{The Shadow Grove}{ }{}{the High Tower of Sorcery}{}{FOREST}{}{1.000}{}
E {13002}{e}{e}{2}{0}{}{1.000}{}{0.00}
E {21310}{n}{n}{1}{0}{}{1.000}{}{0.00}
E {13001}{s}{s}{4}{0}{}{1.000}{}{0.00}
E {13003}{w}{w}{8}{0}{}{1.000}{}{0.00}

R {13005}{0}{<fff>}{The Shadow Grove}{ }{}{the High Tower of Sorcery}{}{FOREST}{}{1.000}{}
E {13004}{e}{e}{2}{0}{}{1.000}{}{0.00}
E {13002}{n}{n}{1}{0}{}{1.000}{}{0.00}
E {13006}{s}{s}{4}{0}{}{1.000}{}{0.00}
E {13003}{w}{w}{8}{0}{}{1.000}{}{0.00}

R {13006}{0}{<fff>}{The Shadow Grove}{ }{}{the High Tower of Sorcery}{}{FOREST}{}{1.000}{}
E {13005}{n}{n}{1}{0}{}{1.000}{}{0.00}
E {13007}{s}{s}{4}{0}{}{1.000}{}{0.00}
E {13001}{w}{w}{8}{0}{}{1.000}{}{0.00}

R {13007}{0}{<fff>}{The Shadow Grove}{ }{}{the High Tower of Sorcery}{}{FOREST}{}{1.000}{}
E {13008}{e}{e}{2}{0}{}{1.000}{}{0.00}
E {13006}{n}{n}{1}{0}{}{1.000}{}{0.00}
E {13009}{s}{s}{4}{0}{}{1.000}{}{0.00}
E {13010}{w}{w}{8}{0}{}{1.000}{}{0.00}

R {13008}{0}{<fff>}{The Shadow Grove}{ }{}{the High Tower of Sorcery}{}{FOREST}{}{1.000}{}
E {13003}{e}{e}{2}{0}{}{1.000}{}{0.00}
E {13005}{n}{n}{1}{0}{}{1.000}{}{0.00}
E {13009}{s}{s}{4}{0}{}{1.000}{}{0.00}

R {13009}{0}{<fff>}{The Shadow Grove}{ }{}{the High Tower of Sorcery}{}{FOREST}{}{1.000}{}
E {13008}{n}{n}{1}{0}{}{1.000}{}{0.00}
E {13006}{s}{s}{4}{0}{}{1.000}{}{0.00}
E {13001}{w}{w}{8}{0}{}{1.000}{}{0.00}

R {13010}{0}{<fff>}{The Shadow Grove}{ }{}{the High Tower of Sorcery}{}{FOREST}{}{1.000}{}
E {13007}{n}{n}{1}{0}{}{1.000}{}{0.00}
E {13011}{s}{s}{4}{0}{}{1.000}{}{0.00}
E {13002}{w}{w}{8}{0}{}{1.000}{}{0.00}

R {13011}{0}{<fff>}{A small clearing.}{ }{}{the High Tower of Sorcery}{}{FOREST}{}{1.000}{}
E {13007}{e}{e}{2}{0}{}{1.000}{}{0.00}
E {13012}{n}{n}{1}{0}{}{1.000}{}{0.00}
E {13003}{s}{s}{4}{0}{}{1.000}{}{0.00}

R {13012}{0}{<fff>}{Entrance to the High Tower}{ }{}{the High Tower of Sorcery}{}{INSIDE}{}{1.000}{}
E {13013}{n}{n}{1}{0}{}{1.000}{}{0.00}

R {13013}{0}{<fff>}{Inside the High Tower of Sorcery}{ }{}{the High Tower of Sorcery}{}{INSIDE}{}{1.000}{}
E {13015}{e}{e}{2}{0}{}{1.000}{}{0.00}
E {13014}{n}{n}{1}{0}{}{1.000}{}{0.00}
E {13012}{s}{s}{4}{0}{}{1.000}{}{0.00}
E {13016}{w}{w}{8}{0}{}{1.000}{}{0.00}

R {13014}{0}{<fff>}{Common Room}{%}{}{the High Tower of Sorcery}{}{INSIDE}{}{1.000}{}
E {13018}{e}{e}{2}{0}{}{1.000}{}{0.00}
E {13017}{n}{n}{1}{0}{}{1.000}{}{0.00}
E {13013}{s}{s}{4}{0}{}{1.000}{}{0.00}
E {13019}{w}{w}{8}{0}{}{1.000}{}{0.00}

R {13015}{0}{<fff>}{The hallway}{ }{}{the High Tower of Sorcery}{}{INSIDE}{}{1.000}{}
E {13030}{e}{e}{2}{0}{}{1.000}{}{0.00}
E {13013}{w}{w}{8}{0}{}{1.000}{}{0.00}

R {13016}{0}{<fff>}{Dining Room}{ }{}{the High Tower of Sorcery}{}{INSIDE}{}{1.000}{}
E {13013}{e}{e}{2}{0}{}{1.000}{}{0.00}
E {13020}{w}{jt_m_open_door {west}}{8}{0}{}{1.000}{}{0.00}

R {13017}{0}{<fff>}{Dark Hallway}{ }{}{the High Tower of Sorcery}{}{INSIDE}{}{1.000}{}
E {13021}{d}{jt_m_open_door {down}}{32}{0}{}{1.000}{}{0.00}
E {13014}{s}{s}{4}{0}{}{1.000}{}{0.00}

R {13018}{0}{<fff>}{Mages Tavern}{ }{}{the High Tower of Sorcery}{}{INSIDE}{}{1.000}{}
E {13014}{w}{w}{8}{0}{}{1.000}{}{0.00}

R {13019}{0}{<fff>}{The Magic Shop}{ }{}{the High Tower of Sorcery}{}{INSIDE}{}{1.000}{}
E {13014}{e}{e}{2}{0}{}{1.000}{}{0.00}

R {13020}{0}{<fff>}{The Kitchen}{ }{}{the High Tower of Sorcery}{}{INSIDE}{}{1.000}{}
E {13016}{e}{jt_m_open_door {east}}{2}{0}{}{1.000}{}{0.00}

R {13021}{0}{<fff>}{Below the trapdoor}{ }{}{the High Tower of Sorcery}{}{INSIDE}{}{1.000}{}
E {13022}{d}{d}{32}{0}{}{1.000}{}{0.00}
E {13017}{u}{jt_m_open_door {up}}{16}{0}{}{1.000}{}{0.00}

R {13022}{0}{<fff>}{A damp intersection}{ }{}{the High Tower of Sorcery}{}{INSIDE}{}{1.000}{}
E {5}{u}{u}{16}{0}{}{1.000}{}{0.00}
E {13023}{e}{e}{2}{0}{}{1.000}{}{0.00}
E {6}{n}{n}{1}{0}{}{1.000}{}{0.00}
E {13025}{s}{s}{4}{0}{}{1.000}{}{0.00}
E {13026}{w}{w}{8}{0}{}{1.000}{}{0.00}

R {13023}{0}{<fff>}{A dark passage}{ }{}{the High Tower of Sorcery}{}{INSIDE}{}{1.000}{}
E {13027}{n}{jt_m_open_door {north}}{1}{0}{}{1.000}{}{0.00}
E {13022}{w}{w}{8}{0}{}{1.000}{}{0.00}

R {13024}{0}{<fff>}{A dark passage}{ }{}{the High Tower of Sorcery}{}{INSIDE}{}{1.000}{}
E {13028}{e}{jt_m_open_door {east}}{2}{0}{}{1.000}{}{0.00}
E {6}{s}{s}{4}{0}{}{1.000}{}{0.00}

R {13025}{0}{<fff>}{The stagnant pool}{ }{}{the High Tower of Sorcery}{}{INSIDE}{}{1.000}{}
E {13029}{d}{d}{32}{0}{}{1.000}{}{0.00}
E {13022}{n}{n}{1}{0}{}{1.000}{}{0.00}

R {13026}{0}{<fff>}{A dark passage}{ }{}{the High Tower of Sorcery}{}{INSIDE}{}{1.000}{}
E {13022}{e}{e}{2}{0}{}{1.000}{}{0.00}

R {13027}{0}{<fff>}{A dark cell}{ }{}{the High Tower of Sorcery}{}{INSIDE}{}{1.000}{}
E {13023}{s}{jt_m_open_door {south}}{4}{0}{}{1.000}{}{0.00}

R {13028}{0}{<fff>}{The Jailor's office}{ }{}{the High Tower of Sorcery}{}{INSIDE}{}{1.000}{}
E {13024}{w}{jt_m_open_door {west}}{8}{0}{}{1.000}{}{0.00}

R {13029}{0}{<fff>}{Below the stagnant pool}{ }{}{the High Tower of Sorcery}{}{INSIDE}{}{1.000}{}
E {3001}{u}{jt_m_link_action {up} {Midgaard} {3001}}{16}{0}{}{1.000}{}{0.00}

R {13030}{0}{<fff>}{The hallway}{ }{}{the High Tower of Sorcery}{}{INSIDE}{}{1.000}{}
E {13031}{e}{e}{2}{0}{}{1.000}{}{0.00}
E {13032}{n}{jt_m_open_door {north}}{1}{0}{}{1.000}{}{0.00}
E {13033}{s}{jt_m_open_door {south}}{4}{0}{}{1.000}{}{0.00}
E {13015}{w}{w}{8}{0}{}{1.000}{}{0.00}

R {13031}{0}{<fff>}{A bend in the hallway}{ }{}{the High Tower of Sorcery}{}{INSIDE}{}{1.000}{}
E {13036}{e}{jt_m_open_door {east}}{2}{0}{}{1.000}{}{0.00}
E {13034}{n}{jt_m_open_door {north}}{1}{0}{}{1.000}{}{0.00}
E {13035}{s}{jt_m_open_door {south}}{4}{0}{}{1.000}{}{0.00}
E {13030}{w}{w}{8}{0}{}{1.000}{}{0.00}

R {13032}{0}{<fff>}{A store room}{ }{}{the High Tower of Sorcery}{}{INSIDE}{}{1.000}{}
E {13030}{s}{jt_m_open_door {south}}{4}{0}{}{1.000}{}{0.00}

R {13033}{0}{<fff>}{A broom closet}{ }{}{the High Tower of Sorcery}{}{INSIDE}{}{1.000}{}
E {13030}{n}{jt_m_open_door {north}}{1}{0}{}{1.000}{}{0.00}

R {13034}{0}{<fff>}{A hallway}{ }{}{the High Tower of Sorcery}{}{INSIDE}{}{1.000}{}
E {13037}{e}{jt_m_open_door {east}}{2}{0}{}{1.000}{}{0.00}
E {13038}{n}{n}{1}{0}{}{1.000}{}{0.00}
E {13031}{s}{jt_m_open_door {south}}{4}{0}{}{1.000}{}{0.00}

R {13035}{0}{<fff>}{The guardian's chamber}{ }{}{the High Tower of Sorcery}{}{INSIDE}{}{1.000}{}
E {13031}{n}{jt_m_open_door {north}}{1}{0}{}{1.000}{}{0.00}

R {13036}{0}{<fff>}{A guest bedroom}{ }{}{the High Tower of Sorcery}{}{INSIDE}{}{1.000}{}
E {13031}{w}{jt_m_open_door {west}}{8}{0}{}{1.000}{}{0.00}

R {13037}{0}{<fff>}{A guest bedroom}{ }{}{the High Tower of Sorcery}{}{INSIDE}{}{1.000}{}
E {13034}{w}{jt_m_open_door {west}}{8}{0}{}{1.000}{}{0.00}

R {13038}{0}{<fff>}{A hallway}{ }{}{the High Tower of Sorcery}{}{INSIDE}{}{1.000}{}
E {13039}{e}{jt_m_open_door {east}}{2}{0}{}{1.000}{}{0.00}
E {13034}{s}{s}{4}{0}{}{1.000}{}{0.00}
E {13040}{u}{u}{16}{0}{}{1.000}{}{0.00}

R {13039}{0}{<fff>}{The burnt room}{ }{}{the High Tower of Sorcery}{}{INSIDE}{}{1.000}{}
E {13038}{w}{jt_m_open_door {west}}{8}{0}{}{1.000}{}{0.00}

R {13040}{0}{<fff>}{A hallway}{ }{}{the High Tower of Sorcery}{}{INSIDE}{}{1.000}{}
E {13038}{d}{d}{32}{0}{}{1.000}{}{0.00}
E {13041}{e}{e}{2}{0}{}{1.000}{}{0.00}
E {13042}{n}{jt_m_open_door {north}}{1}{0}{}{1.000}{}{0.00}
E {13043}{w}{w}{8}{0}{}{1.000}{}{0.00}

R {13041}{0}{<fff>}{A culdesac}{ }{}{the High Tower of Sorcery}{}{INSIDE}{}{1.000}{}
E {13040}{w}{w}{8}{0}{}{1.000}{}{0.00}

R {13042}{0}{<fff>}{The Apprentice's Barracks}{ }{}{the High Tower of Sorcery}{}{INSIDE}{}{1.000}{}
E {13040}{s}{jt_m_open_door {south}}{4}{0}{}{1.000}{}{0.00}
E {13044}{w}{w}{8}{0}{}{1.000}{}{0.00}

R {13043}{0}{<fff>}{A hallway}{ }{}{the High Tower of Sorcery}{}{INSIDE}{}{1.000}{}
E {13040}{e}{e}{2}{0}{}{1.000}{}{0.00}
E {13044}{n}{jt_m_open_door {north}}{1}{0}{}{1.000}{}{0.00}
E {13045}{w}{w}{8}{0}{}{1.000}{}{0.00}

R {13044}{0}{<fff>}{The Apprentice's barracks}{ }{}{the High Tower of Sorcery}{}{INSIDE}{}{1.000}{}
E {13042}{e}{e}{2}{0}{}{1.000}{}{0.00}
E {13043}{s}{jt_m_open_door {south}}{4}{0}{}{1.000}{}{0.00}

R {13045}{0}{<fff>}{A hallway}{ }{}{the High Tower of Sorcery}{}{INSIDE}{}{1.000}{}
E {13043}{e}{e}{2}{0}{}{1.000}{}{0.00}
E {13046}{n}{jt_m_open_door {north}}{1}{0}{}{1.000}{}{0.00}
E {13047}{w}{w}{8}{0}{}{1.000}{}{0.00}

R {13046}{0}{<fff>}{The apprentice's workshop}{ }{}{the High Tower of Sorcery}{}{INSIDE}{}{1.000}{}
E {13045}{s}{jt_m_open_door {south}}{4}{0}{}{1.000}{}{0.00}

R {13047}{0}{<fff>}{A bend in the hallway}{ }{}{the High Tower of Sorcery}{}{INSIDE}{}{1.000}{}
E {13045}{e}{e}{2}{0}{}{1.000}{}{0.00}
E {13048}{s}{s}{4}{0}{}{1.000}{}{0.00}

R {13048}{0}{<fff>}{The hallway}{ }{}{the High Tower of Sorcery}{}{INSIDE}{}{1.000}{}
E {13047}{n}{n}{1}{0}{}{1.000}{}{0.00}
E {13050}{s}{s}{4}{0}{}{1.000}{}{0.00}
E {13049}{w}{jt_m_open_door {west}}{8}{0}{}{1.000}{}{0.00}

R {13049}{0}{<fff>}{A classroom}{ }{}{the High Tower of Sorcery}{}{INSIDE}{}{1.000}{}
E {13048}{e}{jt_m_open_door {east}}{2}{0}{}{1.000}{}{0.00}

R {13050}{0}{<fff>}{A hallway}{ }{}{the High Tower of Sorcery}{}{INSIDE}{}{1.000}{}
E {13048}{n}{n}{1}{0}{}{1.000}{}{0.00}
E {13051}{s}{s}{4}{0}{}{1.000}{}{0.00}
E {13052}{w}{jt_m_open_door {west}}{8}{0}{}{1.000}{}{0.00}

R {13051}{0}{<fff>}{A hallway}{ }{}{the High Tower of Sorcery}{}{INSIDE}{}{1.000}{}
E {13050}{n}{n}{1}{0}{}{1.000}{}{0.00}
E {13053}{s}{s}{4}{0}{}{1.000}{}{0.00}
E {13054}{w}{jt_m_open_door {west}}{8}{0}{}{1.000}{}{0.00}

R {13052}{0}{<fff>}{An empty classroom}{ }{}{the High Tower of Sorcery}{}{INSIDE}{}{1.000}{}
E {13050}{e}{jt_m_open_door {east}}{2}{0}{}{1.000}{}{0.00}

R {13053}{0}{<fff>}{A bend in the hallway}{ }{}{the High Tower of Sorcery}{}{INSIDE}{}{1.000}{}
E {13055}{e}{e}{2}{0}{}{1.000}{}{0.00}
E {13051}{n}{n}{1}{0}{}{1.000}{}{0.00}

R {13054}{0}{<fff>}{An empty classroom}{ }{}{the High Tower of Sorcery}{}{INSIDE}{}{1.000}{}
E {13051}{e}{jt_m_open_door {east}}{2}{0}{}{1.000}{}{0.00}

R {13055}{0}{<fff>}{A hallway}{ }{}{the High Tower of Sorcery}{}{INSIDE}{}{1.000}{}
E {13056}{e}{e}{2}{0}{}{1.000}{}{0.00}
E {13057}{s}{jt_m_open_door {south}}{4}{0}{}{1.000}{}{0.00}
E {13053}{w}{w}{8}{0}{}{1.000}{}{0.00}

R {13056}{0}{<fff>}{A hallway}{ }{}{the High Tower of Sorcery}{}{INSIDE}{}{1.000}{}
E {13058}{e}{e}{2}{0}{}{1.000}{}{0.00}
E {13059}{s}{jt_m_open_door {south}}{4}{0}{}{1.000}{}{0.00}
E {13055}{w}{w}{8}{0}{}{1.000}{}{0.00}

R {13057}{0}{<fff>}{The amphitheater}{ }{}{the High Tower of Sorcery}{}{INSIDE}{}{1.000}{}
E {13055}{n}{jt_m_open_door {north}}{1}{0}{}{1.000}{}{0.00}

R {13058}{0}{<fff>}{A hallway}{ }{}{the High Tower of Sorcery}{}{INSIDE}{}{1.000}{}
E {13060}{e}{e}{2}{0}{}{1.000}{}{0.00}
E {13061}{s}{jt_m_open_door {south}}{4}{0}{}{1.000}{}{0.00}
E {13056}{w}{w}{8}{0}{}{1.000}{}{0.00}

R {13059}{0}{<fff>}{The training room}{ }{}{the High Tower of Sorcery}{}{INSIDE}{}{1.000}{}
E {13056}{n}{jt_m_open_door {north}}{1}{0}{}{1.000}{}{0.00}

R {13060}{0}{<fff>}{A bend in the hallway}{ }{}{the High Tower of Sorcery}{}{INSIDE}{}{1.000}{}
E {13062}{n}{n}{1}{0}{}{1.000}{}{0.00}
E {13058}{w}{w}{8}{0}{}{1.000}{}{0.00}

R {13061}{0}{<fff>}{A dueling room}{ }{}{the High Tower of Sorcery}{}{INSIDE}{}{1.000}{}
E {13058}{n}{jt_m_open_door {north}}{1}{0}{}{1.000}{}{0.00}

R {13062}{0}{<fff>}{A hallway}{ }{}{the High Tower of Sorcery}{}{INSIDE}{}{1.000}{}
E {13064}{e}{jt_m_open_door {east}}{2}{0}{}{1.000}{}{0.00}
E {13063}{n}{n}{1}{0}{}{1.000}{}{0.00}
E {13060}{s}{s}{4}{0}{}{1.000}{}{0.00}

R {13063}{0}{<fff>}{A hallway}{ }{}{the High Tower of Sorcery}{}{INSIDE}{}{1.000}{}
E {13065}{e}{jt_m_open_door {east}}{2}{0}{}{1.000}{}{0.00}
E {13066}{n}{n}{1}{0}{}{1.000}{}{0.00}
E {13062}{s}{s}{4}{0}{}{1.000}{}{0.00}

R {13064}{0}{<fff>}{The spellmasters' lounge}{ }{}{the High Tower of Sorcery}{}{INSIDE}{}{1.000}{}
E {13062}{w}{jt_m_open_door {west}}{8}{0}{}{1.000}{}{0.00}

R {13065}{0}{<fff>}{A bedroom}{ }{}{the High Tower of Sorcery}{}{INSIDE}{}{1.000}{}
E {13063}{w}{jt_m_open_door {west}}{8}{0}{}{1.000}{}{0.00}

R {13066}{0}{<fff>}{A hallway}{ }{}{the High Tower of Sorcery}{}{INSIDE}{}{1.000}{}
E {13067}{e}{jt_m_open_door {east}}{2}{0}{}{1.000}{}{0.00}
E {13068}{n}{n}{1}{0}{}{1.000}{}{0.00}
E {13063}{s}{s}{4}{0}{}{1.000}{}{0.00}

R {13067}{0}{<fff>}{The study}{ }{}{the High Tower of Sorcery}{}{INSIDE}{}{1.000}{}
E {13066}{w}{jt_m_open_door {west}}{8}{0}{}{1.000}{}{0.00}

R {13068}{0}{<fff>}{Below the stairs}{ }{}{the High Tower of Sorcery}{}{INSIDE}{}{1.000}{}
E {13066}{s}{s}{4}{0}{}{1.000}{}{0.00}
E {13069}{u}{u}{16}{0}{}{1.000}{}{0.00}

R {13069}{0}{<fff>}{Atop the stairway}{ }{}{the High Tower of Sorcery}{}{INSIDE}{}{1.000}{}
E {13068}{d}{d}{32}{0}{}{1.000}{}{0.00}
E {13070}{w}{w}{8}{0}{}{1.000}{}{0.00}

R {13070}{0}{<fff>}{A hallway}{ }{}{the High Tower of Sorcery}{}{INSIDE}{}{1.000}{}
E {13069}{e}{e}{2}{0}{}{1.000}{}{0.00}
E {13071}{n}{jt_m_open_door {north}}{1}{0}{}{1.000}{}{0.00}
E {13072}{w}{w}{8}{0}{}{1.000}{}{0.00}

R {13071}{0}{<fff>}{A small office}{ }{}{the High Tower of Sorcery}{}{INSIDE}{}{1.000}{}
E {13070}{s}{jt_m_open_door {south}}{4}{0}{}{1.000}{}{0.00}
E {13073}{w}{jt_m_open_door {west}}{8}{0}{}{1.000}{}{0.00}

R {13072}{0}{<fff>}{A hallway}{ }{}{the High Tower of Sorcery}{}{INSIDE}{}{1.000}{}
E {13070}{e}{e}{2}{0}{}{1.000}{}{0.00}
E {13074}{w}{w}{8}{0}{}{1.000}{}{0.00}

R {13073}{0}{<fff>}{The master scribe's workshop}{ }{}{the High Tower of Sorcery}{}{INSIDE}{}{1.000}{}
E {13071}{e}{jt_m_open_door {east}}{2}{0}{}{1.000}{}{0.00}

R {13074}{0}{<fff>}{A hallway}{ }{}{the High Tower of Sorcery}{}{INSIDE}{}{1.000}{}
E {13072}{e}{e}{2}{0}{}{1.000}{}{0.00}
E {13075}{n}{jt_m_open_door {north}}{1}{0}{}{1.000}{}{0.00}
E {13076}{w}{w}{8}{0}{}{1.000}{}{0.00}

R {13075}{0}{<fff>}{A small storeroom}{ }{}{the High Tower of Sorcery}{}{INSIDE}{}{1.000}{}
E {13074}{s}{jt_m_open_door {south}}{4}{0}{}{1.000}{}{0.00}

R {13076}{0}{<fff>}{A bend in the hallway}{ }{}{the High Tower of Sorcery}{}{INSIDE}{}{1.000}{}
E {13074}{e}{e}{2}{0}{}{1.000}{}{0.00}
E {13077}{s}{s}{4}{0}{}{1.000}{}{0.00}

R {13077}{0}{<fff>}{A hallway}{ }{}{the High Tower of Sorcery}{}{INSIDE}{}{1.000}{}
E {13076}{n}{n}{1}{0}{}{1.000}{}{0.00}
E {13078}{s}{s}{4}{0}{}{1.000}{}{0.00}
E {13079}{w}{jt_m_open_door {west}}{8}{0}{}{1.000}{}{0.00}

R {13078}{0}{<fff>}{A hallway}{ }{}{the High Tower of Sorcery}{}{INSIDE}{}{1.000}{}
E {13077}{n}{n}{1}{0}{}{1.000}{}{0.00}
E {13080}{s}{s}{4}{0}{}{1.000}{}{0.00}
E {13081}{w}{jt_m_open_door {west}}{8}{0}{}{1.000}{}{0.00}

R {13079}{0}{<fff>}{A large storeroom}{ }{}{the High Tower of Sorcery}{}{INSIDE}{}{1.000}{}
E {13077}{e}{jt_m_open_door {east}}{2}{0}{}{1.000}{}{0.00}
E {13081}{s}{s}{4}{0}{}{1.000}{}{0.00}

R {13080}{0}{<fff>}{A hallway}{ }{}{the High Tower of Sorcery}{}{INSIDE}{}{1.000}{}
E {13078}{n}{n}{1}{0}{}{1.000}{}{0.00}
E {13083}{s}{s}{4}{0}{}{1.000}{}{0.00}

R {13081}{0}{<fff>}{A very hot room}{ }{}{the High Tower of Sorcery}{}{INSIDE}{}{1.000}{}
E {13078}{e}{jt_m_open_door {east}}{2}{0}{}{1.000}{}{0.00}
E {13079}{n}{jt_m_open_door {north}}{1}{0}{}{1.000}{}{0.00}
E {13082}{s}{jt_m_open_door {south}}{4}{0}{}{1.000}{}{0.00}
E {13112}{u}{jt_m_open_door {up}}{16}{0}{}{1.000}{}{0.00}

R {13082}{0}{<fff>}{The Master Enchanter's chamber}{ }{}{the High Tower of Sorcery}{}{INSIDE}{}{1.000}{}
E {13081}{n}{jt_m_open_door {north}}{1}{0}{}{1.000}{}{0.00}

R {13083}{0}{<fff>}{A bend in the hallway}{ }{}{the High Tower of Sorcery}{}{INSIDE}{}{1.000}{}
E {13084}{e}{e}{2}{0}{}{1.000}{}{0.00}
E {13080}{n}{n}{1}{0}{}{1.000}{}{0.00}

R {13084}{0}{<fff>}{A hallway}{ }{}{the High Tower of Sorcery}{}{INSIDE}{}{1.000}{}
E {13085}{e}{e}{2}{0}{}{1.000}{}{0.00}
E {13086}{s}{jt_m_open_door {south}}{4}{0}{}{1.000}{}{0.00}
E {13083}{w}{w}{8}{0}{}{1.000}{}{0.00}

R {13085}{0}{<fff>}{A hallway}{ }{}{the High Tower of Sorcery}{}{INSIDE}{}{1.000}{}
E {13087}{e}{e}{2}{0}{}{1.000}{}{0.00}
E {13084}{w}{w}{8}{0}{}{1.000}{}{0.00}

R {13086}{0}{<fff>}{A laboratory}{ }{}{the High Tower of Sorcery}{}{INSIDE}{}{1.000}{}
E {13088}{e}{e}{2}{0}{}{1.000}{}{0.00}
E {13084}{n}{jt_m_open_door {north}}{1}{0}{}{1.000}{}{0.00}

R {13087}{0}{<fff>}{A hallway}{ }{}{the High Tower of Sorcery}{}{INSIDE}{}{1.000}{}
E {13089}{e}{e}{2}{0}{}{1.000}{}{0.00}
E {13090}{s}{jt_m_open_door {south}}{4}{0}{}{1.000}{}{0.00}
E {13085}{w}{w}{8}{0}{}{1.000}{}{0.00}

R {13088}{0}{<fff>}{The Mad Alchemist's workroom}{ }{}{the High Tower of Sorcery}{}{INSIDE}{}{1.000}{}
E {13086}{w}{w}{8}{0}{}{1.000}{}{0.00}

R {13089}{0}{<fff>}{A bend in the hallway}{ }{}{the High Tower of Sorcery}{}{INSIDE}{}{1.000}{}
E {13091}{n}{n}{1}{0}{}{1.000}{}{0.00}
E {13087}{w}{w}{8}{0}{}{1.000}{}{0.00}

R {13090}{0}{<fff>}{The pentagram chamber}{ }{}{the High Tower of Sorcery}{}{INSIDE}{}{1.000}{}
E {13087}{n}{jt_m_open_door {north}}{1}{0}{}{1.000}{}{0.00}
E {13092}{s}{s}{4}{0}{}{1.000}{}{0.00}

R {13091}{0}{<fff>}{A hallway}{ }{}{the High Tower of Sorcery}{}{INSIDE}{}{1.000}{}
E {13094}{e}{jt_m_open_door {east}}{2}{0}{}{1.000}{}{0.00}
E {13093}{n}{n}{1}{0}{}{1.000}{}{0.00}
E {13089}{s}{s}{4}{0}{}{1.000}{}{0.00}

R {13092}{0}{<fff>}{Inside the energy field}{ }{}{the High Tower of Sorcery}{}{INSIDE}{}{1.000}{}
E {6137}{d}{jt_m_link_action {down} {dark Haon-Dor} {6137}}{32}{0}{}{1.000}{}{0.00}
E {4115}{n}{jt_m_link_action {north} {Lower Moria} {4115}}{1}{0}{}{1.000}{}{0.00}
E {5120}{s}{jt_m_link_action {south} {Drow City} {5120}}{4}{0}{}{1.000}{}{0.00}
E {6137}{u}{jt_m_link_action {up} {dark Haon-Dor} {6137}}{16}{0}{}{1.000}{}{0.00}
E {12066}{w}{jt_m_link_action {west} {Rome} {12066}}{8}{0}{}{1.000}{}{0.00}

R {13093}{0}{<fff>}{A hallway}{ }{}{the High Tower of Sorcery}{}{INSIDE}{}{1.000}{}
E {13095}{e}{jt_m_open_door {east}}{2}{0}{}{1.000}{}{0.00}
E {13096}{n}{n}{1}{0}{}{1.000}{}{0.00}
E {13091}{s}{s}{4}{0}{}{1.000}{}{0.00}

R {13094}{0}{<fff>}{An empty room}{ }{}{the High Tower of Sorcery}{}{INSIDE}{}{1.000}{}
E {13091}{w}{jt_m_open_door {west}}{8}{0}{}{1.000}{}{0.00}

R {13095}{0}{<fff>}{The charm master's chamber}{ }{}{the High Tower of Sorcery}{}{INSIDE}{}{1.000}{}
E {13097}{n}{jt_m_open_door {north}}{1}{0}{}{1.000}{}{0.00}
E {13093}{w}{jt_m_open_door {west}}{8}{0}{}{1.000}{}{0.00}

R {13096}{0}{<fff>}{A hallway}{ }{}{the High Tower of Sorcery}{}{INSIDE}{}{1.000}{}
E {13098}{n}{n}{1}{0}{}{1.000}{}{0.00}
E {13093}{s}{s}{4}{0}{}{1.000}{}{0.00}

R {13097}{0}{<fff>}{The animal pens}{ }{}{the High Tower of Sorcery}{}{INSIDE}{}{1.000}{}
E {13095}{s}{jt_m_open_door {south}}{4}{0}{}{1.000}{}{0.00}

R {13098}{0}{<fff>}{The end of the hallway}{ }{}{the High Tower of Sorcery}{}{INSIDE}{}{1.000}{}
E {13096}{s}{s}{4}{0}{}{1.000}{}{0.00}
E {13099}{u}{u}{16}{0}{}{1.000}{}{0.00}

R {13099}{0}{<fff>}{Atop the stairway}{ }{}{the High Tower of Sorcery}{}{INSIDE}{}{1.000}{}
E {13098}{d}{d}{32}{0}{}{1.000}{}{0.00}
E {13100}{w}{w}{8}{0}{}{1.000}{}{0.00}

R {13100}{0}{<fff>}{A hallway}{ }{}{the High Tower of Sorcery}{}{INSIDE}{}{1.000}{}
E {13099}{e}{e}{2}{0}{}{1.000}{}{0.00}
E {13101}{n}{jt_m_open_door {north}}{1}{0}{}{1.000}{}{0.00}
E {13104}{w}{w}{8}{0}{}{1.000}{}{0.00}

R {13101}{0}{<fff>}{A large storeroom}{ }{}{the High Tower of Sorcery}{}{INSIDE}{}{1.000}{}
E {13100}{s}{jt_m_open_door {south}}{4}{0}{}{1.000}{}{0.00}
E {13102}{w}{jt_m_open_door {west}}{8}{0}{}{1.000}{}{0.00}

R {13102}{0}{<fff>}{The Master Spellbinder's chamber}{ }{}{the High Tower of Sorcery}{}{INSIDE}{}{1.000}{}
E {13101}{e}{jt_m_open_door {east}}{2}{0}{}{1.000}{}{0.00}
E {13103}{w}{jt_m_open_door {west}}{8}{0}{}{1.000}{}{0.00}

R {13103}{0}{<fff>}{The Spellbinder's Cache}{ }{}{the High Tower of Sorcery}{}{INSIDE}{}{1.000}{}
E {13102}{e}{jt_m_open_door {east}}{2}{0}{}{1.000}{}{0.00}
E {13105}{s}{jt_m_open_door {south}}{4}{0}{}{1.000}{}{0.00}

R {13104}{0}{<fff>}{A hallway}{ }{}{the High Tower of Sorcery}{}{INSIDE}{}{1.000}{}
E {13100}{e}{e}{2}{0}{}{1.000}{}{0.00}
E {13105}{w}{w}{8}{0}{}{1.000}{}{0.00}

R {13105}{0}{<fff>}{A hallway}{ }{}{the High Tower of Sorcery}{}{INSIDE}{}{1.000}{}
E {13104}{e}{e}{2}{0}{}{1.000}{}{0.00}
E {13103}{n}{jt_m_open_door {north}}{1}{0}{}{1.000}{}{0.00}
E {13106}{w}{w}{8}{0}{}{1.000}{}{0.00}

R {13106}{0}{<fff>}{A bend in the hallway}{ }{}{the High Tower of Sorcery}{}{INSIDE}{}{1.000}{}
E {13105}{e}{e}{2}{0}{}{1.000}{}{0.00}
E {13107}{s}{s}{4}{0}{}{1.000}{}{0.00}

R {13107}{0}{<fff>}{A hallway}{ }{}{the High Tower of Sorcery}{}{INSIDE}{}{1.000}{}
E {13106}{n}{n}{1}{0}{}{1.000}{}{0.00}
E {13108}{s}{s}{4}{0}{}{1.000}{}{0.00}

R {13108}{0}{<fff>}{A hallway}{ }{}{the High Tower of Sorcery}{}{INSIDE}{}{1.000}{}
E {13107}{n}{n}{1}{0}{}{1.000}{}{0.00}
E {13113}{s}{s}{4}{0}{}{1.000}{}{0.00}
E {13109}{w}{jt_m_open_door {west}}{8}{0}{}{1.000}{}{0.00}

R {13109}{0}{<fff>}{The golem master's workshop}{ }{}{the High Tower of Sorcery}{}{INSIDE}{}{1.000}{}
E {13112}{d}{jt_m_open_door {down}}{32}{0}{}{1.000}{}{0.00}
E {13108}{e}{jt_m_open_door {east}}{2}{0}{}{1.000}{}{0.00}
E {13110}{n}{n}{1}{0}{}{1.000}{}{0.00}
E {13111}{s}{s}{4}{0}{}{1.000}{}{0.00}

R {13110}{0}{<fff>}{A small storeroom}{ }{}{the High Tower of Sorcery}{}{INSIDE}{}{1.000}{}
E {13109}{s}{s}{4}{0}{}{1.000}{}{0.00}

R {13111}{0}{<fff>}{The golem chamber}{ }{}{the High Tower of Sorcery}{}{INSIDE}{}{1.000}{}
E {13109}{n}{n}{1}{0}{}{1.000}{}{0.00}

R {13112}{0}{<fff>}{It is very dark here...}{ }{}{the High Tower of Sorcery}{}{INSIDE}{}{1.000}{}
E {13081}{d}{jt_m_open_door {down}}{32}{0}{}{1.000}{}{0.00}
E {13109}{u}{jt_m_open_door {up}}{16}{0}{}{1.000}{}{0.00}

R {13113}{0}{<fff>}{A hallway}{ }{}{the High Tower of Sorcery}{}{INSIDE}{}{1.000}{}
E {13108}{n}{n}{1}{0}{}{1.000}{}{0.00}
E {13114}{s}{s}{4}{0}{}{1.000}{}{0.00}

R {13114}{0}{<fff>}{A bend in the hallway}{ }{}{the High Tower of Sorcery}{}{INSIDE}{}{1.000}{}
E {13115}{e}{e}{2}{0}{}{1.000}{}{0.00}
E {13113}{n}{n}{1}{0}{}{1.000}{}{0.00}

R {13115}{0}{<fff>}{A hallway}{ }{}{the High Tower of Sorcery}{}{INSIDE}{}{1.000}{}
E {13116}{e}{e}{2}{0}{}{1.000}{}{0.00}
E {13114}{w}{w}{8}{0}{}{1.000}{}{0.00}

R {13116}{0}{<fff>}{A hallway}{ }{}{the High Tower of Sorcery}{}{INSIDE}{}{1.000}{}
E {13119}{e}{e}{2}{0}{}{1.000}{}{0.00}
E {13117}{s}{jt_m_open_door {south}}{4}{0}{}{1.000}{}{0.00}
E {13115}{w}{w}{8}{0}{}{1.000}{}{0.00}

R {13117}{0}{<fff>}{The master of illusion's chamber}{ }{}{the High Tower of Sorcery}{}{INSIDE}{}{1.000}{}
E {13116}{n}{jt_m_open_door {north}}{1}{0}{}{1.000}{}{0.00}
E {13118}{w}{w}{8}{0}{}{1.000}{}{0.00}

R {13118}{0}{<fff>}{A bedroom}{ }{}{the High Tower of Sorcery}{}{INSIDE}{}{1.000}{}
E {13117}{e}{e}{2}{0}{}{1.000}{}{0.00}

R {13119}{0}{<fff>}{A hallway}{ }{}{the High Tower of Sorcery}{}{INSIDE}{}{1.000}{}
E {13121}{e}{e}{2}{0}{}{1.000}{}{0.00}
E {13120}{s}{jt_m_open_door {south}}{4}{0}{}{1.000}{}{0.00}
E {13116}{w}{w}{8}{0}{}{1.000}{}{0.00}

R {13120}{0}{<fff>}{The meditation chamber}{ }{}{the High Tower of Sorcery}{}{INSIDE}{}{1.000}{}
E {13119}{n}{jt_m_open_door {north}}{1}{0}{}{1.000}{}{0.00}

R {13121}{0}{<fff>}{A bend in the hallway}{ }{}{the High Tower of Sorcery}{}{INSIDE}{}{1.000}{}
E {13122}{n}{n}{1}{0}{}{1.000}{}{0.00}
E {13119}{w}{w}{8}{0}{}{1.000}{}{0.00}

R {13122}{0}{<fff>}{A hallway}{ }{}{the High Tower of Sorcery}{}{INSIDE}{}{1.000}{}
E {13123}{e}{jt_m_open_door {east}}{2}{0}{}{1.000}{}{0.00}
E {13126}{n}{n}{1}{0}{}{1.000}{}{0.00}
E {13121}{s}{s}{4}{0}{}{1.000}{}{0.00}

R {13123}{0}{<fff>}{A dark room}{ }{}{the High Tower of Sorcery}{}{INSIDE}{}{1.000}{}
E {13124}{n}{n}{1}{0}{}{1.000}{}{0.00}
E {13122}{w}{jt_m_open_door {west}}{8}{0}{}{1.000}{}{0.00}

R {13124}{0}{<fff>}{A dark room}{ }{}{the High Tower of Sorcery}{}{INSIDE}{}{1.000}{}
E {13125}{n}{n}{1}{0}{}{1.000}{}{0.00}
E {13123}{s}{s}{4}{0}{}{1.000}{}{0.00}

R {13125}{0}{<fff>}{The Necromancer's Lair}{ }{}{the High Tower of Sorcery}{}{INSIDE}{}{1.000}{}
E {13124}{s}{s}{4}{0}{}{1.000}{}{0.00}

R {13126}{0}{<fff>}{A hallway}{ }{}{the High Tower of Sorcery}{}{INSIDE}{}{1.000}{}
E {13127}{n}{n}{1}{0}{}{1.000}{}{0.00}
E {13122}{s}{s}{4}{0}{}{1.000}{}{0.00}

R {13127}{0}{<fff>}{A hallway}{ }{}{the High Tower of Sorcery}{}{INSIDE}{}{1.000}{}
E {13128}{n}{n}{1}{0}{}{1.000}{}{0.00}
E {13126}{s}{s}{4}{0}{}{1.000}{}{0.00}

R {13128}{0}{<fff>}{The end of the hallway}{ }{}{the High Tower of Sorcery}{}{INSIDE}{}{1.000}{}
E {13127}{s}{s}{4}{0}{}{1.000}{}{0.00}
E {13129}{u}{u}{16}{0}{}{1.000}{}{0.00}

R {13129}{0}{<fff>}{A corridor}{ }{}{the High Tower of Sorcery}{}{INSIDE}{}{1.000}{}
E {13128}{d}{d}{32}{0}{}{1.000}{}{0.00}
E {13130}{w}{w}{8}{0}{}{1.000}{}{0.00}

R {13130}{0}{<fff>}{A corridor}{ }{}{the High Tower of Sorcery}{}{INSIDE}{}{1.000}{}
E {13129}{e}{e}{2}{0}{}{1.000}{}{0.00}
E {13131}{w}{w}{8}{0}{}{1.000}{}{0.00}

R {13131}{0}{<fff>}{A bend in the corridor}{ }{}{the High Tower of Sorcery}{}{INSIDE}{}{1.000}{}
E {13130}{e}{e}{2}{0}{}{1.000}{}{0.00}
E {13132}{s}{s}{4}{0}{}{1.000}{}{0.00}

R {13132}{0}{<fff>}{A corridor}{ }{}{the High Tower of Sorcery}{}{INSIDE}{}{1.000}{}
E {13131}{n}{n}{1}{0}{}{1.000}{}{0.00}
E {13133}{s}{s}{4}{0}{}{1.000}{}{0.00}

R {13133}{0}{<fff>}{An intersection}{ }{}{the High Tower of Sorcery}{}{INSIDE}{}{1.000}{}
E {13134}{e}{e}{2}{0}{}{1.000}{}{0.00}
E {13132}{n}{n}{1}{0}{}{1.000}{}{0.00}
E {13146}{s}{s}{4}{0}{}{1.000}{}{0.00}
E {13136}{w}{w}{8}{0}{}{1.000}{}{0.00}

R {13134}{0}{<fff>}{A corridor}{ }{}{the High Tower of Sorcery}{}{INSIDE}{}{1.000}{}
E {13135}{e}{jt_m_open_door {east}}{2}{0}{}{1.000}{}{0.00}
E {13133}{w}{w}{8}{0}{}{1.000}{}{0.00}

R {13135}{0}{<fff>}{The scrying chamber}{ }{}{the High Tower of Sorcery}{}{INSIDE}{}{1.000}{}
E {13134}{w}{jt_m_open_door {west}}{8}{0}{}{1.000}{}{0.00}

R {13136}{0}{<fff>}{A corridor}{ }{}{the High Tower of Sorcery}{}{INSIDE}{}{1.000}{}
E {13133}{e}{e}{2}{0}{}{1.000}{}{0.00}
E {13137}{w}{jt_m_open_door {west}}{8}{0}{}{1.000}{}{0.00}

R {13137}{0}{<fff>}{The entrance to the library}{ }{}{the High Tower of Sorcery}{}{INSIDE}{}{1.000}{}
E {13136}{e}{e}{2}{0}{}{1.000}{}{0.00}
E {13139}{n}{n}{1}{0}{}{1.000}{}{0.00}
E {13140}{s}{s}{4}{0}{}{1.000}{}{0.00}
E {13138}{w}{w}{8}{0}{}{1.000}{}{0.00}

R {13138}{0}{<fff>}{In the library}{ }{}{the High Tower of Sorcery}{}{INSIDE}{}{1.000}{}
E {13137}{e}{e}{2}{0}{}{1.000}{}{0.00}
E {13141}{n}{n}{1}{0}{}{1.000}{}{0.00}
E {13142}{s}{s}{4}{0}{}{1.000}{}{0.00}
E {13143}{w}{w}{8}{0}{}{1.000}{}{0.00}

R {13139}{0}{<fff>}{In the library}{ }{}{the High Tower of Sorcery}{}{INSIDE}{}{1.000}{}
E {13142}{e}{e}{2}{0}{}{1.000}{}{0.00}
E {13140}{n}{n}{1}{0}{}{1.000}{}{0.00}
E {13137}{s}{s}{4}{0}{}{1.000}{}{0.00}
E {13141}{w}{w}{8}{0}{}{1.000}{}{0.00}

R {13140}{0}{<fff>}{In the library}{ }{}{the High Tower of Sorcery}{}{INSIDE}{}{1.000}{}
E {13141}{e}{e}{2}{0}{}{1.000}{}{0.00}
E {13137}{n}{n}{1}{0}{}{1.000}{}{0.00}
E {13139}{s}{s}{4}{0}{}{1.000}{}{0.00}
E {13142}{w}{w}{8}{0}{}{1.000}{}{0.00}

R {13141}{0}{<fff>}{In the library}{ }{}{the High Tower of Sorcery}{}{INSIDE}{}{1.000}{}
E {13139}{e}{e}{2}{0}{}{1.000}{}{0.00}
E {13142}{n}{n}{1}{0}{}{1.000}{}{0.00}
E {13138}{s}{s}{4}{0}{}{1.000}{}{0.00}
E {13140}{w}{w}{8}{0}{}{1.000}{}{0.00}

R {13142}{0}{<fff>}{In the library}{ }{}{the High Tower of Sorcery}{}{INSIDE}{}{1.000}{}
E {13140}{e}{e}{2}{0}{}{1.000}{}{0.00}
E {13138}{n}{n}{1}{0}{}{1.000}{}{0.00}
E {13141}{s}{s}{4}{0}{}{1.000}{}{0.00}
E {13139}{w}{w}{8}{0}{}{1.000}{}{0.00}

R {13143}{0}{<fff>}{In the library}{ }{}{the High Tower of Sorcery}{}{INSIDE}{}{1.000}{}
E {13138}{e}{e}{2}{0}{}{1.000}{}{0.00}
E {13144}{w}{w}{8}{0}{}{1.000}{}{0.00}

R {13144}{0}{<fff>}{Between the shelves}{ }{}{the High Tower of Sorcery}{}{INSIDE}{}{1.000}{}
E {13143}{e}{e}{2}{0}{}{1.000}{}{0.00}
E {13145}{n}{n}{1}{0}{}{1.000}{}{0.00}

R {13145}{0}{<fff>}{The reading room}{ }{}{the High Tower of Sorcery}{}{INSIDE}{}{1.000}{}
E {13144}{s}{s}{4}{0}{}{1.000}{}{0.00}

R {13146}{0}{<fff>}{A corridor}{ }{}{the High Tower of Sorcery}{}{INSIDE}{}{1.000}{}
E {13133}{n}{n}{1}{0}{}{1.000}{}{0.00}
E {13147}{s}{s}{4}{0}{}{1.000}{}{0.00}

R {13147}{0}{<fff>}{The end of the corridor}{ }{}{the High Tower of Sorcery}{}{INSIDE}{}{1.000}{}
E {13146}{n}{n}{1}{0}{}{1.000}{}{0.00}
E {13148}{s}{s}{4}{0}{}{1.000}{}{0.00}

R {13148}{0}{<fff>}{The arched entrance}{ }{}{the High Tower of Sorcery}{}{INSIDE}{}{1.000}{}
E {13147}{n}{n}{1}{0}{}{1.000}{}{0.00}
E {13149}{u}{u}{16}{0}{}{1.000}{}{0.00}

R {13149}{0}{<fff>}{The landing}{ }{}{the High Tower of Sorcery}{}{INSIDE}{}{1.000}{}
E {13148}{d}{d}{32}{0}{}{1.000}{}{0.00}
E {13150}{u}{u}{16}{0}{}{1.000}{}{0.00}

R {13150}{0}{<fff>}{An intersection}{ }{}{the High Tower of Sorcery}{}{INSIDE}{}{1.000}{}
E {13149}{d}{d}{32}{0}{}{1.000}{}{0.00}
E {13158}{e}{e}{2}{0}{}{1.000}{}{0.00}
E {13173}{n}{n}{1}{0}{}{1.000}{}{0.00}
E {13151}{s}{s}{4}{0}{}{1.000}{}{0.00}
E {13165}{w}{w}{8}{0}{}{1.000}{}{0.00}

R {13151}{0}{<fff>}{A grey tiled hallway}{ }{}{the High Tower of Sorcery}{}{INSIDE}{}{1.000}{}
E {13150}{n}{n}{1}{0}{}{1.000}{}{0.00}
E {13152}{s}{s}{4}{0}{}{1.000}{}{0.00}

R {13152}{0}{<fff>}{A grey tiled hallway}{ }{}{the High Tower of Sorcery}{}{INSIDE}{}{1.000}{}
E {13151}{n}{n}{1}{0}{}{1.000}{}{0.00}
E {13153}{s}{jt_m_open_door {south}}{4}{0}{}{1.000}{}{0.00}

R {13153}{0}{<fff>}{The antechamber}{ }{}{the High Tower of Sorcery}{}{INSIDE}{}{1.000}{}
E {13152}{n}{jt_m_open_door {north}}{1}{0}{}{1.000}{}{0.00}
E {13154}{s}{s}{4}{0}{}{1.000}{}{0.00}

R {13154}{0}{<fff>}{The main chamber}{ }{}{the High Tower of Sorcery}{}{INSIDE}{}{1.000}{}
E {13156}{e}{e}{2}{0}{}{1.000}{}{0.00}
E {13153}{n}{n}{1}{0}{}{1.000}{}{0.00}
E {13157}{s}{s}{4}{0}{}{1.000}{}{0.00}
E {13155}{w}{w}{8}{0}{}{1.000}{}{0.00}

R {13155}{0}{<fff>}{The study}{ }{}{the High Tower of Sorcery}{}{INSIDE}{}{1.000}{}
E {13154}{e}{e}{2}{0}{}{1.000}{}{0.00}

R {13156}{0}{<fff>}{A closet}{ }{}{the High Tower of Sorcery}{}{INSIDE}{}{1.000}{}
E {13154}{w}{w}{8}{0}{}{1.000}{}{0.00}

R {13157}{0}{<fff>}{A bedroom}{ }{}{the High Tower of Sorcery}{}{INSIDE}{}{1.000}{}
E {13154}{n}{n}{1}{0}{}{1.000}{}{0.00}

R {13158}{0}{<fff>}{A dark hallway}{ }{}{the High Tower of Sorcery}{}{INSIDE}{}{1.000}{}
E {13159}{e}{e}{2}{0}{}{1.000}{}{0.00}
E {13150}{w}{w}{8}{0}{}{1.000}{}{0.00}

R {13159}{0}{<fff>}{A dark hallway}{ }{}{the High Tower of Sorcery}{}{INSIDE}{}{1.000}{}
E {13160}{e}{e}{2}{0}{}{1.000}{}{0.00}
E {13158}{w}{w}{8}{0}{}{1.000}{}{0.00}

R {13160}{0}{<fff>}{The end of the hallway}{ }{}{the High Tower of Sorcery}{}{INSIDE}{}{1.000}{}
E {13161}{e}{jt_m_open_door {east}}{2}{0}{}{1.000}{}{0.00}
E {13159}{w}{w}{8}{0}{}{1.000}{}{0.00}

R {13161}{0}{<fff>}{The chamber of darkness}{ }{}{the High Tower of Sorcery}{}{INSIDE}{}{1.000}{}
E {13164}{e}{e}{2}{0}{}{1.000}{}{0.00}
E {13162}{n}{n}{1}{0}{}{1.000}{}{0.00}
E {13163}{s}{s}{4}{0}{}{1.000}{}{0.00}
E {13160}{w}{jt_m_open_door {west}}{8}{0}{}{1.000}{}{0.00}

R {13162}{0}{<fff>}{It is very dark here...}{ }{}{the High Tower of Sorcery}{}{INSIDE}{}{1.000}{}
E {13161}{s}{s}{4}{0}{}{1.000}{}{0.00}

R {13163}{0}{<fff>}{Torture chamber}{ }{}{the High Tower of Sorcery}{}{INSIDE}{}{1.000}{}
E {13161}{n}{n}{1}{0}{}{1.000}{}{0.00}

R {13164}{0}{<fff>}{The inner chamber}{ }{}{the High Tower of Sorcery}{}{INSIDE}{}{1.000}{}
E {13161}{w}{w}{8}{0}{}{1.000}{}{0.00}

R {13165}{0}{<fff>}{A bright hallway}{ }{}{the High Tower of Sorcery}{}{INSIDE}{}{1.000}{}
E {13150}{e}{e}{2}{0}{}{1.000}{}{0.00}
E {13166}{w}{w}{8}{0}{}{1.000}{}{0.00}

R {13166}{0}{<fff>}{A bright hallway}{ }{}{the High Tower of Sorcery}{}{INSIDE}{}{1.000}{}
E {13165}{e}{e}{2}{0}{}{1.000}{}{0.00}
E {13167}{w}{jt_m_open_door {west}}{8}{0}{}{1.000}{}{0.00}

R {13167}{0}{<fff>}{An antechamber}{ }{}{the High Tower of Sorcery}{}{INSIDE}{}{1.000}{}
E {13166}{e}{jt_m_open_door {east}}{2}{0}{}{1.000}{}{0.00}
E {13169}{w}{w}{8}{0}{}{1.000}{}{0.00}

R {13169}{0}{<fff>}{The chamber of the white light}{ }{}{the High Tower of Sorcery}{}{INSIDE}{}{1.000}{}
E {13167}{e}{e}{2}{0}{}{1.000}{}{0.00}
E {13170}{n}{n}{1}{0}{}{1.000}{}{0.00}
E {13171}{s}{s}{4}{0}{}{1.000}{}{0.00}
E {13172}{w}{w}{8}{0}{}{1.000}{}{0.00}

R {13170}{0}{<fff>}{The meditation chamber}{ }{}{the High Tower of Sorcery}{}{INSIDE}{}{1.000}{}
E {13169}{s}{s}{4}{0}{}{1.000}{}{0.00}

R {13171}{0}{<fff>}{A study}{ }{}{the High Tower of Sorcery}{}{INSIDE}{}{1.000}{}
E {13169}{n}{n}{1}{0}{}{1.000}{}{0.00}

R {13172}{0}{<fff>}{A closet}{ }{}{the High Tower of Sorcery}{}{INSIDE}{}{1.000}{}
E {13169}{e}{e}{2}{0}{}{1.000}{}{0.00}

R {13173}{0}{<fff>}{A wide hallway}{ }{}{the High Tower of Sorcery}{}{INSIDE}{}{1.000}{}
E {13174}{n}{jt_m_open_door {north}}{1}{0}{}{1.000}{}{0.00}
E {13150}{s}{s}{4}{0}{}{1.000}{}{0.00}

R {13174}{0}{<fff>}{A wide hallway}{ }{}{the High Tower of Sorcery}{}{INSIDE}{}{1.000}{}
E {13175}{n}{jt_m_open_door {north}}{1}{0}{}{1.000}{}{0.00}
E {13173}{s}{jt_m_open_door {south}}{4}{0}{}{1.000}{}{0.00}

R {13175}{0}{<fff>}{A wide hallway}{ }{}{the High Tower of Sorcery}{}{INSIDE}{}{1.000}{}
E {13176}{n}{jt_m_open_door {north}}{1}{0}{}{1.000}{}{0.00}
E {13174}{s}{jt_m_open_door {south}}{4}{0}{}{1.000}{}{0.00}

R {13176}{0}{<fff>}{The entranceway}{ }{}{the High Tower of Sorcery}{}{INSIDE}{}{1.000}{}
E {13177}{n}{n}{1}{0}{}{1.000}{}{0.00}
E {13175}{s}{jt_m_open_door {south}}{4}{0}{}{1.000}{}{0.00}

R {13177}{0}{<fff>}{The audience chamber}{ }{}{the High Tower of Sorcery}{}{INSIDE}{}{1.000}{}
E {13178}{e}{e}{2}{0}{}{1.000}{}{0.00}
E {13180}{n}{n}{1}{0}{}{1.000}{}{0.00}
E {13176}{s}{s}{4}{0}{}{1.000}{}{0.00}
E {13179}{w}{w}{8}{0}{}{1.000}{}{0.00}

R {13178}{0}{<fff>}{A dressing room}{ }{}{the High Tower of Sorcery}{}{INSIDE}{}{1.000}{}
E {13177}{w}{w}{8}{0}{}{1.000}{}{0.00}

R {13179}{0}{<fff>}{The library}{ }{}{the High Tower of Sorcery}{}{INSIDE}{}{1.000}{}
E {13177}{e}{e}{2}{0}{}{1.000}{}{0.00}

R {13180}{0}{<fff>}{The altar}{ }{}{the High Tower of Sorcery}{}{INSIDE}{}{1.000}{}
E {13181}{e}{jt_m_open_door {east}}{2}{0}{}{1.000}{}{0.00}
E {13177}{s}{s}{4}{0}{}{1.000}{}{0.00}
E {13182}{w}{jt_m_open_door {west}}{8}{0}{}{1.000}{}{0.00}

R {13181}{0}{<fff>}{The treasury}{ }{}{the High Tower of Sorcery}{}{INSIDE}{}{1.000}{}
E {13180}{w}{jt_m_open_door {west}}{8}{0}{}{1.000}{}{0.00}

R {13182}{0}{<fff>}{A passage}{ }{}{the High Tower of Sorcery}{}{INSIDE}{}{1.000}{}
E {13183}{w}{w}{8}{0}{}{1.000}{}{0.00}

R {13183}{0}{<fff>}{In the light}{ }{}{the High Tower of Sorcery}{}{INSIDE}{}{1.000}{}
E {3001}{u}{jt_m_link_action {up} {Midgaard} {3001}}{16}{0}{}{1.000}{}{0.00}

R {21310}{0}{<efa>}{}{ }{}{}{}{}{}{1.000}{}
