C 50000

V 2020

CAVOID <118>
CBACKGROUND 
CBLOCK <218>
CEXITS <278>
CFOG <148>
CHIDE <168>
CINVISIBLE <208>
CPATHS <138>
CROOMS <178>
CSYMBOLS <128>
CUSER <258>

F 8207

G 0

I 23161

L {ASCII NESW LINE} {NO EXITS} {x}
L {ASCII NESW LINE} {N} {o}
L {ASCII NESW LINE} {  E} {o}
L {ASCII NESW LINE} {N E} {+}
L {ASCII NESW LINE} {    S} {o}
L {ASCII NESW LINE} {N   S} {|}
L {ASCII NESW LINE} {  E S} {+}
L {ASCII NESW LINE} {N E S} {+}
L {ASCII NESW LINE} {      W} {o}
L {ASCII NESW LINE} {N     W} {+}
L {ASCII NESW LINE} {  E   W} {-}
L {ASCII NESW LINE} {N E   W} {+}
L {ASCII NESW LINE} {    S W} {+}
L {ASCII NESW LINE} {N   S W} {+}
L {ASCII NESW LINE} {  E S W} {+}
L {ASCII NESW LINE} {N E S W} {+}
L {ASCII NESW MISC} {USER} {x}
L {ASCII NESW MISC} {DIR UNKNOWN} {+}
L {ASCII NESW MISC} {N S VOID} {|}
L {ASCII NESW MISC} {E W VOID} {-}
L {ASCII NESW CURVED} {N E CURVED} {+}
L {ASCII NESW CURVED} {S E CURVED} {+}
L {ASCII NESW CURVED} {S W CURVED} {+}
L {ASCII NESW CURVED} {N W CURVED} {+}
L {ASCII NESW DIRS} {DIR N} {|}
L {ASCII NESW DIRS} {DIR NE} {/}
L {ASCII NESW DIRS} {DIR E} {-}
L {ASCII NESW DIRS} {DIR SE} {\\}
L {ASCII NESW DIRS} {DIR S} {|}
L {ASCII NESW DIRS} {DIR SW} {/}
L {ASCII NESW DIRS} {DIR W} {-}
L {ASCII NESW DIRS} {DIR NW} {\\}
L {NESW LINE} {NO EXITS} {\u2B51}
L {NESW LINE} {N} {\u2579}
L {NESW LINE} {  E} {\u257A}
L {NESW LINE} {N E} {\u2517}
L {NESW LINE} {    S} {\u257B}
L {NESW LINE} {N   S} {\u2503}
L {NESW LINE} {  E S} {\u250F}
L {NESW LINE} {N E S} {\u2523}
L {NESW LINE} {      W} {\u2578}
L {NESW LINE} {N     W} {\u251B}
L {NESW LINE} {  E   W} {\u2501}
L {NESW LINE} {N E   W} {\u253B}
L {NESW LINE} {    S W} {\u2513}
L {NESW LINE} {N   S W} {\u252B}
L {NESW LINE} {  E S W} {\u2533}
L {NESW LINE} {N E S W} {\u254B}
L {NESW MISC} {USER} {\u2B51}
L {NESW MISC} {DIR UNKNOWN} {\u2012}
L {NESW MISC} {N S VOID} {\u2507}
L {NESW MISC} {E W VOID} {\u254D}
L {NESW CURVED} {N E CURVED} {\u2570}
L {NESW CURVED} {S E CURVED} {\u256D}
L {NESW CURVED} {S W CURVED} {\u256E}
L {NESW CURVED} {N W CURVED} {\u256F}
L {NESW DIRS} {DIR N} {\u2191}
L {NESW DIRS} {DIR NE} {\u2B08}
L {NESW DIRS} {DIR E} {\u2B95}
L {NESW DIRS} {DIR SE} {\u2b0A}
L {NESW DIRS} {DIR S} {\u2193}
L {NESW DIRS} {DIR SW} {\u2B0B}
L {NESW DIRS} {DIR W} {\u2B05}
L {NESW DIRS} {DIR NW} {\u2B09}
L {MUDFONT NWS} {NO EXITS} {\u2830}
L {MUDFONT NWS} {N} {\u2838}
L {MUDFONT NWS} {  NW} {\u2831}
L {MUDFONT NWS} {N NW} {\u2839}
L {MUDFONT NWS} {     W} {\u2836}
L {MUDFONT NWS} {N    W} {\u283E}
L {MUDFONT NWS} {  NW W} {\u2837}
L {MUDFONT NWS} {N NW W} {\u283F}
L {MUDFONT NWS} {       SW} {\u2870}
L {MUDFONT NWS} {N      SW} {\u2878}
L {MUDFONT NWS} {  NW   SW} {\u2871}
L {MUDFONT NWS} {N NW   SW} {\u2879}
L {MUDFONT NWS} {     W SW} {\u2876}
L {MUDFONT NWS} {N    W SW} {\u287E}
L {MUDFONT NWS} {  NW W SW} {\u2877}
L {MUDFONT NWS} {N NW W SW} {\u287F}
L {MUDFONT NWS} {          S} {\u28B0}
L {MUDFONT NWS} {N         S} {\u28B8}
L {MUDFONT NWS} {  NW      S} {\u28B1}
L {MUDFONT NWS} {N NW      S} {\u28B9}
L {MUDFONT NWS} {     W    S} {\u28B6}
L {MUDFONT NWS} {N    W    S} {\u28BE}
L {MUDFONT NWS} {  NW W    S} {\u28B7}
L {MUDFONT NWS} {N NW W    S} {\u28BF}
L {MUDFONT NWS} {       SW S} {\u28F0}
L {MUDFONT NWS} {N      SW S} {\u28F8}
L {MUDFONT NWS} {  NW   SW S} {\u28F1}
L {MUDFONT NWS} {N NW   SW S} {\u28F9}
L {MUDFONT NWS} {     W SW S} {\u28F6}
L {MUDFONT NWS} {N    W SW S} {\u28FE}
L {MUDFONT NWS} {  NW W SW S} {\u28F7}
L {MUDFONT NWS} {N NW W SW S} {\u28FF}
L {MUDFONT NES} {NO EXITS} {\u2806}
L {MUDFONT NES} {N} {\u2807}
L {MUDFONT NES} {  NE} {\u280E}
L {MUDFONT NES} {N NE} {\u280F}
L {MUDFONT NES} {     W} {\u2836}
L {MUDFONT NES} {N    W} {\u2837}
L {MUDFONT NES} {  NE W} {\u283E}
L {MUDFONT NES} {N NE W} {\u283F}
L {MUDFONT NES} {       SE} {\u2886}
L {MUDFONT NES} {N      SE} {\u2887}
L {MUDFONT NES} {  NE   SE} {\u288E}
L {MUDFONT NES} {N NE   SE} {\u288F}
L {MUDFONT NES} {     W SE} {\u28B6}
L {MUDFONT NES} {N    W SE} {\u28B7}
L {MUDFONT NES} {  NE W SE} {\u28BE}
L {MUDFONT NES} {N NE W SE} {\u28BF}
L {MUDFONT NES} {          S} {\u2846}
L {MUDFONT NES} {N         S} {\u2847}
L {MUDFONT NES} {  NE      S} {\u284E}
L {MUDFONT NES} {N NE      S} {\u284F}
L {MUDFONT NES} {     W    S} {\u2876}
L {MUDFONT NES} {N    W    S} {\u2877}
L {MUDFONT NES} {  NE W    S} {\u287E}
L {MUDFONT NES} {N NE W    S} {\u287F}
L {MUDFONT NES} {       SE S} {\u28C6}
L {MUDFONT NES} {N      SE S} {\u28C7}
L {MUDFONT NES} {  NE   SE S} {\u28CE}
L {MUDFONT NES} {N NE   SE S} {\u28CF}
L {MUDFONT NES} {     W SE S} {\u28F6}
L {MUDFONT NES} {N    W SE S} {\u28F7}
L {MUDFONT NES} {  NE W SE S} {\u28FE}
L {MUDFONT NES} {N NE W SE S} {\u28FF}
L {MUDFONT VOID NWS} {NO EXITS} {\u2800}
L {MUDFONT VOID NWS} {N} {\u2808}
L {MUDFONT VOID NWS} {  NW} {\u2801}
L {MUDFONT VOID NWS} {N NW} {\u2809}
L {MUDFONT VOID NWS} {     W} {\u2806}
L {MUDFONT VOID NWS} {N    W} {\u280E}
L {MUDFONT VOID NWS} {  NW W} {\u2807}
L {MUDFONT VOID NWS} {N NW W} {\u280F}
L {MUDFONT VOID NWS} {       SW} {\u2840}
L {MUDFONT VOID NWS} {N      SW} {\u2848}
L {MUDFONT VOID NWS} {  NW   SW} {\u2841}
L {MUDFONT VOID NWS} {N NW   SW} {\u2849}
L {MUDFONT VOID NWS} {     W SW} {\u2846}
L {MUDFONT VOID NWS} {N    W SW} {\u284E}
L {MUDFONT VOID NWS} {  NW W SW} {\u2847}
L {MUDFONT VOID NWS} {N NW W SW} {\u284F}
L {MUDFONT VOID NWS} {          S} {\u2880}
L {MUDFONT VOID NWS} {N         S} {\u2888}
L {MUDFONT VOID NWS} {  NW      S} {\u2881}
L {MUDFONT VOID NWS} {N NW      S} {\u2889}
L {MUDFONT VOID NWS} {     W    S} {\u2886}
L {MUDFONT VOID NWS} {N    W    S} {\u288E}
L {MUDFONT VOID NWS} {  NW W    S} {\u2887}
L {MUDFONT VOID NWS} {N NW W    S} {\u288F}
L {MUDFONT VOID NWS} {       SW S} {\u28C0}
L {MUDFONT VOID NWS} {N      SW S} {\u28C8}
L {MUDFONT VOID NWS} {  NW   SW S} {\u28C1}
L {MUDFONT VOID NWS} {N NW   SW S} {\u28C9}
L {MUDFONT VOID NWS} {     W SW S} {\u28C6}
L {MUDFONT VOID NWS} {N    W SW S} {\u28CE}
L {MUDFONT VOID NWS} {  NW W SW S} {\u28C7}
L {MUDFONT VOID NWS} {N NW W SW S} {\u28CF}
L {MUDFONT VOID NES} {NO EXITS} {\u2800}
L {MUDFONT VOID NES} {N} {\u2801}
L {MUDFONT VOID NES} {  NE} {\u2808}
L {MUDFONT VOID NES} {N NE} {\u2809}
L {MUDFONT VOID NES} {     W} {\u2830}
L {MUDFONT VOID NES} {N    W} {\u2831}
L {MUDFONT VOID NES} {  NE W} {\u2838}
L {MUDFONT VOID NES} {N NE W} {\u2839}
L {MUDFONT VOID NES} {       SE} {\u2880}
L {MUDFONT VOID NES} {N      SE} {\u2881}
L {MUDFONT VOID NES} {  NE   SE} {\u2888}
L {MUDFONT VOID NES} {N NE   SE} {\u2889}
L {MUDFONT VOID NES} {     W SE} {\u28B0}
L {MUDFONT VOID NES} {N    W SE} {\u28B1}
L {MUDFONT VOID NES} {  NE W SE} {\u28B8}
L {MUDFONT VOID NES} {N NE W SE} {\u28B9}
L {MUDFONT VOID NES} {          S} {\u2840}
L {MUDFONT VOID NES} {N         S} {\u2841}
L {MUDFONT VOID NES} {  NE      S} {\u2848}
L {MUDFONT VOID NES} {N NE      S} {\u2849}
L {MUDFONT VOID NES} {     W    S} {\u2870}
L {MUDFONT VOID NES} {N    W    S} {\u2871}
L {MUDFONT VOID NES} {  NE W    S} {\u2878}
L {MUDFONT VOID NES} {N NE W    S} {\u2879}
L {MUDFONT VOID NES} {       SE S} {\u28C0}
L {MUDFONT VOID NES} {N      SE S} {\u28C1}
L {MUDFONT VOID NES} {  NE   SE S} {\u28C8}
L {MUDFONT VOID NES} {N NE   SE S} {\u28C9}
L {MUDFONT VOID NES} {     W SE S} {\u28F0}
L {MUDFONT VOID NES} {N    W SE S} {\u28F1}
L {MUDFONT VOID NES} {  NE W SE S} {\u28F8}
L {MUDFONT VOID NES} {N NE W SE S} {\u28F9}
L {MUDFONT CURVED} {N E} {\u2818}
L {MUDFONT CURVED} {S E} {\u28A0}
L {MUDFONT CURVED} {S W} {\u2844}
L {MUDFONT CURVED} {N W} {\u2803}
L {UNICODE GRAPHICS} {NO DIAGONAL} {}
L {UNICODE GRAPHICS} {SE} {\u2198}
L {UNICODE GRAPHICS} {NE} {\u2197}
L {UNICODE GRAPHICS} {SE NE} {>}
L {UNICODE GRAPHICS} {SW} {\u2199}
L {UNICODE GRAPHICS} {SE SW} {\u2E0C\u2E0D}
L {UNICODE GRAPHICS} {NE SW} {\uFF0F}
L {UNICODE GRAPHICS} {SE NE SW} {>\u2E0D}
L {UNICODE GRAPHICS} {NW} {\u2196}
L {UNICODE GRAPHICS} {SE NW} {\uFF3C}
L {UNICODE GRAPHICS} {NE NW} {\u2E1D\u2E1C}
L {UNICODE GRAPHICS} {SE NE NW} {>\u2E1C}
L {UNICODE GRAPHICS} {SW NW} {<}
L {UNICODE GRAPHICS} {SE SW NW} {\u2E0C<}
L {UNICODE GRAPHICS} {NE SW NW} {\u2E1D<}
L {UNICODE GRAPHICS} {SE NE SW NW} {><}
L {UNICODE GRAPHICS} {D} {-}
L {UNICODE GRAPHICS} {N} {\u2191}
L {UNICODE GRAPHICS} {S} {\u2193}
L {UNICODE GRAPHICS} {N S} {\u2502}
L {UNICODE GRAPHICS} {U} {+}
L {UNICODE GRAPHICS} {E} {\u2192}
L {UNICODE GRAPHICS} {W} {\u2190}
L {UNICODE GRAPHICS} {E W} {\u2500}
L {UNICODE GRAPHICS} {ROOM L} {[}
L {UNICODE GRAPHICS} {ROOM L CURVED} {(}
L {UNICODE GRAPHICS} {ROOM R} {]}
L {UNICODE GRAPHICS} {ROOM R CURVED} {)}




T {} { } {}
T {CITY} {<FF03A2E>=} {WIDE}
T {FIELD} {<F9A7D0A>·} {WIDE FADEOUT}
T {FOREST} {<F0B5345>⍋} {WIDE FADEOUT}
T {HILLS} {<F7D6608>︵} {DENSE WIDE FADEOUT DOUBLE}
T {INSIDE} {<F922B21>≡} {}
T {MIDAIR} {<F6C3483>⊰} {SPARSE WIDE}
T {MOUNTAINS} {<F935116>◮} {WIDE}
T {NOSWIM} {<F21618C>~} {}
T {SWIM} {<F21618C>~} {}



R {1}{0}{}{}{ }{}{}{}{}{}{1.000}{}

R {2}{4104}{}{}{ }{}{}{}{CITY}{}{1.000}{}
E {23020}{e}{e}{2}{0}{}{1.000}{}{0.00}
E {23021}{w}{w}{8}{0}{}{1.000}{}{0.00}

R {3}{4104}{}{}{ }{}{}{}{CITY}{}{1.000}{}
E {23107}{w}{w}{8}{0}{}{1.000}{}{0.00}
E {23106}{e}{e}{2}{0}{}{1.000}{}{0.00}

R {4}{4104}{}{}{ }{}{}{}{CITY}{}{1.000}{}
E {23108}{w}{w}{8}{0}{}{1.000}{}{0.00}
E {23107}{e}{e}{2}{0}{}{1.000}{}{0.00}

R {5}{4104}{}{}{ }{}{}{}{CITY}{}{1.000}{}
E {23198}{n}{n}{1}{0}{}{1.000}{}{0.00}
E {23108}{s}{s}{4}{0}{}{1.000}{}{0.00}

R {6}{4104}{}{}{ }{}{}{}{INSIDE}{}{1.000}{}
E {23330}{e}{e}{2}{0}{}{1.000}{}{0.00}
E {23329}{w}{w}{8}{0}{}{1.000}{}{0.00}

R {7}{4104}{}{}{ }{}{}{}{CITY}{}{1.000}{}
E {23324}{sw}{sw}{12}{0}{}{1.000}{}{0.00}
E {23207}{ne}{ne}{3}{0}{}{1.000}{}{0.00}

R {8}{4104}{}{}{ }{}{}{}{CITY}{}{1.000}{}
E {23194}{n}{n}{1}{0}{}{1.000}{}{0.00}
E {23193}{s}{s}{4}{0}{}{1.000}{}{0.00}

R {9}{4104}{}{}{ }{}{}{}{CITY}{}{1.000}{}
E {23191}{n}{n}{1}{0}{}{1.000}{}{0.00}
E {23192}{s}{s}{4}{0}{}{1.000}{}{0.00}

R {10}{4104}{}{}{ }{}{}{}{CITY}{}{1.000}{}
E {23194}{w}{w}{8}{0}{}{1.000}{}{0.00}
E {23190}{e}{e}{2}{0}{}{1.000}{}{0.00}

R {11}{4104}{}{}{ }{}{}{}{CITY}{}{1.000}{}
E {23100}{e}{e}{2}{0}{}{1.000}{}{0.00}
E {23101}{w}{w}{8}{0}{}{1.000}{}{0.00}

R {12}{4104}{}{}{ }{}{}{}{CITY}{}{1.000}{}
E {23210}{n}{n}{1}{0}{}{1.000}{}{0.00}
E {23208}{s}{s}{4}{0}{}{1.000}{}{0.00}

R {13}{4104}{}{}{ }{}{}{}{CITY}{}{1.000}{}
E {23148}{n}{n}{1}{0}{}{1.000}{}{0.00}
E {23096}{s}{s}{4}{0}{}{1.000}{}{0.00}

R {14}{4104}{}{}{ }{}{}{}{CITY}{}{1.000}{}
E {23145}{n}{n}{1}{0}{}{1.000}{}{0.00}
E {23095}{s}{s}{4}{0}{}{1.000}{}{0.00}

R {15}{4104}{}{}{ }{}{}{}{CITY}{}{1.000}{}
E {23118}{s}{s}{4}{0}{}{1.000}{}{0.00}
E {23119}{n}{n}{1}{0}{}{1.000}{}{0.00}

R {16}{4104}{}{}{ }{}{}{}{CITY}{}{1.000}{}
E {23225}{w}{w}{8}{0}{}{1.000}{}{0.00}
E {23226}{e}{e}{2}{0}{}{1.000}{}{0.00}

R {17}{4104}{}{}{ }{}{}{}{CITY}{}{1.000}{}
E {21}{w}{w}{8}{0}{}{1.000}{}{0.00}
E {18}{e}{e}{2}{0}{}{1.000}{}{0.00}

R {18}{4104}{}{}{ }{}{}{}{CITY}{}{1.000}{}
E {17}{w}{w}{8}{0}{}{1.000}{}{0.00}
E {19}{e}{e}{2}{0}{}{1.000}{}{0.00}

R {19}{4104}{}{}{ }{}{}{}{CITY}{}{1.000}{}
E {18}{w}{w}{8}{0}{}{1.000}{}{0.00}
E {20}{e}{e}{2}{0}{}{1.000}{}{0.00}

R {20}{4104}{}{}{ }{}{}{}{CITY}{}{1.000}{}
E {19}{w}{w}{8}{0}{}{1.000}{}{0.00}
E {23235}{e}{e}{2}{0}{}{1.000}{}{0.00}

R {21}{4104}{}{}{ }{}{}{}{CITY}{}{1.000}{}
E {17}{e}{e}{2}{0}{}{1.000}{}{0.00}
E {22}{w}{w}{8}{0}{}{1.000}{}{0.00}

R {22}{4104}{}{}{ }{}{}{}{CITY}{}{1.000}{}
E {21}{e}{e}{2}{0}{}{1.000}{}{0.00}
E {23}{w}{w}{8}{0}{}{1.000}{}{0.00}

R {23}{4104}{}{}{ }{}{}{}{CITY}{}{1.000}{}
E {22}{e}{e}{2}{0}{}{1.000}{}{0.00}
E {24}{w}{w}{8}{0}{}{1.000}{}{0.00}

R {24}{4104}{}{}{ }{}{}{}{CITY}{}{1.000}{}
E {23}{e}{e}{2}{0}{}{1.000}{}{0.00}
E {25}{w}{w}{8}{0}{}{1.000}{}{0.00}

R {25}{4104}{}{}{ }{}{}{}{CITY}{}{1.000}{}
E {24}{e}{e}{2}{0}{}{1.000}{}{0.00}
E {23221}{w}{w}{8}{0}{}{1.000}{}{0.00}

R {26}{4104}{}{}{ }{}{}{}{CITY}{}{1.000}{}
E {23385}{n}{n}{1}{0}{}{1.000}{}{0.00}
E {27}{s}{s}{4}{0}{}{1.000}{}{0.00}

R {27}{4104}{}{}{ }{}{}{}{CITY}{}{1.000}{}
E {26}{n}{n}{1}{0}{}{1.000}{}{0.00}
E {23210}{s}{s}{4}{0}{}{1.000}{}{0.00}

R {28}{4104}{}{}{ }{}{}{}{INSIDE}{}{1.000}{}
E {23080}{n}{n}{1}{0}{}{1.000}{}{0.00}
E {23081}{s}{s}{4}{0}{}{1.000}{}{0.00}

R {29}{4104}{}{}{ }{}{}{}{CITY}{}{1.000}{}
E {23032}{n}{n}{1}{0}{}{1.000}{}{0.00}
E {23031}{s}{s}{4}{0}{}{1.000}{}{0.00}

R {30}{4104}{}{}{ }{}{}{}{CITY}{}{1.000}{}
E {23140}{n}{n}{1}{0}{}{1.000}{}{0.00}
E {23094}{s}{s}{4}{0}{}{1.000}{}{0.00}

R {31}{4104}{}{}{ }{}{}{}{CITY}{}{1.000}{}
E {23110}{n}{n}{1}{0}{}{1.000}{}{0.00}
E {23021}{s}{s}{4}{0}{}{1.000}{}{0.00}

R {32}{4104}{}{}{ }{}{}{}{CITY}{}{1.000}{}
E {23154}{n}{n}{1}{0}{}{1.000}{}{0.00}
E {23098}{s}{s}{4}{0}{}{1.000}{}{0.00}

R {33}{4104}{}{}{ }{}{}{}{CITY}{}{1.000}{}
E {23100}{s}{s}{4}{0}{}{1.000}{}{0.00}
E {23160}{n}{n}{1}{0}{}{1.000}{}{0.00}

R {34}{4104}{}{}{ }{}{}{}{CITY}{}{1.000}{}
E {23165}{n}{n}{1}{0}{}{1.000}{}{0.00}
E {23101}{s}{s}{4}{0}{}{1.000}{}{0.00}

R {35}{4104}{}{}{ }{}{}{}{CITY}{}{1.000}{}
E {23174}{n}{n}{1}{0}{}{1.000}{}{0.00}
E {23105}{s}{s}{4}{0}{}{1.000}{}{0.00}

R {36}{4104}{}{}{ }{}{}{}{CITY}{}{1.000}{}
E {23170}{ne}{ne}{3}{0}{}{1.000}{}{0.00}
E {23105}{sw}{sw}{12}{0}{}{1.000}{}{0.00}

R {37}{4104}{}{}{ }{}{}{}{CITY}{}{1.000}{}
E {23102}{e}{e}{2}{0}{}{1.000}{}{0.00}
E {23103}{w}{w}{8}{0}{}{1.000}{}{0.00}

R {38}{4104}{}{}{ }{}{}{}{CITY}{}{1.000}{}
E {23110}{e}{e}{2}{0}{}{1.000}{}{0.00}
E {51}{w}{w}{8}{0}{}{1.000}{}{0.00}

R {39}{4104}{}{}{ }{}{}{}{CITY}{}{1.000}{}
E {23021}{e}{e}{2}{0}{}{1.000}{}{0.00}
E {52}{w}{w}{8}{0}{}{1.000}{}{0.00}

R {40}{4104}{}{}{ }{}{}{}{CITY}{}{1.000}{}
E {72}{w}{w}{8}{0}{}{1.000}{}{0.00}
E {43}{e}{e}{2}{0}{}{1.000}{}{0.00}

R {41}{4104}{}{}{ }{}{}{}{CITY}{}{1.000}{}
E {73}{w}{w}{8}{0}{}{1.000}{}{0.00}
E {44}{e}{e}{2}{0}{}{1.000}{}{0.00}

R {42}{4104}{}{}{ }{}{}{}{CITY}{}{1.000}{}
E {23140}{s}{s}{4}{0}{}{1.000}{}{0.00}
E {23141}{n}{n}{1}{0}{}{1.000}{}{0.00}

R {43}{4104}{}{}{ }{}{}{}{CITY}{}{1.000}{}
E {40}{w}{w}{8}{0}{}{1.000}{}{0.00}
E {23140}{e}{e}{2}{0}{}{1.000}{}{0.00}

R {44}{4104}{}{}{ }{}{}{}{CITY}{}{1.000}{}
E {41}{w}{w}{8}{0}{}{1.000}{}{0.00}
E {23094}{e}{e}{2}{0}{}{1.000}{}{0.00}

R {45}{4104}{}{}{ }{}{}{}{CITY}{}{1.000}{}
E {23110}{s}{s}{4}{0}{}{1.000}{}{0.00}
E {23111}{n}{n}{1}{0}{}{1.000}{}{0.00}

R {46}{4104}{}{}{ }{}{}{}{CITY}{}{1.000}{}
E {23112}{e}{e}{2}{0}{}{1.000}{}{0.00}
E {53}{w}{w}{8}{0}{}{1.000}{}{0.00}

R {47}{4104}{}{}{ }{}{}{}{CITY}{}{1.000}{}
E {23143}{n}{n}{1}{0}{}{1.000}{}{0.00}
E {55}{s}{s}{4}{0}{}{1.000}{}{0.00}

R {48}{4104}{}{}{ }{}{}{}{CITY}{}{1.000}{}
E {23142}{n}{n}{1}{0}{}{1.000}{}{0.00}
E {23141}{s}{s}{4}{0}{}{1.000}{}{0.00}

R {49}{4104}{}{}{ }{}{}{}{CITY}{}{1.000}{}
E {23112}{n}{n}{1}{0}{}{1.000}{}{0.00}
E {23111}{s}{s}{4}{0}{}{1.000}{}{0.00}

R {50}{4104}{}{}{ }{}{}{}{CITY}{}{1.000}{}
E {23139}{w}{w}{8}{0}{}{1.000}{}{0.00}
E {23111}{e}{e}{2}{0}{}{1.000}{}{0.00}

R {51}{4104}{}{}{ }{}{}{}{CITY}{}{1.000}{}
E {38}{e}{e}{2}{0}{}{1.000}{}{0.00}
E {23140}{w}{w}{8}{0}{}{1.000}{}{0.00}

R {52}{4104}{}{}{ }{}{}{}{CITY}{}{1.000}{}
E {39}{e}{e}{2}{0}{}{1.000}{}{0.00}
E {23094}{w}{w}{8}{0}{}{1.000}{}{0.00}

R {53}{4104}{}{}{ }{}{}{}{CITY}{}{1.000}{}
E {46}{e}{e}{2}{0}{}{1.000}{}{0.00}
E {23142}{w}{w}{8}{0}{}{1.000}{}{0.00}

R {54}{4104}{}{}{ }{}{}{}{CITY}{}{1.000}{}
E {23158}{s}{s}{4}{0}{}{1.000}{}{0.00}
E {23157}{n}{n}{1}{0}{}{1.000}{}{0.00}

R {55}{4104}{}{}{ }{}{}{}{CITY}{}{1.000}{}
E {47}{n}{n}{1}{0}{}{1.000}{}{0.00}
E {23144}{s}{s}{4}{0}{}{1.000}{}{0.00}

R {56}{4104}{}{}{ }{}{}{}{CITY}{}{1.000}{}
E {71}{w}{w}{8}{0}{}{1.000}{}{0.00}
E {57}{e}{e}{2}{0}{}{1.000}{}{0.00}

R {57}{4104}{}{}{ }{}{}{}{CITY}{}{1.000}{}
E {56}{w}{w}{8}{0}{}{1.000}{}{0.00}
E {23142}{e}{e}{2}{0}{}{1.000}{}{0.00}

R {58}{4104}{}{}{ }{}{}{}{CITY}{}{1.000}{}
E {23125}{n}{n}{1}{0}{}{1.000}{}{0.00}
E {23143}{s}{s}{4}{0}{}{1.000}{}{0.00}

R {59}{4104}{}{}{ }{}{}{}{CITY}{}{1.000}{}
E {23124}{n}{n}{1}{0}{}{1.000}{}{0.00}
E {23142}{s}{s}{4}{0}{}{1.000}{}{0.00}

R {60}{4104}{}{}{ }{}{}{}{CITY}{}{1.000}{}
E {23124}{e}{e}{2}{0}{}{1.000}{}{0.00}
E {61}{w}{w}{8}{0}{}{1.000}{}{0.00}

R {61}{4104}{}{}{ }{}{}{}{CITY}{}{1.000}{}
E {60}{e}{e}{2}{0}{}{1.000}{}{0.00}
E {70}{w}{w}{8}{0}{}{1.000}{}{0.00}

R {62}{4104}{}{}{ }{}{}{}{CITY}{}{1.000}{}
E {23113}{nw}{nw}{9}{0}{}{1.000}{}{0.00}
E {23112}{se}{se}{6}{0}{}{1.000}{}{0.00}

R {63}{4104}{}{}{ }{}{}{}{CITY}{}{1.000}{}
E {23161}{s}{s}{4}{0}{}{1.000}{}{0.00}
E {23162}{n}{n}{1}{0}{}{1.000}{}{0.00}

R {64}{4104}{}{}{ }{}{}{}{CITY}{}{1.000}{}
E {23163}{s}{s}{4}{0}{}{1.000}{}{0.00}
E {23131}{n}{n}{1}{0}{}{1.000}{}{0.00}

R {65}{4104}{}{}{ }{}{}{}{CITY}{}{1.000}{}
E {23162}{s}{s}{4}{0}{}{1.000}{}{0.00}
E {23130}{n}{n}{1}{0}{}{1.000}{}{0.00}

R {66}{4104}{}{}{ }{}{}{}{CITY}{}{1.000}{}
E {23165}{s}{s}{4}{0}{}{1.000}{}{0.00}
E {23164}{n}{n}{1}{0}{}{1.000}{}{0.00}

R {67}{4104}{}{}{ }{}{}{}{CITY}{}{1.000}{}
E {23164}{w}{w}{8}{0}{}{1.000}{}{0.00}
E {23161}{e}{e}{2}{0}{}{1.000}{}{0.00}

R {68}{4104}{}{}{ }{}{}{}{CITY}{}{1.000}{}
E {23114}{nw}{nw}{9}{0}{}{1.000}{}{0.00}
E {23113}{se}{se}{6}{0}{}{1.000}{}{0.00}

R {69}{4104}{}{}{ }{}{}{}{CITY}{}{1.000}{}
E {23156}{n}{n}{1}{0}{}{1.000}{}{0.00}
E {23155}{s}{s}{4}{0}{}{1.000}{}{0.00}

R {70}{4104}{}{}{ }{}{}{}{CITY}{}{1.000}{}
E {61}{e}{e}{2}{0}{}{1.000}{}{0.00}
E {23125}{w}{w}{8}{0}{}{1.000}{}{0.00}

R {71}{4104}{}{}{ }{}{}{}{CITY}{}{1.000}{}
E {56}{e}{e}{2}{0}{}{1.000}{}{0.00}
E {23143}{w}{w}{8}{0}{}{1.000}{}{0.00}

R {72}{4104}{}{}{ }{}{}{}{CITY}{}{1.000}{}
E {40}{e}{e}{2}{0}{}{1.000}{}{0.00}
E {23145}{w}{w}{8}{0}{}{1.000}{}{0.00}

R {73}{4104}{}{}{ }{}{}{}{CITY}{}{1.000}{}
E {41}{e}{e}{2}{0}{}{1.000}{}{0.00}
E {23095}{w}{w}{8}{0}{}{1.000}{}{0.00}

R {74}{4104}{}{}{ }{}{}{}{CITY}{}{1.000}{}
E {23149}{s}{s}{4}{0}{}{1.000}{}{0.00}
E {23150}{n}{n}{1}{0}{}{1.000}{}{0.00}

R {75}{4104}{}{}{ }{}{}{}{CITY}{}{1.000}{}
E {87}{e}{e}{2}{0}{}{1.000}{}{0.00}
E {23096}{w}{w}{8}{0}{}{1.000}{}{0.00}

R {76}{4104}{}{}{ }{}{}{}{CITY}{}{1.000}{}
E {23155}{n}{n}{1}{0}{}{1.000}{}{0.00}
E {23154}{s}{s}{4}{0}{}{1.000}{}{0.00}

R {77}{4104}{}{}{ }{}{}{}{CITY}{}{1.000}{}
E {23149}{n}{n}{1}{0}{}{1.000}{}{0.00}
E {23148}{s}{s}{4}{0}{}{1.000}{}{0.00}

R {78}{4104}{}{}{ }{}{}{}{CITY}{}{1.000}{}
E {23159}{s}{s}{4}{0}{}{1.000}{}{0.00}
E {23158}{n}{n}{1}{0}{}{1.000}{}{0.00}

R {79}{4104}{}{}{ }{}{}{}{CITY}{}{1.000}{}
E {23165}{w}{w}{8}{0}{}{1.000}{}{0.00}
E {23160}{e}{e}{2}{0}{}{1.000}{}{0.00}

R {80}{4104}{}{}{ }{}{}{}{INSIDE}{}{1.000}{}
E {23277}{e}{e}{2}{0}{}{1.000}{}{0.00}
E {23275}{w}{w}{8}{0}{}{1.000}{}{0.00}

R {81}{4104}{}{}{ }{}{}{}{INSIDE}{}{1.000}{}
E {23276}{w}{w}{8}{0}{}{1.000}{}{0.00}
E {23275}{e}{e}{2}{0}{}{1.000}{}{0.00}

R {82}{4104}{}{}{ }{}{}{}{CITY}{}{1.000}{}
E {23160}{s}{s}{4}{0}{}{1.000}{}{0.00}
E {23161}{n}{n}{1}{0}{}{1.000}{}{0.00}

R {83}{4104}{}{}{ }{}{}{}{CITY}{}{1.000}{}
E {23016}{n}{n}{1}{0}{}{1.000}{}{0.00}
E {23015}{s}{s}{4}{0}{}{1.000}{}{0.00}

R {84}{4104}{}{}{ }{}{}{}{CITY}{}{1.000}{}
E {23151}{sw}{sw}{12}{0}{}{1.000}{}{0.00}
E {23123}{ne}{ne}{3}{0}{}{1.000}{}{0.00}

R {85}{4104}{}{}{ }{}{}{}{CITY}{}{1.000}{}
E {23143}{e}{e}{2}{0}{}{1.000}{}{0.00}
E {23147}{w}{w}{8}{0}{}{1.000}{}{0.00}

R {86}{4104}{}{}{ }{}{}{}{CITY}{}{1.000}{}
E {23145}{e}{e}{2}{0}{}{1.000}{}{0.00}
E {23146}{w}{w}{8}{0}{}{1.000}{}{0.00}

R {87}{4104}{}{}{ }{}{}{}{CITY}{}{1.000}{}
E {75}{w}{w}{8}{0}{}{1.000}{}{0.00}
E {23095}{e}{e}{2}{0}{}{1.000}{}{0.00}

R {88}{4104}{}{}{ }{}{}{}{CITY}{}{1.000}{}
E {23115}{nw}{nw}{9}{0}{}{1.000}{}{0.00}
E {23114}{se}{se}{6}{0}{}{1.000}{}{0.00}

R {89}{4104}{}{}{ }{}{}{}{CITY}{}{1.000}{}
E {23162}{e}{e}{2}{0}{}{1.000}{}{0.00}
E {23163}{w}{w}{8}{0}{}{1.000}{}{0.00}

R {90}{4104}{}{}{ }{}{}{}{CITY}{}{1.000}{}
E {23164}{s}{s}{4}{0}{}{1.000}{}{0.00}
E {23163}{n}{n}{1}{0}{}{1.000}{}{0.00}

R {91}{4104}{}{}{ }{}{}{}{CITY}{}{1.000}{}
E {23130}{e}{e}{2}{0}{}{1.000}{}{0.00}
E {23131}{w}{w}{8}{0}{}{1.000}{}{0.00}

R {555}{0}{<fff>}{}{AbC}{}{}{}{}{}{1.000}{}

R {3300}{0}{<fff>}{}{MnT}{}{}{}{FOREST}{}{1.000}{}

R {6930}{0}{<fff>}{}{DrS}{}{}{}{NOSWIM}{}{1.000}{}

R {6931}{0}{<fff>}{}{DrS}{}{}{}{NOSWIM}{}{1.000}{}

R {9301}{0}{<fff>}{}{Flo}{}{}{}{FIELD}{}{1.000}{}

R {23000}{0}{<fff>}{Old caravan route}{ }{}{the city of Sanctuary}{}{HILLS}{}{1.000}{}
E {23530}{d}{jt_m_link_action {down} {the watch tower} {23530}}{32}{0}{}{1.000}{}{0.00}
E {9301}{ne}{jt_m_link_action {northeast} {Floodland} {9301}}{3}{0}{}{1.000}{}{0.00}
E {23001}{s}{s}{4}{0}{}{1.000}{}{0.00}

R {23001}{0}{<fff>}{Old caravan route}{ }{}{the city of Sanctuary}{}{HILLS}{}{1.000}{}
E {23000}{n}{n}{1}{0}{}{1.000}{}{0.00}
E {23002}{sw}{sw}{12}{0}{}{1.000}{}{0.00}

R {23002}{0}{<fff>}{Eagle's Beak}{ }{}{the city of Sanctuary}{}{HILLS}{}{1.000}{}
E {23004}{d}{d}{32}{0}{}{1.000}{}{0.00}
E {23003}{n}{n}{1}{0}{}{1.000}{}{0.00}
E {23001}{ne}{ne}{3}{0}{}{1.000}{}{0.00}
E {23005}{w}{w}{8}{0}{}{1.000}{}{0.00}

R {23003}{0}{<fff>}{Gates to Eagle's Nest Estate}{ }{}{the city of Sanctuary}{}{HILLS}{}{1.000}{}
E {23002}{s}{s}{4}{0}{}{1.000}{}{0.00}

R {23004}{0}{<efa>}{}{ }{}{}{}{}{}{1.000}{}

R {23005}{0}{<fff>}{Old caravan route}{ }{}{the city of Sanctuary}{}{HILLS}{}{1.000}{}
E {23002}{e}{e}{2}{0}{}{1.000}{}{0.00}
E {23007}{w}{w}{8}{0}{}{1.000}{}{0.00}

R {23007}{0}{<fff>}{Old caravan route}{ }{}{the city of Sanctuary}{}{HILLS}{}{1.000}{}
E {23005}{e}{e}{2}{0}{}{1.000}{}{0.00}
E {23008}{nw}{nw}{9}{0}{}{1.000}{}{0.00}

R {23008}{0}{<fff>}{Old caravan route}{ }{}{the city of Sanctuary}{}{HILLS}{}{1.000}{}
E {23009}{nw}{nw}{9}{0}{}{1.000}{}{0.00}
E {23007}{se}{se}{6}{0}{}{1.000}{}{0.00}

R {23009}{0}{<fff>}{Old caravan route}{ }{}{the city of Sanctuary}{}{HILLS}{}{1.000}{}
E {23010}{nw}{nw}{9}{0}{}{1.000}{}{0.00}
E {23008}{se}{se}{6}{0}{}{1.000}{}{0.00}

R {23010}{0}{<fff>}{Outside the Gate of Gold}{ }{}{the city of Sanctuary}{}{HILLS}{}{1.000}{}
E {23009}{se}{se}{6}{0}{}{1.000}{}{0.00}
E {23012}{w}{w}{8}{0}{}{1.000}{}{0.00}

R {23012}{0}{<fff>}{Inside Gate of Gold}{ }{}{the city of Sanctuary}{}{CITY}{}{1.000}{}
E {23010}{e}{e}{2}{0}{}{1.000}{}{0.00}
E {23013}{w}{w}{8}{0}{}{1.000}{}{0.00}

R {23013}{0}{<fff>}{Within the city walls}{ }{}{the city of Sanctuary}{}{CITY}{}{1.000}{}
E {23012}{e}{e}{2}{0}{}{1.000}{}{0.00}
E {23500}{s}{jt_m_open_door {south}}{4}{0}{}{1.000}{}{0.00}
E {23014}{w}{w}{8}{0}{}{1.000}{}{0.00}

R {23014}{0}{<fff>}{On the bridge}{ }{}{the city of Sanctuary}{}{CITY}{}{1.000}{}
E {23013}{e}{e}{2}{0}{}{1.000}{}{0.00}
E {23015}{w}{w}{8}{0}{}{1.000}{}{0.00}

R {23015}{0}{<fff>}{Wideway}{ }{}{the city of Sanctuary}{}{CITY}{}{1.000}{}
E {23014}{e}{e}{2}{0}{}{1.000}{}{0.00}
E {83}{n}{n}{1}{0}{}{1.000}{}{0.00}
E {23020}{w}{w}{8}{0}{}{1.000}{}{0.00}

R {23016}{0}{<fff>}{a small trail}{ }{}{the city of Sanctuary}{}{FIELD}{}{1.000}{}
E {23425}{e}{e}{2}{0}{}{1.000}{}{0.00}
E {23017}{n}{n}{1}{0}{}{1.000}{}{0.00}
E {83}{s}{s}{4}{0}{}{1.000}{}{0.00}

R {23017}{0}{<fff>}{a small trail}{ }{}{the city of Sanctuary}{}{FOREST}{}{1.000}{}
E {23018}{nw}{nw}{9}{0}{}{1.000}{}{0.00}
E {23016}{s}{s}{4}{0}{}{1.000}{}{0.00}

R {23018}{0}{<fff>}{a dark trail}{ }{}{the city of Sanctuary}{}{FOREST}{}{1.000}{}
E {23019}{nw}{nw}{9}{0}{}{1.000}{}{0.00}
E {23017}{se}{se}{6}{0}{}{1.000}{}{0.00}

R {23019}{0}{<fff>}{a small pond}{ }{}{the city of Sanctuary}{}{FOREST}{}{1.000}{}
E {23112}{nw}{jt_m_open_door {northwest}}{9}{0}{}{1.000}{}{0.00}
E {23018}{se}{se}{6}{0}{}{1.000}{}{0.00}

R {23020}{0}{<fff>}{Wideway}{ }{}{the city of Sanctuary}{}{CITY}{}{1.000}{}
E {23015}{e}{e}{2}{0}{}{1.000}{}{0.00}
E {2}{w}{w}{8}{0}{}{1.000}{}{0.00}

R {23021}{0}{<fff>}{Wideway}{ }{}{the city of Sanctuary}{}{CITY}{}{1.000}{}
E {2}{e}{e}{2}{0}{}{1.000}{}{0.00}
E {31}{n}{n}{1}{0}{}{1.000}{}{0.00}
E {39}{w}{w}{8}{0}{}{1.000}{}{0.00}

R {23022}{0}{<fff>}{The Serpentine}{ }{}{the city of Sanctuary}{}{CITY}{}{1.000}{}
E {23023}{n}{n}{1}{0}{}{1.000}{}{0.00}
E {23169}{s}{s}{4}{0}{}{1.000}{}{0.00}

R {23023}{0}{<fff>}{The Serpentine}{ }{}{the city of Sanctuary}{}{CITY}{}{1.000}{}
E {23024}{e}{e}{2}{0}{}{1.000}{}{0.00}
E {23045}{n}{n}{1}{0}{}{1.000}{}{0.00}
E {23022}{s}{s}{4}{0}{}{1.000}{}{0.00}

R {23024}{0}{<fff>}{The Serpentine}{ }{}{the city of Sanctuary}{}{CITY}{}{1.000}{}
E {23050}{e}{e}{2}{0}{}{1.000}{}{0.00}
E {23025}{n}{n}{1}{0}{}{1.000}{}{0.00}
E {23023}{w}{w}{8}{0}{}{1.000}{}{0.00}

R {23025}{0}{<fff>}{The Serpentine}{ }{}{the city of Sanctuary}{}{CITY}{}{1.000}{}
E {23026}{n}{n}{1}{0}{}{1.000}{}{0.00}
E {23024}{s}{s}{4}{0}{}{1.000}{}{0.00}

R {23026}{0}{<fff>}{The Serpentine}{ }{}{the city of Sanctuary}{}{CITY}{}{1.000}{}
E {23051}{e}{e}{2}{0}{}{1.000}{}{0.00}
E {23025}{s}{s}{4}{0}{}{1.000}{}{0.00}
E {23027}{w}{w}{8}{0}{}{1.000}{}{0.00}

R {23027}{0}{<fff>}{The Serpentine}{ }{}{the city of Sanctuary}{}{CITY}{}{1.000}{}
E {23026}{e}{e}{2}{0}{}{1.000}{}{0.00}
E {23046}{n}{n}{1}{0}{}{1.000}{}{0.00}
E {23028}{w}{w}{8}{0}{}{1.000}{}{0.00}

R {23028}{0}{<fff>}{The Serpentine}{ }{}{the city of Sanctuary}{}{CITY}{}{1.000}{}
E {23027}{e}{e}{2}{0}{}{1.000}{}{0.00}
E {23055}{s}{s}{4}{0}{}{1.000}{}{0.00}
E {23029}{w}{w}{8}{0}{}{1.000}{}{0.00}

R {23029}{0}{<fff>}{The Serpentine}{ }{}{the city of Sanctuary}{}{CITY}{}{1.000}{}
E {23028}{e}{e}{2}{0}{}{1.000}{}{0.00}
E {23056}{s}{s}{4}{0}{}{1.000}{}{0.00}
E {23030}{w}{w}{8}{0}{}{1.000}{}{0.00}

R {23030}{0}{<fff>}{The Serpentine}{ }{}{the city of Sanctuary}{}{CITY}{}{1.000}{}
E {23029}{e}{e}{2}{0}{}{1.000}{}{0.00}
E {23031}{n}{n}{1}{0}{}{1.000}{}{0.00}
E {23429}{sw}{sw}{12}{0}{}{1.000}{}{0.00}

R {23031}{0}{<fff>}{The Serpentine}{ }{}{the city of Sanctuary}{}{CITY}{}{1.000}{}
E {23052}{e}{e}{2}{0}{}{1.000}{}{0.00}
E {29}{n}{n}{1}{0}{}{1.000}{}{0.00}
E {23079}{nw}{nw}{9}{0}{}{1.000}{}{0.00}
E {23030}{s}{s}{4}{0}{}{1.000}{}{0.00}

R {23032}{0}{<fff>}{The Serpentine}{ }{}{the city of Sanctuary}{}{CITY}{}{1.000}{}
E {23033}{n}{n}{1}{0}{}{1.000}{}{0.00}
E {23088}{ne}{ne}{3}{0}{}{1.000}{}{0.00}
E {29}{s}{s}{4}{0}{}{1.000}{}{0.00}
E {23079}{sw}{sw}{12}{0}{}{1.000}{}{0.00}

R {23033}{0}{<fff>}{The Serpentine}{ }{}{the city of Sanctuary}{}{CITY}{}{1.000}{}
E {23034}{e}{e}{2}{0}{}{1.000}{}{0.00}
E {23074}{n}{n}{1}{0}{}{1.000}{}{0.00}
E {23077}{nw}{nw}{9}{0}{}{1.000}{}{0.00}
E {23032}{s}{s}{4}{0}{}{1.000}{}{0.00}

R {23034}{0}{<fff>}{The Serpentine}{ }{}{the city of Sanctuary}{}{CITY}{}{1.000}{}
E {23035}{e}{e}{2}{0}{}{1.000}{}{0.00}
E {23047}{n}{n}{1}{0}{}{1.000}{}{0.00}
E {23033}{w}{w}{8}{0}{}{1.000}{}{0.00}

R {23035}{0}{<fff>}{The Serpentine}{ }{}{the city of Sanctuary}{}{CITY}{}{1.000}{}
E {23048}{n}{n}{1}{0}{}{1.000}{}{0.00}
E {23036}{s}{s}{4}{0}{}{1.000}{}{0.00}
E {23034}{w}{w}{8}{0}{}{1.000}{}{0.00}

R {23036}{0}{<fff>}{The Serpentine}{ }{}{the city of Sanctuary}{}{CITY}{}{1.000}{}
E {23037}{e}{e}{2}{0}{}{1.000}{}{0.00}
E {23035}{n}{n}{1}{0}{}{1.000}{}{0.00}
E {23057}{s}{s}{4}{0}{}{1.000}{}{0.00}

R {23037}{0}{<fff>}{The Serpentine}{ }{}{the city of Sanctuary}{}{CITY}{}{1.000}{}
E {23038}{e}{e}{2}{0}{}{1.000}{}{0.00}
E {23036}{w}{w}{8}{0}{}{1.000}{}{0.00}

R {23038}{0}{<fff>}{The Serpentine}{ }{}{the city of Sanctuary}{}{CITY}{}{1.000}{}
E {23039}{e}{e}{2}{0}{}{1.000}{}{0.00}
E {23058}{s}{s}{4}{0}{}{1.000}{}{0.00}
E {23037}{w}{w}{8}{0}{}{1.000}{}{0.00}

R {23039}{0}{<fff>}{The Serpentine}{ }{}{the city of Sanctuary}{}{CITY}{}{1.000}{}
E {23040}{n}{n}{1}{0}{}{1.000}{}{0.00}
E {23085}{se}{se}{6}{0}{}{1.000}{}{0.00}
E {23038}{w}{w}{8}{0}{}{1.000}{}{0.00}

R {23040}{0}{<fff>}{The Serpentine}{ }{}{the city of Sanctuary}{}{CITY}{}{1.000}{}
E {23053}{e}{e}{2}{0}{}{1.000}{}{0.00}
E {23041}{n}{n}{1}{0}{}{1.000}{}{0.00}
E {23039}{s}{s}{4}{0}{}{1.000}{}{0.00}

R {23041}{0}{<fff>}{The Serpentine}{ }{}{the city of Sanctuary}{}{CITY}{}{1.000}{}
E {23054}{e}{e}{2}{0}{}{1.000}{}{0.00}
E {23049}{n}{n}{1}{0}{}{1.000}{}{0.00}
E {23040}{s}{s}{4}{0}{}{1.000}{}{0.00}
E {23042}{w}{w}{8}{0}{}{1.000}{}{0.00}

R {23042}{0}{<fff>}{The Serpentine}{ }{}{the city of Sanctuary}{}{CITY}{}{1.000}{}
E {23041}{e}{e}{2}{0}{}{1.000}{}{0.00}
E {23043}{n}{n}{1}{0}{}{1.000}{}{0.00}
E {23059}{w}{w}{8}{0}{}{1.000}{}{0.00}

R {23043}{0}{<fff>}{The Serpentine}{ }{}{the city of Sanctuary}{}{CITY}{}{1.000}{}
E {23044}{n}{n}{1}{0}{}{1.000}{}{0.00}
E {23042}{s}{s}{4}{0}{}{1.000}{}{0.00}
E {23060}{w}{w}{8}{0}{}{1.000}{}{0.00}

R {23044}{0}{<fff>}{The Serpentine}{ }{}{the city of Sanctuary}{}{CITY}{}{1.000}{}
E {23167}{n}{n}{1}{0}{}{1.000}{}{0.00}
E {23043}{s}{s}{4}{0}{}{1.000}{}{0.00}
E {23061}{w}{w}{8}{0}{}{1.000}{}{0.00}

R {23045}{0}{<efa>}{}{ }{}{}{}{}{}{1.000}{}

R {23046}{0}{<efa>}{}{ }{}{}{}{}{}{1.000}{}

R {23047}{0}{<efa>}{}{ }{}{}{}{}{}{1.000}{}

R {23048}{0}{<efa>}{}{ }{}{}{}{}{}{1.000}{}

R {23049}{0}{<efa>}{}{ }{}{}{}{}{}{1.000}{}

R {23050}{0}{<efa>}{}{ }{}{}{}{}{}{1.000}{}

R {23051}{0}{<efa>}{}{ }{}{}{}{}{}{1.000}{}

R {23052}{0}{<efa>}{}{ }{}{}{}{}{}{1.000}{}

R {23053}{0}{<efa>}{}{ }{}{}{}{}{}{1.000}{}

R {23054}{0}{<efa>}{}{ }{}{}{}{}{}{1.000}{}

R {23055}{0}{<efa>}{}{ }{}{}{}{}{}{1.000}{}

R {23056}{0}{<efa>}{}{ }{}{}{}{}{}{1.000}{}

R {23057}{0}{<fff>}{a dark alley}{ }{}{the city of Sanctuary}{}{CITY}{}{1.000}{}
E {23066}{e}{e}{2}{0}{}{1.000}{}{0.00}
E {23036}{n}{n}{1}{0}{}{1.000}{}{0.00}
E {23065}{ne}{ne}{3}{0}{}{1.000}{}{0.00}
E {23071}{nw}{nw}{9}{0}{}{1.000}{}{0.00}
E {23068}{s}{s}{4}{0}{}{1.000}{}{0.00}
E {23067}{se}{se}{6}{0}{}{1.000}{}{0.00}
E {23069}{sw}{sw}{12}{0}{}{1.000}{}{0.00}
E {23070}{w}{w}{8}{0}{}{1.000}{}{0.00}

R {23058}{0}{<efa>}{}{ }{}{}{}{}{}{1.000}{}

R {23059}{0}{<fff>}{a dark alley}{ }{}{the city of Sanctuary}{}{CITY}{}{1.000}{}
E {23042}{e}{e}{2}{0}{}{1.000}{}{0.00}
E {23072}{n}{n}{1}{0}{}{1.000}{}{0.00}
E {23073}{ne}{ne}{3}{0}{}{1.000}{}{0.00}
E {23071}{nw}{nw}{9}{0}{}{1.000}{}{0.00}
E {23068}{s}{s}{4}{0}{}{1.000}{}{0.00}
E {23067}{se}{se}{6}{0}{}{1.000}{}{0.00}
E {23069}{sw}{sw}{12}{0}{}{1.000}{}{0.00}
E {23070}{w}{w}{8}{0}{}{1.000}{}{0.00}

R {23060}{0}{<efa>}{}{ }{}{}{}{}{}{1.000}{}

R {23061}{0}{<fff>}{a dark alley}{ }{}{the city of Sanctuary}{}{CITY}{}{1.000}{}
E {23044}{e}{e}{2}{0}{}{1.000}{}{0.00}
E {23071}{n}{n}{1}{0}{}{1.000}{}{0.00}
E {23072}{ne}{ne}{3}{0}{}{1.000}{}{0.00}
E {23070}{nw}{nw}{9}{0}{}{1.000}{}{0.00}
E {23067}{s}{s}{4}{0}{}{1.000}{}{0.00}
E {23066}{se}{se}{6}{0}{}{1.000}{}{0.00}
E {23068}{sw}{sw}{12}{0}{}{1.000}{}{0.00}
E {23069}{w}{w}{8}{0}{}{1.000}{}{0.00}

R {23062}{0}{<fff>}{Abandoned shack}{ }{}{the city of Sanctuary}{}{INSIDE}{}{1.000}{}
E {23066}{w}{jt_m_open_door {west}}{8}{0}{}{1.000}{}{0.00}

R {23063}{0}{<fff>}{A sturdy dwelling}{ }{}{the city of Sanctuary}{}{INSIDE}{}{1.000}{}
E {23068}{ne}{jt_m_open_door {northeast}}{3}{0}{}{1.000}{}{0.00}

R {23064}{0}{<fff>}{Alchemist's Shop}{#}{}{the city of Sanctuary}{}{INSIDE}{}{1.000}{}
E {23070}{se}{jt_m_open_door {southeast}}{6}{0}{}{1.000}{}{0.00}

R {23065}{0}{<fff>}{a dark alley}{ }{}{the city of Sanctuary}{}{CITY}{}{1.000}{}
E {23068}{e}{e}{2}{0}{}{1.000}{}{0.00}
E {23066}{n}{n}{1}{0}{}{1.000}{}{0.00}
E {23067}{ne}{ne}{3}{0}{}{1.000}{}{0.00}
E {23073}{nw}{nw}{9}{0}{}{1.000}{}{0.00}
E {23070}{s}{s}{4}{0}{}{1.000}{}{0.00}
E {23069}{se}{se}{6}{0}{}{1.000}{}{0.00}
E {23071}{sw}{sw}{12}{0}{}{1.000}{}{0.00}
E {23072}{w}{w}{8}{0}{}{1.000}{}{0.00}

R {23066}{0}{<fff>}{a dark alley}{ }{}{the city of Sanctuary}{}{CITY}{}{1.000}{}
E {23062}{e}{jt_m_open_door {east}}{2}{0}{}{1.000}{}{0.00}
E {23072}{n}{n}{1}{0}{}{1.000}{}{0.00}
E {23065}{ne}{ne}{3}{0}{}{1.000}{}{0.00}
E {23071}{nw}{nw}{9}{0}{}{1.000}{}{0.00}
E {23068}{s}{s}{4}{0}{}{1.000}{}{0.00}
E {23067}{se}{se}{6}{0}{}{1.000}{}{0.00}
E {23069}{sw}{sw}{12}{0}{}{1.000}{}{0.00}
E {23070}{w}{w}{8}{0}{}{1.000}{}{0.00}

R {23067}{0}{<fff>}{a dark alley}{ }{}{the city of Sanctuary}{}{CITY}{}{1.000}{}
E {23070}{e}{e}{2}{0}{}{1.000}{}{0.00}
E {23065}{n}{n}{1}{0}{}{1.000}{}{0.00}
E {23066}{ne}{ne}{3}{0}{}{1.000}{}{0.00}
E {23073}{nw}{nw}{9}{0}{}{1.000}{}{0.00}
E {23069}{s}{s}{4}{0}{}{1.000}{}{0.00}
E {23068}{se}{se}{6}{0}{}{1.000}{}{0.00}
E {23071}{sw}{sw}{12}{0}{}{1.000}{}{0.00}
E {23072}{w}{w}{8}{0}{}{1.000}{}{0.00}

R {23068}{0}{<fff>}{a dark alley}{ }{}{the city of Sanctuary}{}{CITY}{}{1.000}{}
E {23069}{e}{e}{2}{0}{}{1.000}{}{0.00}
E {23067}{n}{n}{1}{0}{}{1.000}{}{0.00}
E {23065}{ne}{ne}{3}{0}{}{1.000}{}{0.00}
E {23066}{nw}{nw}{9}{0}{}{1.000}{}{0.00}
E {23071}{s}{s}{4}{0}{}{1.000}{}{0.00}
E {23070}{se}{se}{6}{0}{}{1.000}{}{0.00}
E {23063}{sw}{jt_m_open_door {southwest}}{12}{0}{}{1.000}{}{0.00}
E {23072}{w}{w}{8}{0}{}{1.000}{}{0.00}

R {23069}{0}{<fff>}{a dark alley}{ }{}{the city of Sanctuary}{}{CITY}{}{1.000}{}
E {23066}{e}{e}{2}{0}{}{1.000}{}{0.00}
E {23072}{n}{n}{1}{0}{}{1.000}{}{0.00}
E {23073}{ne}{ne}{3}{0}{}{1.000}{}{0.00}
E {23071}{nw}{nw}{9}{0}{}{1.000}{}{0.00}
E {23068}{s}{s}{4}{0}{}{1.000}{}{0.00}
E {23067}{se}{se}{6}{0}{}{1.000}{}{0.00}
E {23065}{sw}{sw}{12}{0}{}{1.000}{}{0.00}
E {23070}{w}{w}{8}{0}{}{1.000}{}{0.00}

R {23070}{0}{<fff>}{a dark alley}{ }{}{the city of Sanctuary}{}{CITY}{}{1.000}{}
E {23069}{e}{e}{2}{0}{}{1.000}{}{0.00}
E {23067}{n}{n}{1}{0}{}{1.000}{}{0.00}
E {23068}{ne}{ne}{3}{0}{}{1.000}{}{0.00}
E {23064}{nw}{jt_m_open_door {northwest}}{9}{0}{}{1.000}{}{0.00}
E {23071}{s}{s}{4}{0}{}{1.000}{}{0.00}
E {23066}{se}{se}{6}{0}{}{1.000}{}{0.00}
E {23072}{sw}{sw}{12}{0}{}{1.000}{}{0.00}
E {23073}{w}{w}{8}{0}{}{1.000}{}{0.00}

R {23071}{0}{<fff>}{a dark alley}{ }{}{the city of Sanctuary}{}{CITY}{}{1.000}{}
E {23068}{e}{e}{2}{0}{}{1.000}{}{0.00}
E {23069}{n}{n}{1}{0}{}{1.000}{}{0.00}
E {23070}{ne}{ne}{3}{0}{}{1.000}{}{0.00}
E {23067}{nw}{nw}{9}{0}{}{1.000}{}{0.00}
E {23073}{s}{s}{4}{0}{}{1.000}{}{0.00}
E {23072}{se}{se}{6}{0}{}{1.000}{}{0.00}
E {23065}{sw}{sw}{12}{0}{}{1.000}{}{0.00}
E {23066}{w}{w}{8}{0}{}{1.000}{}{0.00}

R {23072}{0}{<fff>}{a dark alley}{ }{}{the city of Sanctuary}{}{CITY}{}{1.000}{}
E {23065}{e}{e}{2}{0}{}{1.000}{}{0.00}
E {23071}{n}{n}{1}{0}{}{1.000}{}{0.00}
E {23073}{ne}{ne}{3}{0}{}{1.000}{}{0.00}
E {23070}{nw}{nw}{9}{0}{}{1.000}{}{0.00}
E {23067}{s}{s}{4}{0}{}{1.000}{}{0.00}
E {23066}{se}{se}{6}{0}{}{1.000}{}{0.00}
E {23068}{sw}{sw}{12}{0}{}{1.000}{}{0.00}
E {23069}{w}{w}{8}{0}{}{1.000}{}{0.00}

R {23073}{0}{<fff>}{a dark alley}{ }{}{the city of Sanctuary}{}{CITY}{}{1.000}{}
E {23069}{e}{e}{2}{0}{}{1.000}{}{0.00}
E {23067}{n}{n}{1}{0}{}{1.000}{}{0.00}
E {23068}{ne}{ne}{3}{0}{}{1.000}{}{0.00}
E {23066}{nw}{nw}{9}{0}{}{1.000}{}{0.00}
E {23071}{s}{s}{4}{0}{}{1.000}{}{0.00}
E {23070}{se}{se}{6}{0}{}{1.000}{}{0.00}
E {23072}{sw}{sw}{12}{0}{}{1.000}{}{0.00}
E {23065}{w}{w}{8}{0}{}{1.000}{}{0.00}

R {23074}{0}{<efa>}{}{ }{}{}{}{}{}{1.000}{}

R {23077}{0}{<efa>}{}{ }{}{}{}{}{}{1.000}{}

R {23079}{0}{<fff>}{Temple of Heqt}{ }{}{the city of Sanctuary}{}{INSIDE}{}{1.000}{}
E {23032}{ne}{ne}{3}{0}{}{1.000}{}{0.00}
E {23080}{nw}{nw}{9}{0}{}{1.000}{}{0.00}
E {23031}{se}{se}{6}{0}{}{1.000}{}{0.00}
E {23081}{sw}{sw}{12}{0}{}{1.000}{}{0.00}

R {23080}{0}{<fff>}{North wall}{ }{}{the city of Sanctuary}{}{INSIDE}{}{1.000}{}
E {28}{s}{s}{4}{0}{}{1.000}{}{0.00}
E {23079}{se}{se}{6}{0}{}{1.000}{}{0.00}
E {23082}{sw}{sw}{12}{0}{}{1.000}{}{0.00}

R {23081}{0}{<fff>}{South wall}{ }{}{the city of Sanctuary}{}{INSIDE}{}{1.000}{}
E {28}{n}{n}{1}{0}{}{1.000}{}{0.00}
E {23079}{ne}{ne}{3}{0}{}{1.000}{}{0.00}
E {23082}{nw}{nw}{9}{0}{}{1.000}{}{0.00}

R {23082}{0}{<fff>}{Raised Dais}{ }{}{the city of Sanctuary}{}{INSIDE}{}{1.000}{}
E {23083}{d}{jt_m_open_door {down}}{32}{0}{}{1.000}{}{0.00}
E {23080}{ne}{ne}{3}{0}{}{1.000}{}{0.00}
E {23081}{se}{se}{6}{0}{}{1.000}{}{0.00}

R {23083}{0}{<efa>}{}{ }{}{}{}{}{}{1.000}{}

R {23085}{0}{<fff>}{Steps to Dyareela's Temple}{ }{}{the city of Sanctuary}{}{INSIDE}{}{1.000}{}
E {23039}{nw}{nw}{9}{0}{}{1.000}{}{0.00}
E {23086}{se}{se}{6}{0}{}{1.000}{}{0.00}

R {23086}{0}{<fff>}{Inside the temple}{ }{}{the city of Sanctuary}{}{INSIDE}{}{1.000}{}
E {23085}{nw}{nw}{9}{0}{}{1.000}{}{0.00}
E {23087}{se}{se}{6}{0}{}{1.000}{}{0.00}

R {23087}{0}{<fff>}{Altar}{ }{}{the city of Sanctuary}{}{INSIDE}{}{1.000}{}
E {23086}{nw}{nw}{9}{0}{}{1.000}{}{0.00}

R {23088}{0}{<fff>}{The Vulgar Unicorn}{ }{}{the city of Sanctuary}{}{INSIDE}{}{1.000}{}
E {23090}{e}{e}{2}{0}{}{1.000}{}{0.00}
E {23089}{n}{n}{1}{0}{}{1.000}{}{0.00}
E {23091}{ne}{ne}{3}{0}{}{1.000}{}{0.00}
E {23032}{sw}{sw}{12}{0}{}{1.000}{}{0.00}

R {23089}{0}{<fff>}{At the bar}{#}{}{the city of Sanctuary}{}{INSIDE}{}{1.000}{}
E {23091}{e}{e}{2}{0}{}{1.000}{}{0.00}
E {23088}{s}{s}{4}{0}{}{1.000}{}{0.00}
E {23090}{se}{se}{6}{0}{}{1.000}{}{0.00}

R {23090}{0}{<fff>}{the Vulgar Unicorn}{ }{}{the city of Sanctuary}{}{INSIDE}{}{1.000}{}
E {23091}{n}{n}{1}{0}{}{1.000}{}{0.00}
E {23092}{ne}{ne}{3}{0}{}{1.000}{}{0.00}
E {23089}{nw}{nw}{9}{0}{}{1.000}{}{0.00}
E {23088}{w}{w}{8}{0}{}{1.000}{}{0.00}

R {23091}{0}{<fff>}{The Vulgar Unicorn}{ }{}{the city of Sanctuary}{}{INSIDE}{}{1.000}{}
E {23092}{e}{e}{2}{0}{}{1.000}{}{0.00}
E {23093}{ne}{jt_m_open_door {northeast}}{3}{0}{}{1.000}{}{0.00}
E {23090}{s}{s}{4}{0}{}{1.000}{}{0.00}
E {23088}{sw}{sw}{12}{0}{}{1.000}{}{0.00}
E {23089}{w}{w}{8}{0}{}{1.000}{}{0.00}

R {23092}{0}{<fff>}{Near the minstrel}{ }{}{the city of Sanctuary}{}{INSIDE}{}{1.000}{}
E {23090}{sw}{sw}{12}{0}{}{1.000}{}{0.00}
E {23091}{w}{w}{8}{0}{}{1.000}{}{0.00}

R {23093}{0}{<efa>}{}{ }{}{}{}{}{}{1.000}{}

R {23094}{0}{<fff>}{Wideway}{ }{}{the city of Sanctuary}{}{CITY}{}{1.000}{}
E {52}{e}{e}{2}{0}{}{1.000}{}{0.00}
E {30}{n}{n}{1}{0}{}{1.000}{}{0.00}
E {44}{w}{w}{8}{0}{}{1.000}{}{0.00}

R {23095}{0}{<fff>}{Wideway}{ }{}{the city of Sanctuary}{}{CITY}{}{1.000}{}
E {73}{e}{e}{2}{0}{}{1.000}{}{0.00}
E {14}{n}{n}{1}{0}{}{1.000}{}{0.00}
E {87}{w}{w}{8}{0}{}{1.000}{}{0.00}

R {23096}{0}{<fff>}{Wideway}{ }{}{the city of Sanctuary}{}{CITY}{}{1.000}{}
E {75}{e}{e}{2}{0}{}{1.000}{}{0.00}
E {13}{n}{n}{1}{0}{}{1.000}{}{0.00}
E {23419}{se}{jt_m_open_door {southeast}}{6}{0}{}{1.000}{}{0.00}
E {23097}{w}{w}{8}{0}{}{1.000}{}{0.00}

R {23097}{0}{<fff>}{Wideway}{ }{}{the city of Sanctuary}{}{CITY}{}{1.000}{}
E {23096}{e}{e}{2}{0}{}{1.000}{}{0.00}
E {23418}{s}{jt_m_open_door {south}}{4}{0}{}{1.000}{}{0.00}
E {23098}{w}{w}{8}{0}{}{1.000}{}{0.00}

R {23098}{0}{<fff>}{Wideway}{ }{}{the city of Sanctuary}{}{CITY}{}{1.000}{}
E {23097}{e}{e}{2}{0}{}{1.000}{}{0.00}
E {32}{n}{n}{1}{0}{}{1.000}{}{0.00}
E {23176}{s}{s}{4}{0}{}{1.000}{}{0.00}
E {23099}{w}{w}{8}{0}{}{1.000}{}{0.00}

R {23099}{0}{<fff>}{Wideway}{ }{}{the city of Sanctuary}{}{CITY}{}{1.000}{}
E {23098}{e}{e}{2}{0}{}{1.000}{}{0.00}
E {23100}{w}{w}{8}{0}{}{1.000}{}{0.00}

R {23100}{0}{<fff>}{Wideway}{ }{}{the city of Sanctuary}{}{CITY}{}{1.000}{}
E {23099}{e}{e}{2}{0}{}{1.000}{}{0.00}
E {33}{n}{n}{1}{0}{}{1.000}{}{0.00}
E {23275}{nw}{nw}{9}{0}{}{1.000}{}{0.00}
E {23180}{s}{s}{4}{0}{}{1.000}{}{0.00}
E {11}{w}{w}{8}{0}{}{1.000}{}{0.00}

R {23101}{0}{<fff>}{Wideway}{ }{}{the city of Sanctuary}{}{CITY}{}{1.000}{}
E {11}{e}{e}{2}{0}{}{1.000}{}{0.00}
E {34}{n}{n}{1}{0}{}{1.000}{}{0.00}
E {23275}{ne}{ne}{3}{0}{}{1.000}{}{0.00}
E {23102}{w}{w}{8}{0}{}{1.000}{}{0.00}

R {23102}{0}{<fff>}{Wideway}{ }{}{the city of Sanctuary}{}{CITY}{}{1.000}{}
E {23101}{e}{e}{2}{0}{}{1.000}{}{0.00}
E {37}{w}{w}{8}{0}{}{1.000}{}{0.00}

R {23103}{0}{<fff>}{Wideway}{ }{}{the city of Sanctuary}{}{CITY}{}{1.000}{}
E {37}{e}{e}{2}{0}{}{1.000}{}{0.00}
E {23182}{s}{s}{4}{0}{}{1.000}{}{0.00}
E {23104}{w}{w}{8}{0}{}{1.000}{}{0.00}

R {23104}{0}{<fff>}{Wideway}{ }{}{the city of Sanctuary}{}{CITY}{}{1.000}{}
E {23103}{e}{e}{2}{0}{}{1.000}{}{0.00}
E {23105}{w}{w}{8}{0}{}{1.000}{}{0.00}

R {23105}{0}{<fff>}{Wideway}{ }{}{the city of Sanctuary}{}{CITY}{}{1.000}{}
E {23104}{e}{e}{2}{0}{}{1.000}{}{0.00}
E {35}{n}{n}{1}{0}{}{1.000}{}{0.00}
E {36}{ne}{ne}{3}{0}{}{1.000}{}{0.00}
E {23106}{w}{w}{8}{0}{}{1.000}{}{0.00}

R {23106}{0}{<fff>}{Wideway}{ }{}{the city of Sanctuary}{}{CITY}{}{1.000}{}
E {23105}{e}{e}{2}{0}{}{1.000}{}{0.00}
E {23187}{sw}{sw}{12}{0}{}{1.000}{}{0.00}
E {3}{w}{w}{8}{0}{}{1.000}{}{0.00}

R {23107}{0}{<fff>}{Wideway}{ }{}{the city of Sanctuary}{}{CITY}{}{1.000}{}
E {3}{e}{e}{2}{0}{}{1.000}{}{0.00}
E {4}{w}{w}{8}{0}{}{1.000}{}{0.00}

R {23108}{0}{<fff>}{Wideway}{ }{}{the city of Sanctuary}{}{CITY}{}{1.000}{}
E {4}{e}{e}{2}{0}{}{1.000}{}{0.00}
E {5}{n}{n}{1}{0}{}{1.000}{}{0.00}
E {23138}{ne}{ne}{3}{0}{}{1.000}{}{0.00}
E {23189}{se}{se}{6}{0}{}{1.000}{}{0.00}

R {23110}{0}{<fff>}{Street of Glass}{ }{}{the city of Sanctuary}{}{CITY}{}{1.000}{}
E {45}{n}{n}{1}{0}{}{1.000}{}{0.00}
E {31}{s}{s}{4}{0}{}{1.000}{}{0.00}
E {38}{w}{w}{8}{0}{}{1.000}{}{0.00}

R {23111}{0}{<fff>}{Pyrtanis Street}{ }{}{the city of Sanctuary}{}{CITY}{}{1.000}{}
E {49}{n}{n}{1}{0}{}{1.000}{}{0.00}
E {45}{s}{s}{4}{0}{}{1.000}{}{0.00}
E {50}{w}{w}{8}{0}{}{1.000}{}{0.00}

R {23112}{0}{<fff>}{Large Intersection}{ }{}{the city of Sanctuary}{}{CITY}{}{1.000}{}
E {62}{nw}{nw}{9}{0}{}{1.000}{}{0.00}
E {49}{s}{s}{4}{0}{}{1.000}{}{0.00}
E {23503}{sw}{jt_m_open_door {southwest}}{12}{0}{}{1.000}{}{0.00}
E {46}{w}{w}{8}{0}{}{1.000}{}{0.00}

R {23113}{0}{<fff>}{Avenue of Temples}{ }{}{the city of Sanctuary}{}{CITY}{}{1.000}{}
E {23284}{ne}{ne}{3}{0}{}{1.000}{}{0.00}
E {68}{nw}{nw}{9}{0}{}{1.000}{}{0.00}
E {62}{se}{se}{6}{0}{}{1.000}{}{0.00}
E {23284}{u}{u}{16}{0}{}{1.000}{}{0.00}
E {23124}{w}{w}{8}{0}{}{1.000}{}{0.00}

R {23114}{0}{<fff>}{Avenue of Temples}{ }{}{the city of Sanctuary}{}{CITY}{}{1.000}{}
E {88}{nw}{nw}{9}{0}{}{1.000}{}{0.00}
E {68}{se}{se}{6}{0}{}{1.000}{}{0.00}

R {23115}{0}{<fff>}{Avenue of Temples}{ }{}{the city of Sanctuary}{}{CITY}{}{1.000}{}
E {23287}{ne}{ne}{3}{0}{}{1.000}{}{0.00}
E {23116}{nw}{nw}{9}{0}{}{1.000}{}{0.00}
E {88}{se}{se}{6}{0}{}{1.000}{}{0.00}
E {23347}{sw}{sw}{12}{0}{}{1.000}{}{0.00}
E {23287}{u}{u}{16}{0}{}{1.000}{}{0.00}

R {23116}{0}{<fff>}{Avenue of Temples}{ }{}{the city of Sanctuary}{}{CITY}{}{1.000}{}
E {23117}{nw}{nw}{9}{0}{}{1.000}{}{0.00}
E {23115}{se}{se}{6}{0}{}{1.000}{}{0.00}

R {23117}{0}{<fff>}{Avenue of Temples}{ }{}{the city of Sanctuary}{}{CITY}{}{1.000}{}
E {23118}{n}{n}{1}{0}{}{1.000}{}{0.00}
E {23291}{ne}{ne}{3}{0}{}{1.000}{}{0.00}
E {23116}{se}{se}{6}{0}{}{1.000}{}{0.00}
E {23120}{sw}{sw}{12}{0}{}{1.000}{}{0.00}
E {23291}{u}{u}{16}{0}{}{1.000}{}{0.00}

R {23118}{0}{<fff>}{Avenue of Temples}{ }{}{the city of Sanctuary}{}{CITY}{}{1.000}{}
E {15}{n}{n}{1}{0}{}{1.000}{}{0.00}
E {23117}{s}{s}{4}{0}{}{1.000}{}{0.00}

R {23119}{0}{<fff>}{Avenue of Temples}{ }{}{the city of Sanctuary}{}{CITY}{}{1.000}{}
E {23294}{e}{e}{2}{0}{}{1.000}{}{0.00}
E {23312}{nw}{nw}{9}{0}{}{1.000}{}{0.00}
E {15}{s}{s}{4}{0}{}{1.000}{}{0.00}
E {23235}{sw}{sw}{12}{0}{}{1.000}{}{0.00}
E {23294}{u}{u}{16}{0}{}{1.000}{}{0.00}

R {23120}{0}{<fff>}{Lasalk Road}{ }{}{the city of Sanctuary}{}{CITY}{}{1.000}{}
E {23117}{ne}{ne}{3}{0}{}{1.000}{}{0.00}
E {23121}{sw}{sw}{12}{0}{}{1.000}{}{0.00}

R {23121}{0}{<fff>}{Lasalk Road}{ }{}{the city of Sanctuary}{}{CITY}{}{1.000}{}
E {23120}{ne}{ne}{3}{0}{}{1.000}{}{0.00}
E {23351}{se}{se}{6}{0}{}{1.000}{}{0.00}
E {23122}{sw}{sw}{12}{0}{}{1.000}{}{0.00}

R {23122}{0}{<efa>}{}{ }{}{}{}{}{}{1.000}{}

R {23123}{0}{<fff>}{Governor's Walk}{ }{}{the city of Sanctuary}{}{CITY}{}{1.000}{}
E {23126}{e}{e}{2}{0}{}{1.000}{}{0.00}
E {23122}{ne}{ne}{3}{0}{}{1.000}{}{0.00}
E {84}{sw}{sw}{12}{0}{}{1.000}{}{0.00}
E {23127}{w}{w}{8}{0}{}{1.000}{}{0.00}

R {23124}{0}{<fff>}{Governor's Walk}{ }{}{the city of Sanctuary}{}{CITY}{}{1.000}{}
E {23113}{e}{e}{2}{0}{}{1.000}{}{0.00}
E {59}{s}{s}{4}{0}{}{1.000}{}{0.00}
E {60}{w}{w}{8}{0}{}{1.000}{}{0.00}

R {23125}{0}{<fff>}{Governor's Walk}{ }{}{the city of Sanctuary}{}{CITY}{}{1.000}{}
E {70}{e}{e}{2}{0}{}{1.000}{}{0.00}
E {23341}{n}{n}{1}{0}{}{1.000}{}{0.00}
E {58}{s}{s}{4}{0}{}{1.000}{}{0.00}
E {23416}{sw}{jt_m_open_door {southwest}}{12}{0}{}{1.000}{}{0.00}
E {23126}{w}{w}{8}{0}{}{1.000}{}{0.00}

R {23126}{0}{<fff>}{Governor's Walk}{ }{}{the city of Sanctuary}{}{CITY}{}{1.000}{}
E {23125}{e}{e}{2}{0}{}{1.000}{}{0.00}
E {23123}{w}{w}{8}{0}{}{1.000}{}{0.00}

R {23127}{0}{<fff>}{Governor's Walk}{ }{}{the city of Sanctuary}{}{CITY}{}{1.000}{}
E {23123}{e}{e}{2}{0}{}{1.000}{}{0.00}
E {23128}{w}{w}{8}{0}{}{1.000}{}{0.00}

R {23128}{0}{<fff>}{Processional}{ }{}{the city of Sanctuary}{}{CITY}{}{1.000}{}
E {23127}{e}{e}{2}{0}{}{1.000}{}{0.00}
E {23219}{n}{n}{1}{0}{}{1.000}{}{0.00}
E {23156}{s}{s}{4}{0}{}{1.000}{}{0.00}
E {23506}{se}{jt_m_open_door {southeast}}{6}{0}{}{1.000}{}{0.00}
E {23129}{w}{w}{8}{0}{}{1.000}{}{0.00}

R {23129}{0}{<efa>}{}{ }{}{}{}{}{}{1.000}{}

R {23130}{0}{<fff>}{West Gate Street}{ }{}{the city of Sanctuary}{}{CITY}{}{1.000}{}
E {23129}{e}{e}{2}{0}{}{1.000}{}{0.00}
E {23220}{n}{n}{1}{0}{}{1.000}{}{0.00}
E {65}{s}{s}{4}{0}{}{1.000}{}{0.00}
E {91}{w}{w}{8}{0}{}{1.000}{}{0.00}

R {23131}{0}{<fff>}{Governor's Walk}{ }{}{the city of Sanctuary}{}{CITY}{}{1.000}{}
E {91}{e}{e}{2}{0}{}{1.000}{}{0.00}
E {64}{s}{s}{4}{0}{}{1.000}{}{0.00}
E {23132}{w}{w}{8}{0}{}{1.000}{}{0.00}

R {23132}{0}{<fff>}{Governor's Walk}{ }{}{the city of Sanctuary}{}{CITY}{}{1.000}{}
E {23131}{e}{e}{2}{0}{}{1.000}{}{0.00}
E {23268}{s}{jt_m_open_door {south}}{4}{0}{}{1.000}{}{0.00}
E {23133}{w}{w}{8}{0}{}{1.000}{}{0.00}

R {23133}{0}{<fff>}{Governor's Walk}{ }{}{the city of Sanctuary}{}{CITY}{}{1.000}{}
E {23132}{e}{e}{2}{0}{}{1.000}{}{0.00}
E {23190}{nw}{nw}{9}{0}{}{1.000}{}{0.00}
E {23134}{sw}{sw}{12}{0}{}{1.000}{}{0.00}

R {23134}{0}{<fff>}{Farmer's Run}{ }{}{the city of Sanctuary}{}{CITY}{}{1.000}{}
E {23133}{ne}{ne}{3}{0}{}{1.000}{}{0.00}
E {23135}{sw}{sw}{12}{0}{}{1.000}{}{0.00}

R {23135}{0}{<fff>}{Farmer's Run}{ }{}{the city of Sanctuary}{}{CITY}{}{1.000}{}
E {23134}{ne}{ne}{3}{0}{}{1.000}{}{0.00}
E {23172}{se}{se}{6}{0}{}{1.000}{}{0.00}
E {23136}{sw}{sw}{12}{0}{}{1.000}{}{0.00}
E {23193}{w}{w}{8}{0}{}{1.000}{}{0.00}

R {23136}{0}{<fff>}{Farmer's Run}{ }{}{the city of Sanctuary}{}{CITY}{}{1.000}{}
E {23135}{ne}{ne}{3}{0}{}{1.000}{}{0.00}
E {23175}{se}{se}{6}{0}{}{1.000}{}{0.00}
E {23137}{sw}{sw}{12}{0}{}{1.000}{}{0.00}

R {23137}{0}{<fff>}{Caravan Square}{ }{}{the city of Sanctuary}{}{CITY}{}{1.000}{}
E {23193}{n}{n}{1}{0}{}{1.000}{}{0.00}
E {23136}{ne}{ne}{3}{0}{}{1.000}{}{0.00}
E {23138}{sw}{sw}{12}{0}{}{1.000}{}{0.00}
E {23197}{w}{w}{8}{0}{}{1.000}{}{0.00}

R {23138}{0}{<fff>}{Caravan Square}{ }{}{the city of Sanctuary}{}{CITY}{}{1.000}{}
E {23197}{n}{n}{1}{0}{}{1.000}{}{0.00}
E {23137}{ne}{ne}{3}{0}{}{1.000}{}{0.00}
E {23198}{nw}{nw}{9}{0}{}{1.000}{}{0.00}
E {23108}{sw}{sw}{12}{0}{}{1.000}{}{0.00}

R {23139}{0}{<fff>}{Pyrtanis Street}{ }{}{the city of Sanctuary}{}{CITY}{}{1.000}{}
E {50}{e}{e}{2}{0}{}{1.000}{}{0.00}
E {23338}{n}{jt_m_open_door {north}}{1}{0}{}{1.000}{}{0.00}
E {23141}{w}{w}{8}{0}{}{1.000}{}{0.00}

R {23140}{0}{<fff>}{Street of Glass}{ }{}{the city of Sanctuary}{}{CITY}{}{1.000}{}
E {51}{e}{e}{2}{0}{}{1.000}{}{0.00}
E {42}{n}{n}{1}{0}{}{1.000}{}{0.00}
E {30}{s}{s}{4}{0}{}{1.000}{}{0.00}
E {43}{w}{w}{8}{0}{}{1.000}{}{0.00}

R {23141}{0}{<fff>}{Pyrtanis Street}{ }{}{the city of Sanctuary}{}{CITY}{}{1.000}{}
E {23139}{e}{e}{2}{0}{}{1.000}{}{0.00}
E {48}{n}{n}{1}{0}{}{1.000}{}{0.00}
E {42}{s}{s}{4}{0}{}{1.000}{}{0.00}
E {23380}{sw}{jt_m_open_door {southwest}}{12}{0}{}{1.000}{}{0.00}

R {23142}{0}{<fff>}{Path of Money}{ }{}{the city of Sanctuary}{}{CITY}{}{1.000}{}
E {53}{e}{e}{2}{0}{}{1.000}{}{0.00}
E {59}{n}{n}{1}{0}{}{1.000}{}{0.00}
E {48}{s}{s}{4}{0}{}{1.000}{}{0.00}
E {57}{w}{w}{8}{0}{}{1.000}{}{0.00}

R {23143}{0}{<fff>}{Path of Money}{ }{}{the city of Sanctuary}{}{CITY}{}{1.000}{}
E {71}{e}{e}{2}{0}{}{1.000}{}{0.00}
E {58}{n}{n}{1}{0}{}{1.000}{}{0.00}
E {47}{s}{s}{4}{0}{}{1.000}{}{0.00}
E {85}{w}{w}{8}{0}{}{1.000}{}{0.00}

R {23144}{0}{<fff>}{Ambition Alley}{ }{}{the city of Sanctuary}{}{CITY}{}{1.000}{}
E {55}{n}{n}{1}{0}{}{1.000}{}{0.00}
E {23145}{s}{s}{4}{0}{}{1.000}{}{0.00}

R {23145}{0}{<fff>}{Street of Glass}{ }{}{the city of Sanctuary}{}{CITY}{}{1.000}{}
E {72}{e}{e}{2}{0}{}{1.000}{}{0.00}
E {23144}{n}{n}{1}{0}{}{1.000}{}{0.00}
E {23382}{ne}{jt_m_open_door {northeast}}{3}{0}{}{1.000}{}{0.00}
E {14}{s}{s}{4}{0}{}{1.000}{}{0.00}
E {86}{w}{w}{8}{0}{}{1.000}{}{0.00}

R {23146}{0}{<fff>}{Street of Glass}{ }{}{the city of Sanctuary}{}{CITY}{}{1.000}{}
E {86}{e}{e}{2}{0}{}{1.000}{}{0.00}
E {23417}{s}{jt_m_open_door {south}}{4}{0}{}{1.000}{}{0.00}
E {23148}{w}{w}{8}{0}{}{1.000}{}{0.00}

R {23147}{0}{<fff>}{Path of Money}{ }{}{the city of Sanctuary}{}{CITY}{}{1.000}{}
E {85}{e}{e}{2}{0}{}{1.000}{}{0.00}
E {23150}{w}{w}{8}{0}{}{1.000}{}{0.00}

R {23148}{0}{<fff>}{Street of Glass}{ }{}{the city of Sanctuary}{}{CITY}{}{1.000}{}
E {23146}{e}{e}{2}{0}{}{1.000}{}{0.00}
E {77}{n}{n}{1}{0}{}{1.000}{}{0.00}
E {13}{s}{s}{4}{0}{}{1.000}{}{0.00}
E {23153}{w}{w}{8}{0}{}{1.000}{}{0.00}

R {23149}{0}{<fff>}{Monger's Road}{ }{}{the city of Sanctuary}{}{CITY}{}{1.000}{}
E {23424}{e}{jt_m_open_door {east}}{2}{0}{}{1.000}{}{0.00}
E {74}{n}{n}{1}{0}{}{1.000}{}{0.00}
E {77}{s}{s}{4}{0}{}{1.000}{}{0.00}
E {23152}{w}{w}{8}{0}{}{1.000}{}{0.00}

R {23150}{0}{<fff>}{Path of Money}{ }{}{the city of Sanctuary}{}{CITY}{}{1.000}{}
E {23147}{e}{e}{2}{0}{}{1.000}{}{0.00}
E {74}{s}{s}{4}{0}{}{1.000}{}{0.00}
E {23151}{w}{w}{8}{0}{}{1.000}{}{0.00}

R {23151}{0}{<fff>}{Path of Money}{ }{}{the city of Sanctuary}{}{CITY}{}{1.000}{}
E {23150}{e}{e}{2}{0}{}{1.000}{}{0.00}
E {84}{ne}{ne}{3}{0}{}{1.000}{}{0.00}
E {23156}{w}{w}{8}{0}{}{1.000}{}{0.00}

R {23152}{0}{<fff>}{Street of Leather Workers}{ }{}{the city of Sanctuary}{}{CITY}{}{1.000}{}
E {23149}{e}{e}{2}{0}{}{1.000}{}{0.00}
E {23155}{w}{w}{8}{0}{}{1.000}{}{0.00}

R {23153}{0}{<fff>}{Street of Glass}{ }{}{the city of Sanctuary}{}{CITY}{}{1.000}{}
E {23148}{e}{e}{2}{0}{}{1.000}{}{0.00}
E {23381}{s}{jt_m_open_door {south}}{4}{0}{}{1.000}{}{0.00}
E {23154}{w}{w}{8}{0}{}{1.000}{}{0.00}

R {23154}{0}{<fff>}{Processional}{ }{}{the city of Sanctuary}{}{CITY}{}{1.000}{}
E {76}{n}{n}{1}{0}{}{1.000}{}{0.00}
E {32}{s}{s}{4}{0}{}{1.000}{}{0.00}
E {23159}{w}{w}{8}{0}{}{1.000}{}{0.00}
E {23153}{e}{e}{2}{0}{}{1.000}{}{0.00}

R {23155}{0}{<fff>}{Processional}{ }{}{the city of Sanctuary}{}{CITY}{}{1.000}{}
E {23152}{e}{e}{2}{0}{}{1.000}{}{0.00}
E {69}{n}{n}{1}{0}{}{1.000}{}{0.00}
E {76}{s}{s}{4}{0}{}{1.000}{}{0.00}
E {23384}{se}{jt_m_open_door {southe}}{6}{0}{}{1.000}{}{0.00}
E {23158}{w}{w}{8}{0}{}{1.000}{}{0.00}

R {23156}{0}{<fff>}{Processional}{ }{}{the city of Sanctuary}{}{CITY}{}{1.000}{}
E {23151}{e}{e}{2}{0}{}{1.000}{}{0.00}
E {23128}{n}{n}{1}{0}{}{1.000}{}{0.00}
E {69}{s}{s}{4}{0}{}{1.000}{}{0.00}
E {23157}{w}{w}{8}{0}{}{1.000}{}{0.00}

R {23157}{0}{<fff>}{Picky Street}{ }{}{the city of Sanctuary}{}{CITY}{}{1.000}{}
E {23156}{e}{e}{2}{0}{}{1.000}{}{0.00}
E {54}{s}{s}{4}{0}{}{1.000}{}{0.00}
E {23162}{w}{w}{8}{0}{}{1.000}{}{0.00}

R {23158}{0}{<fff>}{Lizard's Way}{ }{}{the city of Sanctuary}{}{CITY}{}{1.000}{}
E {23155}{e}{e}{2}{0}{}{1.000}{}{0.00}
E {54}{n}{n}{1}{0}{}{1.000}{}{0.00}
E {78}{s}{s}{4}{0}{}{1.000}{}{0.00}
E {23161}{w}{w}{8}{0}{}{1.000}{}{0.00}

R {23159}{0}{<fff>}{Red Clay Street}{ }{}{the city of Sanctuary}{}{CITY}{}{1.000}{}
E {23154}{e}{e}{2}{0}{}{1.000}{}{0.00}
E {78}{n}{n}{1}{0}{}{1.000}{}{0.00}
E {23160}{w}{w}{8}{0}{}{1.000}{}{0.00}

R {23160}{0}{<fff>}{West Gate Street}{ }{}{the city of Sanctuary}{}{CITY}{}{1.000}{}
E {23159}{e}{e}{2}{0}{}{1.000}{}{0.00}
E {82}{n}{n}{1}{0}{}{1.000}{}{0.00}
E {33}{s}{s}{4}{0}{}{1.000}{}{0.00}
E {79}{w}{w}{8}{0}{}{1.000}{}{0.00}

R {23161}{0}{<fff>}{West Gate Street}{ }{}{the city of Sanctuary}{}{CITY}{}{1.000}{}
E {23158}{e}{e}{2}{0}{}{1.000}{}{0.00}
E {63}{n}{n}{1}{0}{}{1.000}{}{0.00}
E {82}{s}{s}{4}{0}{}{1.000}{}{0.00}
E {67}{w}{w}{8}{0}{}{1.000}{}{0.00}

R {23162}{0}{<fff>}{West Gate Street}{ }{}{the city of Sanctuary}{}{CITY}{}{1.000}{}
E {23157}{e}{e}{2}{0}{}{1.000}{}{0.00}
E {65}{n}{n}{1}{0}{}{1.000}{}{0.00}
E {63}{s}{s}{4}{0}{}{1.000}{}{0.00}
E {89}{w}{w}{8}{0}{}{1.000}{}{0.00}

R {23163}{0}{<fff>}{The intersection}{ }{}{the city of Sanctuary}{}{CITY}{}{1.000}{}
E {89}{e}{e}{2}{0}{}{1.000}{}{0.00}
E {64}{n}{n}{1}{0}{}{1.000}{}{0.00}
E {90}{s}{s}{4}{0}{}{1.000}{}{0.00}
E {23167}{w}{w}{8}{0}{}{1.000}{}{0.00}

R {23164}{0}{<fff>}{Lizard's Way}{ }{}{the city of Sanctuary}{}{CITY}{}{1.000}{}
E {67}{e}{e}{2}{0}{}{1.000}{}{0.00}
E {90}{n}{n}{1}{0}{}{1.000}{}{0.00}
E {66}{s}{s}{4}{0}{}{1.000}{}{0.00}
E {23513}{se}{jt_m_link_action {southeast} {the watch tower} {23513}}{6}{0}{}{1.000}{}{0.00}

R {23165}{0}{<fff>}{An intersection}{ }{}{the city of Sanctuary}{}{CITY}{}{1.000}{}
E {79}{e}{e}{2}{0}{}{1.000}{}{0.00}
E {66}{n}{n}{1}{0}{}{1.000}{}{0.00}
E {34}{s}{s}{4}{0}{}{1.000}{}{0.00}
E {23166}{w}{w}{8}{0}{}{1.000}{}{0.00}

R {23166}{0}{<fff>}{Straight Street}{ }{}{the city of Sanctuary}{}{CITY}{}{1.000}{}
E {23165}{e}{e}{2}{0}{}{1.000}{}{0.00}
E {23169}{w}{w}{8}{0}{}{1.000}{}{0.00}

R {23167}{0}{<fff>}{Tanner's Row}{ }{}{the city of Sanctuary}{}{CITY}{}{1.000}{}
E {23163}{e}{e}{2}{0}{}{1.000}{}{0.00}
E {23044}{s}{s}{4}{0}{}{1.000}{}{0.00}
E {23168}{w}{w}{8}{0}{}{1.000}{}{0.00}

R {23168}{0}{<fff>}{Tanner's Row}{ }{}{the city of Sanctuary}{}{CITY}{}{1.000}{}
E {23167}{e}{e}{2}{0}{}{1.000}{}{0.00}
E {23171}{w}{w}{8}{0}{}{1.000}{}{0.00}

R {23169}{0}{<fff>}{Straight Street}{ }{}{the city of Sanctuary}{}{CITY}{}{1.000}{}
E {23166}{e}{e}{2}{0}{}{1.000}{}{0.00}
E {23022}{n}{n}{1}{0}{}{1.000}{}{0.00}
E {23170}{w}{w}{8}{0}{}{1.000}{}{0.00}

R {23170}{0}{<fff>}{Straight Street}{ }{}{the city of Sanctuary}{}{CITY}{}{1.000}{}
E {23169}{e}{e}{2}{0}{}{1.000}{}{0.00}
E {36}{sw}{sw}{12}{0}{}{1.000}{}{0.00}

R {23171}{0}{<fff>}{Tanner's Row}{ }{}{the city of Sanctuary}{}{CITY}{}{1.000}{}
E {23168}{e}{e}{2}{0}{}{1.000}{}{0.00}
E {23172}{w}{w}{8}{0}{}{1.000}{}{0.00}

R {23172}{0}{<fff>}{Tanner's Row}{ }{}{the city of Sanctuary}{}{CITY}{}{1.000}{}
E {23171}{e}{e}{2}{0}{}{1.000}{}{0.00}
E {23135}{nw}{nw}{9}{0}{}{1.000}{}{0.00}
E {23173}{s}{s}{4}{0}{}{1.000}{}{0.00}

R {23173}{0}{<fff>}{Street of Smells}{ }{}{the city of Sanctuary}{}{CITY}{}{1.000}{}
E {23172}{n}{n}{1}{0}{}{1.000}{}{0.00}
E {23174}{s}{s}{4}{0}{}{1.000}{}{0.00}
E {23516}{w}{jt_m_open_door {west}}{8}{0}{}{1.000}{}{0.00}

R {23174}{0}{<fff>}{Street of Smells}{ }{}{the city of Sanctuary}{}{CITY}{}{1.000}{}
E {23173}{n}{n}{1}{0}{}{1.000}{}{0.00}
E {23175}{nw}{nw}{9}{0}{}{1.000}{}{0.00}
E {35}{s}{s}{4}{0}{}{1.000}{}{0.00}

R {23175}{0}{<fff>}{Shamble's Cross}{ }{}{the city of Sanctuary}{}{CITY}{}{1.000}{}
E {23136}{nw}{nw}{9}{0}{}{1.000}{}{0.00}
E {23174}{se}{se}{6}{0}{}{1.000}{}{0.00}

R {23176}{0}{<fff>}{Head of the old wharf}{ }{}{the city of Sanctuary}{}{CITY}{}{1.000}{}
E {23098}{n}{n}{1}{0}{}{1.000}{}{0.00}
E {23177}{s}{s}{4}{0}{}{1.000}{}{0.00}

R {23177}{0}{<fff>}{Old wharf}{ }{}{the city of Sanctuary}{}{CITY}{}{1.000}{}
E {23178}{e}{e}{2}{0}{}{1.000}{}{0.00}
E {23176}{n}{n}{1}{0}{}{1.000}{}{0.00}
E {6930}{s}{jt_m_link_action {south} {the Dragon Sea} {6930}}{4}{0}{}{1.000}{}{0.00}
E {23179}{sw}{sw}{12}{0}{}{1.000}{}{0.00}

R {23178}{0}{<fff>}{Old wharf}{ }{}{the city of Sanctuary}{}{CITY}{}{1.000}{}
E {23177}{w}{w}{8}{0}{}{1.000}{}{0.00}

R {23179}{0}{<fff>}{Foot of the old wharf}{ }{}{the city of Sanctuary}{}{CITY}{}{1.000}{}
E {23177}{ne}{ne}{3}{0}{}{1.000}{}{0.00}

R {23180}{0}{<fff>}{Head of the pier}{ }{}{the city of Sanctuary}{}{CITY}{}{1.000}{}
E {23100}{n}{n}{1}{0}{}{1.000}{}{0.00}
E {23181}{s}{s}{4}{0}{}{1.000}{}{0.00}

R {23181}{0}{<fff>}{Foot of the pier}{ }{}{the city of Sanctuary}{}{CITY}{}{1.000}{}
E {23180}{n}{n}{1}{0}{}{1.000}{}{0.00}

R {23182}{0}{<fff>}{Head of the Empire's Wharf}{ }{}{the city of Sanctuary}{}{CITY}{}{1.000}{}
E {23103}{n}{n}{1}{0}{}{1.000}{}{0.00}
E {23183}{s}{s}{4}{0}{}{1.000}{}{0.00}

R {23183}{0}{<fff>}{Empire's Wharf}{ }{}{the city of Sanctuary}{}{CITY}{}{1.000}{}
E {23182}{n}{n}{1}{0}{}{1.000}{}{0.00}
E {23184}{s}{s}{4}{0}{}{1.000}{}{0.00}

R {23184}{0}{<fff>}{Foot of the Empire's Wharf}{ }{}{the city of Sanctuary}{}{CITY}{}{1.000}{}
E {23185}{e}{e}{2}{0}{}{1.000}{}{0.00}
E {23183}{n}{n}{1}{0}{}{1.000}{}{0.00}
E {6931}{s}{jt_m_link_action {south} {the Dragon Sea} {6931}}{4}{0}{}{1.000}{}{0.00}
E {23186}{w}{w}{8}{0}{}{1.000}{}{0.00}

R {23185}{0}{<fff>}{Empire's Wharf}{ }{}{the city of Sanctuary}{}{CITY}{}{1.000}{}
E {23184}{w}{w}{8}{0}{}{1.000}{}{0.00}

R {23186}{0}{<fff>}{Empire's Wharf}{ }{}{the city of Sanctuary}{}{CITY}{}{1.000}{}
E {23184}{e}{e}{2}{0}{}{1.000}{}{0.00}

R {23187}{0}{<fff>}{Fisherman's Row}{ }{}{the city of Sanctuary}{}{CITY}{}{1.000}{}
E {23106}{ne}{ne}{3}{0}{}{1.000}{}{0.00}
E {23188}{w}{w}{8}{0}{}{1.000}{}{0.00}

R {23188}{0}{<fff>}{Fisherman's Row}{ }{}{the city of Sanctuary}{}{CITY}{}{1.000}{}
E {23187}{e}{e}{2}{0}{}{1.000}{}{0.00}
E {23189}{w}{w}{8}{0}{}{1.000}{}{0.00}

R {23189}{0}{<fff>}{Fisherman's Row}{ }{}{the city of Sanctuary}{}{CITY}{}{1.000}{}
E {23188}{e}{e}{2}{0}{}{1.000}{}{0.00}
E {23108}{nw}{nw}{9}{0}{}{1.000}{}{0.00}

R {23190}{0}{<fff>}{The Bazaar}{ }{}{the city of Sanctuary}{}{CITY}{}{1.000}{}
E {23191}{nw}{nw}{9}{0}{}{1.000}{}{0.00}
E {23132}{se}{se}{6}{0}{}{1.000}{}{0.00}
E {23193}{sw}{sw}{12}{0}{}{1.000}{}{0.00}
E {10}{w}{w}{8}{0}{}{1.000}{}{0.00}

R {23191}{0}{<fff>}{The Bazaar}{ }{}{the city of Sanctuary}{}{CITY}{}{1.000}{}
E {23214}{nw}{nw}{9}{0}{}{1.000}{}{0.00}
E {9}{s}{s}{4}{0}{}{1.000}{}{0.00}
E {23190}{se}{se}{6}{0}{}{1.000}{}{0.00}
E {23194}{sw}{sw}{12}{0}{}{1.000}{}{0.00}

R {23192}{0}{<fff>}{The Bazaar}{ }{}{the city of Sanctuary}{}{CITY}{}{1.000}{}
E {9}{n}{n}{1}{0}{}{1.000}{}{0.00}
E {23190}{ne}{ne}{3}{0}{}{1.000}{}{0.00}
E {23194}{nw}{nw}{9}{0}{}{1.000}{}{0.00}
E {23193}{sw}{sw}{12}{0}{}{1.000}{}{0.00}

R {23193}{0}{<fff>}{The Bazaar}{ }{}{the city of Sanctuary}{}{CITY}{}{1.000}{}
E {23135}{e}{e}{2}{0}{}{1.000}{}{0.00}
E {8}{n}{n}{1}{0}{}{1.000}{}{0.00}
E {23192}{ne}{ne}{3}{0}{}{1.000}{}{0.00}
E {23137}{s}{s}{4}{0}{}{1.000}{}{0.00}
E {23196}{w}{w}{8}{0}{}{1.000}{}{0.00}

R {23194}{0}{<fff>}{The Bazaar}{ }{}{the city of Sanctuary}{}{CITY}{}{1.000}{}
E {10}{e}{e}{2}{0}{}{1.000}{}{0.00}
E {23421}{n}{jt_m_open_door {north}}{1}{0}{}{1.000}{}{0.00}
E {23191}{ne}{ne}{3}{0}{}{1.000}{}{0.00}
E {23420}{nw}{nw}{9}{0}{}{1.000}{}{0.00}
E {8}{s}{s}{4}{0}{}{1.000}{}{0.00}
E {23192}{se}{se}{6}{0}{}{1.000}{}{0.00}

R {23195}{0}{<fff>}{Caravan Square}{ }{}{the city of Sanctuary}{}{CITY}{}{1.000}{}
E {23208}{n}{n}{1}{0}{}{1.000}{}{0.00}
E {23519}{ne}{jt_m_open_door {northeast}}{3}{0}{}{1.000}{}{0.00}
E {23196}{s}{s}{4}{0}{}{1.000}{}{0.00}
E {23199}{sw}{sw}{12}{0}{}{1.000}{}{0.00}
E {23200}{w}{w}{8}{0}{}{1.000}{}{0.00}

R {23196}{0}{<fff>}{Caravan Square}{ }{}{the city of Sanctuary}{}{CITY}{}{1.000}{}
E {23193}{e}{e}{2}{0}{}{1.000}{}{0.00}
E {23195}{n}{n}{1}{0}{}{1.000}{}{0.00}
E {23200}{nw}{nw}{9}{0}{}{1.000}{}{0.00}
E {23197}{s}{s}{4}{0}{}{1.000}{}{0.00}
E {23198}{sw}{sw}{12}{0}{}{1.000}{}{0.00}
E {23199}{w}{w}{8}{0}{}{1.000}{}{0.00}

R {23197}{0}{<fff>}{Caravan Square}{ }{}{the city of Sanctuary}{}{CITY}{}{1.000}{}
E {23137}{e}{e}{2}{0}{}{1.000}{}{0.00}
E {23196}{n}{n}{1}{0}{}{1.000}{}{0.00}
E {23199}{nw}{nw}{9}{0}{}{1.000}{}{0.00}
E {23138}{s}{s}{4}{0}{}{1.000}{}{0.00}
E {23198}{w}{w}{8}{0}{}{1.000}{}{0.00}

R {23198}{0}{<fff>}{Caravan Square}{ }{}{the city of Sanctuary}{}{CITY}{}{1.000}{}
E {23197}{e}{e}{2}{0}{}{1.000}{}{0.00}
E {23199}{n}{n}{1}{0}{}{1.000}{}{0.00}
E {23196}{ne}{ne}{3}{0}{}{1.000}{}{0.00}
E {5}{s}{s}{4}{0}{}{1.000}{}{0.00}
E {23138}{se}{se}{6}{0}{}{1.000}{}{0.00}
E {23201}{w}{w}{8}{0}{}{1.000}{}{0.00}

R {23199}{0}{<fff>}{Caravan Square}{ }{}{the city of Sanctuary}{}{CITY}{}{1.000}{}
E {23196}{e}{e}{2}{0}{}{1.000}{}{0.00}
E {23200}{n}{n}{1}{0}{}{1.000}{}{0.00}
E {23195}{ne}{ne}{3}{0}{}{1.000}{}{0.00}
E {23198}{s}{s}{4}{0}{}{1.000}{}{0.00}
E {23197}{se}{se}{6}{0}{}{1.000}{}{0.00}

R {23200}{0}{<fff>}{Caravan Square}{ }{}{the city of Sanctuary}{}{CITY}{}{1.000}{}
E {23195}{e}{e}{2}{0}{}{1.000}{}{0.00}
E {23199}{s}{s}{4}{0}{}{1.000}{}{0.00}
E {23196}{se}{se}{6}{0}{}{1.000}{}{0.00}

R {23201}{0}{<fff>}{Bridge across the White Foal River}{ }{}{the city of Sanctuary}{}{CITY}{}{1.000}{}
E {23198}{e}{e}{2}{0}{}{1.000}{}{0.00}
E {23202}{w}{w}{8}{0}{}{1.000}{}{0.00}

R {23202}{0}{<fff>}{Downwind}{ }{}{the city of Sanctuary}{}{CITY}{}{1.000}{}
E {23201}{e}{e}{2}{0}{}{1.000}{}{0.00}
E {23203}{n}{n}{1}{0}{}{1.000}{}{0.00}
E {23297}{sw}{sw}{12}{0}{}{1.000}{}{0.00}
E {23206}{w}{w}{8}{0}{}{1.000}{}{0.00}

R {23203}{0}{<fff>}{Downwind}{ }{}{the city of Sanctuary}{}{CITY}{}{1.000}{}
E {23204}{n}{n}{1}{0}{}{1.000}{}{0.00}
E {23202}{s}{s}{4}{0}{}{1.000}{}{0.00}

R {23204}{0}{<fff>}{Downwind}{ }{}{the city of Sanctuary}{}{CITY}{}{1.000}{}
E {23203}{s}{s}{4}{0}{}{1.000}{}{0.00}
E {23205}{sw}{sw}{12}{0}{}{1.000}{}{0.00}

R {23205}{0}{<fff>}{Downwind}{ }{}{the city of Sanctuary}{}{CITY}{}{1.000}{}
E {23204}{ne}{ne}{3}{0}{}{1.000}{}{0.00}
E {23206}{s}{s}{4}{0}{}{1.000}{}{0.00}

R {23206}{0}{<fff>}{Downwind}{ }{}{the city of Sanctuary}{}{CITY}{}{1.000}{}
E {23202}{e}{e}{2}{0}{}{1.000}{}{0.00}
E {23205}{n}{n}{1}{0}{}{1.000}{}{0.00}
E {23207}{sw}{sw}{12}{0}{}{1.000}{}{0.00}

R {23207}{0}{<fff>}{A bridge across a small creek}{ }{}{the city of Sanctuary}{}{CITY}{}{1.000}{}
E {23206}{ne}{ne}{3}{0}{}{1.000}{}{0.00}
E {7}{sw}{sw}{12}{0}{}{1.000}{}{0.00}

R {23208}{0}{<fff>}{General's Road}{ }{}{the city of Sanctuary}{}{CITY}{}{1.000}{}
E {12}{n}{n}{1}{0}{}{1.000}{}{0.00}
E {23209}{ne}{ne}{3}{0}{}{1.000}{}{0.00}
E {23195}{s}{s}{4}{0}{}{1.000}{}{0.00}

R {23209}{0}{<fff>}{Cemetery}{ }{}{the city of Sanctuary}{}{CITY}{}{1.000}{}
E {555}{n}{jt_m_link_action {north} {The Abandoned Cathedral} {555}}{1}{0}{}{1.000}{}{0.00}
E {23208}{sw}{sw}{12}{0}{}{1.000}{}{0.00}

R {23210}{0}{<fff>}{General's Road}{ }{}{the city of Sanctuary}{}{CITY}{}{1.000}{}
E {23214}{e}{e}{2}{0}{}{1.000}{}{0.00}
E {27}{n}{jt_m_open_door {north}}{1}{0}{}{1.000}{}{0.00}
E {23211}{ne}{ne}{3}{0}{}{1.000}{}{0.00}
E {12}{s}{s}{4}{0}{}{1.000}{}{0.00}

R {23211}{0}{<fff>}{General's Road Bridge}{ }{}{the city of Sanctuary}{}{CITY}{}{1.000}{}
E {23525}{e}{jt_m_open_door {east}}{2}{0}{}{1.000}{}{0.00}
E {23212}{n}{n}{1}{0}{}{1.000}{}{0.00}
E {23210}{sw}{sw}{12}{0}{}{1.000}{}{0.00}

R {23212}{0}{<fff>}{General's Road}{ }{}{the city of Sanctuary}{}{CITY}{}{1.000}{}
E {23213}{nw}{nw}{9}{0}{}{1.000}{}{0.00}
E {23211}{s}{s}{4}{0}{}{1.000}{}{0.00}

R {23213}{0}{<fff>}{East of the ford}{ }{}{the city of Sanctuary}{}{CITY}{}{1.000}{}
E {23212}{se}{se}{6}{0}{}{1.000}{}{0.00}

R {23214}{0}{<fff>}{Street of Red Lanterns}{ }{}{the city of Sanctuary}{}{CITY}{}{1.000}{}
E {23215}{ne}{ne}{3}{0}{}{1.000}{}{0.00}
E {23191}{se}{se}{6}{0}{}{1.000}{}{0.00}
E {23210}{w}{w}{8}{0}{}{1.000}{}{0.00}

R {23215}{0}{<fff>}{Street of Red Lanterns}{ }{}{the city of Sanctuary}{}{CITY}{}{1.000}{}
E {23216}{ne}{ne}{3}{0}{}{1.000}{}{0.00}
E {23422}{se}{jt_m_open_door {southeast}}{6}{0}{}{1.000}{}{0.00}
E {23214}{sw}{sw}{12}{0}{}{1.000}{}{0.00}

R {23216}{0}{<fff>}{Street of Red Lanterns}{ }{}{the city of Sanctuary}{}{CITY}{}{1.000}{}
E {23371}{e}{jt_m_open_door {east}}{2}{0}{}{1.000}{}{0.00}
E {23217}{ne}{ne}{3}{0}{}{1.000}{}{0.00}
E {23426}{se}{jt_m_open_door {southeast}}{6}{0}{}{1.000}{}{0.00}
E {23215}{sw}{sw}{12}{0}{}{1.000}{}{0.00}

R {23217}{0}{<fff>}{Street of Red Lanterns}{ }{}{the city of Sanctuary}{}{CITY}{}{1.000}{}
E {23522}{e}{jt_m_open_door {east}}{2}{0}{}{1.000}{}{0.00}
E {23300}{ne}{ne}{3}{0}{}{1.000}{}{0.00}
E {23228}{se}{se}{6}{0}{}{1.000}{}{0.00}
E {23216}{sw}{sw}{12}{0}{}{1.000}{}{0.00}

R {23219}{0}{<fff>}{Inside Processional Gate}{ }{}{the city of Sanctuary}{}{CITY}{}{1.000}{}
E {23221}{n}{n}{1}{0}{}{1.000}{}{0.00}
E {23235}{ne}{ne}{3}{0}{}{1.000}{}{0.00}
E {23222}{nw}{nw}{9}{0}{}{1.000}{}{0.00}
E {23128}{s}{s}{4}{0}{}{1.000}{}{0.00}
E {23220}{w}{w}{8}{0}{}{1.000}{}{0.00}

R {23220}{0}{<fff>}{Inside West Gate}{ }{}{the city of Sanctuary}{}{CITY}{}{1.000}{}
E {23219}{e}{e}{2}{0}{}{1.000}{}{0.00}
E {23222}{n}{n}{1}{0}{}{1.000}{}{0.00}
E {23221}{ne}{ne}{3}{0}{}{1.000}{}{0.00}
E {23226}{nw}{nw}{9}{0}{}{1.000}{}{0.00}
E {23130}{s}{s}{4}{0}{}{1.000}{}{0.00}

R {23221}{0}{<fff>}{Before the Palace Gate}{ }{}{the city of Sanctuary}{}{CITY}{}{1.000}{}
E {25}{e}{e}{2}{0}{}{1.000}{}{0.00}
E {23229}{n}{n}{1}{0}{}{1.000}{}{0.00}
E {23219}{s}{s}{4}{0}{}{1.000}{}{0.00}
E {23220}{sw}{sw}{12}{0}{}{1.000}{}{0.00}
E {23222}{w}{w}{8}{0}{}{1.000}{}{0.00}

R {23222}{0}{<fff>}{The Hanging Block}{ }{}{the city of Sanctuary}{}{CITY}{}{1.000}{}
E {23221}{e}{e}{2}{0}{}{1.000}{}{0.00}
E {23227}{nw}{nw}{9}{0}{}{1.000}{}{0.00}
E {23220}{s}{s}{4}{0}{}{1.000}{}{0.00}
E {23219}{se}{se}{6}{0}{}{1.000}{}{0.00}
E {23226}{w}{w}{8}{0}{}{1.000}{}{0.00}

R {23223}{0}{<fff>}{Royal Stables}{ }{}{the city of Sanctuary}{}{CITY}{}{1.000}{}
E {23226}{n}{jt_m_open_door {north}}{1}{0}{}{1.000}{}{0.00}

R {23224}{0}{<fff>}{Barracks}{ }{}{the city of Sanctuary}{}{CITY}{}{1.000}{}
E {23226}{ne}{jt_m_open_door {northeast}}{3}{0}{}{1.000}{}{0.00}
E {23225}{nw}{jt_m_open_door {northwest}}{9}{0}{}{1.000}{}{0.00}

R {23225}{0}{<fff>}{Officers' Quarters}{ }{}{the city of Sanctuary}{}{CITY}{}{1.000}{}
E {16}{e}{jt_m_open_door {east}}{2}{0}{}{1.000}{}{0.00}
E {23224}{se}{jt_m_open_door {southeast}}{6}{0}{}{1.000}{}{0.00}

R {23226}{0}{<fff>}{The courtyard}{ }{}{the city of Sanctuary}{}{CITY}{}{1.000}{}
E {23222}{e}{e}{2}{0}{}{1.000}{}{0.00}
E {23227}{n}{n}{1}{0}{}{1.000}{}{0.00}
E {23223}{s}{jt_m_open_door {south}}{4}{0}{}{1.000}{}{0.00}
E {23220}{se}{se}{6}{0}{}{1.000}{}{0.00}
E {23224}{sw}{jt_m_open_door {southwest}}{12}{0}{}{1.000}{}{0.00}
E {16}{w}{jt_m_open_door {west}}{8}{0}{}{1.000}{}{0.00}

R {23227}{0}{<fff>}{Before the Dungeon}{ }{}{the city of Sanctuary}{}{CITY}{}{1.000}{}
E {23226}{s}{s}{4}{0}{}{1.000}{}{0.00}
E {23222}{se}{se}{6}{0}{}{1.000}{}{0.00}
E {23228}{w}{w}{8}{0}{}{1.000}{}{0.00}

R {23228}{0}{<fff>}{Headman's Gate}{ }{}{the city of Sanctuary}{}{CITY}{}{1.000}{}
E {23227}{e}{e}{2}{0}{}{1.000}{}{0.00}
E {23217}{nw}{nw}{9}{0}{}{1.000}{}{0.00}
E {23226}{se}{se}{6}{0}{}{1.000}{}{0.00}

R {23229}{0}{<fff>}{Within the Palace Gate}{ }{}{the city of Sanctuary}{}{CITY}{}{1.000}{}
E {23236}{n}{n}{1}{0}{}{1.000}{}{0.00}
E {23221}{s}{s}{4}{0}{}{1.000}{}{0.00}

R {23235}{0}{<fff>}{Gate of the Gods}{ }{}{the city of Sanctuary}{}{CITY}{}{1.000}{}
E {23119}{ne}{ne}{3}{0}{}{1.000}{}{0.00}
E {23219}{sw}{sw}{12}{0}{}{1.000}{}{0.00}
E {20}{w}{w}{8}{0}{}{1.000}{}{0.00}

R {23236}{0}{<fff>}{Lobby of the Hall of Justice}{ }{}{the city of Sanctuary}{}{INSIDE}{}{1.000}{}
E {23238}{e}{jt_m_open_door {east}}{2}{0}{}{1.000}{}{0.00}
E {23239}{n}{jt_m_open_door {north}}{1}{0}{}{1.000}{}{0.00}
E {23229}{s}{s}{4}{0}{}{1.000}{}{0.00}
E {23237}{w}{jt_m_open_door {west}}{8}{0}{}{1.000}{}{0.00}

R {23237}{0}{<fff>}{Holding Area}{ }{}{the city of Sanctuary}{}{INSIDE}{}{1.000}{}
E {23236}{e}{jt_m_open_door {east}}{2}{0}{}{1.000}{}{0.00}

R {23238}{0}{<fff>}{Hall of Justice}{ }{}{the city of Sanctuary}{}{INSIDE}{}{1.000}{}
E {23236}{w}{jt_m_open_door {west}}{8}{0}{}{1.000}{}{0.00}

R {23239}{0}{<fff>}{Palace Foyer}{ }{}{the city of Sanctuary}{}{INSIDE}{}{1.000}{}
E {23242}{e}{jt_m_open_door {east}}{2}{0}{}{1.000}{}{0.00}
E {23244}{n}{n}{1}{0}{}{1.000}{}{0.00}
E {23236}{s}{jt_m_open_door {south}}{4}{0}{}{1.000}{}{0.00}
E {23240}{w}{jt_m_open_door {west}}{8}{0}{}{1.000}{}{0.00}

R {23240}{0}{<fff>}{Grand Ballroom}{ }{}{the city of Sanctuary}{}{INSIDE}{}{1.000}{}
E {23239}{e}{jt_m_open_door {east}}{2}{0}{}{1.000}{}{0.00}
E {23241}{nw}{nw}{9}{0}{}{1.000}{}{0.00}

R {23241}{0}{<fff>}{Grand Ballroom}{ }{}{the city of Sanctuary}{}{INSIDE}{}{1.000}{}
E {23240}{se}{se}{6}{0}{}{1.000}{}{0.00}

R {23242}{0}{<efa>}{}{ }{}{}{}{}{}{1.000}{}

R {23244}{0}{<efa>}{}{ }{}{}{}{}{}{1.000}{}

R {23268}{0}{<fff>}{Waiting Room}{ }{}{the city of Sanctuary}{}{INSIDE}{}{1.000}{}
E {23132}{n}{jt_m_open_door {north}}{1}{0}{}{1.000}{}{0.00}
E {23269}{s}{s}{4}{0}{}{1.000}{}{0.00}

R {23269}{0}{<fff>}{Office}{ }{}{the city of Sanctuary}{}{INSIDE}{}{1.000}{}
E {23270}{e}{e}{2}{0}{}{1.000}{}{0.00}
E {23268}{n}{n}{1}{0}{}{1.000}{}{0.00}
E {23270}{u}{u}{16}{0}{}{1.000}{}{0.00}

R {23270}{0}{<fff>}{Hallway}{ }{}{the city of Sanctuary}{}{INSIDE}{}{1.000}{}
E {23269}{d}{d}{32}{0}{}{1.000}{}{0.00}
E {23271}{n}{jt_m_open_door {north}}{1}{0}{}{1.000}{}{0.00}

R {23271}{0}{<fff>}{Melilot's Bedroom}{ }{}{the city of Sanctuary}{}{INSIDE}{}{1.000}{}
E {23270}{s}{jt_m_open_door {south}}{4}{0}{}{1.000}{}{0.00}

R {23275}{0}{<fff>}{Governor's Warehouse}{ }{}{the city of Sanctuary}{}{INSIDE}{}{1.000}{}
E {80}{e}{e}{2}{0}{}{1.000}{}{0.00}
E {23100}{se}{se}{6}{0}{}{1.000}{}{0.00}
E {23101}{sw}{sw}{12}{0}{}{1.000}{}{0.00}
E {81}{w}{w}{8}{0}{}{1.000}{}{0.00}

R {23276}{0}{<fff>}{Governor's Warehouse}{ }{}{the city of Sanctuary}{}{INSIDE}{}{1.000}{}
E {81}{e}{e}{2}{0}{}{1.000}{}{0.00}

R {23277}{0}{<fff>}{Governor's Warehouse}{ }{}{the city of Sanctuary}{}{INSIDE}{}{1.000}{}
E {80}{w}{w}{8}{0}{}{1.000}{}{0.00}

R {23284}{0}{<fff>}{Before the brass door}{ }{}{the city of Sanctuary}{}{CITY}{}{1.000}{}
E {23113}{d}{d}{32}{0}{}{1.000}{}{0.00}
E {23285}{ne}{jt_m_open_door {northeast}}{3}{0}{}{1.000}{}{0.00}

R {23285}{0}{<fff>}{Temple of Thufir}{ }{}{the city of Sanctuary}{}{INSIDE}{}{1.000}{}
E {23286}{ne}{ne}{3}{0}{}{1.000}{}{0.00}
E {23284}{sw}{jt_m_open_door {southwest}}{12}{0}{}{1.000}{}{0.00}

R {23286}{0}{<fff>}{Altar}{ }{}{the city of Sanctuary}{}{INSIDE}{}{1.000}{}
E {23285}{sw}{sw}{12}{0}{}{1.000}{}{0.00}

R {23287}{0}{<fff>}{Before the gold door}{ }{}{the city of Sanctuary}{}{CITY}{}{1.000}{}
E {23115}{d}{d}{32}{0}{}{1.000}{}{0.00}
E {23288}{ne}{jt_m_open_door {northeast}}{3}{0}{}{1.000}{}{0.00}

R {23288}{0}{<fff>}{Temple of Ils}{ }{}{the city of Sanctuary}{}{INSIDE}{}{1.000}{}
E {23289}{ne}{ne}{3}{0}{}{1.000}{}{0.00}
E {23287}{sw}{jt_m_open_door {southwest}}{12}{0}{}{1.000}{}{0.00}

R {23289}{0}{<fff>}{Altar}{ }{}{the city of Sanctuary}{}{INSIDE}{}{1.000}{}
E {23288}{sw}{sw}{12}{0}{}{1.000}{}{0.00}
E {23290}{u}{jt_m_open_door {up}}{16}{0}{}{1.000}{}{0.00}

R {23290}{0}{<fff>}{In the dome}{ }{}{the city of Sanctuary}{}{INSIDE}{}{1.000}{}
E {23289}{d}{jt_m_open_door {down}}{32}{0}{}{1.000}{}{0.00}

R {23291}{0}{<fff>}{Before the platinum door}{ }{}{the city of Sanctuary}{}{CITY}{}{1.000}{}
E {23117}{d}{d}{32}{0}{}{1.000}{}{0.00}
E {23292}{ne}{jt_m_open_door {northeast}}{3}{0}{}{1.000}{}{0.00}

R {23292}{0}{<fff>}{Temple of Savankala the Thunderer}{ }{}{the city of Sanctuary}{}{INSIDE}{}{1.000}{}
E {23293}{ne}{ne}{3}{0}{}{1.000}{}{0.00}
E {23291}{sw}{jt_m_open_door {southwest}}{12}{0}{}{1.000}{}{0.00}

R {23293}{0}{<fff>}{Altar}{ }{}{the city of Sanctuary}{}{INSIDE}{}{1.000}{}
E {23292}{sw}{sw}{12}{0}{}{1.000}{}{0.00}

R {23294}{0}{<fff>}{Before the silver door}{ }{}{the city of Sanctuary}{}{CITY}{}{1.000}{}
E {23119}{d}{d}{32}{0}{}{1.000}{}{0.00}
E {23295}{e}{jt_m_open_door {east}}{2}{0}{}{1.000}{}{0.00}

R {23295}{0}{<fff>}{Temple of Theba}{ }{}{the city of Sanctuary}{}{INSIDE}{}{1.000}{}
E {23296}{e}{e}{2}{0}{}{1.000}{}{0.00}
E {23294}{w}{jt_m_open_door {west}}{8}{0}{}{1.000}{}{0.00}

R {23296}{0}{<fff>}{Altar}{ }{}{the city of Sanctuary}{}{INSIDE}{}{1.000}{}
E {23295}{w}{w}{8}{0}{}{1.000}{}{0.00}

R {23297}{0}{<fff>}{small path}{ }{}{the city of Sanctuary}{}{FOREST}{}{1.000}{}
E {23202}{ne}{ne}{3}{0}{}{1.000}{}{0.00}
E {23298}{sw}{sw}{12}{0}{}{1.000}{}{0.00}

R {23298}{0}{<fff>}{Swamp of Night Secrets}{ }{}{the city of Sanctuary}{}{FOREST}{}{1.000}{}
E {23297}{ne}{ne}{3}{0}{}{1.000}{}{0.00}
E {23299}{s}{s}{4}{0}{}{1.000}{}{0.00}

R {23299}{0}{<fff>}{Swamp of Night Secrets}{ }{}{the city of Sanctuary}{}{FOREST}{}{1.000}{}
E {23298}{n}{n}{1}{0}{}{1.000}{}{0.00}
E {23428}{s}{s}{4}{0}{}{1.000}{}{0.00}
E {3300}{se}{jt_m_link_action {southeast} {Mahn-Tor} {3300}}{6}{0}{}{1.000}{}{0.00}

R {23300}{0}{<fff>}{Granary Road}{ }{}{the city of Sanctuary}{}{CITY}{}{1.000}{}
E {23301}{ne}{ne}{3}{0}{}{1.000}{}{0.00}
E {23217}{sw}{sw}{12}{0}{}{1.000}{}{0.00}

R {23301}{0}{<fff>}{Granary Road}{ }{}{the city of Sanctuary}{}{CITY}{}{1.000}{}
E {23302}{ne}{ne}{3}{0}{}{1.000}{}{0.00}
E {23300}{sw}{sw}{12}{0}{}{1.000}{}{0.00}

R {23302}{0}{<fff>}{Granary Road}{ }{}{the city of Sanctuary}{}{CITY}{}{1.000}{}
E {23303}{se}{se}{6}{0}{}{1.000}{}{0.00}
E {23301}{sw}{sw}{12}{0}{}{1.000}{}{0.00}

R {23303}{0}{<fff>}{Granary Road}{ }{}{the city of Sanctuary}{}{CITY}{}{1.000}{}
E {23304}{e}{e}{2}{0}{}{1.000}{}{0.00}
E {23302}{nw}{nw}{9}{0}{}{1.000}{}{0.00}

R {23304}{0}{<fff>}{Granary Road}{ }{}{the city of Sanctuary}{}{CITY}{}{1.000}{}
E {23305}{e}{e}{2}{0}{}{1.000}{}{0.00}
E {23303}{w}{w}{8}{0}{}{1.000}{}{0.00}

R {23305}{0}{<fff>}{Granary Road}{ }{}{the city of Sanctuary}{}{CITY}{}{1.000}{}
E {23306}{e}{e}{2}{0}{}{1.000}{}{0.00}
E {23304}{w}{w}{8}{0}{}{1.000}{}{0.00}

R {23306}{0}{<fff>}{Granary Road}{ }{}{the city of Sanctuary}{}{CITY}{}{1.000}{}
E {23307}{e}{e}{2}{0}{}{1.000}{}{0.00}
E {23305}{w}{w}{8}{0}{}{1.000}{}{0.00}

R {23307}{0}{<fff>}{Granary Road}{ }{}{the city of Sanctuary}{}{CITY}{}{1.000}{}
E {23308}{e}{e}{2}{0}{}{1.000}{}{0.00}
E {23306}{w}{w}{8}{0}{}{1.000}{}{0.00}

R {23308}{0}{<fff>}{Granary Road}{ }{}{the city of Sanctuary}{}{CITY}{}{1.000}{}
E {23309}{e}{e}{2}{0}{}{1.000}{}{0.00}
E {23307}{w}{w}{8}{0}{}{1.000}{}{0.00}

R {23309}{0}{<fff>}{Granary Road}{ }{}{the city of Sanctuary}{}{CITY}{}{1.000}{}
E {23310}{e}{e}{2}{0}{}{1.000}{}{0.00}
E {23308}{w}{w}{8}{0}{}{1.000}{}{0.00}

R {23310}{0}{<fff>}{Granary Road}{ }{}{the city of Sanctuary}{}{CITY}{}{1.000}{}
E {23311}{se}{se}{6}{0}{}{1.000}{}{0.00}
E {23309}{w}{w}{8}{0}{}{1.000}{}{0.00}

R {23311}{0}{<fff>}{Granary Road}{ }{}{the city of Sanctuary}{}{CITY}{}{1.000}{}
E {23310}{nw}{nw}{9}{0}{}{1.000}{}{0.00}
E {23312}{se}{se}{6}{0}{}{1.000}{}{0.00}

R {23312}{0}{<fff>}{Granary Road}{ }{}{the city of Sanctuary}{}{CITY}{}{1.000}{}
E {23311}{nw}{nw}{9}{0}{}{1.000}{}{0.00}
E {23119}{se}{se}{6}{0}{}{1.000}{}{0.00}

R {23324}{0}{<fff>}{Estate}{ }{}{the city of Sanctuary}{}{CITY}{}{1.000}{}
E {7}{ne}{ne}{3}{0}{}{1.000}{}{0.00}
E {23325}{s}{s}{4}{0}{}{1.000}{}{0.00}

R {23325}{0}{<fff>}{Courtyard}{ }{}{the city of Sanctuary}{}{CITY}{}{1.000}{}
E {23326}{e}{e}{2}{0}{}{1.000}{}{0.00}
E {23324}{n}{n}{1}{0}{}{1.000}{}{0.00}
E {23327}{s}{jt_m_open_door {south}}{4}{0}{}{1.000}{}{0.00}

R {23326}{0}{<fff>}{Slave Pens}{ }{}{the city of Sanctuary}{}{INSIDE}{}{1.000}{}
E {23325}{w}{w}{8}{0}{}{1.000}{}{0.00}

R {23327}{0}{<fff>}{Foyer}{ }{}{the city of Sanctuary}{}{INSIDE}{}{1.000}{}
E {23325}{n}{jt_m_open_door {north}}{1}{0}{}{1.000}{}{0.00}
E {23328}{s}{s}{4}{0}{}{1.000}{}{0.00}

R {23328}{0}{<fff>}{Hallway}{ }{}{the city of Sanctuary}{}{INSIDE}{}{1.000}{}
E {23332}{d}{jt_m_open_door {down}}{32}{0}{}{1.000}{}{0.00}
E {23327}{n}{n}{1}{0}{}{1.000}{}{0.00}
E {23330}{se}{se}{6}{0}{}{1.000}{}{0.00}
E {23329}{sw}{sw}{12}{0}{}{1.000}{}{0.00}
E {23335}{u}{u}{16}{0}{}{1.000}{}{0.00}

R {23329}{0}{<fff>}{Dining Room}{ }{}{the city of Sanctuary}{}{INSIDE}{}{1.000}{}
E {6}{e}{e}{2}{0}{}{1.000}{}{0.00}
E {23328}{ne}{ne}{3}{0}{}{1.000}{}{0.00}

R {23330}{0}{<fff>}{Parlor}{ }{}{the city of Sanctuary}{}{INSIDE}{}{1.000}{}
E {23328}{nw}{nw}{9}{0}{}{1.000}{}{0.00}
E {6}{w}{w}{8}{0}{}{1.000}{}{0.00}

R {23332}{0}{<efa>}{}{ }{}{}{}{}{}{1.000}{}

R {23335}{0}{<fff>}{Upstairs}{ }{}{the city of Sanctuary}{}{INSIDE}{}{1.000}{}
E {23328}{d}{d}{32}{0}{}{1.000}{}{0.00}
E {23336}{s}{jt_m_open_door {south}}{4}{0}{}{1.000}{}{0.00}

R {23336}{0}{<fff>}{Jubal's Living Quarters}{ }{}{the city of Sanctuary}{}{INSIDE}{}{1.000}{}
E {23335}{n}{jt_m_open_door {north}}{1}{0}{}{1.000}{}{0.00}

R {23338}{0}{<fff>}{Foyer}{ }{}{the city of Sanctuary}{}{INSIDE}{}{1.000}{}
E {23339}{n}{n}{1}{0}{}{1.000}{}{0.00}
E {23139}{s}{jt_m_open_door {south}}{4}{0}{}{1.000}{}{0.00}

R {23339}{0}{<fff>}{Basilisks' Lair}{ }{}{the city of Sanctuary}{}{INSIDE}{}{1.000}{}
E {23340}{n}{n}{1}{0}{}{1.000}{}{0.00}
E {23338}{s}{s}{4}{0}{}{1.000}{}{0.00}

R {23340}{0}{<fff>}{Enas Yorl's Study}{ }{}{the city of Sanctuary}{}{INSIDE}{}{1.000}{}
E {23339}{s}{s}{4}{0}{}{1.000}{}{0.00}

R {23341}{0}{<fff>}{Promise of Heaven}{ }{}{the city of Sanctuary}{}{FIELD}{}{1.000}{}
E {23345}{e}{e}{2}{0}{}{1.000}{}{0.00}
E {23342}{n}{n}{1}{0}{}{1.000}{}{0.00}
E {23125}{s}{s}{4}{0}{}{1.000}{}{0.00}
E {23349}{w}{w}{8}{0}{}{1.000}{}{0.00}

R {23342}{0}{<fff>}{Promise of Heaven}{%}{}{the city of Sanctuary}{}{FIELD}{}{1.000}{}
E {23346}{e}{e}{2}{0}{}{1.000}{}{0.00}
E {23343}{n}{n}{1}{0}{}{1.000}{}{0.00}
E {23347}{ne}{ne}{3}{0}{}{1.000}{}{0.00}
E {23351}{nw}{nw}{9}{0}{}{1.000}{}{0.00}
E {23341}{s}{s}{4}{0}{}{1.000}{}{0.00}
E {23345}{se}{se}{6}{0}{}{1.000}{}{0.00}
E {23349}{sw}{sw}{12}{0}{}{1.000}{}{0.00}
E {23350}{w}{w}{8}{0}{}{1.000}{}{0.00}

R {23343}{0}{<fff>}{Promise of Heaven}{ }{}{the city of Sanctuary}{}{FIELD}{}{1.000}{}
E {23347}{e}{e}{2}{0}{}{1.000}{}{0.00}
E {23344}{n}{n}{1}{0}{}{1.000}{}{0.00}
E {23342}{s}{s}{4}{0}{}{1.000}{}{0.00}
E {23351}{w}{w}{8}{0}{}{1.000}{}{0.00}

R {23344}{0}{<fff>}{Promise of Heaven}{ }{}{the city of Sanctuary}{}{FIELD}{}{1.000}{}
E {23343}{s}{s}{4}{0}{}{1.000}{}{0.00}
E {23347}{se}{se}{6}{0}{}{1.000}{}{0.00}
E {23351}{sw}{sw}{12}{0}{}{1.000}{}{0.00}

R {23345}{0}{<fff>}{Promise of Heaven}{ }{}{the city of Sanctuary}{}{FIELD}{}{1.000}{}
E {23348}{e}{e}{2}{0}{}{1.000}{}{0.00}
E {23346}{n}{n}{1}{0}{}{1.000}{}{0.00}
E {23342}{nw}{nw}{9}{0}{}{1.000}{}{0.00}
E {23341}{w}{w}{8}{0}{}{1.000}{}{0.00}

R {23346}{0}{<fff>}{Promise of Heaven}{ }{}{the city of Sanctuary}{}{FIELD}{}{1.000}{}
E {23347}{n}{n}{1}{0}{}{1.000}{}{0.00}
E {23345}{s}{s}{4}{0}{}{1.000}{}{0.00}
E {23348}{se}{se}{6}{0}{}{1.000}{}{0.00}
E {23342}{w}{w}{8}{0}{}{1.000}{}{0.00}

R {23347}{0}{<fff>}{Promise of Heaven}{ }{}{the city of Sanctuary}{}{FIELD}{}{1.000}{}
E {23115}{ne}{ne}{3}{0}{}{1.000}{}{0.00}
E {23344}{nw}{nw}{9}{0}{}{1.000}{}{0.00}
E {23346}{s}{s}{4}{0}{}{1.000}{}{0.00}
E {23342}{sw}{sw}{12}{0}{}{1.000}{}{0.00}
E {23343}{w}{w}{8}{0}{}{1.000}{}{0.00}

R {23348}{0}{<fff>}{Promise of Heaven}{ }{}{the city of Sanctuary}{}{FIELD}{}{1.000}{}
E {23346}{nw}{nw}{9}{0}{}{1.000}{}{0.00}
E {23345}{w}{w}{8}{0}{}{1.000}{}{0.00}

R {23349}{0}{<fff>}{Promise of Heaven}{ }{}{the city of Sanctuary}{}{FIELD}{}{1.000}{}
E {23341}{e}{e}{2}{0}{}{1.000}{}{0.00}
E {23350}{n}{n}{1}{0}{}{1.000}{}{0.00}
E {23342}{ne}{ne}{3}{0}{}{1.000}{}{0.00}
E {23352}{w}{w}{8}{0}{}{1.000}{}{0.00}

R {23350}{0}{<fff>}{Promise of Heaven}{ }{}{the city of Sanctuary}{}{FIELD}{}{1.000}{}
E {23342}{e}{e}{2}{0}{}{1.000}{}{0.00}
E {23351}{n}{n}{1}{0}{}{1.000}{}{0.00}
E {23349}{s}{s}{4}{0}{}{1.000}{}{0.00}
E {23352}{sw}{sw}{12}{0}{}{1.000}{}{0.00}

R {23351}{0}{<fff>}{Promise of Heaven}{ }{}{the city of Sanctuary}{}{FIELD}{}{1.000}{}
E {23343}{e}{e}{2}{0}{}{1.000}{}{0.00}
E {23344}{ne}{ne}{3}{0}{}{1.000}{}{0.00}
E {23121}{nw}{nw}{9}{0}{}{1.000}{}{0.00}
E {23350}{s}{s}{4}{0}{}{1.000}{}{0.00}
E {23342}{se}{se}{6}{0}{}{1.000}{}{0.00}

R {23352}{0}{<fff>}{Promise of Heaven}{ }{}{the city of Sanctuary}{}{FIELD}{}{1.000}{}
E {23349}{e}{e}{2}{0}{}{1.000}{}{0.00}
E {23350}{ne}{ne}{3}{0}{}{1.000}{}{0.00}

R {23371}{0}{<efa>}{}{ }{}{}{}{}{}{1.000}{}

R {23380}{0}{<fff>}{Armoury}{#}{}{the city of Sanctuary}{}{INSIDE}{}{1.000}{}
E {23141}{ne}{jt_m_open_door {northeast}}{3}{0}{}{1.000}{}{0.00}

R {23381}{0}{<fff>}{Bakery}{#}{}{the city of Sanctuary}{}{INSIDE}{}{1.000}{}
E {23153}{n}{jt_m_open_door {north}}{1}{0}{}{1.000}{}{0.00}

R {23382}{0}{<fff>}{Weaponsmith}{#}{}{the city of Sanctuary}{}{INSIDE}{}{1.000}{}
E {23145}{sw}{jt_m_open_door {southwest}}{12}{0}{}{1.000}{}{0.00}

R {23384}{0}{<fff>}{General Store}{ }{}{the city of Sanctuary}{}{INSIDE}{}{1.000}{}
E {23155}{nw}{jt_m_open_door {northwest}}{9}{0}{}{1.000}{}{0.00}

R {23385}{0}{<fff>}{Kurd's House}{ }{}{the city of Sanctuary}{}{INSIDE}{}{1.000}{}
E {23386}{e}{e}{2}{0}{}{1.000}{}{0.00}
E {26}{s}{jt_m_open_door {south}}{4}{0}{}{1.000}{}{0.00}
E {23387}{w}{w}{8}{0}{}{1.000}{}{0.00}

R {23386}{0}{<fff>}{Laboratory}{ }{}{the city of Sanctuary}{}{INSIDE}{}{1.000}{}
E {23385}{w}{w}{8}{0}{}{1.000}{}{0.00}

R {23387}{0}{<fff>}{Bedchamber}{ }{}{the city of Sanctuary}{}{INSIDE}{}{1.000}{}
E {23385}{e}{e}{2}{0}{}{1.000}{}{0.00}

R {23416}{0}{<fff>}{Goldsmith Shoppe}{ }{}{the city of Sanctuary}{}{INSIDE}{}{1.000}{}
E {23125}{ne}{jt_m_open_door {northeast}}{3}{0}{}{1.000}{}{0.00}

R {23417}{0}{<fff>}{Glassworks}{#}{}{the city of Sanctuary}{}{INSIDE}{}{1.000}{}
E {23146}{n}{jt_m_open_door {north}}{1}{0}{}{1.000}{}{0.00}

R {23418}{0}{<fff>}{Customs Office}{ }{}{the city of Sanctuary}{}{INSIDE}{}{1.000}{}
E {23097}{n}{jt_m_open_door {north}}{1}{0}{}{1.000}{}{0.00}

R {23419}{0}{<fff>}{Boatworks}{#}{}{the city of Sanctuary}{}{INSIDE}{}{1.000}{}
E {23096}{nw}{jt_m_open_door {northwest}}{9}{0}{}{1.000}{}{0.00}

R {23420}{0}{<fff>}{Forge}{ }{}{the city of Sanctuary}{}{INSIDE}{}{1.000}{}
E {23421}{e}{e}{2}{0}{}{1.000}{}{0.00}
E {23194}{se}{se}{6}{0}{}{1.000}{}{0.00}

R {23421}{0}{<fff>}{Illyra's Shop}{ }{}{the city of Sanctuary}{}{INSIDE}{}{1.000}{}
E {23194}{s}{jt_m_open_door {south}}{4}{0}{}{1.000}{}{0.00}
E {23420}{w}{w}{8}{0}{}{1.000}{}{0.00}

R {23422}{0}{<fff>}{Lily Garden}{ }{}{the city of Sanctuary}{}{INSIDE}{}{1.000}{}
E {23215}{nw}{jt_m_open_door {northwest}}{9}{0}{}{1.000}{}{0.00}
E {23423}{s}{jt_m_open_door {south}}{4}{0}{}{1.000}{}{0.00}

R {23423}{0}{<fff>}{Lady Amoli's Office}{ }{}{the city of Sanctuary}{}{INSIDE}{}{1.000}{}
E {23422}{n}{jt_m_open_door {north}}{1}{0}{}{1.000}{}{0.00}

R {23424}{0}{<fff>}{Mizraith's Home}{ }{}{the city of Sanctuary}{}{INSIDE}{}{1.000}{}
E {23149}{w}{jt_m_open_door {west}}{8}{0}{}{1.000}{}{0.00}

R {23425}{0}{<fff>}{Tiny Shack}{ }{}{the city of Sanctuary}{}{INSIDE}{}{1.000}{}
E {23016}{w}{w}{8}{0}{}{1.000}{}{0.00}

R {23426}{0}{<efa>}{}{ }{}{}{}{}{}{1.000}{}

R {23428}{16384}{<faa>}{Quicksand}{<faa>DT}{}{the city of Sanctuary}{}{INSIDE}{}{1.000}{}
E {23299}{u}{u}{16}{0}{}{1.000}{}{0.00}

R {23429}{0}{<efa>}{}{ }{}{}{}{}{}{1.000}{}

R {23500}{0}{<fff>}{}{TWT}{}{}{}{INSIDE}{}{1.000}{}

R {23503}{0}{<efa>}{}{ }{}{}{}{}{}{1.000}{}

R {23506}{0}{<efa>}{}{ }{}{}{}{}{}{1.000}{}

R {23513}{0}{<fff>}{}{WT}{}{}{}{INSIDE}{}{1.000}{}

R {23516}{0}{<efa>}{}{ }{}{}{}{}{}{1.000}{}

R {23519}{0}{<efa>}{}{ }{}{}{}{}{}{1.000}{}

R {23522}{0}{<efa>}{}{ }{}{}{}{}{}{1.000}{}

R {23525}{0}{<efa>}{}{ }{}{}{}{}{}{1.000}{}

R {23530}{0}{<fff>}{}{TWT}{}{}{}{}{}{1.000}{}
