C 50000

V 2020

CAVOID <118>
CBACKGROUND 
CBLOCK <218>
CEXITS <278>
CFOG <148>
CHIDE <168>
CINVISIBLE <208>
CPATHS <138>
CROOMS <178>
CSYMBOLS <128>
CUSER <258>

F 8206

G 0

I 220

L {ASCII NESW LINE} {NO EXITS} {x}
L {ASCII NESW LINE} {N} {o}
L {ASCII NESW LINE} {  E} {o}
L {ASCII NESW LINE} {N E} {+}
L {ASCII NESW LINE} {    S} {o}
L {ASCII NESW LINE} {N   S} {|}
L {ASCII NESW LINE} {  E S} {+}
L {ASCII NESW LINE} {N E S} {+}
L {ASCII NESW LINE} {      W} {o}
L {ASCII NESW LINE} {N     W} {+}
L {ASCII NESW LINE} {  E   W} {-}
L {ASCII NESW LINE} {N E   W} {+}
L {ASCII NESW LINE} {    S W} {+}
L {ASCII NESW LINE} {N   S W} {+}
L {ASCII NESW LINE} {  E S W} {+}
L {ASCII NESW LINE} {N E S W} {+}
L {ASCII NESW MISC} {USER} {x}
L {ASCII NESW MISC} {DIR UNKNOWN} {+}
L {ASCII NESW MISC} {N S VOID} {|}
L {ASCII NESW MISC} {E W VOID} {-}
L {ASCII NESW CURVED} {N E CURVED} {+}
L {ASCII NESW CURVED} {S E CURVED} {+}
L {ASCII NESW CURVED} {S W CURVED} {+}
L {ASCII NESW CURVED} {N W CURVED} {+}
L {ASCII NESW DIRS} {DIR N} {|}
L {ASCII NESW DIRS} {DIR NE} {/}
L {ASCII NESW DIRS} {DIR E} {-}
L {ASCII NESW DIRS} {DIR SE} {\\}
L {ASCII NESW DIRS} {DIR S} {|}
L {ASCII NESW DIRS} {DIR SW} {/}
L {ASCII NESW DIRS} {DIR W} {-}
L {ASCII NESW DIRS} {DIR NW} {\\}
L {NESW LINE} {NO EXITS} {\u2B51}
L {NESW LINE} {N} {\u2579}
L {NESW LINE} {  E} {\u257A}
L {NESW LINE} {N E} {\u2517}
L {NESW LINE} {    S} {\u257B}
L {NESW LINE} {N   S} {\u2503}
L {NESW LINE} {  E S} {\u250F}
L {NESW LINE} {N E S} {\u2523}
L {NESW LINE} {      W} {\u2578}
L {NESW LINE} {N     W} {\u251B}
L {NESW LINE} {  E   W} {\u2501}
L {NESW LINE} {N E   W} {\u253B}
L {NESW LINE} {    S W} {\u2513}
L {NESW LINE} {N   S W} {\u252B}
L {NESW LINE} {  E S W} {\u2533}
L {NESW LINE} {N E S W} {\u254B}
L {NESW MISC} {USER} {\u2B51}
L {NESW MISC} {DIR UNKNOWN} {\u2012}
L {NESW MISC} {N S VOID} {\u2507}
L {NESW MISC} {E W VOID} {\u254D}
L {NESW CURVED} {N E CURVED} {\u2570}
L {NESW CURVED} {S E CURVED} {\u256D}
L {NESW CURVED} {S W CURVED} {\u256E}
L {NESW CURVED} {N W CURVED} {\u256F}
L {NESW DIRS} {DIR N} {\u2191}
L {NESW DIRS} {DIR NE} {\u2B08}
L {NESW DIRS} {DIR E} {\u2B95}
L {NESW DIRS} {DIR SE} {\u2b0A}
L {NESW DIRS} {DIR S} {\u2193}
L {NESW DIRS} {DIR SW} {\u2B0B}
L {NESW DIRS} {DIR W} {\u2B05}
L {NESW DIRS} {DIR NW} {\u2B09}
L {MUDFONT NWS} {NO EXITS} {\u2830}
L {MUDFONT NWS} {N} {\u2838}
L {MUDFONT NWS} {  NW} {\u2831}
L {MUDFONT NWS} {N NW} {\u2839}
L {MUDFONT NWS} {     W} {\u2836}
L {MUDFONT NWS} {N    W} {\u283E}
L {MUDFONT NWS} {  NW W} {\u2837}
L {MUDFONT NWS} {N NW W} {\u283F}
L {MUDFONT NWS} {       SW} {\u2870}
L {MUDFONT NWS} {N      SW} {\u2878}
L {MUDFONT NWS} {  NW   SW} {\u2871}
L {MUDFONT NWS} {N NW   SW} {\u2879}
L {MUDFONT NWS} {     W SW} {\u2876}
L {MUDFONT NWS} {N    W SW} {\u287E}
L {MUDFONT NWS} {  NW W SW} {\u2877}
L {MUDFONT NWS} {N NW W SW} {\u287F}
L {MUDFONT NWS} {          S} {\u28B0}
L {MUDFONT NWS} {N         S} {\u28B8}
L {MUDFONT NWS} {  NW      S} {\u28B1}
L {MUDFONT NWS} {N NW      S} {\u28B9}
L {MUDFONT NWS} {     W    S} {\u28B6}
L {MUDFONT NWS} {N    W    S} {\u28BE}
L {MUDFONT NWS} {  NW W    S} {\u28B7}
L {MUDFONT NWS} {N NW W    S} {\u28BF}
L {MUDFONT NWS} {       SW S} {\u28F0}
L {MUDFONT NWS} {N      SW S} {\u28F8}
L {MUDFONT NWS} {  NW   SW S} {\u28F1}
L {MUDFONT NWS} {N NW   SW S} {\u28F9}
L {MUDFONT NWS} {     W SW S} {\u28F6}
L {MUDFONT NWS} {N    W SW S} {\u28FE}
L {MUDFONT NWS} {  NW W SW S} {\u28F7}
L {MUDFONT NWS} {N NW W SW S} {\u28FF}
L {MUDFONT NES} {NO EXITS} {\u2806}
L {MUDFONT NES} {N} {\u2807}
L {MUDFONT NES} {  NE} {\u280E}
L {MUDFONT NES} {N NE} {\u280F}
L {MUDFONT NES} {     W} {\u2836}
L {MUDFONT NES} {N    W} {\u2837}
L {MUDFONT NES} {  NE W} {\u283E}
L {MUDFONT NES} {N NE W} {\u283F}
L {MUDFONT NES} {       SE} {\u2886}
L {MUDFONT NES} {N      SE} {\u2887}
L {MUDFONT NES} {  NE   SE} {\u288E}
L {MUDFONT NES} {N NE   SE} {\u288F}
L {MUDFONT NES} {     W SE} {\u28B6}
L {MUDFONT NES} {N    W SE} {\u28B7}
L {MUDFONT NES} {  NE W SE} {\u28BE}
L {MUDFONT NES} {N NE W SE} {\u28BF}
L {MUDFONT NES} {          S} {\u2846}
L {MUDFONT NES} {N         S} {\u2847}
L {MUDFONT NES} {  NE      S} {\u284E}
L {MUDFONT NES} {N NE      S} {\u284F}
L {MUDFONT NES} {     W    S} {\u2876}
L {MUDFONT NES} {N    W    S} {\u2877}
L {MUDFONT NES} {  NE W    S} {\u287E}
L {MUDFONT NES} {N NE W    S} {\u287F}
L {MUDFONT NES} {       SE S} {\u28C6}
L {MUDFONT NES} {N      SE S} {\u28C7}
L {MUDFONT NES} {  NE   SE S} {\u28CE}
L {MUDFONT NES} {N NE   SE S} {\u28CF}
L {MUDFONT NES} {     W SE S} {\u28F6}
L {MUDFONT NES} {N    W SE S} {\u28F7}
L {MUDFONT NES} {  NE W SE S} {\u28FE}
L {MUDFONT NES} {N NE W SE S} {\u28FF}
L {MUDFONT VOID NWS} {NO EXITS} {\u2800}
L {MUDFONT VOID NWS} {N} {\u2808}
L {MUDFONT VOID NWS} {  NW} {\u2801}
L {MUDFONT VOID NWS} {N NW} {\u2809}
L {MUDFONT VOID NWS} {     W} {\u2806}
L {MUDFONT VOID NWS} {N    W} {\u280E}
L {MUDFONT VOID NWS} {  NW W} {\u2807}
L {MUDFONT VOID NWS} {N NW W} {\u280F}
L {MUDFONT VOID NWS} {       SW} {\u2840}
L {MUDFONT VOID NWS} {N      SW} {\u2848}
L {MUDFONT VOID NWS} {  NW   SW} {\u2841}
L {MUDFONT VOID NWS} {N NW   SW} {\u2849}
L {MUDFONT VOID NWS} {     W SW} {\u2846}
L {MUDFONT VOID NWS} {N    W SW} {\u284E}
L {MUDFONT VOID NWS} {  NW W SW} {\u2847}
L {MUDFONT VOID NWS} {N NW W SW} {\u284F}
L {MUDFONT VOID NWS} {          S} {\u2880}
L {MUDFONT VOID NWS} {N         S} {\u2888}
L {MUDFONT VOID NWS} {  NW      S} {\u2881}
L {MUDFONT VOID NWS} {N NW      S} {\u2889}
L {MUDFONT VOID NWS} {     W    S} {\u2886}
L {MUDFONT VOID NWS} {N    W    S} {\u288E}
L {MUDFONT VOID NWS} {  NW W    S} {\u2887}
L {MUDFONT VOID NWS} {N NW W    S} {\u288F}
L {MUDFONT VOID NWS} {       SW S} {\u28C0}
L {MUDFONT VOID NWS} {N      SW S} {\u28C8}
L {MUDFONT VOID NWS} {  NW   SW S} {\u28C1}
L {MUDFONT VOID NWS} {N NW   SW S} {\u28C9}
L {MUDFONT VOID NWS} {     W SW S} {\u28C6}
L {MUDFONT VOID NWS} {N    W SW S} {\u28CE}
L {MUDFONT VOID NWS} {  NW W SW S} {\u28C7}
L {MUDFONT VOID NWS} {N NW W SW S} {\u28CF}
L {MUDFONT VOID NES} {NO EXITS} {\u2800}
L {MUDFONT VOID NES} {N} {\u2801}
L {MUDFONT VOID NES} {  NE} {\u2808}
L {MUDFONT VOID NES} {N NE} {\u2809}
L {MUDFONT VOID NES} {     W} {\u2830}
L {MUDFONT VOID NES} {N    W} {\u2831}
L {MUDFONT VOID NES} {  NE W} {\u2838}
L {MUDFONT VOID NES} {N NE W} {\u2839}
L {MUDFONT VOID NES} {       SE} {\u2880}
L {MUDFONT VOID NES} {N      SE} {\u2881}
L {MUDFONT VOID NES} {  NE   SE} {\u2888}
L {MUDFONT VOID NES} {N NE   SE} {\u2889}
L {MUDFONT VOID NES} {     W SE} {\u28B0}
L {MUDFONT VOID NES} {N    W SE} {\u28B1}
L {MUDFONT VOID NES} {  NE W SE} {\u28B8}
L {MUDFONT VOID NES} {N NE W SE} {\u28B9}
L {MUDFONT VOID NES} {          S} {\u2840}
L {MUDFONT VOID NES} {N         S} {\u2841}
L {MUDFONT VOID NES} {  NE      S} {\u2848}
L {MUDFONT VOID NES} {N NE      S} {\u2849}
L {MUDFONT VOID NES} {     W    S} {\u2870}
L {MUDFONT VOID NES} {N    W    S} {\u2871}
L {MUDFONT VOID NES} {  NE W    S} {\u2878}
L {MUDFONT VOID NES} {N NE W    S} {\u2879}
L {MUDFONT VOID NES} {       SE S} {\u28C0}
L {MUDFONT VOID NES} {N      SE S} {\u28C1}
L {MUDFONT VOID NES} {  NE   SE S} {\u28C8}
L {MUDFONT VOID NES} {N NE   SE S} {\u28C9}
L {MUDFONT VOID NES} {     W SE S} {\u28F0}
L {MUDFONT VOID NES} {N    W SE S} {\u28F1}
L {MUDFONT VOID NES} {  NE W SE S} {\u28F8}
L {MUDFONT VOID NES} {N NE W SE S} {\u28F9}
L {MUDFONT CURVED} {N E} {\u2818}
L {MUDFONT CURVED} {S E} {\u28A0}
L {MUDFONT CURVED} {S W} {\u2844}
L {MUDFONT CURVED} {N W} {\u2803}
L {UNICODE GRAPHICS} {NO DIAGONAL} {}
L {UNICODE GRAPHICS} {SE} {\u2198}
L {UNICODE GRAPHICS} {NE} {\u2197}
L {UNICODE GRAPHICS} {SE NE} {>}
L {UNICODE GRAPHICS} {SW} {\u2199}
L {UNICODE GRAPHICS} {SE SW} {\u2E0C\u2E0D}
L {UNICODE GRAPHICS} {NE SW} {\uFF0F}
L {UNICODE GRAPHICS} {SE NE SW} {>\u2E0D}
L {UNICODE GRAPHICS} {NW} {\u2196}
L {UNICODE GRAPHICS} {SE NW} {\uFF3C}
L {UNICODE GRAPHICS} {NE NW} {\u2E1D\u2E1C}
L {UNICODE GRAPHICS} {SE NE NW} {>\u2E1C}
L {UNICODE GRAPHICS} {SW NW} {<}
L {UNICODE GRAPHICS} {SE SW NW} {\u2E0C<}
L {UNICODE GRAPHICS} {NE SW NW} {\u2E1D<}
L {UNICODE GRAPHICS} {SE NE SW NW} {><}
L {UNICODE GRAPHICS} {D} {-}
L {UNICODE GRAPHICS} {N} {\u2191}
L {UNICODE GRAPHICS} {S} {\u2193}
L {UNICODE GRAPHICS} {N S} {\u2502}
L {UNICODE GRAPHICS} {U} {+}
L {UNICODE GRAPHICS} {E} {\u2192}
L {UNICODE GRAPHICS} {W} {\u2190}
L {UNICODE GRAPHICS} {E W} {\u2500}
L {UNICODE GRAPHICS} {ROOM L} {[}
L {UNICODE GRAPHICS} {ROOM L CURVED} {(}
L {UNICODE GRAPHICS} {ROOM R} {]}
L {UNICODE GRAPHICS} {ROOM R CURVED} {)}




T {} { } {}
T {CITY} {<FF03A2E>=} {WIDE}
T {FIELD} {<F9A7D0A>·} {WIDE FADEOUT}
T {FOREST} {<F0B5345>⍋} {WIDE FADEOUT}
T {HILLS} {<F7D6608>︵} {DENSE WIDE FADEOUT DOUBLE}
T {INSIDE} {<F922B21>≡} {}
T {MIDAIR} {<F6C3483>⊰} {SPARSE WIDE}
T {MOUNTAINS} {<F935116>◮} {WIDE}
T {NOSWIM} {<F21618C>~} {}
T {SWIM} {<F21618C>~} {}



R {1}{0}{}{}{ }{}{}{}{}{}{1.000}{}

R {2}{8}{}{}{ }{}{}{}{INSIDE}{}{1.000}{}
E {235}{w}{w}{8}{0}{}{1.000}{}{0.00}
E {231}{e}{e}{2}{0}{}{1.000}{}{0.00}

R {3}{8}{}{}{ }{}{}{}{INSIDE}{}{1.000}{}
E {235}{s}{s}{4}{0}{}{1.000}{}{0.00}
E {232}{n}{n}{1}{0}{}{1.000}{}{0.00}

R {4}{8}{}{}{ }{}{}{}{INSIDE}{}{1.000}{}
E {236}{n}{n}{1}{0}{}{1.000}{}{0.00}
E {232}{s}{s}{4}{0}{}{1.000}{}{0.00}

R {5}{8}{}{}{ }{}{}{}{INSIDE}{}{1.000}{}
E {236}{w}{w}{8}{0}{}{1.000}{}{0.00}
E {229}{e}{e}{2}{0}{}{1.000}{}{0.00}

R {6}{8}{}{}{ }{}{}{}{INSIDE}{}{1.000}{}
E {233}{n}{n}{1}{0}{}{1.000}{}{0.00}
E {230}{s}{s}{4}{0}{}{1.000}{}{0.00}

R {7}{8}{}{}{ }{}{}{}{INSIDE}{}{1.000}{}
E {233}{e}{e}{2}{0}{}{1.000}{}{0.00}
E {229}{w}{w}{8}{0}{}{1.000}{}{0.00}

R {8}{8}{}{}{ }{}{}{}{INSIDE}{}{1.000}{}
E {230}{n}{n}{1}{0}{}{1.000}{}{0.00}
E {234}{s}{s}{4}{0}{}{1.000}{}{0.00}

R {9}{8}{}{}{ }{}{}{}{INSIDE}{}{1.000}{}
E {231}{w}{w}{8}{0}{}{1.000}{}{0.00}
E {234}{e}{e}{2}{0}{}{1.000}{}{0.00}

R {200}{0}{<fff>}{Implementors' Business Office}{ }{}{the God Complex}{}{INSIDE}{}{1.000}{}
E {220}{d}{d}{32}{0}{}{1.000}{}{0.00}
E {274}{e}{e}{2}{0}{}{1.000}{}{0.00}
E {1011}{w}{jt_m_open_door {west}}{8}{0}{}{1.000}{}{0.00}

R {202}{0}{<efa>}{}{ }{}{}{}{}{}{1.000}{}

R {204}{0}{<efa>}{}{ }{}{}{}{}{}{1.000}{}

R {205}{0}{<efa>}{}{ }{}{}{}{}{}{1.000}{}

R {206}{0}{<efa>}{}{ }{}{}{}{}{}{1.000}{}

R {209}{0}{<efa>}{}{ }{}{}{}{}{}{1.000}{}

R {210}{0}{<efa>}{}{ }{}{}{}{}{}{1.000}{}

R {212}{0}{<efa>}{}{ }{}{}{}{}{}{1.000}{}

R {214}{0}{<efa>}{}{ }{}{}{}{}{}{1.000}{}

R {217}{0}{<efa>}{}{ }{}{}{}{}{}{1.000}{}

R {218}{0}{<efa>}{}{ }{}{}{}{}{}{1.000}{}

R {219}{0}{<fff>}{The Realm of the Builder}{ }{}{the God Complex}{}{INSIDE}{}{1.000}{}
E {221}{w}{w}{8}{0}{}{1.000}{}{0.00}

R {220}{0}{<fff>}{Heart of the God Complex}{ }{}{the God Complex}{}{INSIDE}{}{1.000}{}
E {221}{d}{d}{32}{0}{}{1.000}{}{0.00}
E {226}{e}{e}{2}{0}{}{1.000}{}{0.00}
E {225}{n}{n}{1}{0}{}{1.000}{}{0.00}
E {227}{s}{s}{4}{0}{}{1.000}{}{0.00}
E {247}{u}{u}{16}{0}{}{1.000}{}{0.00}
E {228}{w}{w}{8}{0}{}{1.000}{}{0.00}

R {221}{0}{<fff>}{Board Room of the Immortals}{ }{}{the God Complex}{}{INSIDE}{}{1.000}{}
E {222}{d}{d}{32}{0}{}{1.000}{}{0.00}
E {219}{e}{e}{2}{0}{}{1.000}{}{0.00}
E {220}{u}{u}{16}{0}{}{1.000}{}{0.00}

R {222}{0}{<fff>}{Lower Board Room of the Immortals}{ }{}{the God Complex}{}{INSIDE}{}{1.000}{}
E {223}{d}{d}{32}{0}{}{1.000}{}{0.00}
E {221}{u}{u}{16}{0}{}{1.000}{}{0.00}

R {223}{0}{<fff>}{Social Board Room of the Immortals}{ }{}{the God Complex}{}{INSIDE}{}{1.000}{}
E {224}{d}{d}{32}{0}{}{1.000}{}{0.00}
E {222}{u}{u}{16}{0}{}{1.000}{}{0.00}

R {224}{0}{<fff>}{Immortal Ice Box}{ }{}{the God Complex}{}{INSIDE}{}{1.000}{}
E {3001}{d}{jt_m_link_action {down} {Midgaard} {3001}}{32}{0}{}{1.000}{}{0.00}
E {223}{u}{u}{16}{0}{}{1.000}{}{0.00}

R {225}{0}{<fff>}{A Garden in a Grand Corridor}{ }{}{the God Complex}{}{INSIDE}{}{1.000}{}
E {229}{n}{n}{1}{0}{}{1.000}{}{0.00}
E {220}{s}{s}{4}{0}{}{1.000}{}{0.00}
E {220}{u}{u}{16}{0}{}{1.000}{}{0.00}

R {226}{0}{<fff>}{A Vineyard in a Grand Corridor}{ }{}{the God Complex}{}{INSIDE}{}{1.000}{}
E {230}{e}{e}{2}{0}{}{1.000}{}{0.00}
E {220}{u}{u}{16}{0}{}{1.000}{}{0.00}
E {220}{w}{w}{8}{0}{}{1.000}{}{0.00}

R {227}{0}{<fff>}{An Arboretum in a Grand Corridor}{ }{}{the God Complex}{}{INSIDE}{}{1.000}{}
E {220}{n}{n}{1}{0}{}{1.000}{}{0.00}
E {231}{s}{s}{4}{0}{}{1.000}{}{0.00}
E {220}{u}{u}{16}{0}{}{1.000}{}{0.00}

R {228}{0}{<fff>}{A Courtyard in a Grand Corridor}{ }{}{the God Complex}{}{INSIDE}{}{1.000}{}
E {220}{e}{e}{2}{0}{}{1.000}{}{0.00}
E {220}{u}{u}{16}{0}{}{1.000}{}{0.00}
E {232}{w}{w}{8}{0}{}{1.000}{}{0.00}

R {229}{0}{<fff>}{The End of the North Corridor}{ }{}{the God Complex}{}{INSIDE}{}{1.000}{}
E {7}{e}{e}{2}{0}{}{1.000}{}{0.00}
E {225}{s}{s}{4}{0}{}{1.000}{}{0.00}
E {220}{u}{u}{16}{0}{}{1.000}{}{0.00}
E {5}{w}{w}{8}{0}{}{1.000}{}{0.00}

R {230}{0}{<fff>}{The End of the East Corridor}{ }{}{the God Complex}{}{INSIDE}{}{1.000}{}
E {6}{n}{n}{1}{0}{}{1.000}{}{0.00}
E {8}{s}{s}{4}{0}{}{1.000}{}{0.00}
E {220}{u}{u}{16}{0}{}{1.000}{}{0.00}
E {226}{w}{w}{8}{0}{}{1.000}{}{0.00}

R {231}{0}{<fff>}{The End of the South Corridor}{ }{}{the God Complex}{}{INSIDE}{}{1.000}{}
E {9}{e}{e}{2}{0}{}{1.000}{}{0.00}
E {227}{n}{n}{1}{0}{}{1.000}{}{0.00}
E {220}{u}{u}{16}{0}{}{1.000}{}{0.00}
E {2}{w}{w}{8}{0}{}{1.000}{}{0.00}

R {232}{0}{<fff>}{The End of the West Corridor}{ }{}{the God Complex}{}{INSIDE}{}{1.000}{}
E {228}{e}{e}{2}{0}{}{1.000}{}{0.00}
E {4}{n}{n}{1}{0}{}{1.000}{}{0.00}
E {3}{s}{s}{4}{0}{}{1.000}{}{0.00}
E {220}{u}{u}{16}{0}{}{1.000}{}{0.00}

R {233}{0}{<fff>}{A Corner Lounge}{ }{}{the God Complex}{}{INSIDE}{}{1.000}{}
E {237}{d}{d}{32}{0}{}{1.000}{}{0.00}
E {6}{s}{s}{4}{0}{}{1.000}{}{0.00}
E {220}{u}{u}{16}{0}{}{1.000}{}{0.00}
E {7}{w}{w}{8}{0}{}{1.000}{}{0.00}

R {234}{0}{<fff>}{A Corner Lounge}{ }{}{the God Complex}{}{INSIDE}{}{1.000}{}
E {238}{d}{d}{32}{0}{}{1.000}{}{0.00}
E {8}{n}{n}{1}{0}{}{1.000}{}{0.00}
E {220}{u}{u}{16}{0}{}{1.000}{}{0.00}
E {9}{w}{w}{8}{0}{}{1.000}{}{0.00}

R {235}{0}{<fff>}{A Corner Lounge}{ }{}{the God Complex}{}{INSIDE}{}{1.000}{}
E {239}{d}{d}{32}{0}{}{1.000}{}{0.00}
E {2}{e}{e}{2}{0}{}{1.000}{}{0.00}
E {3}{n}{n}{1}{0}{}{1.000}{}{0.00}
E {220}{u}{u}{16}{0}{}{1.000}{}{0.00}

R {236}{0}{<fff>}{A Corner Lounge}{ }{}{the God Complex}{}{INSIDE}{}{1.000}{}
E {240}{d}{d}{32}{0}{}{1.000}{}{0.00}
E {5}{e}{e}{2}{0}{}{1.000}{}{0.00}
E {4}{s}{s}{4}{0}{}{1.000}{}{0.00}
E {220}{u}{u}{16}{0}{}{1.000}{}{0.00}

R {237}{0}{<efa>}{}{ }{}{}{}{}{}{1.000}{}

R {238}{0}{<efa>}{}{ }{}{}{}{}{}{1.000}{}

R {239}{0}{<efa>}{}{ }{}{}{}{}{}{1.000}{}

R {240}{0}{<efa>}{}{ }{}{}{}{}{}{1.000}{}

R {247}{0}{<fff>}{A Drifting, Spiral Ascent}{ }{}{the God Complex}{}{INSIDE}{}{1.000}{}
E {220}{d}{d}{32}{0}{}{1.000}{}{0.00}
E {217}{e}{e}{2}{0}{}{1.000}{}{0.00}
E {253}{n}{n}{1}{0}{}{1.000}{}{0.00}
E {254}{ne}{ne}{3}{0}{}{1.000}{}{0.00}
E {205}{nw}{nw}{9}{0}{}{1.000}{}{0.00}
E {257}{s}{s}{4}{0}{}{1.000}{}{0.00}
E {256}{se}{se}{6}{0}{}{1.000}{}{0.00}
E {218}{sw}{sw}{12}{0}{}{1.000}{}{0.00}
E {270}{u}{u}{16}{0}{}{1.000}{}{0.00}
E {206}{w}{w}{8}{0}{}{1.000}{}{0.00}

R {248}{0}{<fff>}{A Drifting, Spiral Ascent}{ }{}{the God Complex}{}{INSIDE}{}{1.000}{}
E {220}{d}{d}{32}{0}{}{1.000}{}{0.00}
E {263}{e}{e}{2}{0}{}{1.000}{}{0.00}
E {261}{n}{n}{1}{0}{}{1.000}{}{0.00}
E {262}{ne}{ne}{3}{0}{}{1.000}{}{0.00}
E {265}{s}{s}{4}{0}{}{1.000}{}{0.00}
E {264}{se}{se}{6}{0}{}{1.000}{}{0.00}
E {266}{sw}{sw}{12}{0}{}{1.000}{}{0.00}
E {249}{u}{u}{16}{0}{}{1.000}{}{0.00}
E {267}{w}{w}{8}{0}{}{1.000}{}{0.00}

R {249}{0}{<fff>}{A Drifting, Spiral Ascent}{ }{}{the God Complex}{}{INSIDE}{}{1.000}{}
E {220}{d}{d}{32}{0}{}{1.000}{}{0.00}
E {255}{e}{e}{2}{0}{}{1.000}{}{0.00}
E {258}{n}{n}{1}{0}{}{1.000}{}{0.00}
E {271}{s}{s}{4}{0}{}{1.000}{}{0.00}
E {250}{u}{u}{16}{0}{}{1.000}{}{0.00}
E {210}{w}{w}{8}{0}{}{1.000}{}{0.00}

R {250}{0}{<fff>}{A Drifting, Spiral Ascent}{ }{}{the God Complex}{}{INSIDE}{}{1.000}{}
E {220}{d}{d}{32}{0}{}{1.000}{}{0.00}
E {212}{e}{e}{2}{0}{}{1.000}{}{0.00}
E {268}{n}{n}{1}{0}{}{1.000}{}{0.00}
E {214}{s}{s}{4}{0}{}{1.000}{}{0.00}
E {251}{u}{u}{16}{0}{}{1.000}{}{0.00}
E {269}{w}{w}{8}{0}{}{1.000}{}{0.00}

R {251}{0}{<fff>}{A Drifting, Spiral Ascent}{ }{}{the God Complex}{}{INSIDE}{}{1.000}{}
E {220}{d}{d}{32}{0}{}{1.000}{}{0.00}
E {209}{e}{e}{2}{0}{}{1.000}{}{0.00}
E {204}{s}{s}{4}{0}{}{1.000}{}{0.00}
E {252}{u}{u}{16}{0}{}{1.000}{}{0.00}

R {252}{0}{<fff>}{A Drifting, Spiral Ascent}{ }{}{the God Complex}{}{INSIDE}{}{1.000}{}
E {220}{d}{d}{32}{0}{}{1.000}{}{0.00}
E {202}{e}{e}{2}{0}{}{1.000}{}{0.00}
E {200}{u}{u}{16}{0}{}{1.000}{}{0.00}

R {253}{0}{<efa>}{}{ }{}{}{}{}{}{1.000}{}

R {254}{0}{<fff>}{Evening at the Folies-Bergere}{ }{}{the God Complex}{}{INSIDE}{}{1.000}{}

R {255}{0}{<efa>}{}{ }{}{}{}{}{}{1.000}{}

R {256}{0}{<efa>}{}{ }{}{}{}{}{}{1.000}{}

R {257}{0}{<efa>}{}{ }{}{}{}{}{}{1.000}{}

R {258}{0}{<efa>}{}{ }{}{}{}{}{}{1.000}{}

R {261}{0}{<efa>}{}{ }{}{}{}{}{}{1.000}{}

R {262}{0}{<efa>}{}{ }{}{}{}{}{}{1.000}{}

R {263}{0}{<efa>}{}{ }{}{}{}{}{}{1.000}{}

R {264}{0}{<efa>}{}{ }{}{}{}{}{}{1.000}{}

R {265}{0}{<efa>}{}{ }{}{}{}{}{}{1.000}{}

R {266}{0}{<efa>}{}{ }{}{}{}{}{}{1.000}{}

R {267}{0}{<efa>}{}{ }{}{}{}{}{}{1.000}{}

R {268}{0}{<efa>}{}{ }{}{}{}{}{}{1.000}{}

R {269}{0}{<efa>}{}{ }{}{}{}{}{}{1.000}{}

R {270}{0}{<fff>}{A Drifting, Spiral Ascent}{ }{}{the God Complex}{}{INSIDE}{}{1.000}{}
E {220}{d}{d}{32}{0}{}{1.000}{}{0.00}
E {269}{n}{n}{1}{0}{}{1.000}{}{0.00}
E {248}{u}{u}{16}{0}{}{1.000}{}{0.00}

R {271}{0}{<efa>}{}{ }{}{}{}{}{}{1.000}{}

R {274}{0}{<efa>}{}{ }{}{}{}{}{}{1.000}{}

R {1011}{0}{<efa>}{}{ }{}{}{}{}{}{1.000}{}

R {3001}{0}{<fff>}{}{Mid}{}{}{}{CITY}{}{1.000}{}
