C 50000

V 2020

CAVOID <118>
CBACKGROUND 
CBLOCK <218>
CEXITS <278>
CFOG <148>
CHIDE <168>
CINVISIBLE <208>
CPATHS <138>
CROOMS <178>
CSYMBOLS <128>
CUSER <258>

F 8207

G 0

I 14628

L {ASCII NESW LINE} {NO EXITS} {x}
L {ASCII NESW LINE} {N} {o}
L {ASCII NESW LINE} {  E} {o}
L {ASCII NESW LINE} {N E} {+}
L {ASCII NESW LINE} {    S} {o}
L {ASCII NESW LINE} {N   S} {|}
L {ASCII NESW LINE} {  E S} {+}
L {ASCII NESW LINE} {N E S} {+}
L {ASCII NESW LINE} {      W} {o}
L {ASCII NESW LINE} {N     W} {+}
L {ASCII NESW LINE} {  E   W} {-}
L {ASCII NESW LINE} {N E   W} {+}
L {ASCII NESW LINE} {    S W} {+}
L {ASCII NESW LINE} {N   S W} {+}
L {ASCII NESW LINE} {  E S W} {+}
L {ASCII NESW LINE} {N E S W} {+}
L {ASCII NESW MISC} {USER} {x}
L {ASCII NESW MISC} {DIR UNKNOWN} {+}
L {ASCII NESW MISC} {N S VOID} {|}
L {ASCII NESW MISC} {E W VOID} {-}
L {ASCII NESW CURVED} {N E CURVED} {+}
L {ASCII NESW CURVED} {S E CURVED} {+}
L {ASCII NESW CURVED} {S W CURVED} {+}
L {ASCII NESW CURVED} {N W CURVED} {+}
L {ASCII NESW DIRS} {DIR N} {|}
L {ASCII NESW DIRS} {DIR NE} {/}
L {ASCII NESW DIRS} {DIR E} {-}
L {ASCII NESW DIRS} {DIR SE} {\\}
L {ASCII NESW DIRS} {DIR S} {|}
L {ASCII NESW DIRS} {DIR SW} {/}
L {ASCII NESW DIRS} {DIR W} {-}
L {ASCII NESW DIRS} {DIR NW} {\\}
L {NESW LINE} {NO EXITS} {\u2B51}
L {NESW LINE} {N} {\u2579}
L {NESW LINE} {  E} {\u257A}
L {NESW LINE} {N E} {\u2517}
L {NESW LINE} {    S} {\u257B}
L {NESW LINE} {N   S} {\u2503}
L {NESW LINE} {  E S} {\u250F}
L {NESW LINE} {N E S} {\u2523}
L {NESW LINE} {      W} {\u2578}
L {NESW LINE} {N     W} {\u251B}
L {NESW LINE} {  E   W} {\u2501}
L {NESW LINE} {N E   W} {\u253B}
L {NESW LINE} {    S W} {\u2513}
L {NESW LINE} {N   S W} {\u252B}
L {NESW LINE} {  E S W} {\u2533}
L {NESW LINE} {N E S W} {\u254B}
L {NESW MISC} {USER} {\u2B51}
L {NESW MISC} {DIR UNKNOWN} {\u2012}
L {NESW MISC} {N S VOID} {\u2507}
L {NESW MISC} {E W VOID} {\u254D}
L {NESW CURVED} {N E CURVED} {\u2570}
L {NESW CURVED} {S E CURVED} {\u256D}
L {NESW CURVED} {S W CURVED} {\u256E}
L {NESW CURVED} {N W CURVED} {\u256F}
L {NESW DIRS} {DIR N} {\u2191}
L {NESW DIRS} {DIR NE} {\u2B08}
L {NESW DIRS} {DIR E} {\u2B95}
L {NESW DIRS} {DIR SE} {\u2b0A}
L {NESW DIRS} {DIR S} {\u2193}
L {NESW DIRS} {DIR SW} {\u2B0B}
L {NESW DIRS} {DIR W} {\u2B05}
L {NESW DIRS} {DIR NW} {\u2B09}
L {MUDFONT NWS} {NO EXITS} {\u2830}
L {MUDFONT NWS} {N} {\u2838}
L {MUDFONT NWS} {  NW} {\u2831}
L {MUDFONT NWS} {N NW} {\u2839}
L {MUDFONT NWS} {     W} {\u2836}
L {MUDFONT NWS} {N    W} {\u283E}
L {MUDFONT NWS} {  NW W} {\u2837}
L {MUDFONT NWS} {N NW W} {\u283F}
L {MUDFONT NWS} {       SW} {\u2870}
L {MUDFONT NWS} {N      SW} {\u2878}
L {MUDFONT NWS} {  NW   SW} {\u2871}
L {MUDFONT NWS} {N NW   SW} {\u2879}
L {MUDFONT NWS} {     W SW} {\u2876}
L {MUDFONT NWS} {N    W SW} {\u287E}
L {MUDFONT NWS} {  NW W SW} {\u2877}
L {MUDFONT NWS} {N NW W SW} {\u287F}
L {MUDFONT NWS} {          S} {\u28B0}
L {MUDFONT NWS} {N         S} {\u28B8}
L {MUDFONT NWS} {  NW      S} {\u28B1}
L {MUDFONT NWS} {N NW      S} {\u28B9}
L {MUDFONT NWS} {     W    S} {\u28B6}
L {MUDFONT NWS} {N    W    S} {\u28BE}
L {MUDFONT NWS} {  NW W    S} {\u28B7}
L {MUDFONT NWS} {N NW W    S} {\u28BF}
L {MUDFONT NWS} {       SW S} {\u28F0}
L {MUDFONT NWS} {N      SW S} {\u28F8}
L {MUDFONT NWS} {  NW   SW S} {\u28F1}
L {MUDFONT NWS} {N NW   SW S} {\u28F9}
L {MUDFONT NWS} {     W SW S} {\u28F6}
L {MUDFONT NWS} {N    W SW S} {\u28FE}
L {MUDFONT NWS} {  NW W SW S} {\u28F7}
L {MUDFONT NWS} {N NW W SW S} {\u28FF}
L {MUDFONT NES} {NO EXITS} {\u2806}
L {MUDFONT NES} {N} {\u2807}
L {MUDFONT NES} {  NE} {\u280E}
L {MUDFONT NES} {N NE} {\u280F}
L {MUDFONT NES} {     W} {\u2836}
L {MUDFONT NES} {N    W} {\u2837}
L {MUDFONT NES} {  NE W} {\u283E}
L {MUDFONT NES} {N NE W} {\u283F}
L {MUDFONT NES} {       SE} {\u2886}
L {MUDFONT NES} {N      SE} {\u2887}
L {MUDFONT NES} {  NE   SE} {\u288E}
L {MUDFONT NES} {N NE   SE} {\u288F}
L {MUDFONT NES} {     W SE} {\u28B6}
L {MUDFONT NES} {N    W SE} {\u28B7}
L {MUDFONT NES} {  NE W SE} {\u28BE}
L {MUDFONT NES} {N NE W SE} {\u28BF}
L {MUDFONT NES} {          S} {\u2846}
L {MUDFONT NES} {N         S} {\u2847}
L {MUDFONT NES} {  NE      S} {\u284E}
L {MUDFONT NES} {N NE      S} {\u284F}
L {MUDFONT NES} {     W    S} {\u2876}
L {MUDFONT NES} {N    W    S} {\u2877}
L {MUDFONT NES} {  NE W    S} {\u287E}
L {MUDFONT NES} {N NE W    S} {\u287F}
L {MUDFONT NES} {       SE S} {\u28C6}
L {MUDFONT NES} {N      SE S} {\u28C7}
L {MUDFONT NES} {  NE   SE S} {\u28CE}
L {MUDFONT NES} {N NE   SE S} {\u28CF}
L {MUDFONT NES} {     W SE S} {\u28F6}
L {MUDFONT NES} {N    W SE S} {\u28F7}
L {MUDFONT NES} {  NE W SE S} {\u28FE}
L {MUDFONT NES} {N NE W SE S} {\u28FF}
L {MUDFONT VOID NWS} {NO EXITS} {\u2800}
L {MUDFONT VOID NWS} {N} {\u2808}
L {MUDFONT VOID NWS} {  NW} {\u2801}
L {MUDFONT VOID NWS} {N NW} {\u2809}
L {MUDFONT VOID NWS} {     W} {\u2806}
L {MUDFONT VOID NWS} {N    W} {\u280E}
L {MUDFONT VOID NWS} {  NW W} {\u2807}
L {MUDFONT VOID NWS} {N NW W} {\u280F}
L {MUDFONT VOID NWS} {       SW} {\u2840}
L {MUDFONT VOID NWS} {N      SW} {\u2848}
L {MUDFONT VOID NWS} {  NW   SW} {\u2841}
L {MUDFONT VOID NWS} {N NW   SW} {\u2849}
L {MUDFONT VOID NWS} {     W SW} {\u2846}
L {MUDFONT VOID NWS} {N    W SW} {\u284E}
L {MUDFONT VOID NWS} {  NW W SW} {\u2847}
L {MUDFONT VOID NWS} {N NW W SW} {\u284F}
L {MUDFONT VOID NWS} {          S} {\u2880}
L {MUDFONT VOID NWS} {N         S} {\u2888}
L {MUDFONT VOID NWS} {  NW      S} {\u2881}
L {MUDFONT VOID NWS} {N NW      S} {\u2889}
L {MUDFONT VOID NWS} {     W    S} {\u2886}
L {MUDFONT VOID NWS} {N    W    S} {\u288E}
L {MUDFONT VOID NWS} {  NW W    S} {\u2887}
L {MUDFONT VOID NWS} {N NW W    S} {\u288F}
L {MUDFONT VOID NWS} {       SW S} {\u28C0}
L {MUDFONT VOID NWS} {N      SW S} {\u28C8}
L {MUDFONT VOID NWS} {  NW   SW S} {\u28C1}
L {MUDFONT VOID NWS} {N NW   SW S} {\u28C9}
L {MUDFONT VOID NWS} {     W SW S} {\u28C6}
L {MUDFONT VOID NWS} {N    W SW S} {\u28CE}
L {MUDFONT VOID NWS} {  NW W SW S} {\u28C7}
L {MUDFONT VOID NWS} {N NW W SW S} {\u28CF}
L {MUDFONT VOID NES} {NO EXITS} {\u2800}
L {MUDFONT VOID NES} {N} {\u2801}
L {MUDFONT VOID NES} {  NE} {\u2808}
L {MUDFONT VOID NES} {N NE} {\u2809}
L {MUDFONT VOID NES} {     W} {\u2830}
L {MUDFONT VOID NES} {N    W} {\u2831}
L {MUDFONT VOID NES} {  NE W} {\u2838}
L {MUDFONT VOID NES} {N NE W} {\u2839}
L {MUDFONT VOID NES} {       SE} {\u2880}
L {MUDFONT VOID NES} {N      SE} {\u2881}
L {MUDFONT VOID NES} {  NE   SE} {\u2888}
L {MUDFONT VOID NES} {N NE   SE} {\u2889}
L {MUDFONT VOID NES} {     W SE} {\u28B0}
L {MUDFONT VOID NES} {N    W SE} {\u28B1}
L {MUDFONT VOID NES} {  NE W SE} {\u28B8}
L {MUDFONT VOID NES} {N NE W SE} {\u28B9}
L {MUDFONT VOID NES} {          S} {\u2840}
L {MUDFONT VOID NES} {N         S} {\u2841}
L {MUDFONT VOID NES} {  NE      S} {\u2848}
L {MUDFONT VOID NES} {N NE      S} {\u2849}
L {MUDFONT VOID NES} {     W    S} {\u2870}
L {MUDFONT VOID NES} {N    W    S} {\u2871}
L {MUDFONT VOID NES} {  NE W    S} {\u2878}
L {MUDFONT VOID NES} {N NE W    S} {\u2879}
L {MUDFONT VOID NES} {       SE S} {\u28C0}
L {MUDFONT VOID NES} {N      SE S} {\u28C1}
L {MUDFONT VOID NES} {  NE   SE S} {\u28C8}
L {MUDFONT VOID NES} {N NE   SE S} {\u28C9}
L {MUDFONT VOID NES} {     W SE S} {\u28F0}
L {MUDFONT VOID NES} {N    W SE S} {\u28F1}
L {MUDFONT VOID NES} {  NE W SE S} {\u28F8}
L {MUDFONT VOID NES} {N NE W SE S} {\u28F9}
L {MUDFONT CURVED} {N E} {\u2818}
L {MUDFONT CURVED} {S E} {\u28A0}
L {MUDFONT CURVED} {S W} {\u2844}
L {MUDFONT CURVED} {N W} {\u2803}
L {UNICODE GRAPHICS} {NO DIAGONAL} {}
L {UNICODE GRAPHICS} {SE} {\u2198}
L {UNICODE GRAPHICS} {NE} {\u2197}
L {UNICODE GRAPHICS} {SE NE} {>}
L {UNICODE GRAPHICS} {SW} {\u2199}
L {UNICODE GRAPHICS} {SE SW} {\u2E0C\u2E0D}
L {UNICODE GRAPHICS} {NE SW} {\uFF0F}
L {UNICODE GRAPHICS} {SE NE SW} {>\u2E0D}
L {UNICODE GRAPHICS} {NW} {\u2196}
L {UNICODE GRAPHICS} {SE NW} {\uFF3C}
L {UNICODE GRAPHICS} {NE NW} {\u2E1D\u2E1C}
L {UNICODE GRAPHICS} {SE NE NW} {>\u2E1C}
L {UNICODE GRAPHICS} {SW NW} {<}
L {UNICODE GRAPHICS} {SE SW NW} {\u2E0C<}
L {UNICODE GRAPHICS} {NE SW NW} {\u2E1D<}
L {UNICODE GRAPHICS} {SE NE SW NW} {><}
L {UNICODE GRAPHICS} {D} {-}
L {UNICODE GRAPHICS} {N} {\u2191}
L {UNICODE GRAPHICS} {S} {\u2193}
L {UNICODE GRAPHICS} {N S} {\u2502}
L {UNICODE GRAPHICS} {U} {+}
L {UNICODE GRAPHICS} {E} {\u2192}
L {UNICODE GRAPHICS} {W} {\u2190}
L {UNICODE GRAPHICS} {E W} {\u2500}
L {UNICODE GRAPHICS} {ROOM L} {[}
L {UNICODE GRAPHICS} {ROOM L CURVED} {(}
L {UNICODE GRAPHICS} {ROOM R} {]}
L {UNICODE GRAPHICS} {ROOM R CURVED} {)}




T {} { } {}
T {CITY} {<FF03A2E>=} {WIDE}
T {FIELD} {<F9A7D0A>·} {WIDE FADEOUT}
T {FOREST} {<F0B5345>⍋} {WIDE FADEOUT}
T {HILLS} {<F7D6608>︵} {DENSE WIDE FADEOUT DOUBLE}
T {INSIDE} {<F922B21>≡} {}
T {MIDAIR} {<F6C3483>⊰} {SPARSE WIDE}
T {MOUNTAINS} {<F935116>◮} {WIDE}
T {NOSWIM} {<F21618C>~} {}
T {SWIM} {<F21618C>~} {}



R {1}{0}{}{}{ }{}{}{}{}{}{1.000}{}

R {2}{4104}{}{}{ }{}{}{}{INSIDE}{}{1.000}{}
E {14632}{n}{n}{1}{0}{}{1.000}{}{0.00}
E {4}{s}{s}{4}{0}{}{1.000}{}{0.00}

R {3}{4104}{}{}{ }{}{}{}{INSIDE}{}{1.000}{}
E {14626}{w}{w}{8}{0}{}{1.000}{}{0.00}
E {14625}{e}{e}{2}{0}{}{1.000}{}{0.00}

R {4}{4104}{}{}{ }{}{}{}{INSIDE}{}{1.000}{}
E {2}{n}{n}{1}{0}{}{1.000}{}{0.00}
E {14633}{s}{s}{4}{0}{}{1.000}{}{0.00}

R {5}{4104}{}{}{ }{}{}{}{INSIDE}{}{1.000}{}
E {14607}{n}{n}{1}{0}{}{1.000}{}{0.00}
E {6}{s}{s}{4}{0}{}{1.000}{}{0.00}

R {6}{4104}{}{}{ }{}{}{}{INSIDE}{}{1.000}{}
E {5}{n}{n}{1}{0}{}{1.000}{}{0.00}
E {14606}{s}{s}{4}{0}{}{1.000}{}{0.00}

R {7}{4104}{}{}{ }{}{}{}{INSIDE}{}{1.000}{}
E {14642}{n}{n}{1}{0}{}{1.000}{}{0.00}
E {8}{s}{s}{4}{0}{}{1.000}{}{0.00}

R {8}{4104}{}{}{ }{}{}{}{INSIDE}{}{1.000}{}
E {7}{n}{n}{1}{0}{}{1.000}{}{0.00}
E {14641}{s}{s}{4}{0}{}{1.000}{}{0.00}

R {9}{4104}{}{}{ }{}{}{}{INSIDE}{}{1.000}{}
E {14617}{n}{n}{1}{0}{}{1.000}{}{0.00}
E {10}{s}{s}{4}{0}{}{1.000}{}{0.00}

R {10}{4104}{}{}{ }{}{}{}{INSIDE}{}{1.000}{}
E {9}{n}{n}{1}{0}{}{1.000}{}{0.00}
E {14618}{s}{s}{4}{0}{}{1.000}{}{0.00}

R {11}{4104}{}{}{ }{}{}{}{INSIDE}{}{1.000}{}
E {14636}{e}{e}{2}{0}{}{1.000}{}{0.00}
E {14637}{w}{w}{8}{0}{}{1.000}{}{0.00}

R {12}{4104}{}{}{ }{}{}{}{INSIDE}{}{1.000}{}
E {14630}{e}{e}{2}{0}{}{1.000}{}{0.00}
E {14629}{w}{w}{8}{0}{}{1.000}{}{0.00}

R {13}{4104}{}{}{ }{}{}{}{INSIDE}{}{1.000}{}
E {14611}{e}{e}{2}{0}{}{1.000}{}{0.00}
E {14612}{w}{w}{8}{0}{}{1.000}{}{0.00}

R {14}{4104}{}{}{ }{}{}{}{INSIDE}{}{1.000}{}
E {14601}{e}{e}{2}{0}{}{1.000}{}{0.00}
E {14600}{w}{w}{8}{0}{}{1.000}{}{0.00}

R {15}{0}{}{}{ }{}{}{}{}{}{1.000}{}

R {2313}{0}{<fff>}{}{ANS}{}{}{}{FIELD}{}{1.000}{}

R {14600}{0}{<fff>}{Solid Oak Door}{ }{}{the Sieged Castle}{}{INSIDE}{}{1.000}{}
E {14}{e}{e}{2}{0}{}{1.000}{}{0.00}
E {14624}{s}{s}{4}{0}{}{1.000}{}{0.00}
E {14623}{w}{w}{8}{0}{}{1.000}{}{0.00}

R {14601}{0}{<fff>}{Stone Wall of Castle}{ }{}{the Sieged Castle}{}{INSIDE}{}{1.000}{}
E {14602}{e}{e}{2}{0}{}{1.000}{}{0.00}
E {14}{w}{w}{8}{0}{}{1.000}{}{0.00}

R {14602}{0}{<fff>}{Stone Wall of Castle}{ }{}{the Sieged Castle}{}{INSIDE}{}{1.000}{}
E {14603}{e}{e}{2}{0}{}{1.000}{}{0.00}
E {14601}{w}{w}{8}{0}{}{1.000}{}{0.00}

R {14603}{0}{<fff>}{Below Guard Tower}{ }{}{the Sieged Castle}{}{INSIDE}{}{1.000}{}
E {14604}{n}{n}{1}{0}{}{1.000}{}{0.00}
E {14602}{w}{w}{8}{0}{}{1.000}{}{0.00}

R {14604}{0}{<fff>}{Stone Wall of Castle}{ }{}{the Sieged Castle}{}{INSIDE}{}{1.000}{}
E {14605}{n}{n}{1}{0}{}{1.000}{}{0.00}
E {14603}{s}{s}{4}{0}{}{1.000}{}{0.00}

R {14605}{0}{<fff>}{Stone Wall of Castle}{ }{}{the Sieged Castle}{}{INSIDE}{}{1.000}{}
E {14606}{n}{n}{1}{0}{}{1.000}{}{0.00}
E {14604}{s}{s}{4}{0}{}{1.000}{}{0.00}

R {14606}{0}{<fff>}{Scaffolding}{ }{}{the Sieged Castle}{}{INSIDE}{}{1.000}{}
E {6}{n}{n}{1}{0}{}{1.000}{}{0.00}
E {14605}{s}{s}{4}{0}{}{1.000}{}{0.00}
E {14691}{u}{u}{16}{0}{}{1.000}{}{0.00}

R {14607}{0}{<fff>}{Stone Wall of Castle}{ }{}{the Sieged Castle}{}{INSIDE}{}{1.000}{}
E {14608}{n}{n}{1}{0}{}{1.000}{}{0.00}
E {5}{s}{s}{4}{0}{}{1.000}{}{0.00}

R {14608}{0}{<fff>}{Stone Wall of Castle}{ }{}{the Sieged Castle}{}{INSIDE}{}{1.000}{}
E {14609}{n}{n}{1}{0}{}{1.000}{}{0.00}
E {14607}{s}{s}{4}{0}{}{1.000}{}{0.00}

R {14609}{0}{<fff>}{Below Guard Tower}{ }{}{the Sieged Castle}{}{INSIDE}{}{1.000}{}
E {14608}{s}{s}{4}{0}{}{1.000}{}{0.00}
E {14610}{w}{w}{8}{0}{}{1.000}{}{0.00}

R {14610}{0}{<fff>}{Stone Wall of Castle}{ }{}{the Sieged Castle}{}{INSIDE}{}{1.000}{}
E {14609}{e}{e}{2}{0}{}{1.000}{}{0.00}
E {14611}{w}{w}{8}{0}{}{1.000}{}{0.00}

R {14611}{0}{<fff>}{Stone Wall of Castle}{ }{}{the Sieged Castle}{}{INSIDE}{}{1.000}{}
E {14610}{e}{e}{2}{0}{}{1.000}{}{0.00}
E {13}{w}{w}{8}{0}{}{1.000}{}{0.00}

R {14612}{0}{<fff>}{Back Door of Castle}{ }{}{the Sieged Castle}{}{INSIDE}{}{1.000}{}
E {13}{e}{e}{2}{0}{}{1.000}{}{0.00}
E {14629}{s}{s}{4}{0}{}{1.000}{}{0.00}
E {14613}{w}{w}{8}{0}{}{1.000}{}{0.00}

R {14613}{0}{<fff>}{Stone Wall of Castle}{ }{}{the Sieged Castle}{}{INSIDE}{}{1.000}{}
E {14612}{e}{e}{2}{0}{}{1.000}{}{0.00}
E {14614}{w}{w}{8}{0}{}{1.000}{}{0.00}

R {14614}{0}{<fff>}{Stone Wall of Castle}{ }{}{the Sieged Castle}{}{INSIDE}{}{1.000}{}
E {14613}{e}{e}{2}{0}{}{1.000}{}{0.00}
E {14615}{w}{w}{8}{0}{}{1.000}{}{0.00}

R {14615}{0}{<fff>}{Below Guard Tower}{ }{}{the Sieged Castle}{}{INSIDE}{}{1.000}{}
E {14614}{e}{e}{2}{0}{}{1.000}{}{0.00}
E {14616}{s}{s}{4}{0}{}{1.000}{}{0.00}

R {14616}{0}{<fff>}{Stone Wall of Castle}{ }{}{the Sieged Castle}{}{INSIDE}{}{1.000}{}
E {14615}{n}{n}{1}{0}{}{1.000}{}{0.00}
E {14617}{s}{s}{4}{0}{}{1.000}{}{0.00}

R {14617}{0}{<fff>}{Stone Wall of Castle}{ }{}{the Sieged Castle}{}{INSIDE}{}{1.000}{}
E {14616}{n}{n}{1}{0}{}{1.000}{}{0.00}
E {9}{s}{s}{4}{0}{}{1.000}{}{0.00}

R {14618}{0}{<fff>}{Stone Wall of Castle}{ }{}{the Sieged Castle}{}{INSIDE}{}{1.000}{}
E {10}{n}{n}{1}{0}{}{1.000}{}{0.00}
E {14619}{s}{s}{4}{0}{}{1.000}{}{0.00}
E {14695}{u}{u}{16}{0}{}{1.000}{}{0.00}

R {14619}{0}{<fff>}{Stone Wall of Castle}{ }{}{the Sieged Castle}{}{INSIDE}{}{1.000}{}
E {14618}{n}{n}{1}{0}{}{1.000}{}{0.00}
E {14620}{s}{s}{4}{0}{}{1.000}{}{0.00}

R {14620}{0}{<fff>}{Stone Wall of Castle}{ }{}{the Sieged Castle}{}{INSIDE}{}{1.000}{}
E {14619}{n}{n}{1}{0}{}{1.000}{}{0.00}
E {14621}{s}{s}{4}{0}{}{1.000}{}{0.00}

R {14621}{0}{<fff>}{Below Guard Tower}{ }{}{the Sieged Castle}{}{INSIDE}{}{1.000}{}
E {14622}{e}{e}{2}{0}{}{1.000}{}{0.00}
E {14620}{n}{n}{1}{0}{}{1.000}{}{0.00}

R {14622}{0}{<fff>}{Stone Wall of Castle}{ }{}{the Sieged Castle}{}{INSIDE}{}{1.000}{}
E {14623}{e}{e}{2}{0}{}{1.000}{}{0.00}
E {14627}{s}{s}{4}{0}{}{1.000}{}{0.00}
E {14621}{w}{w}{8}{0}{}{1.000}{}{0.00}

R {14623}{0}{<fff>}{Stone Wall of Castle}{ }{}{the Sieged Castle}{}{INSIDE}{}{1.000}{}
E {14600}{e}{e}{2}{0}{}{1.000}{}{0.00}
E {14622}{w}{w}{8}{0}{}{1.000}{}{0.00}

R {14624}{0}{<fff>}{On Drawbridge}{ }{}{the Sieged Castle}{}{INSIDE}{}{1.000}{}
E {14600}{n}{n}{1}{0}{}{1.000}{}{0.00}
E {14625}{s}{s}{4}{0}{}{1.000}{}{0.00}

R {14625}{0}{<fff>}{Foot of Drawbridge}{ }{}{the Sieged Castle}{}{INSIDE}{}{1.000}{}
E {14624}{n}{n}{1}{0}{}{1.000}{}{0.00}
E {3}{w}{w}{8}{0}{}{1.000}{}{0.00}

R {14626}{0}{<fff>}{Standing Beside the Moat}{ }{}{the Sieged Castle}{}{INSIDE}{}{1.000}{}
E {3}{e}{e}{2}{0}{}{1.000}{}{0.00}
E {14627}{n}{n}{1}{0}{}{1.000}{}{0.00}
E {14628}{s}{s}{4}{0}{}{1.000}{}{0.00}

R {14627}{0}{<fff>}{In the Moat}{ }{}{the Sieged Castle}{}{INSIDE}{}{1.000}{}
E {14622}{n}{n}{1}{0}{}{1.000}{}{0.00}
E {14626}{s}{s}{4}{0}{}{1.000}{}{0.00}
E {14674}{w}{w}{8}{0}{}{1.000}{}{0.00}

R {14628}{0}{<fff>}{At the Catapult}{ }{}{the Sieged Castle}{}{INSIDE}{}{1.000}{}
E {14626}{n}{n}{1}{0}{}{1.000}{}{0.00}
E {2313}{s}{jt_m_link_action {south} {the area near Skara Brae} {2313}}{4}{0}{}{1.000}{}{0.00}

R {14629}{0}{<fff>}{Path Intersection}{ }{}{the Sieged Castle}{}{INSIDE}{}{1.000}{}
E {12}{e}{e}{2}{0}{}{1.000}{}{0.00}
E {14612}{n}{n}{1}{0}{}{1.000}{}{0.00}
E {14644}{w}{w}{8}{0}{}{1.000}{}{0.00}

R {14630}{0}{<fff>}{Along Northern Wall}{ }{}{the Sieged Castle}{}{INSIDE}{}{1.000}{}
E {14672}{e}{e}{2}{0}{}{1.000}{}{0.00}
E {14631}{s}{s}{4}{0}{}{1.000}{}{0.00}
E {12}{w}{w}{8}{0}{}{1.000}{}{0.00}

R {14631}{0}{<fff>}{Armory}{ }{}{the Sieged Castle}{}{INSIDE}{}{1.000}{}
E {14632}{e}{e}{2}{0}{}{1.000}{}{0.00}
E {14630}{n}{n}{1}{0}{}{1.000}{}{0.00}

R {14632}{0}{<fff>}{Along the Eastern Wall}{ }{}{the Sieged Castle}{}{INSIDE}{}{1.000}{}
E {14672}{n}{n}{1}{0}{}{1.000}{}{0.00}
E {2}{s}{s}{4}{0}{}{1.000}{}{0.00}
E {14631}{w}{w}{8}{0}{}{1.000}{}{0.00}

R {14633}{0}{<fff>}{Bottom of Stairs}{ }{}{the Sieged Castle}{}{INSIDE}{}{1.000}{}
E {4}{n}{n}{1}{0}{}{1.000}{}{0.00}
E {14634}{s}{s}{4}{0}{}{1.000}{}{0.00}
E {14694}{u}{u}{16}{0}{}{1.000}{}{0.00}

R {14634}{0}{<fff>}{Along the Eastern Wall}{ }{}{the Sieged Castle}{}{INSIDE}{}{1.000}{}
E {14633}{n}{n}{1}{0}{}{1.000}{}{0.00}
E {14635}{s}{s}{4}{0}{}{1.000}{}{0.00}
E {14658}{w}{w}{8}{0}{}{1.000}{}{0.00}

R {14635}{0}{<fff>}{Base of Southeast Guard Tower}{ }{}{the Sieged Castle}{}{INSIDE}{}{1.000}{}
E {14634}{n}{n}{1}{0}{}{1.000}{}{0.00}
E {14652}{u}{u}{16}{0}{}{1.000}{}{0.00}
E {14636}{w}{w}{8}{0}{}{1.000}{}{0.00}

R {14636}{0}{<fff>}{Along Southern Wall}{ }{}{the Sieged Castle}{}{INSIDE}{}{1.000}{}
E {14635}{e}{e}{2}{0}{}{1.000}{}{0.00}
E {14658}{n}{n}{1}{0}{}{1.000}{}{0.00}
E {11}{w}{w}{8}{0}{}{1.000}{}{0.00}

R {14637}{0}{<fff>}{Inside Main Door}{ }{}{the Sieged Castle}{}{INSIDE}{}{1.000}{}
E {11}{e}{e}{2}{0}{}{1.000}{}{0.00}
E {14646}{n}{n}{1}{0}{}{1.000}{}{0.00}
E {14638}{w}{w}{8}{0}{}{1.000}{}{0.00}

R {14638}{0}{<fff>}{Along Southern Wall}{ }{}{the Sieged Castle}{}{INSIDE}{}{1.000}{}
E {14675}{d}{d}{32}{0}{}{1.000}{}{0.00}
E {14637}{e}{e}{2}{0}{}{1.000}{}{0.00}
E {14639}{w}{w}{8}{0}{}{1.000}{}{0.00}

R {14639}{0}{<fff>}{Base of Southwest Guard Tower}{ }{}{the Sieged Castle}{}{INSIDE}{}{1.000}{}
E {14638}{e}{e}{2}{0}{}{1.000}{}{0.00}
E {14640}{n}{n}{1}{0}{}{1.000}{}{0.00}
E {14654}{u}{u}{16}{0}{}{1.000}{}{0.00}

R {14640}{0}{<fff>}{Along Western Wall}{ }{}{the Sieged Castle}{}{INSIDE}{}{1.000}{}
E {14641}{n}{n}{1}{0}{}{1.000}{}{0.00}
E {14639}{s}{s}{4}{0}{}{1.000}{}{0.00}

R {14641}{0}{<fff>}{Courtyard Intersection}{ }{}{the Sieged Castle}{}{INSIDE}{}{1.000}{}
E {14645}{e}{e}{2}{0}{}{1.000}{}{0.00}
E {8}{n}{n}{1}{0}{}{1.000}{}{0.00}
E {14640}{s}{s}{4}{0}{}{1.000}{}{0.00}

R {14642}{0}{<fff>}{Along Western Wall}{ }{}{the Sieged Castle}{}{INSIDE}{}{1.000}{}
E {14656}{e}{e}{2}{0}{}{1.000}{}{0.00}
E {14643}{n}{n}{1}{0}{}{1.000}{}{0.00}
E {7}{s}{s}{4}{0}{}{1.000}{}{0.00}

R {14643}{0}{<fff>}{Base of Northwest Guard Tower}{ }{}{the Sieged Castle}{}{INSIDE}{}{1.000}{}
E {14644}{e}{e}{2}{0}{}{1.000}{}{0.00}
E {14642}{s}{s}{4}{0}{}{1.000}{}{0.00}
E {14648}{u}{u}{16}{0}{}{1.000}{}{0.00}

R {14644}{0}{<fff>}{Along the Northern Wall}{ }{}{the Sieged Castle}{}{INSIDE}{}{1.000}{}
E {14629}{e}{e}{2}{0}{}{1.000}{}{0.00}
E {14643}{w}{w}{8}{0}{}{1.000}{}{0.00}

R {14645}{0}{<fff>}{Rubble Pile}{ }{}{the Sieged Castle}{}{INSIDE}{}{1.000}{}
E {14659}{s}{s}{4}{0}{}{1.000}{}{0.00}
E {14641}{w}{w}{8}{0}{}{1.000}{}{0.00}

R {14646}{0}{<fff>}{North-South Path}{ }{}{the Sieged Castle}{}{INSIDE}{}{1.000}{}
E {14647}{n}{n}{1}{0}{}{1.000}{}{0.00}
E {14637}{s}{s}{4}{0}{}{1.000}{}{0.00}
E {14659}{w}{w}{8}{0}{}{1.000}{}{0.00}

R {14647}{0}{<fff>}{Beside the Keep}{ }{}{the Sieged Castle}{}{INSIDE}{}{1.000}{}
E {14660}{e}{e}{2}{0}{}{1.000}{}{0.00}
E {14646}{s}{s}{4}{0}{}{1.000}{}{0.00}
E {14645}{w}{w}{8}{0}{}{1.000}{}{0.00}

R {14648}{0}{<fff>}{Stairway of Tower}{ }{}{the Sieged Castle}{}{INSIDE}{}{1.000}{}
E {14643}{d}{d}{32}{0}{}{1.000}{}{0.00}
E {14649}{u}{u}{16}{0}{}{1.000}{}{0.00}

R {14649}{0}{<fff>}{In Northwest Tower}{ }{}{the Sieged Castle}{}{INSIDE}{}{1.000}{}
E {14648}{d}{d}{32}{0}{}{1.000}{}{0.00}

R {14652}{0}{<fff>}{Stairway of Tower}{ }{}{the Sieged Castle}{}{INSIDE}{}{1.000}{}
E {14635}{d}{d}{32}{0}{}{1.000}{}{0.00}
E {14653}{u}{u}{16}{0}{}{1.000}{}{0.00}

R {14653}{0}{<fff>}{In Southeast Tower}{ }{}{the Sieged Castle}{}{INSIDE}{}{1.000}{}
E {14652}{d}{d}{32}{0}{}{1.000}{}{0.00}

R {14654}{0}{<fff>}{Stairway of Tower}{ }{}{the Sieged Castle}{}{INSIDE}{}{1.000}{}
E {14639}{d}{d}{32}{0}{}{1.000}{}{0.00}
E {14655}{u}{u}{16}{0}{}{1.000}{}{0.00}

R {14655}{0}{<fff>}{In Southwest Tower}{ }{}{the Sieged Castle}{}{INSIDE}{}{1.000}{}
E {14654}{d}{d}{32}{0}{}{1.000}{}{0.00}

R {14656}{0}{<fff>}{Dining Hall}{ }{}{the Sieged Castle}{}{INSIDE}{}{1.000}{}
E {14642}{w}{w}{8}{0}{}{1.000}{}{0.00}

R {14658}{0}{<fff>}{King's Stables}{ }{}{the Sieged Castle}{}{INSIDE}{}{1.000}{}
E {14634}{e}{e}{2}{0}{}{1.000}{}{0.00}
E {14636}{s}{s}{4}{0}{}{1.000}{}{0.00}

R {14659}{0}{<fff>}{The Infirmary}{ }{}{the Sieged Castle}{}{INSIDE}{}{1.000}{}
E {14646}{e}{e}{2}{0}{}{1.000}{}{0.00}
E {14645}{n}{n}{1}{0}{}{1.000}{}{0.00}

R {14660}{0}{<fff>}{Entrance to Keep}{ }{}{the Sieged Castle}{}{INSIDE}{}{1.000}{}
E {14661}{n}{n}{1}{0}{}{1.000}{}{0.00}
E {14647}{w}{w}{8}{0}{}{1.000}{}{0.00}

R {14661}{0}{<fff>}{Entryway}{ }{}{the Sieged Castle}{}{INSIDE}{}{1.000}{}
E {14662}{e}{e}{2}{0}{}{1.000}{}{0.00}
E {14663}{n}{n}{1}{0}{}{1.000}{}{0.00}
E {14660}{s}{s}{4}{0}{}{1.000}{}{0.00}
E {14664}{w}{w}{8}{0}{}{1.000}{}{0.00}

R {14662}{0}{<efa>}{}{ }{}{}{}{}{}{1.000}{}

R {14663}{0}{<efa>}{}{ }{}{}{}{}{}{1.000}{}

R {14664}{0}{<efa>}{}{ }{}{}{}{}{}{1.000}{}

R {14672}{0}{<fff>}{Base of Northeast Guard Tower}{ }{}{the Sieged Castle}{}{INSIDE}{}{1.000}{}
E {14632}{s}{s}{4}{0}{}{1.000}{}{0.00}
E {14630}{w}{w}{8}{0}{}{1.000}{}{0.00}

R {14674}{0}{<fff>}{Deep Moat}{ }{}{the Sieged Castle}{}{INSIDE}{}{1.000}{}
E {14675}{d}{d}{32}{0}{}{1.000}{}{0.00}
E {14627}{e}{e}{2}{0}{}{1.000}{}{0.00}

R {14675}{0}{<fff>}{Under the Moat}{ }{}{the Sieged Castle}{}{INSIDE}{}{1.000}{}
E {15}{n}{#delay 0 {n;#map goto 14638;}}{1}{0}{}{1.000}{}{0.00}
E {14674}{u}{u}{16}{0}{}{1.000}{}{0.00}

R {14691}{0}{<fff>}{On Scaffold}{ }{}{the Sieged Castle}{}{INSIDE}{}{1.000}{}
E {14606}{d}{d}{32}{0}{}{1.000}{}{0.00}
E {14692}{u}{u}{16}{0}{}{1.000}{}{0.00}

R {14692}{0}{<fff>}{Top of Scaffold}{ }{}{the Sieged Castle}{}{INSIDE}{}{1.000}{}
E {14691}{d}{d}{32}{0}{}{1.000}{}{0.00}
E {14693}{w}{w}{8}{0}{}{1.000}{}{0.00}

R {14693}{0}{<fff>}{Top of Castle Wall}{ }{}{the Sieged Castle}{}{INSIDE}{}{1.000}{}
E {14694}{d}{d}{32}{0}{}{1.000}{}{0.00}

R {14694}{0}{<fff>}{On Stone Stairs}{ }{}{the Sieged Castle}{}{INSIDE}{}{1.000}{}
E {14633}{d}{d}{32}{0}{}{1.000}{}{0.00}
E {14693}{u}{u}{16}{0}{}{1.000}{}{0.00}

R {14695}{0}{<fff>}{Halfway Up the Wall}{ }{}{the Sieged Castle}{}{INSIDE}{}{1.000}{}
E {14618}{d}{d}{32}{0}{}{1.000}{}{0.00}
E {14696}{u}{u}{16}{0}{}{1.000}{}{0.00}

R {14696}{0}{<fff>}{Hanging on Top of Wall}{ }{}{the Sieged Castle}{}{INSIDE}{}{1.000}{}
E {14695}{d}{d}{32}{0}{}{1.000}{}{0.00}
E {14697}{e}{e}{2}{0}{}{1.000}{}{0.00}

R {14697}{0}{<fff>}{Small Platform on Wall}{ }{}{the Sieged Castle}{}{INSIDE}{}{1.000}{}
E {14698}{d}{d}{32}{0}{}{1.000}{}{0.00}
E {14696}{w}{w}{8}{0}{}{1.000}{}{0.00}

R {14698}{0}{<fff>}{Climbing Inside Wall}{ }{}{the Sieged Castle}{}{INSIDE}{}{1.000}{}
E {14641}{d}{d}{32}{0}{}{1.000}{}{0.00}
E {14697}{u}{u}{16}{0}{}{1.000}{}{0.00}
